279582512
113670400
269715794
279236126
308202818
294777400
112313371
326528213
280335446
213105163
273356998
294231522
62513896
-1
303755936
330367960
307133881
298915643
204031415
416880647
218206513
298915643
337326404
240537849
293726345
901533262
298915643
369773461
175589345
260059635
199241990
288019365
494153578
244561065
81298401
382959395
275172596
96494536
307133881
288019365
279236126
371203613
288019365
366592986
153403861
252793449
-1
450268931
213651205
218914915
301536780
501974196
-1
293765321
307133881
444124542
307133881
260059635
255764341
275172596
279236126
289040267
538034052
412356184
269715794
303097601
490663183
308202818
390846843
275172596
-1
531652991
269715794
330728833
301357801
496508940
236213785
291518470
381099846
615243915
298915643
260059635
661442182
218206513
307099313
330955744
289669805
280335446
490663183
213562165
306305447
175633347
423253467
213562165
269715794
293726345
257758911
218206513
298241077
343190220
324132125
431844589
302604900
293726345
324177858
462387682
375523633
362032869
204031415
401089132
306305447
244561065
412356184
272093415
333346474
257758911
315395192
363689205
440305768
244561065
293726345
257758911
275172596
293765321
260059635
306125012
293647487
275172596
293221311
138783462
260059635
308202818
312434607
301357801
244275961
661442182
306305447
201558757
260059635
360670909
268344268
459207420
302604900
275172596
302604900
379912406
306305447
275172596
293765321
309826440
352546533
309826440
-1
249402907
408745975
308202818
293765321
401089132
366592986
441083814
257758911
175589345
252793449
293765321
417798065
386684408
330728833
293726345
412356184
379912406
-1
293765321
-1
257758911
253205890
267247954
513515193
222701241
293765321
275172596
95116159
302858552
257758911
246915477
329257829
294777400
360834431
401089132
532435363
443299986
528038056
578329410
337326404
217653655
175589345
316193586
316193586
269715794
301357801
260059635
598745313
369773461
-1
316193586
322521365
279752244
277661416
222701241
281551590
275172596
389467387
265076140
333346474
269104391
322071567
257758911
373315389
293647487
130795852
242993822
301357801
275172596
156511518
651566410
373315389
277661416
-1
293726345
377408071
316193586
257758911
244561065
260059635
302858552
389467387
177069583
309826440
260059635
401089132
366361695
363689205
170345124
326509142
177069583
335764065
301357801
-1
252918382
512473666
520293306
248319566
389920648
244561065
806744950
351881610
-1
247794674
224217499
698359563
269715794
175589345
293765321
432854168
307918459
309826440
296327265
316193586
293765321
275172596
279752244
239781651
362661403
423253467
293765321
-1
293765321
661442182
463980659
-1
496508940
111386594
-1
149700572
218914915
309826440
368875086
458104431
242138892
279752244
275172596
181179340
218206513
488190851
165020033
420144808
225760389
316193586
175589345
386684408
296327265
316193586
377711852
275172596
376729740
239781651
277661416
548668578
307918459
-1
336447081
257758911
243200580
244561065
175589345
293726345
296327265
257758911
373153344
269087464
488190851
222701241
257758911
550989095
393490358
252793449
273637418
313462322
316193586
244275961
447855135
293726345
269715794
294231522
373315389
273356998
359681701
275172596
375758136
265645685
366592986
181179340
257758911
269715794
372517463
293726345
296327265
792127828
296327265
293726345
-1
260059635
229929795
288019365
553379192
302604900
197847041
349829551
-1
233348409
275172596
315395192
293647487
349829551
298915643
399986971
440640264
156511518
349829551
298241077
248926342
293221311
248926342
257758911
296235341
293726345
289239206
-1
507142662
244561065
440305768
-1
337347390
298241077
240302163
325659618
244561065
390855884
262580362
412759230
447855135
330605740
401089132
102740953
244561065
257758911
257758911
175111817
293765321
449129580
-1
257758911
265645685
219529413
289239206
349829551
269715794
260617946
272655026
265645685
289239206
239781651
293726345
302604900
315395192
393490358
375758136
239753025
345795911
209172033
262580362
291044054
273356998
393490358
511944002
365292739
372517463
268344268
624138595
269715794
287019793
-1
262580362
288022750
408993281
289239206
244561065
372517463
370768734
293726345
269448178
269715794
355621537
331483508
272655026
324177858
-1
261728301
-1
-1
366592986
244561065
260059635
273345737
277123067
269715794
302744212
293647487
326439661
470674789
-1
274264080
260059635
172713128
213619961
293765321
275172596
387343680
337686586
302744212
269448178
293726345
372517463
301357801
301357801
293765321
175589345
420454588
236417528
252785640
326439661
279752244
293765321
268344268
401089132
293765321
296032526
240195730
302858552
248926342
288019365
296032526
279715545
279715545
419904070
367567339
266518721
288428378
277716306
511855556
296032526
442377604
227644806
331939413
296032526
500211584
298241077
296032526
488190851
469255089
589056878
265645685
288022750
222701241
244561065
194479250
442377604
430686618
508439450
430327897
364123284
239753025
275172596
470674789
307099313
440305768
306249319
352546533
274102840
428948589
419904070
497682983
345795911
279715545
272655026
-1
500211584
336214329
269448178
273637418
661442182
706144182
279752244
406396169
273356998
288428378
114893840
153403861
301357801
279715545
289239206
218914915
508439450
382378918
419904070
275172596
272585173
293647487
313977321
309826440
621724980
228294099
482282293
272585173
272585173
279715545
624138595
449129580
332406175
439075609
253205890
158943320
269448178
305996928
202846736
370768734
298241077
313977321
279715545
308202818
194479250
289239206
369773461
364123284
-1
225849283
326439661
272585173
273356998
288022750
330728833
298241077
272585173
302604900
343190220
308008180
514963565
306125012
237887159
322521365
490663183
234452016
317805750
237555527
442377604
380067530
294231522
227644806
575702341
273549026
315395192
237887159
179958512
419343851
289540695
308202818
354211000
296032526
362661403
299437864
315395192
382378918
272585173
279715545
296032526
272585173
298241077
183976406
296032526
299437864
398079963
315681882
652473996
296032526
272585173
369557542
323611762
309826440
272093415
239781651
343190220
419343851
299437864
299437864
289239206
272585173
313730826
333175867
347385093
289239206
420454588
420454588
439075609
486629624
252793449
425883969
351331273
289540695
247794674
194572023
287482128
383201588
289540695
377992870
234452016
-1
277178710
289239206
322665630
483040197
255856546
313730826
303755936
701671551
-1
322665630
303755936
175589345
279715545
721301333
228967041
253142212
701671551
393490358
383719681
-1
287482128
438979804
369773461
272585173
289239206
279715545
424714886
293221311
301357801
369773461
289540695
439128957
272585173
303755936
293221311
365719531
272585173
322665630
301357801
373153344
265645685
298241077
-1
298241077
279715545
266518721
279715545
130818477
255764341
335147507
153403861
615243915
-1
216663974
273356998
272093415
273356998
228967041
255856546
238386872
279715545
252793449
279715545
444557789
269468872
269468872
203441029
203441029
303755936
315402248
369773461
303755936
279715545
792127828
383201588
539388475
411874091
228294099
230821091
289540695
442377604
289540695
294231522
214597460
624280086
365114860
313730826
265076140
-1
480325660
217653655
626516652
273387756
275172596
289540695
237887159
352546533
283384088
273387756
285234897
383201588
701671551
265645685
228967041
287831938
241531606
-1
410762596
491884508
294231522
279752244
246977849
440640264
308202818
294231522
267247954
482282293
288676794
448427225
313730826
214597460
438999447
346643884
308202818
296327265
421087031
269468872
313730826
265645685
335147507
253205890
279752244
265645685
511944002
362448754
301357801
289669805
296327265
207036203
-1
234452016
301357801
438979804
511855556
265645685
293647487
228294099
279752244
184603293
312758888
167945062
265645685
287482128
432854168
369773461
442377604
298241077
352546533
252793449
287482128
228967041
302858552
312747445
438999447
466824232
575702341
326439661
265645685
362963717
317805750
279752244
279715545
624138595
298241077
273387756
273356998
-1
630913430
589056878
341169906
279715545
369773461
294231522
439075609
290344792
315888941
418557678
269468872
438979804
375222023
287482128
383201588
401089132
301357801
181179340
287831938
265645685
289027801
289540695
279715545
301040012
279715545
277661416
647735180
279715545
-1
420454588
254645905
301357801
448427225
239781651
265645685
273387756
265645685
273356998
275172596
301357801
375222023
331840243
360834431
227644806
-1
307257447
207341759
272084137
447623319
-1
701671551
331840243
508439450
313730826
265645685
247794674
288022750
218027587
375222023
262593361
269468872
130987563
393490358
298241077
269468872
287482128
279715545
279715545
279715545
289027801
313730826
228294099
315888941
345403213
301357801
210247728
375222023
293221311
348180202
246977849
315888941
315888941
265076140
273387756
273387756
322665630
389467387
247794674
264046097
375758136
227644806
181179340
242138892
267247954
469255089
287482128
269448178
306710932
382378918
322665630
298241077
364898536
272084137
237887159
279715545
447623319
273356998
273387756
420454588
432522039
375222023
287482128
177069583
358609285
430686618
287831938
287482128
331840243
269468872
262788309
272084137
317805750
140344329
251674797
218027587
375758136
527579067
-1
239134307
318204385
375222023
279715545
287482128
369773461
293221311
313730826
213134461
287482128
287482128
279752244
318204385
418557678
313730826
341629896
269468872
333910468
407722369
309826440
151749876
279715545
307048102
279715545
301357801
279715545
439075609
-1
287482128
214597460
228294099
375222023
362661403
393251248
572542652
-1
352983265
