998693856
999370944
998693856
997659998
999370944
999090654
999090654
547467028
999090654
999090654
999370944
999090654
986437924
963360455
997659998
998693856
988886012
996611886
999090654
996611886
999090654
999370944
992408400
994081174
999090654
999090654
999090654
998693856
992408400
992408400
998693856
999090654
999370944
998693856
999370944
999090654
998693856
999370944
998693856
999090654
999370944
998693856
998693856
999090654
981022314
999090654
999090654
999090654
999090654
999090654
998693856
998693856
986437924
987350495
999370944
999370944
998693856
999090654
992408400
963360455
998693856
999370944
949212018
990508673
999370944
999370944
987428838
999370944
996611886
992408400
999090654
999370944
998693856
862771290
999090654
998693856
998693856
998693856
999370944
999090654
999370944
999090654
999370944
999370944
982629212
999090654
999370944
999841713
999370944
999370944
999090654
999090654
999370944
992408400
999370944
895212292
999370944
998693856
999090654
998693856
999370944
998693856
999090654
999370944
999090654
917027961
998693856
999090654
992653900
999841713
996611886
996611886
999090654
986437924
999370944
998693856
979892304
999370944
999090654
986437924
999370944
999090654
999090654
999090654
990508673
986437924
999090654
990508673
986437924
998693856
999090654
999370944
998693856
976804062
999090654
999090654
998693856
998693856
999370944
999370944
999090654
999090654
997659998
999370944
998693856
999370944
998693856
998693856
988983916
998693856
999090654
998693856
998693856
999090654
998693856
992653900
999370944
990508673
998693856
999370944
998693856
994387440
990183204
999090654
999090654
999090654
999370944
986437924
999841713
976236336
999090654
999370944
999370944
981560053
999090654
999090654
999090654
990508673
999090654
999090654
841069054
999090654
988983916
999090654
999090654
999090654
959395687
920850457
999090654
999370944
996611886
999090654
999841713
999090654
999090654
999090654
999370944
999370944
998693856
998693856
998693856
999090654
998693856
999370944
990015568
998693856
999370944
999090654
996611886
999090654
999090654
989417444
999090654
994387440
999090654
998693856
998693856
998693856
999841713
996611886
913475071
996611886
999090654
994081174
998693856
998693856
999370944
998693856
999090654
994387440
999090654
999370944
988983916
987813573
992052915
994387440
999370944
999370944
999090654
999090654
986990351
999090654
999090654
999841713
999370944
981560053
976804062
999370944
999090654
997659998
998693856
999370944
999090654
994387440
999090654
999090654
999090654
998693856
998693856
998693856
999090654
999090654
998693856
999090654
998693856
998693856
996611886
998693856
976804062
999090654
997659998
999090654
998693856
998693856
990508673
998693856
999090654
996611886
996611886
998693856
999090654
996611886
997659998
999021306
998693856
998693856
998693856
998693856
998693856
999090654
990225334
999090654
998693856
999090654
999090654
998693856
992653900
999090654
999090654
990508673
998693856
998693856
991586226
999090654
999090654
999090654
992408400
998693856
999090654
998693856
990225334
990225334
999090654
999090654
996611886
990225334
998693856
990073852
999090654
992653900
990508673
981560053
998693856
988983916
998693856
999090654
998693856
998693856
990225334
999090654
986437924
990073852
999090654
996611886
998693856
998693856
996611886
990225334
998693856
999021306
999090654
978674911
990508673
998693856
998693856
999090654
998693856
990508673
999090654
553497521
999090654
999090654
999090654
992653900
999090654
999090654
999090654
990508673
999021306
986437924
998693856
999090654
997659998
998693856
997659998
998693856
999090654
999090654
998693856
998693856
990508673
999090654
999090654
999090654
999021306
998693856
999090654
992653900
998693856
998693856
992653900
974971262
998693856
954532881
999090654
989417444
998693856
999090654
998693856
999021306
999090654
999090654
999090654
998693856
998693856
999090654
999090654
970082737
983420113
999090654
949125756
999090654
999090654
997659998
999090654
998693856
996611886
994387440
998693856
998693856
999021306
999090654
954917853
998693856
999841713
998693856
999021306
999090654
999090654
999090654
990225334
999090654
999090654
954917853
994387440
999090654
999090654
999090654
998693856
998693856
999021306
998693856
992632835
998693856
999090654
998693856
998693856
999841713
988983916
999090654
998693856
984852971
999090654
990073852
998693856
990225334
992653900
999090654
990073852
998693856
998693856
996611886
996611886
999090654
998693856
976236336
999090654
999090654
999090654
999090654
996611886
998693856
981560053
999090654
998693856
990225334
998693856
999090654
999090654
996611886
999090654
999090654
944283155
998693856
999090654
999021306
996611886
998693856
998693856
998693856
999090654
990225334
999090654
999090654
974684447
999090654
999090654
998693856
999090654
996611886
990225334
999393684
998693856
991586226
940554737
996611886
999090654
999393684
999393684
996611886
999090654
992653900
999393684
999393684
998693856
999393684
999393684
990073852
999393684
992408400
999393684
999090654
999090654
999393684
999393684
999393684
999090654
999393684
999090654
999393684
986437924
990225334
999393684
994387440
998693856
998693856
978674911
998693856
999090654
999393684
995520552
999393684
999090654
998693856
999090654
979892304
998693856
999393684
999090654
994387440
999393684
995520552
999393684
999090654
997659998
998693856
998693856
999090654
999021306
999090654
999393684
999090654
996611886
999393684
999393684
999393684
999393684
990183204
999393684
998693856
999393684
999393684
999090654
999393684
999393684
998693856
999393684
999393684
999090654
999393684
998693856
999393684
999090654
999393684
999393684
999393684
999090654
999393684
994387440
998693856
999393684
999393684
999090654
999090654
999090654
999393684
999393684
996611886
992653900
996611886
990183204
999393684
999393684
999393684
999393684
999393684
996611886
999393684
999090654
999090654
999393684
999090654
999090654
999393684
996611886
999393684
999393684
986437924
999090654
996611886
999090654
999393684
999393684
999090654
999090654
998693856
996611886
999393684
996611886
999393684
999393684
990225334
992408400
999393684
999393684
999393684
999090654
998693856
999090654
992653900
999393684
998693856
999393684
992653900
999393684
999393684
999393684
999393684
996611886
999393684
999393684
994387440
998693856
999393684
999393684
981560053
999393684
949212018
999393684
999393684
998693856
981560053
999393684
998693856
999090654
996611886
999090654
999090654
999393684
999090654
999393684
998693856
999090654
989548281
999090654
999090654
992143258
999393684
999393684
999090654
998693856
990225334
999090654
999021306
999393684
999393684
999393684
992408400
999393684
999393684
996611886
994387440
999090654
988983916
999393684
999393684
999090654
999090654
999393684
999393684
961644916
999393684
999393684
986437924
999393684
999393684
999393684
992653900
996611886
999393684
999393684
992408400
999393684
999393684
999021306
999393684
999090654
999090654
999393684
990225334
999393684
999393684
986437924
998693856
999393684
998693856
999090654
999090654
999090654
959395687
999393684
999090654
999393684
999393684
999393684
999393684
887261873
999393684
999090654
999090654
999393684
999393684
999393684
999090654
999393684
999393684
999090654
999393684
999090654
999090654
999393684
992408400
990225334
954532881
999393684
998693856
999090654
998693856
990225334
999393684
999393684
999393684
999393684
999090654
999393684
998693856
999393684
990183204
986437924
992408400
999021306
999393684
999393684
988983916
999090654
861184418
990225334
999021306
999021306
999393684
999021306
999393684
901274400
954917853
999393684
999393684
970082737
999393684
999393684
999090654
999393684
988317504
999090654
999393684
999090654
999090654
990225334
999393684
989548281
996611886
999393684
999393684
869706224
999393684
996611886
999393684
999393684
999393684
999393684
999393684
999090654
999393684
998693856
999090654
999393684
996611886
992408400
999393684
999393684
999393684
998693856
999393684
999090654
999393684
998693856
978352035
996611886
999090654
998693856
999090654
999393684
999393684
999393684
999090654
999090654
992408400
999393684
999393684
999393684
999393684
999090654
996611886
973443960
989417444
999090654
999393684
990225334
999090654
999393684
999393684
981560053
998693856
988983916
999393684
999393684
999393684
988983916
999393684
993420583
999393684
999090654
999393684
999090654
820229183
996611886
990225334
996611886
999393684
999090654
990225334
999393684
999090654
999393684
996611886
807048822
999393684
999393684
999393684
999393684
999393684
974971262
999090654
999393684
998693856
999090654
638394981
999393684
983921428
999090654
999090654
999393684
999090654
999090654
999090654
999393684
979892304
999393684
999393684
999393684
999393684
999393684
999393684
999090654
990183204
999393684
990225334
996611886
999393684
998693856
990183204
999090654
997659998
999393684
999090654
999090654
993420583
999090654
998693856
857595494
999393684
999090654
999393684
996611886
999393684
999393684
999090654
990225334
984852971
999090654
993420583
999090654
999393684
999393684
999090654
999090654
998693856
999393684
999393684
992653900
999393684
999090654
999090654
990183204
999090654
996611886
996611886
999393684
986437924
999393684
999393684
999393684
999090654
999393684
999393684
998693856
999393684
994697374
999090654
999393684
999393684
999393684
999090654
999090654
999393684
999393684
999393684
980161174
990225334
999090654
996611886
999393684
992653900
998693856
999393684
999393684
999393684
999090654
990225334
949955686
999393684
999090654
990183204
988983916
999090654
990073852
990225334
999393684
993420583
999090654
992653900
989417444
999090654
999090654
999393684
994697374
998693856
874337825
990225334
984510802
999090654
999393684
999393684
999090654
999090654
999393684
999393684
999393684
999393684
901671927
999393684
999393684
999393684
999090654
999393684
990225334
999393684
999393684
999393684
999393684
990073852
988983916
999393684
840856862
999393684
999393684
999393684
999393684
999090654
984969061
999393684
999393684
994697374
