-1
602387664
-1
-1
713954632
-1
570595422
527460364
705951182
-1
-1
640013948
-1
541845662
597177016
527123964
516630528
693440874
-1
527123964
601630459
-1
609479219
-1
-1
-1
-1
-1
719396345
703794555
694052972
594755868
824449070
488942510
509575044
528337382
-1
-1
509542256
-1
732362246
534841162
-1
-1
-1
817604529
615238006
-1
-1
-1
-1
570263726
-1
745933056
758450107
601474480
-1
717682550
-1
643304884
-1
-1
-1
844407799
-1
595085972
-1
637978794
728276981
541776325
509575044
516630528
588917194
576624458
-1
-1
541527017
547818671
540205798
741243122
-1
677076715
544699647
596357754
668708566
623903997
680464476
602112811
617997987
666983928
-1
-1
-1
575910968
-1
-1
588834738
558333634
672628627
556844816
-1
577768669
516284745
610738607
677610837
695680521
673869678
543715958
-1
775298650
-1
779139874
-1
527123964
561348463
-1
809295884
863395471
735487176
644808427
-1
577768669
-1
881914969
-1
527123964
777373867
626107240
-1
617135746
537882813
486403921
-1
599997472
-1
-1
686771337
-1
-1
-1
-1
797434169
-1
548728850
682343845
-1
495470158
601369479
588917194
778740700
645963652
665275068
773162928
-1
-1
509575044
-1
604968378
713871143
-1
-1
-1
527123964
-1
-1
477148761
-1
527123964
-1
541846680
660122494
-1
584184804
847417030
579059899
-1
498793848
613189330
-1
-1
-1
700074727
-1
-1
-1
-1
-1
524444381
634834129
555964711
-1
602112811
885747439
516630528
584353906
-1
-1
544770806
615403667
547512905
687470284
563907182
637543557
-1
732074378
504737797
672848173
647667917
573642350
-1
503525741
-1
-1
784337830
686866060
720540132
-1
733925903
759769375
-1
571826528
-1
-1
724387502
680939317
634287737
-1
623298502
597177016
575910968
596357754
560351296
-1
817604529
-1
494662842
586434449
581176248
784144565
-1
-1
672848173
580899305
-1
544922978
580899305
772484956
608474344
-1
-1
-1
-1
-1
783126679
485659118
571910845
559092877
706648759
-1
617135746
-1
-1
-1
648112606
-1
-1
-1
537281756
833175364
958188495
632271432
753214695
535552551
-1
-1
705416082
710453984
-1
741926428
693440874
-1
-1
629264206
576917083
-1
556844816
-1
509575044
-1
-1
-1
473388771
617135746
485659118
-1
564288498
595140390
-1
547233889
-1
-1
694862915
-1
738569718
-1
652880522
-1
727644636
-1
580899305
569773407
614094464
-1
-1
-1
592164593
474148082
720508939
832396652
462235576
-1
610788881
-1
-1
559225225
-1
-1
621520644
544443945
-1
-1
553948843
-1
610427238
-1
517404584
524894606
563907182
-1
509575044
945924424
-1
509575044
-1
677703475
-1
-1
644839817
579409779
745331586
503525741
-1
545274635
715823760
-1
-1
-1
596357754
832907123
-1
-1
695651730
-1
-1
-1
697461200
-1
580899305
558333634
-1
-1
-1
569773407
630083022
553948843
563907182
583478693
551166081
516630528
617296238
-1
503525741
569773407
707573291
-1
540866134
543715958
751307306
537165954
486295737
953042703
563907182
-1
589512844
-1
658142332
778653410
-1
-1
-1
-1
536754902
721773565
484281615
494164631
-1
-1
-1
504559294
776689106
569773407
532945665
-1
-1
91771295
633656220
513184696
-1
598536366
-1
633421640
703838907
-1
601761923
601474480
671709877
-1
684621258
583804639
-1
-1
-1
550147658
904515284
-1
667093786
460429607
-1
766167261
-1
-1
-1
638382691
-1
690405998
541776325
523808406
669428806
899796295
655804218
769935982
-1
-1
612360257
-1
637978794
541591602
573582039
729671645
-1
908090283
521831619
-1
592617899
-1
-1
541527017
619115886
776686707
-1
541402649
-1
-1
-1
724569242
561863836
-1
581176248
658841908
-1
-1
786234892
-1
625788878
536004148
623322150
-1
-1
-1
-1
649211467
-1
-1
-1
536754902
-1
543591857
-1
579059899
577095088
843645872
611350798
-1
577481539
-1
-1
504559294
734991971
-1
503525741
611486238
564240512
675871061
-1
494164631
-1
572718014
586761530
551166081
-1
-1
644990124
-1
-1
-1
774191932
614957608
608474344
876508972
633656220
561553896
564240512
-1
595314978
644063260
-1
-1
945924424
-1
524444381
-1
501005654
653691904
634834129
727622412
500106594
712528814
601474480
527948771
-1
481095072
-1
486403921
501417477
669014699
-1
814405205
623793160
478112315
593758378
678804832
-1
-1
417300151
697132654
577768669
847741633
669106200
-1
735189123
-1
657383301
-1
-1
-1
-1
681998840
369565789
676752434
693814193
694052972
-1
536754902
536048287
614957608
-1
486403921
667369344
-1
-1
504559294
649317351
516630528
547512905
614085604
-1
516630528
659705970
935521926
497143394
761706020
544280426
831781747
-1
645653278
-1
703794555
496343197
-1
-1
-1
504559294
807209869
822320245
630796852
715901556
580899305
-1
-1
541776325
594755868
516630528
596750370
569887342
547248419
509575044
-1
821598584
637386303
486403921
570738354
679816417
-1
-1
674547515
488942510
-1
556294139
-1
597177016
672848173
548728850
582361040
705228194
-1
-1
840081425
-1
-1
690070628
-1
-1
-1
630896183
-1
742061774
-1
-1
509575044
614085604
-1
-1
595140390
524444381
617135746
-1
629168144
665061837
-1
543591857
959476337
-1
542428101
579752338
-1
-1
-1
660858491
-1
563907182
591982551
-1
-1
547248419
560236555
509575044
-1
-1
529567572
613220342
671709877
597877161
890353752
601474480
633494480
-1
-1
613189330
600771549
625788878
-1
517386629
644839817
-1
483188795
844532864
-1
-1
512176876
599181175
767735038
654422548
714481952
-1
-1
513184696
556130879
-1
666983928
880249499
501005654
575910968
504559294
-1
-1
720167892
601369479
719952800
653691904
957857086
732074378
623736327
-1
692255985
597177016
803757485
513184696
-1
-1
-1
-1
-1
547248419
666670216
-1
661290492
704133491
-1
596357754
-1
607564851
-1
940014123
571826528
488942510
660872103
-1
-1
794724935
513184696
644990124
655737740
548922316
-1
622859818
711001839
-1
527948771
760085112
590427087
-1
-1
638382691
553454288
-1
513149731
533257560
-1
713452648
-1
563907182
547248419
537085239
585891745
566291194
654422548
-1
615403667
-1
636247090
603374939
777941399
516630528
806268569
583105568
496855717
547649943
663458660
685376079
-1
547512905
572536507
-1
577481539
-1
610340633
551919190
685258695
513184696
503525741
615403667
509575044
575910968
580899305
-1
748236175
-1
-1
769340856
-1
704050139
594856902
679712585
579759039
791394421
-1
782741166
569773407
536754902
513184696
-1
579725748
510634357
-1
805852526
-1
-1
-1
644990124
-1
513149731
509575044
544280426
-1
513149731
-1
749054793
-1
605125147
-1
-1
513149731
686376697
-1
631827367
-1
876974815
-1
667949308
594755868
561348463
731217390
-1
543033462
-1
699555249
-1
509231096
-1
-1
821008256
488942510
-1
-1
-1
-1
554756120
566976791
-1
-1
516630528
843301424
-1
547248419
-1
664404688
620962251
551166081
-1
569773407
597177016
-1
-1
570985139
-1
676678119
-1
726664874
607564851
634834129
-1
676752434
680857503
601630459
866489763
-1
610218557
-1
581176248
727644636
486249192
-1
817604529
547248419
866489763
-1
-1
-1
627574783
-1
783057222
-1
699743254
584353906
810065420
591935865
655199229
494244954
572648987
-1
556294139
-1
-1
-1
509231096
509575044
-1
486403921
-1
-1
-1
-1
789239777
509231096
693440874
640035718
-1
513149731
448095964
570998349
572841827
479177639
-1
-1
-1
-1
680937755
-1
-1
-1
656222652
-1
557680360
636167746
561863836
922266305
600304904
547248419
548881785
634113702
-1
562346645
-1
-1
623433331
-1
771610139
640982785
-1
516630528
537817378
690405998
-1
-1
-1
509542256
-1
668269020
659031089
585773882
496259355
697132654
-1
786633710
-1
-1
-1
-1
890351043
667493397
620612919
551919190
-1
864990747
-1
-1
611952813
572648987
638928049
661197666
644109515
-1
513184696
-1
548728850
667706008
-1
-1
543591857
-1
-1
577095088
671709877
821438407
625010138
-1
-1
595459898
-1
677076715
682788045
-1
610218557
-1
864990747
-1
536754902
679964272
-1
686934212
567817336
-1
679198617
-1
614051393
504559294
585891745
-1
751232378
548728850
690405998
784050083
-1
780569998
736799695
596862109
571826528
495556194
676469636
561863836
-1
620340630
501417477
513149731
503525741
-1
638536272
509575044
-1
-1
-1
607008676
505279703
616731648
662024558
711731856
-1
-1
843480065
588917194
565929777
653679516
-1
-1
680939317
502767002
704604980
-1
736549944
577481539
-1
675680881
574249071
-1
851831867
796288167
-1
-1
509575044
765929758
810065420
550699422
751690730
672147535
-1
-1
-1
595459898
606557000
356248248
-1
-1
600084900
-1
537967423
-1
735205539
-1
636447501
640375528
-1
569509505
666160995
704080771
-1
-1
575910968
509231096
545055760
564098134
-1
686706867
-1
686218028
666229504
665400093
-1
-1
688769480
575473545
670299248
547649943
604380511
-1
607008676
560649061
516630528
-1
-1
464832328
-1
-1
569773407
610340633
-1
517773012
839896982
-1
552535119
731841776
-1
-1
-1
509231096
-1
578607664
-1
674405890
775168209
-1
-1
821598584
543591857
-1
-1
-1
748332863
-1
-1
-1
595459898
579402859
482725648
-1
595314978
-1
-1
436008032
-1
-1
630598205
755512667
-1
-1
-1
432613689
770230090
-1
-1
-1
661290492
584353906
-1
742061774
-1
517773012
-1
-1
618713582
709039477
576838381
708638955
530604531
577095088
696947352
695620515
403706863
652066049
605125147
503525741
-1
673065393
725113561
668708566
572171097
-1
-1
682808115
-1
-1
-1
-1
468345537
896694344
885522489
571953078
-1
-1
-1
-1
599192174
-1
-1
607564851
569773407
-1
-1
567362953
-1
-1
598004174
541527017
890353752
644990124
807304231
644198184
770230090
547248419
527123964
744889582
-1
-1
-1
-1
-1
636247090
845087730
370682447
751880664
-1
682136279
-1
615712839
568950563
721729171
-1
551919190
977026337
505159032
578410322
610340633
673768332
-1
632271432
-1
503525741
-1
597877161
563907182
594227305
-1
878738369
-1
579059899
467872675
-1
596357754
617497878
706099770
697461200
673453380
740197533
-1
547248419
820057768
-1
513149731
627488362
594231868
-1
-1
-1
544471566
608802269
569773407
585102863
-1
-1
-1
610719646
551919190
601630459
560620152
-1
610738607
-1
564425633
626316186
665400093
638465372
-1
644990124
-1
625788878
607008676
-1
520705114
547248419
-1
620340630
-1
-1
744603616
809246085
663695068
751690730
557680360
509575044
-1
369916143
671709877
607564851
-1
700400030
621487729
541234197
547248419
700328840
648214892
648575152
509575044
612809810
-1
-1
-1
744377478
636247090
533170565
595243848
-1
476932311
697521299
-1
720963408
-1
558944319
-1
758370646
676575085
705416082
812997897
536302738
-1
-1
572592266
503525741
573351450
-1
556294139
-1
-1
538156377
-1
557579008
625544705
-1
523808406
645653278
610738607
885979127
-1
579433658
610427238
-1
602387664
-1
883787061
569773407
585650827
547248419
-1
526947663
514239708
842646124
504559294
-1
629493214
-1
671504913
610863501
563907182
690528094
-1
-1
514239708
691618277
-1
762571434
-1
-1
782519334
585773882
-1
525793587
681178573
572047569
600491396
-1
503525741
503525741
-1
535556579
-1
-1
579402859
-1
-1
766826238
550070919
547248419
771982273
-1
-1
603560469
537967423
-1
627153549
-1
604376718
-1
528434457
747411120
541402649
644109515
-1
595316519
548029164
-1
669595131
-1
696947352
-1
744603616
514285238
-1
478936638
-1
-1
547248419
547248419
778543799
-1
614085604
825284847
558944319
-1
-1
547248419
-1
-1
759548153
-1
748814567
-1
-1
556130879
-1
803891621
-1
547248419
603374939
547818671
-1
-1
648285988
-1
563907182
534957692
-1
561693331
-1
652627389
583214767
569773407
620340630
672848173
545856391
793707267
-1
-1
-1
588719899
634113702
869203763
-1
-1
-1
-1
717297972
-1
646297998
-1
591122567
933529485
629493214
799913843
-1
887732070
541846680
682343845
607564851
560298442
547248419
-1
-1
849652019
690405998
522097666
755224234
-1
556294139
-1
670936065
541272378
822169307
879868331
610218557
547248419
494662842
-1
481275122
627574783
504559294
725560433
-1
679198617
-1
-1
564272962
757211713
662713425
777360482
699048643
599950196
547248419
535556579
-1
536754902
550699422
-1
528434457
516630528
-1
868188284
-1
560298442
-1
824226693
-1
-1
503525741
-1
585532075
579725748
694196557
706099770
701154549
497143394
603676351
-1
866489763
-1
563517927
546728413
557600236
-1
751690730
940178665
-1
-1
-1
-1
640375528
623433331
-1
632504384
569773407
689655395
584728150
-1
527948771
931452166
855516668
-1
560298442
-1
516630528
509575044
550296204
-1
558944319
-1
-1
794354418
977026337
753214695
578497558
618135872
588917194
-1
-1
580899305
-1
607008676
-1
556294139
576493066
699555249
-1
603374939
-1
-1
-1
862411077
580899305
957486762
-1
-1
767735038
-1
468345537
748076343
580899305
758070270
-1
697488088
794618444
660886824
-1
564272962
-1
887868553
-1
509575044
-1
845578051
-1
569509505
626829821
-1
934273338
-1
757211713
-1
532004505
560298442
682788045
590594488
845087730
557680360
580899305
660872103
594636894
547248419
572718014
708334679
-1
560298442
552535119
-1
572648987
-1
-1
-1
-1
571461297
704969222
-1
-1
761721305
-1
607008676
-1
604968378
-1
541527017
599192174
516630528
668708566
-1
637799176
-1
572536507
-1
-1
-1
541845662
747411120
633536209
-1
-1
-1
-1
683475321
773147799
-1
683245911
-1
-1
581176248
551919190
767735038
749054793
-1
645342919
667369344
556294139
516630528
524586941
571461297
-1
567362953
-1
-1
504559294
-1
524390603
-1
-1
547248419
536754902
-1
-1
-1
-1
812997897
552512753
604240022
-1
552512753
504559294
688868836
580899305
644990124
-1
536188351
-1
545997224
664465238
-1
679712585
547248419
-1
681813568
-1
560298442
-1
-1
670700603
-1
788157466
579059899
662538167
-1
547248419
817243936
522536820
676858142
-1
563907182
541234197
842646124
625010138
542970015
627318641
804833922
-1
957486762
653182451
686218028
815867409
-1
641770653
-1
560298442
737596221
561863836
907090249
-1
-1
580899305
799497321
-1
-1
651600472
673867630
509575044
-1
965499524
-1
692291502
-1
568309920
556130879
718919113
503525741
555648309
550699422
680762861
-1
-1
598536366
503525741
-1
-1
-1
-1
-1
-1
-1
-1
-1
-1
516630528
-1
-1
541234197
537519056
597933735
864990747
-1
648834337
-1
560298442
682503562
602313601
-1
591935865
564240512
-1
550699422
541527017
-1
556130879
-1
547818671
533396802
-1
675602553
732978262
751307306
716219147
-1
482329515
509575044
503525741
-1
535565392
617497878
-1
-1
-1
587730632
738749450
661075599
710371365
754483950
517776337
-1
527948771
541234197
-1
572536507
-1
757071625
-1
-1
514008350
583105568
-1
689487448
661373130
866489763
609707542
541402649
-1
538156377
577360967
794702323
-1
626316186
471593369
-1
680762861
-1
654459864
560298442
-1
-1
845147758
-1
486403921
759587070
535565392
-1
586134111
-1
504559294
607008676
-1
644990124
533396802
533396802
-1
561863836
-1
-1
555648309
517776337
-1
654532003
541296781
626209047
660863845
-1
493504940
-1
503525741
-1
514239708
-1
566020309
674447016
-1
-1
623213962
-1
809031031
-1
495556194
-1
622508799
781119036
533396802
462584881
-1
541845662
919924456
515807686
-1
885503252
712582492
563907182
-1
558944319
-1
587730632
-1
-1
611952813
736549944
-1
646626310
569773407
-1
538156377
703794555
515807686
-1
584353906
-1
-1
-1
525966596
-1
610218557
-1
509721322
-1
572254590
602313601
700900887
-1
-1
-1
-1
772836518
-1
555648309
537165954
-1
673867630
555648309
592164593
568561896
514239708
710975016
-1
569083762
714481952
671597478
545274635
-1
-1
-1
-1
-1
646132733
608664885
579402859
603374939
674405890
545274635
579059899
562867586
555648309
509575044
793357602
537519056
562867586
665520359
689334335
569773407
-1
-1
537967423
661373130
-1
-1
-1
579725748
-1
583102405
651584768
597877161
679198617
-1
-1
610218557
541234197
617934870
596357754
535565392
516630528
-1
-1
495483535
564240512
554782652
623381703
792056117
637985649
644198184
608313761
-1
-1
550070919
-1
558944319
-1
-1
-1
572648987
507972827
584353906
832396652
594755868
569773407
578497558
-1
536754902
-1
-1
-1
731147231
516630528
663601147
612637806
557600236
555648309
580899305
662120578
-1
735704371
640375528
557680360
-1
550070919
-1
-1
-1
564425633
613189330
-1
-1
-1
560298442
-1
729557661
547248419
558070316
-1
635428503
515807686
614957608
-1
-1
560298442
-1
534672028
606896944
614957608
583478693
504461032
724384909
564425633
572648987
598472912
720651978
857311747
778653410
548029164
649349837
789761863
558944319
-1
516630528
663601147
-1
503839730
-1
-1
-1
570095306
-1
733294819
644990124
689655395
-1
571826528
739415653
667469550
486403921
725861960
535565392
-1
-1
662804160
577768669
514239708
-1
-1
572207293
658142332
509575044
604240022
645653278
-1
504449151
657707008
597177016
-1
689800316
594251186
599181175
596556474
560118192
-1
-1
557680360
732601202
-1
815452936
637047587
573351450
625289761
548289947
594755868
551368792
692878874
-1
554782652
774854524
706648759
-1
-1
550699422
-1
596907273
579725748
657509187
-1
582193624
-1
830145179
692640164
571543798
632503807
432613689
-1
-1
545187188
598536366
584353906
-1
537281756
-1
-1
617135110
555693130
805256090
-1
-1
777815840
-1
521586722
593022791
-1
608313761
624520071
750798196
-1
507972827
563662098
-1
580899305
-1
-1
564425633
564425633
-1
538156377
-1
509575044
848978555
-1
600845798
867064405
564288498
564425633
-1
626763826
-1
579402859
564425633
-1
678018456
-1
-1
-1
407073850
595381914
594755868
809295884
609332302
-1
816930841
-1
801353978
661588420
-1
495483535
625213347
652627389
-1
649650852
600288772
535565392
495556194
805332953
843645872
-1
583214767
622178098
-1
540426997
706648759
-1
626316186
-1
745440692
-1
488942510
-1
-1
651344498
504559294
-1
610340633
509575044
-1
-1
750014960
-1
655728146
-1
713942849
742176520
-1
616587352
-1
592015287
522490753
610340633
-1
564425633
495422963
537519056
607008676
802333517
-1
-1
670404794
-1
-1
-1
540118332
-1
949711147
690943048
569773407
-1
-1
-1
703794555
-1
813472794
594240030
569993229
513149731
600621596
660233838
751232378
717682550
-1
538213432
-1
504559294
824449070
662804160
553856826
751222844
-1
564425633
-1
-1
-1
-1
-1
510687769
537519056
746861314
-1
676858142
545274635
-1
568438231
717274662
550699422
-1
-1
488942510
812669856
775207712
-1
-1
662297791
616731648
702349685
914566454
-1
824454366
813435122
503525741
577481539
496343197
-1
748624282
-1
823222290
583609388
640375528
500106594
595316519
558944319
-1
538156377
-1
-1
552210143
-1
-1
514239708
556294139
-1
-1
-1
562883512
-1
768333179
660039740
607008676
583105568
572047569
-1
-1
-1
580093438
-1
525966596
505649912
733231999
-1
748076343
-1
569773407
761856377
717156998
572718014
-1
504559294
513149731
838365675
-1
593758378
748076343
553856826
539377994
568950563
-1
682788045
503041627
570388330
-1
-1
592320282
587730632
685376079
742782953
607621009
541527017
727309089
711649692
-1
504559294
-1
-1
576917083
612279707
504559294
644990124
580899305
-1
580899305
-1
-1
538156377
-1
572648987
-1
-1
-1
501005654
660863845
-1
676858142
599288036
-1
598536366
504559294
-1
-1
-1
636595721
-1
521491958
769274878
502145044
-1
671709877
673768332
-1
-1
-1
494662842
609707542
-1
-1
-1
503525741
-1
-1
676231073
564425633
591122567
624520071
656879919
572536507
811348293
641175053
704050139
389573516
594240030
616587352
700540164
494662842
512176876
638978768
-1
555693130
822333451
-1
-1
692640164
-1
-1
597933735
612392200
855655195
957486762
661499007
-1
-1
666575037
-1
698156236
-1
626316186
-1
617378769
555693130
510557870
538156377
-1
703838907
634113702
-1
694355086
-1
-1
-1
563907182
813434457
633536209
-1
-1
684023092
-1
-1
-1
570388330
-1
-1
-1
513630287
-1
552922510
625518670
-1
-1
514239708
-1
529148788
567250674
501005654
-1
758618853
-1
673768332
535065422
569773407
563907182
739415653
-1
535065422
833512082
-1
643163258
731147231
-1
472640839
586174772
569928517
-1
-1
807304231
569773407
620549015
-1
-1
-1
-1
354544285
-1
538156377
535065422
534574639
-1
-1
580899305
661040070
-1
-1
-1
625518670
755221014
-1
-1
777360482
568438231
-1
452766341
644006655
699535905
583941400
514388763
-1
629517529
545997224
600621596
-1
723452868
583277700
-1
672848173
597933735
659460891
484584758
483996600
706861011
634113702
-1
-1
914566454
541776325
-1
830515569
525966596
-1
571594314
-1
723510030
611418048
-1
938634634
802713109
538397749
-1
541402649
-1
-1
579059899
-1
647316680
702206894
-1
896853450
834300439
610402590
764248455
535065422
-1
656222652
-1
663601147
538156377
510687769
-1
601765543
-1
-1
-1
504737797
629411571
514239708
-1
569773407
585741327
535556579
751984120
517549500
925543745
570388330
-1
821598584
694355086
-1
552317231
699294410
703794555
-1
595224809
514239708
753356606
834315178
629517529
570998349
655193714
625213347
557187854
555693130
-1
703429075
-1
558944319
556294139
-1
580899305
503525741
874067616
467872675
799497321
439876455
-1
-1
584380125
639182176
781461279
-1
701113090
-1
789916650
719207442
656222652
551256525
627472657
-1
535065422
610340633
508637789
-1
559540321
682788045
522591001
602567853
-1
-1
-1
-1
492887550
563907182
604667938
650246770
-1
762574498
614957608
873393597
-1
485555929
-1
603560469
-1
-1
510687769
-1
558944319
598536366
816399096
793238824
-1
-1
-1
635428503
-1
-1
507972827
513078953
-1
-1
580899305
758070270
-1
-1
-1
710975016
603374939
-1
599116224
557600236
-1
503525741
-1
825284847
-1
596357754
622749881
657805677
-1
610340633
596556474
661290492
779696466
595314978
-1
644990124
740171032
535065422
839060649
651771297
-1
686218028
-1
891318128
576737340
597073279
-1
507972827
538760251
548317887
769686048
673323828
-1
530604531
551919190
-1
-1
-1
467872675
563907182
644990124
829259357
-1
583478693
564917562
877532501
572254590
-1
495556194
544770806
772457222
510687769
655728146
-1
-1
755759844
-1
554844672
613465150
799172711
426423997
-1
514239708
-1
514239708
752848265
-1
579402859
-1
633536209
-1
-1
-1
-1
609707542
870853523
551368792
-1
636167746
-1
629517529
755711199
544560757
600845798
610218557
-1
714930651
-1
-1
714718794
610340633
600084900
739835392
535065422
-1
832158386
-1
750979167
538156377
565496035
497928089
-1
580891839
977026337
594231868
514239708
784490306
-1
715823760
-1
887588975
-1
918761476
-1
-1
-1
-1
-1
636829517
545055760
607965721
-1
694598839
-1
733616312
514239708
-1
-1
671709877
957486762
-1
832396652
515726374
578195897
649648843
-1
541402649
-1
535065422
535065422
-1
718440243
540426997
571543798
514239708
444112742
-1
629253345
563907182
667369344
-1
-1
779707565
583478693
-1
510687769
-1
535065422
-1
-1
492011087
-1
-1
559235404
-1
-1
-1
-1
584353906
-1
-1
674847898
-1
755267031
930858490
498550306
-1
620616876
562080508
-1
-1
713954632
587730632
-1
515726374
-1
-1
555514791
-1
-1
921296186
644990124
-1
820057768
607008676
583605929
767502442
594240030
555693130
571826528
-1
-1
607008676
-1
520590813
-1
554844672
732811456
-1
582193624
866574680
792166958
741643767
545997224
724725881
579059899
772484956
624520071
-1
-1
678018456
633222437
-1
-1
-1
716527205
-1
-1
640849343
-1
569928517
600194263
-1
536033513
577836739
866058527
676858142
499681272
578110174
597942868
653262501
-1
-1
-1
-1
736799695
751307306
821856102
-1
779153343
647118927
697461200
-1
507972827
644990124
576624458
543505669
633536209
610402590
911771205
717880234
523808406
503525741
578962955
-1
653182451
673869678
604571090
667706008
738690180
574472662
-1
-1
550296204
-1
-1
539073320
507325745
512332884
-1
-1
-1
628739884
-1
717880234
554844672
596357754
-1
656879919
714422268
-1
515807686
523808406
-1
780287831
661557370
670489114
-1
714481952
-1
686347170
547818671
545274635
726593399
497813042
-1
-1
540426997
612279707
557600236
530604531
541845662
685988128
520900685
509190488
-1
510687769
520590813
661040070
571826528
-1
-1
-1
-1
-1
628484150
-1
577927041
787502563
681305209
752386187
520900685
721748874
-1
646651108
-1
525966596
569928517
582026285
-1
658419934
761457980
644990124
584500901
-1
-1
-1
563907182
713942849
697568583
541402649
568115605
-1
-1
538452336
775207712
513078953
495556194
610527631
576539422
-1
759619635
-1
710975016
584293263
859756386
-1
514239708
-1
514239708
-1
-1
-1
621732807
-1
665450078
880348345
621732807
722809175
504559294
699743254
764248455
-1
-1
-1
610218557
-1
-1
771610139
-1
636238978
638999920
-1
-1
745933056
709039477
583105568
591935865
490234312
-1
537165954
479177639
724547044
-1
-1
-1
719952800
-1
-1
-1
520590813
533926666
-1
717274662
538156377
-1
-1
-1
-1
546273007
689334335
802489824
-1
-1
-1
855516668
563907182
-1
527123964
593022791
-1
520900685
872970677
877071077
564917562
634594252
667369344
-1
524142474
828508101
716188169
-1
460421050
-1
776723860
546273007
580899305
-1
-1
587730632
497928089
-1
-1
633536209
617493185
781076629
495422963
595224809
568561896
661290492
498550306
-1
-1
803350778
-1
887030621
-1
673768332
921766674
-1
451131614
510687769
546540340
520389190
559707237
515807686
-1
562015492
628739884
-1
904515284
534839190
514239708
-1
530604531
-1
-1
587730632
-1
714930421
514239708
783057222
515807686
-1
609332302
704050139
697488088
-1
-1
-1
594227305
660155499
686771337
406698116
514239708
604571090
579725748
547649943
-1
688948809
514239708
-1
716188169
-1
896694344
-1
-1
855887634
-1
535065422
738226818
510687769
-1
615868508
535065422
843087749
777144534
510687769
528667841
-1
-1
595316519
649435410
608205857
794288611
541845662
533745742
679816417
523888878
563907182
696789189
603888441
481095072
-1
-1
541402649
-1
-1
-1
-1
609998340
-1
535065422
-1
523808406
695621362
-1
-1
557187854
609707542
-1
558669583
-1
646523034
673323828
818262278
504209799
672912724
605148328
-1
-1
-1
-1
575997523
535556579
774630026
-1
-1
563657403
535065422
682136279
595316519
-1
-1
751690730
510687769
705416082
-1
716379649
589798956
601630459
784337830
729578152
602625418
521831619
615847958
558669583
581176248
-1
-1
640375528
733231999
580899305
670440618
675431309
-1
552662782
-1
-1
706648759
535065422
520900685
735189123
844056469
156774117
510687769
-1
-1
772457222
-1
-1
624903816
586889409
572718014
-1
739835392
569773407
520590813
781595758
-1
535065422
-1
-1
-1
625010138
541402649
556844816
530604531
634287737
673457030
603374939
-1
-1
-1
567856751
535065422
649492955
570700803
-1
684228060
610340633
-1
-1
-1
602613118
-1
-1
660155499
709039477
629253345
639266139
-1
545274635
-1
588831114
-1
469099135
-1
755253429
-1
592015287
-1
-1
833915546
-1
545997224
607008676
753134467
637799176
560236555
443336091
557573146
-1
607008676
805752138
-1
-1
545274635
624060719
-1
596357754
872864378
669235875
617997987
-1
551788732
523808406
809031031
-1
541402649
-1
710453984
-1
-1
520590813
-1
503525741
625213347
531221133
-1
-1
-1
702747000
467249470
670689876
513078953
544909687
520590813
-1
551919190
-1
524216591
762941722
521896647
535065422
530604531
535065422
515807686
750003020
-1
602613118
594240030
771610139
527123964
537519056
652376206
-1
750749581
510557870
769271998
573582039
-1
541402649
656222652
710958006
535065422
676217449
-1
-1
-1
715310528
-1
-1
528667841
528434457
-1
535065422
830145179
497398578
-1
638922361
-1
798776091
673478562
621732807
-1
514239708
-1
618280647
-1
-1
613975946
621358401
546273007
673699749
728364611
677924489
-1
495556194
592511450
596357754
-1
-1
536188351
546540340
-1
649650852
662098160
800256270
515807686
510687769
548317887
649650852
-1
679816417
-1
343399398
-1
537519056
639679883
-1
807742733
-1
-1
557680360
534241377
703838907
680857503
-1
-1
-1
739835392
533745742
593003814
619823627
-1
673323828
810806753
-1
526041082
571594314
-1
644990124
552535119
600598817
655728146
523808406
512332884
-1
729578152
-1
-1
-1
725861960
-1
-1
504209799
-1
940014123
713954632
550714460
509542256
607564851
812997897
600194263
-1
692640164
-1
798802134
-1
602613118
638004988
630758800
600598817
-1
-1
554844672
-1
783963586
625619554
599192174
-1
-1
921766674
496343197
-1
517222077
-1
781871715
-1
575997523
844532864
501561157
580899305
-1
712435576
661941149
-1
-1
613975946
617934870
661879462
-1
-1
-1
607008676
584722639
478972521
541845662
-1
510687769
-1
611838191
-1
584380125
-1
-1
762941722
619823627
527123964
536188351
514239708
563486545
-1
-1
474405813
548029164
755512667
-1
640849343
596357754
661213749
-1
830145179
632697421
-1
515807686
571839055
644006655
-1
-1
-1
552935854
515726374
482329515
-1
-1
573582039
544315906
757848894
529884680
541776325
696879996
-1
695551175
607564851
838340765
-1
680925029
851610693
612392200
-1
-1
702206894
595314978
695620515
571013068
587730632
-1
-1
610340633
835060729
600059966
594240030
-1
544560757
-1
-1
491425807
-1
660155499
-1
-1
534672028
597177016
-1
687470284
537519056
671538202
618766926
689800316
469099135
515726374
-1
500678088
810452841
524216591
716449635
617493185
627855547
607008676
676120869
-1
632697421
655728146
-1
545997224
-1
-1
522706779
497813042
784050083
723571520
524978871
-1
658841908
769304264
-1
606380916
786633710
681178573
555693130
432313108
761856377
535631250
604240022
-1
-1
548029164
821812529
527123964
514239708
584722639
817646780
-1
514239708
-1
535631250
710684237
510557870
792574813
724384909
-1
-1
686771337
-1
548264393
536754902
-1
-1
-1
-1
576539422
-1
908572911
-1
625224094
-1
562071070
-1
-1
660155499
724547044
607621009
782187808
-1
-1
-1
541591602
-1
-1
-1
820057768
524978871
-1
509262141
515807686
671743446
642418878
-1
552535119
-1
492887550
524978871
644990124
-1
-1
739368660
685885160
663352291
-1
586434449
494244954
682343845
529148788
660904813
586434449
543505669
629517529
736684302
-1
800690013
-1
-1
-1
510687769
616731648
616731648
489801780
555693130
598472912
520294328
667425009
548029164
-1
710330749
712435576
626316186
-1
-1
-1
580731558
560781627
541776325
-1
-1
-1
695680521
524520871
-1
-1
558541733
634932808
620503011
662649523
-1
-1
-1
-1
564098134
-1
672912724
-1
-1
555693130
-1
536052844
-1
693440874
-1
527123964
-1
-1
516104052
564508967
-1
-1
748234706
-1
619577212
649317351
672628627
541103238
476932311
-1
588834738
594266075
-1
-1
-1
-1
-1
-1
594231868
-1
-1
627855547
492887550
432613689
482241413
-1
629493214
821438407
548264393
-1
-1
597177016
-1
812669856
597177016
702891109
767735038
-1
570985139
782741166
-1
506279804
610340633
-1
510687769
506933988
504358942
510687769
-1
-1
674577141
-1
541845662
832158386
621732807
-1
-1
-1
512870283
-1
-1
566545788
523808406
591122567
594240030
583478693
555514791
521860388
739368660
497928089
784050083
670299248
-1
652194599
497143394
723452868
561434239
723073381
644990124
673768332
541591602
597177016
-1
502767002
683912761
-1
-1
-1
-1
-1
663601147
-1
497928089
951116796
-1
577360967
706099770
689512663
-1
-1
930858490
532945665
-1
925543745
655699180
-1
-1
571594314
-1
714534305
626316186
-1
644006655
885152102
957486762
716642136
638243808
473269615
570955979
-1
874408065
-1
-1
674405890
545997224
-1
-1
599192174
497143394
509570478
651344498
687488755
524592776
579059899
-1
-1
-1
562071070
-1
557680360
502767002
560262971
584500901
-1
-1
977026337
769223860
706464997
610140542
-1
610340633
-1
531040210
586984141
715310528
530604531
-1
798513760
798441528
859755525
-1
-1
-1
545997224
-1
499681272
777941399
-1
823048998
443997662
545997224
-1
-1
568053904
773147799
-1
644990124
-1
-1
694052972
541527017
652194599
550150285
-1
497928089
-1
766580644
700930973
474405813
626763826
-1
-1
846882792
-1
551241157
563907182
584722639
629517529
-1
612118450
-1
-1
848280513
-1
825760712
-1
682808115
510687769
-1
-1
882981968
728364611
500533537
694472086
659031089
610340633
683119073
-1
-1
-1
550714460
-1
-1
776085307
513078953
649492955
652725311
-1
-1
778653410
831564305
583932539
510687769
-1
517222077
680925029
533396802
600059966
847142845
497143394
-1
580076086
780260670
584722639
560262971
778217574
504837490
-1
-1
463537620
707573291
575548945
-1
-1
620394353
712553466
-1
665147092
497928089
-1
-1
515807686
-1
-1
533102333
504837490
-1
-1
628329962
-1
673797720
-1
695680521
595085972
682658946
604667938
-1
760581977
-1
651313843
469099135
666141409
-1
-1
524104191
557805874
678804832
-1
656222652
-1
-1
-1
504837490
713942849
636595721
690943048
-1
910136732
567229378
677610837
-1
610340633
-1
-1
-1
504837490
679097623
661197666
580731558
610738607
636829517
769271998
-1
474405813
626316186
557616968
-1
-1
-1
-1
620503011
611350798
629517529
-1
504837490
537519056
-1
-1
-1
607750195
-1
737596221
906042789
-1
644990124
512870283
579725748
503041627
600845798
-1
502767002
623228418
-1
-1
497928089
738749450
-1
483188795
-1
588427290
497928089
-1
-1
-1
-1
532004505
-1
595085972
432613689
-1
-1
534957692
627458020
-1
600845798
493218319
-1
-1
805300698
835217984
494247138
779397757
-1
482709471
515807686
513078953
569548002
819016178
-1
609083974
843480065
-1
592675726
-1
-1
-1
828768620
-1
-1
-1
719952800
577060938
-1
584722639
-1
-1
-1
-1
-1
503041627
-1
555693130
640375528
550699422
584255917
-1
482241413
-1
603924630
610340633
713942849
541845662
471179855
510684348
486403921
-1
756262653
632697421
540118332
625010138
629493214
-1
598168803
-1
548264393
-1
496343197
-1
474405813
-1
657262045
-1
-1
-1
-1
587542361
667706008
799675297
-1
812997897
799172711
537519056
597492974
-1
-1
-1
934273338
-1
522170849
-1
-1
604667938
553454288
439876455
497928089
594240030
488942510
-1
-1
451736585
-1
694416184
545997224
538430548
-1
603374939
-1
478112315
577927041
589297492
-1
-1
-1
-1
-1
-1
-1
847500853
555693130
560262971
868488890
690783282
-1
-1
529857452
572207293
463537620
522097666
-1
661499007
-1
-1
-1
659705970
-1
822856022
766266344
504837490
677945661
-1
-1
620962251
615238006
599909215
-1
745853499
-1
-1
695510704
-1
541591602
-1
604853313
-1
-1
522706779
-1
-1
552298948
612809810
695884662
-1
497813042
640375528
482329515
658273463
-1
-1
-1
810452841
781595758
-1
653353796
638004988
671724358
698344738
546273007
715823760
600079943
541234197
-1
-1
-1
488375360
-1
572648987
537165954
537319276
595536996
559540321
772778975
678524205
-1
674405890
711731856
601865887
571594314
541591602
-1
504837490
-1
536033513
537519056
679097623
-1
-1
-1
-1
-1
559235404
592551260
-1
-1
-1
555648309
-1
753056142
-1
-1
504837490
503041627
672147535
515807686
474405813
-1
-1
-1
610140542
-1
601865887
620503011
660872103
957486762
703429075
738657022
583478693
569773407
809295884
577176627
514239708
555648309
616587352
-1
-1
597492974
777271607
-1
691917291
-1
-1
-1
626141326
502767002
-1
-1
497813042
675987900
515807686
664023584
-1
815493338
632697421
700247392
696789189
569368615
537519056
-1
689640360
629517529
594231868
-1
749110322
577927041
865952991
740051101
-1
462605803
589843959
603055244
719207442
-1
-1
743507911
605148328
-1
609707542
621486766
559465927
-1
482241413
514239708
630598205
557616968
-1
488942510
-1
541845662
572120829
-1
713942849
543505669
607621009
616587352
572841827
859242733
793250268
570089334
-1
-1
699555249
-1
644990124
-1
-1
-1
-1
833542226
638253781
-1
823524833
-1
747399232
-1
502767002
502758870
-1
569640128
474405813
-1
680939317
618360069
545997224
562918694
606941635
587730632
495238489
783243315
-1
560262971
607405468
547610964
-1
716002300
560718435
630946760
-1
634932808
603374939
589843959
-1
706648759
603374939
484431502
616731648
749286720
558104721
705951182
-1
547248419
705556757
506852510
530604531
-1
-1
-1
-1
742572447
773147799
799172711
-1
513078953
589843959
662962474
748076343
652819380
630598205
752226647
716449635
613347167
632598934
-1
-1
567814754
-1
753356606
777871065
728221294
-1
-1
-1
555648309
529884680
-1
377899954
504837490
547679883
604968378
-1
470761531
861439634
802928772
-1
532573804
-1
-1
716188169
586165589
658273463
482709471
905297324
-1
593003814
-1
572120829
660155499
674870831
532573804
690770705
505437826
-1
606239034
538875786
488942510
-1
-1
569928517
502767002
-1
517149730
-1
-1
-1
-1
484719107
600079943
784490306
-1
603560469
-1
537519056
-1
-1
-1
592665105
532573804
-1
488942510
724768057
497143394
782367932
722068246
751690730
504837490
-1
504737299
638004988
-1
874071298
617934870
-1
-1
526656998
555648309
606239034
506279804
-1
-1
-1
715901556
564098134
716188828
-1
741643767
-1
580731558
634287737
844147972
515807686
-1
450875056
660350256
-1
504837490
629253345
848076135
595316519
557680360
-1
719424341
601310086
563903352
-1
627458020
-1
658419934
504461032
-1
572171097
-1
504837490
505146743
629038289
588698669
612118450
630877519
627762203
705556757
-1
786684814
-1
660155499
-1
-1
-1
509542256
597942868
591891664
612118450
623381703
576775701
-1
794354418
497928089
-1
597462982
-1
-1
609332302
541845662
534627564
-1
-1
-1
-1
721073934
-1
-1
545997224
867064405
760734428
668177939
-1
559675863
-1
-1
764801251
833542226
616731648
-1
-1
707818185
659048855
-1
-1
-1
-1
-1
563065465
621732807
-1
537519056
-1
585008467
708504496
-1
578410322
569773407
-1
432313108
603374939
541350695
499681808
-1
605940350
616731648
735356523
385006726
605089689
647608771
578195897
495769765
557397049
532573804
543816378
-1
-1
598437588
763619066
-1
-1
610719646
-1
770983058
497813042
504559294
643109268
-1
-1
513078953
497928089
-1
-1
-1
437060600
754483969
-1
504837490
524978871
702055338
-1
504737299
-1
609672288
-1
668445914
780669443
578195897
539073320
717682550
-1
545997224
-1
-1
602313601
-1
658273463
578962955
-1
536754902
571543798
863789851
868188284
-1
585008467
592665105
777134900
569991428
504837490
730748769
432613689
-1
545997224
-1
719471343
583214767
557616968
633536209
560718435
594240030
-1
-1
600947681
852331963
504837490
-1
-1
611838191
807742733
-1
710330749
-1
741643767
552935854
-1
595085972
-1
-1
621486766
-1
-1
623429446
461265415
-1
-1
815493338
592260175
-1
-1
568310327
872823546
594240030
747399232
672306528
497928089
619562120
636447501
579576062
592015287
666952198
-1
554704532
560718435
-1
640375528
754483969
560718435
775207712
901156268
423216247
-1
-1
652725311
587730632
917330966
557616968
-1
695680521
574047650
533745742
674405890
846988359
514239708
547248419
-1
-1
591891664
882867534
555648309
-1
760497552
554782652
-1
-1
742572447
-1
-1
527948771
-1
-1
564508967
626629523
535980667
695680521
533396802
-1
730083549
-1
-1
-1
-1
-1
635689527
533745742
-1
-1
-1
491551284
495838008
510687769
-1
-1
562346645
824449070
-1
-1
-1
575163832
-1
-1
-1
870735948
689603093
504837490
-1
751984120
713039686
912020901
-1
606239034
578410322
-1
742572447
623276545
-1
-1
562346645
675680881
-1
-1
685258695
609672288
432613689
-1
754483950
604968378
616329473
564397136
-1
497143394
560718435
567068875
637543557
-1
614032019
548881785
516630528
770983058
569253133
612290113
674405890
609707542
497928089
605940350
611807302
683931719
621486766
-1
750420367
-1
572171097
541234197
689785550
-1
-1
735308163
459388740
555648309
666229504
572047569
637561843
486249192
-1
608656097
772997896
516630528
633536209
601474480
764248212
-1
696947352
652725311
620549015
-1
476147607
612809810
-1
-1
802224053
628329962
-1
887588975
-1
534672028
753404507
488942510
502819747
710273663
529966925
833542226
-1
-1
-1
497143394
645203204
-1
578669125
-1
-1
543816378
601941248
497813042
497813042
497928089
722622276
479699867
595316519
832678687
469557632
497813042
683516691
854561621
-1
555648309
680939317
533396802
-1
530604531
621486766
-1
-1
-1
602313601
-1
509877295
-1
612290113
-1
777109622
-1
442568567
615290051
-1
-1
-1
-1
594178736
-1
-1
-1
-1
-1
-1
609707542
-1
865952991
-1
505727059
-1
523808406
654430756
617028731
488942510
694451073
-1
682127410
-1
693440874
720240202
936900851
673453380
647118927
-1
557953007
595085972
760497552
-1
505727059
-1
554139660
-1
521860388
-1
587320425
794454080
579966762
-1
568438231
-1
497813042
592551260
497143394
497928089
768598869
-1
578497558
-1
-1
505727059
-1
-1
-1
572648987
-1
557680360
793357602
-1
554844672
736845609
-1
501417477
571594314
544909687
514458573
687916333
696947352
-1
603676351
515807686
-1
619995370
508695812
541591602
-1
566020309
503157469
608091556
-1
-1
-1
521860388
746093754
-1
-1
-1
-1
-1
558722909
527161997
-1
-1
522706779
652819380
-1
534672028
557397049
-1
-1
587890357
732792066
556189562
-1
-1
570738354
569640128
-1
554316199
574289901
741926428
-1
-1
672821109
-1
622012126
613854560
514239708
506852833
-1
592260175
585008467
-1
600853323
-1
501634460
751232378
-1
-1
644871735
619562120
552512753
497928089
562346645
781409156
-1
583214767
693440874
647129679
599620939
636678908
-1
639266139
799675297
612279707
-1
-1
-1
592260175
-1
-1
-1
669045740
635522824
636829517
595085972
418568010
-1
-1
-1
866489763
-1
545997224
-1
980965514
704050139
-1
658229792
-1
415421770
736534408
741531650
569773407
700700562
-1
770983058
738657022
-1
514239708
514239708
548096015
-1
-1
777144534
541785959
-1
497928089
-1
523808406
561434239
-1
473452854
-1
689640360
712553466
-1
-1
616731648
598472912
-1
-1
-1
704630144
-1
-1
619995370
-1
-1
476875573
-1
-1
-1
640211270
515011099
-1
-1
-1
-1
515807686
680857503
-1
-1
-1
612809810
-1
536033513
505727059
643109268
611838191
-1
633494480
547248419
638733684
563486545
-1
590989879
572021546
792574813
655737740
697521299
-1
813505647
-1
-1
500533537
657262045
-1
714104165
774654802
610719646
533396802
-1
533745742
703429075
-1
497928089
-1
569640128
646391420
-1
724983252
637411485
510687769
-1
547248419
546717132
626639781
507564621
500533537
733231999
537882813
683653451
615290051
-1
570388330
-1
699555249
-1
-1
-1
597942868
-1
497928089
-1
-1
537230098
552512753
538452336
-1
585008467
809374159
-1
899730979
643109268
-1
843480065
746182320
740197533
624520071
-1
-1
527279580
-1
645088353
-1
-1
535675834
817291984
561935953
662962474
660039740
-1
828074515
-1
-1
572306160
-1
517853706
712435576
624520071
-1
801940373
-1
-1
623213962
524216591
-1
-1
-1
497928089
752652937
667431437
-1
497817229
497928089
-1
-1
-1
510687769
-1
547248419
670440618
643109268
732792066
761082012
-1
-1
634483394
904515284
-1
-1
569640128
-1
491425807
633536209
536188351
706807801
800475864
546717132
599192174
-1
576493066
585008467
505727059
-1
-1
-1
570388330
603374939
-1
515726374
812997897
557680360
612303822
-1
-1
-1
875182903
661941149
-1
505727059
571141235
514239708
497813042
-1
514239708
451573911
595715924
534841162
497813042
488942510
482241413
-1
-1
578607664
-1
-1
578195897
-1
570985139
497928089
686566920
570021426
593416748
524216591
517386629
644940444
503525741
640982785
-1
804833922
649492955
568310327
465064341
-1
-1
680223336
637799176
-1
-1
-1
667706008
613472190
541591602
550714460
629517529
520900685
822856022
501417477
845578051
640862955
-1
-1
618765380
606239034
-1
496343197
497928089
595085972
541591602
-1
-1
686771337
595309078
920367181
677924489
-1
572306160
-1
697688504
647316680
-1
-1
520900685
580899305
520900685
620473290
521896647
708724650
-1
-1
-1
632697421
-1
840945505
570388330
537418047
570388330
-1
-1
568438231
-1
-1
606531522
515807686
517222077
505437826
629493214
636829517
-1
-1
500533537
-1
636238978
485816622
500533537
572306160
609707542
627417465
652819380
-1
-1
609707542
520900685
-1
897688470
596657676
-1
-1
520900685
774730505
881847136
504209799
-1
-1
759587070
-1
957486762
-1
520900685
722017512
700328840
-1
702904553
-1
557397049
609707542
510687769
541412324
570738354
625213347
719952800
510687769
712851724
716449635
-1
735189123
742757698
497813042
-1
569928517
955473445
-1
537519056
-1
497813042
689837637
-1
725861960
649492955
-1
609369384
-1
-1
797343706
-1
579725748
490481725
-1
492740557
733231999
-1
742572447
498550306
807742733
-1
510687769
629517529
504837490
-1
-1
-1
665391942
520900685
594240030
-1
612279707
497813042
611418048
-1
751232378
659491590
-1
660039740
755512667
482241413
706648759
-1
531983348
557616968
638922361
646460206
673869678
658776323
-1
-1
-1
-1
-1
686566920
872333024
712553466
520590813
-1
-1
532786839
482709471
562292989
676902640
-1
488948590
557397049
-1
-1
456570521
567376520
625518670
520199690
-1
541845662
524216591
587730632
509877295
705438682
-1
561434239
-1
774565811
520900685
550714460
-1
644006655
-1
650237707
817337130
525966596
-1
520900685
-1
-1
-1
665450078
-1
694451073
-1
-1
-1
740197533
-1
561434239
578195897
608700889
-1
730530542
-1
-1
-1
879868331
574809610
626577897
674397655
662101540
803047476
794007352
469144593
437060600
510687769
769526614
-1
-1
-1
-1
-1
-1
817730645
843301424
-1
-1
683253403
506138015
843480065
609707542
547649943
-1
801999324
611350798
666157143
-1
-1
611856632
-1
613472190
704685112
733281946
554782652
591891664
786489259
728221294
569640128
-1
608700889
520900685
710958006
646523034
577495518
498550306
-1
-1
614457163
-1
651593427
833175364
-1
573582039
423629378
506175751
-1
570388330
741381082
512026554
497813042
879868331
800535075
633536209
-1
-1
704050139
-1
-1
691995640
-1
-1
661475542
604580028
575548945
496597460
-1
718948197
647091387
-1
666157143
923732556
537281756
735356523
561434239
-1
-1
547248419
532004505
0
855516668
603560469
-1
-1
639311993
-1
609479219
-1
520900685
-1
557616968
-1
541591602
515807686
595715924
-1
550714460
515807686
753214695
557397049
541591602
-1
770272741
462869146
630758800
550070919
-1
-1
-1
610140542
525966596
561434239
527123964
496343197
617497878
498550306
-1
-1
764407401
663280627
791855599
469557632
-1
547818671
556357250
-1
497928089
-1
545969173
-1
-1
549081958
675493927
-1
-1
-1
-1
541845662
-1
-1
741643767
-1
-1
537597265
807304231
687228378
615975990
641831230
-1
519005026
-1
486128235
-1
-1
-1
682968891
572171097
-1
646460206
773342431
528434457
-1
-1
520900685
527948771
512132717
497813042
-1
643549933
-1
520900685
-1
498550306
-1
-1
560262971
-1
604321813
520900685
570388330
865088253
520900685
-1
562080508
547248419
562080508
714590333
581286117
861070818
-1
488942510
860829439
-1
753134467
667493397
475879956
403929992
591122567
-1
784144565
-1
-1
-1
-1
605329055
-1
610140542
-1
497928089
589297492
-1
-1
523808406
-1
600845798
515807686
504461032
-1
513025552
879868331
-1
452766341
-1
-1
777941399
-1
-1
705556757
574809610
662098160
667949308
-1
-1
581286117
498550306
482047078
-1
524978871
497813042
498550306
541785959
634974392
595316519
-1
644198184
-1
723257116
-1
523473213
680939317
614516601
-1
-1
-1
-1
-1
-1
-1
-1
-1
573582039
600845798
504837490
666157143
550714460
-1
-1
541531178
-1
-1
-1
679198617
543470159
676970442
525966596
-1
-1
817730645
-1
692559369
560183582
515118995
-1
-1
719920308
544323806
689655395
-1
-1
-1
646693069
897252682
580017524
585008467
625213347
-1
-1
-1
482241413
520900685
-1
-1
579725748
640324921
616665220
577245127
524216591
654682838
801420148
-1
-1
606239034
644063260
590989879
488942510
922266305
513078953
550699422
784050083
-1
598472912
569632274
574047650
662713425
-1
-1
631714302
547248419
575163832
683253403
603374939
557616968
513078953
-1
-1
594240030
-1
652819380
-1
524216591
674359621
977026337
623298502
-1
599192174
652819380
719371358
-1
576998910
642462488
901156268
-1
-1
580899305
538403337
800535075
512244007
600069517
653803543
527948771
-1
583478693
510687769
498550306
524216591
845700521
-1
593176404
-1
-1
469144593
555648309
-1
535565392
717022581
433992680
-1
-1
-1
476147607
591094220
534241377
677909693
505649912
592096243
611350798
585008467
-1
584500901
-1
515807686
-1
460250211
513078953
-1
541508036
705416082
683253403
503525741
-1
-1
609707542
738205363
462577339
815659359
643289044
614032019
512561473
-1
676858142
686566920
667949308
-1
543108913
728182919
563380763
549028861
-1
-1
722068246
494662842
520900685
-1
520900685
538875786
-1
-1
688658920
-1
764248455
497143394
494247138
474405813
537519056
-1
-1
513078953
507159301
698512249
494244954
646278795
632271432
576998910
665034299
575786640
540205798
586277384
-1
-1
450875056
614032019
-1
535065422
-1
533745742
558789896
583230211
-1
497928089
-1
-1
-1
556357250
580899305
600845798
-1
603374939
502572481
-1
-1
610140542
556973360
-1
653056497
-1
-1
-1
667357839
663601147
597300379
660155499
836066524
702532282
-1
-1
636678908
-1
465721615
674315557
749110322
-1
-1
-1
535065422
667357839
-1
705284240
737266301
874071298
534241377
780569998
-1
625224094
-1
546999586
666614130
578195897
682343845
-1
-1
724646425
-1
660233838
607405468
655737740
653691904
-1
674397655
649615672
642654334
-1
524216591
720546617
573642350
474608342
704532197
-1
640324921
-1
651584768
498927648
529233805
-1
-1
626141326
746122154
548440898
-1
835060729
535065422
585891745
558722909
509877295
-1
506852833
629493214
547248419
-1
-1
480540267
497928089
930858490
-1
543505669
600069517
535065422
-1
563657403
-1
557397049
525589412
784984820
-1
-1
452106728
-1
759816445
-1
686566920
-1
-1
535065422
826848216
-1
-1
-1
524216591
509877295
547248419
-1
-1
-1
-1
-1
548096015
531225536
-1
593176404
505012661
519309143
543505669
665450078
565039576
659031089
515807686
-1
-1
575910968
531225536
-1
595085972
493277419
868488890
613155406
-1
660962429
531983348
-1
535065422
-1
530027486
524216591
622508799
-1
626763826
739413861
930577001
-1
-1
576737340
603946992
733174783
-1
598472912
557616968
-1
-1
741381082
-1
-1
510687769
567814754
672306528
705584371
-1
602567853
615929588
-1
592015287
700435236
830361897
562496407
677589376
-1
532786839
552788116
-1
-1
-1
-1
653679516
659134904
656861844
868188284
856332593
-1
872823546
454509209
784337830
795560600
573494104
667164868
716002300
-1
546206791
-1
682467896
692640164
-1
563065465
550147658
682658946
-1
608192023
533396802
730530542
569640128
-1
-1
-1
-1
549357862
-1
724646425
-1
550147658
579725748
-1
561434239
-1
564272962
-1
601761923
866730199
550714460
-1
-1
505437826
-1
659191338
855516668
752111520
-1
-1
-1
-1
662024558
571594314
615712839
520941512
-1
-1
-1
-1
480967121
533396802
600912268
-1
524216591
-1
621369262
696789189
496460681
625213347
524978871
729534956
612809810
557680360
784337830
579725748
-1
601044363
600845798
923732556
631714302
-1
550147658
536894475
917330966
-1
-1
567814754
648575152
-1
503525741
553856826
451573911
-1
750014960
558722909
-1
546206791
-1
-1
-1
639515036
550147658
-1
600912268
757211713
429958069
-1
698512249
546206791
-1
682127410
-1
-1
-1
525966596
-1
-1
855516668
626141326
712582492
515807686
510687769
535065422
-1
-1
630758800
-1
-1
687916333
-1
600845798
555954013
-1
825761674
615290051
826293874
-1
841148433
-1
-1
-1
722809175
638004988
541591602
-1
802164354
-1
-1
535065422
-1
535065422
567814754
555514791
522706779
520900685
-1
-1
-1
-1
561434239
-1
507669809
553856826
651593427
833175364
-1
783726442
741643767
595956962
-1
546206791
615929588
-1
504737299
538875786
828559121
603374939
-1
-1
-1
644063260
566783354
-1
-1
531225536
-1
790922641
552096550
-1
-1
770272741
630758800
835257585
532573804
600218050
-1
-1
520900685
504737299
538874758
753517125
-1
-1
531225536
555954013
-1
-1
546273007
520900685
623213962
-1
765429342
520900685
-1
771610139
-1
548096015
-1
541889989
635522824
-1
478936638
649317351
-1
555648309
556357250
581521501
-1
-1
-1
-1
-1
787502563
639769846
510687769
-1
617497878
530011159
-1
-1
560117354
728491346
560850569
729974994
-1
-1
497928089
-1
523808406
-1
603643415
983251180
741643767
532573804
553856826
565749953
796728872
532708254
698197895
510687769
758856033
782321095
670491800
636238978
567737065
-1
531225536
547818671
535065422
660155499
777144534
-1
550936081
526066110
-1
-1
713283568
488451288
848395547
-1
-1
545375311
528814406
-1
652819380
610402590
-1
-1
-1
-1
612118450
575617685
580731558
547649943
-1
-1
-1
509575044
510687769
-1
-1
686566920
-1
-1
-1
710958006
557680360
885635053
-1
524216591
592015287
518514562
-1
660155499
509262141
-1
532573804
-1
686566920
532573804
572021546
-1
-1
-1
569640128
504461032
591094220
658419934
677186348
646693069
-1
524978871
557680360
737266301
-1
746120153
509967906
702747000
737266301
-1
-1
-1
528621452
577596719
609707542
742572447
546206791
502572481
726787860
561844253
517386629
567814754
-1
767328572
-1
548881785
-1
767502442
-1
-1
-1
830669665
657262045
699555249
559707237
555648309
-1
670703397
-1
565749953
635277361
691529347
535065422
-1
462584881
532573804
594860253
-1
484431502
524216591
678804832
-1
680763487
-1
553856826
-1
509575044
-1
-1
-1
-1
497813042
633536209
546206791
-1
546206791
-1
-1
609707542
555648309
587378469
579759039
-1
550375602
541845662
596253552
800047897
611195449
-1
595085972
-1
630758800
673869678
488942510
524216591
-1
510687769
-1
686566920
571841057
560354746
546206791
560037290
506977658
879868331
-1
659031089
529967580
601961235
-1
-1
514458573
666160995
520199690
581286117
608192023
-1
-1
674405890
-1
751690730
703429075
-1
-1
595085972
572718014
546717132
-1
-1
660155499
541508036
509575044
622749881
532573804
603374939
788937134
700328840
767502442
553856826
-1
541591602
-1
-1
581521501
751690730
555648309
632737636
550714460
660554961
-1
606239034
-1
478112315
-1
529967580
-1
664628051
-1
524216591
535065422
514458573
536033513
-1
597720330
531983348
571594314
494868866
-1
753316541
541508036
615223102
-1
-1
767288849
635291998
702747000
604202759
-1
736131472
530604531
509575044
-1
-1
-1
-1
-1
532573804
-1
756867564
549585907
-1
636829517
535065422
753517125
620473290
520233994
557680360
-1
-1
-1
-1
671505804
572021546
680939317
741946367
534574639
698197895
609332302
598472912
529967580
-1
722068246
515807686
494662842
776936585
-1
-1
927119992
510687769
594231868
-1
679288351
-1
-1
541493089
659791036
524216591
535065422
-1
553369733
707710246
-1
-1
-1
688948809
-1
559779852
597720330
538875786
524216591
509575044
-1
539073320
-1
724547044
558508602
507972827
575009129
-1
-1
551785880
595316519
770272741
-1
700328840
-1
875842084
652819380
735654425
506227791
509575044
722937887
-1
-1
529967580
-1
-1
598651844
743364263
584618260
524216591
-1
574047650
797343706
507972827
-1
655753038
762223271
532573804
-1
721360347
-1
-1
-1
555838504
709667811
524216591
604580028
615727903
621567122
732811456
715719727
-1
676652047
696879996
-1
642426695
581286117
814619080
535065422
619524675
-1
505437826
-1
577572824
728491346
-1
531225536
532573804
531225536
497813042
578497558
735487176
-1
626141326
621390920
591094220
-1
694052972
547818671
603314807
580870573
460250211
-1
848280513
524978871
524216591
545969173
595316519
529348718
-1
498550306
781461279
658419934
772212461
-1
751599760
-1
724768057
571841057
-1
-1
927119992
546206791
643109268
632737636
649844454
621567122
847741633
572678381
632737636
-1
-1
-1
933170498
497813042
725792623
794007352
-1
-1
541776325
577596719
543591857
634080082
-1
-1
-1
-1
-1
563907182
569640128
-1
538875786
788937134
509812444
623433331
652062221
785416620
-1
-1
-1
-1
773342431
677909693
514458573
524216591
541442270
609672288
-1
660554961
-1
758900787
-1
532573804
-1
-1
719952800
-1
-1
-1
597720330
762223271
-1
-1
531225536
546206791
-1
701697298
563657403
-1
619562120
722413051
605467932
781294717
608192023
592511450
-1
606239034
-1
-1
439876455
-1
-1
713942849
529967580
-1
674405890
-1
614032019
779397757
569928517
545969173
-1
541845662
615929588
488942510
655699180
882795934
-1
-1
498550306
524216591
-1
600987666
595316519
-1
-1
-1
-1
571594314
-1
-1
-1
541776325
-1
531221133
-1
599721370
-1
674359621
546206791
626577897
514458573
771281916
562346645
-1
551785880
523808406
-1
619562120
694942752
-1
977026337
524216591
646065795
646065795
923732556
-1
-1
-1
740496816
524216591
521586722
557680360
549081958
-1
599602239
-1
-1
553856826
-1
-1
646065795
-1
584500901
781409156
575910968
533337992
901555017
-1
632737636
-1
-1
527233684
-1
884745893
764928191
625213347
545533082
614051393
740847195
743784383
-1
647129679
-1
-1
587632200
664145695
633011222
514239708
611350798
-1
605467932
597720330
490481725
624714533
-1
-1
473865329
560117354
538452336
700400030
635277361
-1
575163832
533337992
514458573
-1
-1
674405890
-1
652194599
569640128
567814754
536297675
-1
460286435
669235875
642462488
707710246
652194599
589843959
-1
-1
595085972
-1
656123919
643817552
640239769
529967580
655728146
599721370
699555249
733174783
-1
488451288
658347088
-1
807066979
-1
497813042
-1
597960015
-1
583609388
561640760
720237144
496264717
358873292
557397049
545533082
712352455
674537714
538452336
581286117
553856826
-1
649211467
561693331
626316186
786684814
-1
-1
-1
900385487
830192211
685447144
-1
-1
713974063
777871065
673453380
775368281
-1
596556474
555648309
-1
744440539
620503011
625010138
797343706
514239708
536297675
-1
-1
473865329
774854524
-1
525966596
644990124
528621452
602265537
665034299
-1
617172784
541776325
933529485
-1
901327729
-1
691917291
-1
-1
-1
603560469
-1
651593427
-1
-1
575617685
759240765
-1
555648309
782367932
556357250
713974063
-1
528462971
703953698
927119992
-1
689229519
674405890
-1
-1
800256270
500533537
-1
661197666
510687769
-1
784050083
572678381
488562653
-1
589843959
662297791
561434239
-1
-1
523473213
685331298
625553825
-1
-1
495238489
674397655
579725748
529967580
513495760
596470717
711478065
-1
532668811
740531328
-1
895144730
-1
666769096
514239708
-1
541776325
578851022
-1
-1
778195268
510687769
529967580
747459927
549539454
509575044
599288036
-1
-1
-1
-1
577596719
615223102
747459927
839896982
660328056
500533537
-1
725792623
516630528
780669443
-1
-1
-1
-1
509262141
585650827
-1
883781295
-1
-1
-1
536297675
-1
503701491
832158386
559707237
799444520
732811456
751690730
872970447
-1
735308163
702747000
592511450
589752207
630796852
538156377
-1
557397049
-1
686478542
-1
-1
-1
-1
837067162
757211713
560236555
619577212
-1
-1
733189001
637525338
694052972
564917562
-1
515807686
524978871
-1
553856826
646523034
-1
-1
-1
501417477
563907182
-1
542952160
536066408
-1
-1
733117459
621390920
-1
636167746
822856022
-1
824509384
-1
-1
-1
660155499
-1
-1
-1
635291998
556650604
800047897
611856632
735308163
483996600
603560469
-1
603643415
664961007
762941722
589843959
-1
-1
-1
533337992
635277361
-1
-1
-1
643549933
604202759
629493214
-1
-1
-1
834888605
570744750
575163832
569548002
731219042
-1
-1
691717370
509848612
672281868
524216591
549256517
-1
524216591
534241377
606563352
-1
595085972
510687769
538156377
-1
623262119
-1
735308163
-1
509575044
793996727
630298964
498550306
569928517
349603079
631714302
-1
-1
609672288
723864411
784984820
632737636
-1
541442270
712352455
572860842
-1
619730886
491425807
757211713
846988359
625213347
504559294
-1
764029875
658419934
-1
512176876
-1
669369223
718358615
589752207
523808406
556662955
-1
718478014
-1
-1
803819060
-1
536297675
441356283
661213749
-1
691849474
-1
802224053
719572437
-1
-1
-1
-1
577768669
556563157
726490406
-1
538156377
515056070
820851097
-1
-1
556357250
-1
697488088
567498636
526589015
607405468
632737636
581829905
-1
652788523
692411181
-1
-1
-1
625289761
784050083
-1
642749068
681609224
498550306
-1
584500901
531225536
536894475
-1
-1
-1
-1
-1
-1
-1
-1
-1
642462488
755759844
702747000
-1
524216591
549256517
538452336
524216591
590636303
600845798
-1
713156965
609672288
617056306
666376644
575910968
531225536
-1
752111520
688658920
541645203
563907182
-1
569640128
608802269
-1
565309261
-1
560894960
514239708
602905718
472278855
531983348
614032019
-1
-1
-1
-1
664628051
-1
-1
658273463
609369384
-1
745928216
-1
-1
-1
612118450
658347088
529967580
-1
718587446
-1
790669318
-1
868188284
595140390
527123964
509575044
384254275
753517125
600070321
-1
-1
600845798
571615110
-1
545583078
-1
802224053
-1
-1
532573804
497143394
-1
555648309
-1
-1
536297675
729534956
-1
551368792
-1
-1
-1
769355770
-1
-1
523808406
711929189
787502563
-1
565749953
558333634
532573804
585650827
-1
-1
-1
-1
537281756
523808406
497143394
-1
-1
-1
616587352
713917972
-1
669235875
685376079
673699749
545375311
634080082
715888827
577596719
603374939
-1
751690730
797169204
601694536
926592713
666376644
895294611
-1
-1
-1
-1
-1
790226309
654025069
588831114
507669809
-1
528667841
-1
684167095
-1
-1
615929588
-1
-1
-1
632737636
-1
740531328
608127521
603266517
-1
-1
576775701
658347088
683190271
574249071
-1
560769991
-1
561080655
-1
-1
523808406
724646425
-1
563662098
772457222
553856826
588141451
601474480
707701437
529967580
486931767
-1
731003164
721257163
-1
697568583
-1
-1
-1
-1
636829517
576861137
-1
565749953
-1
499581527
740171032
-1
509575044
649699123
507972827
-1
497143394
-1
495238489
557680360
751690730
-1
578195897
738205363
615646387
643994450
-1
-1
546206791
-1
538875786
-1
-1
583214767
646626310
-1
773135460
-1
555514791
683245911
-1
608192023
897937362
617497878
759240765
818665795
527460364
657569084
462775837
-1
-1
-1
664465238
-1
688158975
-1
800535075
-1
-1
556965150
968700689
952316828
493063350
529967580
667949308
567784624
-1
575779818
-1
603374939
686099475
-1
462775837
635277361
674699021
-1
-1
-1
-1
-1
748076343
559707237
610738607
-1
-1
-1
617056306
-1
708197560
-1
583214767
725792623
494552230
-1
595085972
-1
672281868
573497318
571615110
571461297
515417652
565846153
630385103
-1
-1
-1
547248419
730780759
523808406
546206791
720202022
887481620
-1
-1
-1
558149954
643817552
638999920
579402859
770754116
-1
-1
-1
713283568
636816230
483996600
729534956
565749953
-1
853927285
515100224
-1
526368366
766582419
672306528
-1
-1
460250211
-1
847008567
739838447
442568567
609672288
615836688
-1
-1
498550306
663695068
-1
-1
607308201
610402590
-1
-1
615929588
-1
529967580
739503921
557953007
524978871
706099770
-1
-1
614032019
497813042
-1
749378735
529148788
583214767
602567853
-1
615223102
536297675
709476266
-1
-1
557397049
559540321
642462488
-1
626577897
740847195
-1
510687769
-1
-1
-1
-1
-1
-1
-1
533902847
674405890
561434239
-1
872823546
510687769
796772891
-1
565749953
636213134
658347088
509877295
-1
-1
713942849
-1
658273463
615712839
561553896
611856632
-1
637481385
546206791
-1
-1
705584371
583214767
-1
-1
572999198
565749953
565749953
582361040
613155406
526652400
451736585
-1
640982785
624903816
560850569
774784782
742961287
755905255
603560469
571615110
-1
-1
714104165
536297675
610719646
759398692
663031851
-1
-1
516284745
647091387
703014431
-1
512870283
740531328
488451288
-1
611856632
-1
550410127
557680360
654025069
544670722
597720330
643549933
751690730
-1
512870283
557187854
551368792
555648309
560935039
564917562
442084564
-1
-1
526589015
691905494
557385774
642462488
563945766
523808406
688658920
587632200
-1
732202593
602613118
538943567
662098160
-1
680857503
792425261
643744366
517619230
662125167
930858490
640205737
651313843
789672162
-1
588831114
479840844
925443392
508607323
560935039
-1
584211298
587632200
536083825
631032915
526652400
600070321
828128180
596657676
642462488
610719646
586574372
540541399
869031349
-1
546206791
675647468
555964711
523808406
-1
-1
629337655
-1
-1
794195277
-1
554534017
701018353
693434991
555964711
799675297
-1
-1
-1
638445635
578497558
519005026
565309261
-1
661879462
523808406
510687769
930438417
-1
-1
-1
-1
578851022
-1
658273463
-1
498550306
837440417
-1
751690730
523808406
-1
571020218
614497319
-1
689695738
-1
496343197
593003814
672614552
540541399
936900851
843480065
-1
546717132
-1
523808406
538875786
630758800
739503921
-1
-1
839242687
510687769
527040705
-1
529967580
-1
722622276
-1
-1
774854524
484584758
638004988
-1
519309143
714930651
907654554
-1
-1
615290051
-1
607405468
-1
-1
-1
-1
562013600
619440700
772836518
-1
717682550
528621452
650926249
603374939
-1
595579577
749416560
-1
-1
-1
518514562
740394667
607275022
630385103
509542256
659134904
583605929
584211298
762764074
523477512
663352291
-1
494662842
571615110
494662842
-1
636167746
861070818
571953078
555648309
-1
692411181
722413051
686702138
-1
686566920
-1
520941512
-1
593660027
562199266
-1
745462040
-1
-1
-1
-1
584211298
-1
530964689
523808406
617497878
514239708
759240765
-1
816031196
675977613
-1
643255520
-1
-1
555648309
881847136
-1
535161741
506394162
-1
-1
-1
-1
527123964
-1
-1
-1
549081958
636447501
-1
882142746
-1
518857035
-1
523808406
510687769
-1
713942849
530964689
658273463
-1
-1
-1
344343518
-1
565678598
821812529
-1
763768843
512870283
591982551
657264351
572380437
507510624
-1
765484015
577768669
662125167
856607058
529967580
536033513
513475369
-1
555648309
537519056
800535075
689153723
571927088
626141326
510687769
-1
-1
-1
560718435
-1
-1
923732556
-1
675434987
601107782
-1
596657676
-1
-1
530027486
-1
802489824
-1
656546411
560718435
584211298
634203530
751984120
764407401
720559346
778292275
659460891
-1
685335050
432613689
-1
-1
604837006
561844253
-1
759331925
-1
584211298
-1
925443392
590998395
702045665
514239708
-1
546689197
793952143
-1
-1
766582419
-1
780669443
805852526
567229378
-1
-1
529233805
610719646
529233805
488451288
565678598
-1
706648759
-1
941212926
710796934
753517125
476147607
683190271
-1
472278855
643255520
496752511
-1
-1
578497558
-1
572306160
738657022
675351752
746625346
-1
-1
-1
-1
522413032
-1
529967580
662804160
555648309
-1
-1
573351450
848395547
813592193
603832884
-1
644198184
596510655
-1
-1
529233805
753398062
586142153
-1
560240769
-1
496310029
907432995
-1
720237144
-1
572522490
503147199
-1
595257230
684702732
632271432
441857757
-1
715863883
472278855
869203763
619206573
599998445
503147199
567814754
836700403
614032019
638004988
567814754
572306160
726722147
572522490
-1
651600472
583879106
-1
-1
629461102
605467932
603374939
546629789
660155499
557397049
-1
764248212
666523793
498550306
672281868
-1
771281916
-1
-1
656076679
746625346
882867534
555648309
572306160
-1
625224094
497813042
595314978
710339742
-1
603374939
517082822
-1
-1
-1
713039686
573440417
597459208
666614130
603374939
560718435
-1
-1
-1
503147199
511037639
806286476
-1
625518670
-1
-1
-1
582097908
523808406
636871923
-1
708193626
-1
581286117
557680360
503157469
-1
832158386
570641133
615929588
649615672
636238978
-1
602625418
529233805
-1
690243521
-1
555964711
576775701
837067162
622980922
751984120
-1
504559294
830515569
-1
772778975
683931719
552096550
497817229
638243808
724387502
577596719
-1
661569110
532668811
557385774
-1
626577897
557680360
427931907
753961479
503147199
-1
637411485
503147199
719371358
500533537
524216591
604202759
-1
-1
808880921
615223102
640862955
524216591
603374939
-1
494662842
658347088
-1
-1
651333838
676217449
-1
-1
567784624
452106728
-1
-1
582097908
-1
557680360
791939981
560718435
572380437
-1
694170464
-1
562013600
882657616
-1
-1
627909049
572380437
-1
903878125
-1
555648309
629341860
-1
-1
-1
-1
614497319
488942510
625213347
-1
-1
713974063
-1
-1
557680360
-1
503147199
617870860
-1
579402859
-1
-1
529967580
544443945
-1
488451288
754483969
748160019
598472511
529233805
-1
665391942
810046802
643817552
-1
-1
770983058
842389545
603374939
590998395
-1
-1
457776493
545375311
713942849
-1
-1
-1
702541603
582097908
-1
-1
686566920
515807686
810120720
-1
-1
-1
874397699
529172734
-1
565678598
-1
731550286
-1
751984120
872823546
-1
-1
872935746
580891839
663352291
622086127
-1
-1
564330755
-1
611376267
-1
-1
529233805
-1
855516668
-1
702206894
558838790
579402859
572306160
503147199
529233805
-1
-1
529233805
569928517
-1
770070005
-1
-1
-1
-1
-1
-1
735308163
529233805
-1
557385774
-1
-1
-1
818701498
560550329
658273463
661743075
821099108
-1
848280513
-1
-1
802713109
-1
-1
515807686
497143394
555964711
595314978
600888880
-1
629253345
738569718
-1
541845662
-1
536033513
511993201
593791619
-1
605467932
587542361
720240202
-1
-1
608507930
560718435
692640164
560718435
-1
551256525
-1
729534956
-1
674537714
910840008
-1
500533537
623298502
625944518
604240022
580059411
689512663
-1
760101794
572380437
-1
706807801
-1
494662842
872823546
-1
541069016
-1
537817378
662098160
-1
499581527
-1
-1
615356968
-1
-1
-1
546206791
614497319
-1
-1
-1
546206791
-1
-1
-1
735704371
554745358
-1
-1
719371358
817779641
718358615
-1
720240202
-1
-1
-1
541845662
-1
630878318
-1
676372059
-1
553856826
-1
884180296
502160618
451039306
-1
632271432
719355235
517386629
553369733
532267513
700400030
545583078
573526133
583214767
737531162
507972827
615836688
604968378
-1
-1
810120720
544670722
-1
-1
643636591
-1
636447501
660155499
517386629
-1
758504917
-1
713871143
-1
798204019
-1
-1
787524364
-1
-1
577768669
-1
513572601
-1
-1
-1
550699422
-1
-1
529233805
637047587
651584768
631540186
557397049
-1
472278855
693814193
614032019
-1
612757085
585650827
-1
666376644
-1
-1
-1
614841637
503147199
-1
560718435
573351450
-1
427378308
629267883
705506359
514239708
573526133
-1
573351450
-1
746861314
720546617
-1
-1
879450397
610719646
674405890
-1
666376644
629253345
638275093
520900685
640982785
494163395
-1
802580874
707474467
632737636
666229504
512870283
-1
597020487
-1
529233805
-1
-1
554745358
-1
503147199
564917562
754223831
-1
-1
-1
-1
661941149
532267513
-1
602567853
-1
565678598
-1
-1
-1
614519927
662824696
-1
661888153
-1
-1
529233805
507669809
512870283
-1
543244815
615290051
560935039
-1
535631250
494244954
-1
507972827
610719646
692640164
524216591
727883859
-1
494662842
826341586
554745358
-1
541845662
-1
799821070
759398692
603643415
594187225
591548550
856738802
604968378
-1
-1
800047897
-1
-1
603344915
-1
-1
-1
-1
273615322
488399814
690783282
617932347
-1
580395733
565309261
928509014
-1
554656326
589843959
700400030
-1
535631250
-1
-1
-1
460250211
884745893
559225225
546206791
-1
491425807
529233805
770983058
572380437
723778145
529233805
695689155
-1
535631250
-1
583230211
-1
-1
-1
-1
-1
583073493
-1
-1
-1
628667551
597720330
529233805
729671645
-1
-1
-1
576441906
-1
571275447
554745358
589172445
-1
740772275
-1
-1
-1
-1
-1
497143394
485747872
601107782
-1
-1
517776337
-1
-1
-1
-1
712558818
843480065
557397049
-1
478972521
-1
-1
727883859
-1
-1
-1
686771337
-1
780842999
743407164
538487340
672281868
850566792
615929588
-1
550642339
-1
625213347
-1
485563128
856607058
494662842
830145179
-1
737059520
-1
686566920
712558818
526819830
507669809
-1
-1
-1
826445475
512870283
-1
711131621
540350046
-1
-1
653679516
680223336
510503622
-1
-1
629057258
711929189
-1
751690730
-1
-1
529148788
-1
713954632
596190095
709169602
887588975
850467399
-1
605797286
-1
-1
-1
-1
770109895
652788523
510687769
488375360
-1
-1
672281868
572522490
-1
786684814
598536366
541411344
-1
529148788
752111520
576863018
704393230
494662842
-1
-1
-1
603374939
-1
-1
686478542
532267513
856607058
-1
-1
-1
575163832
567784624
621520644
520900685
735058829
-1
527278402
470324700
-1
-1
529148788
613854560
-1
824509384
615929588
602265537
690243521
-1
595579577
503147199
509262141
738205363
-1
535631250
860458605
672306528
636238978
-1
-1
537319276
625518670
562438797
-1
792425261
-1
525301815
529148788
-1
529148788
-1
525301815
-1
-1
562438797
600746408
-1
535154537
-1
630153754
697867704
790246812
-1
-1
626577897
-1
720395493
-1
732074378
881960885
-1
-1
-1
565309261
571752778
-1
528434457
732202593
663352115
539552395
863565725
820205907
-1
543141282
529148788
-1
-1
664367412
-1
-1
583769826
681844136
629743220
638275093
-1
-1
-1
505437826
745440692
802037966
-1
629355819
828422957
-1
-1
-1
882657616
743364263
-1
-1
614032019
634203530
-1
538875786
821545448
713876987
743123777
709169602
740394667
529148788
529148788
607965721
933529485
572306160
614094464
529148788
613553673
650626836
504091074
-1
-1
-1
667164868
558293187
797343706
554745358
531983348
-1
-1
-1
658273463
604202759
529233805
-1
517386629
599288036
-1
614032019
548499836
-1
-1
-1
708035941
642462488
637411485
561553896
554782652
884745893
658273463
510634357
-1
733174783
629242970
769346457
-1
-1
730083549
686566920
569773407
668262177
-1
737297153
478398652
686771337
-1
855516668
732988524
800535075
571275447
529233805
690526317
490816481
602265537
-1
-1
-1
-1
524216591
603560469
497398578
622086127
-1
-1
569640128
610402590
-1
-1
-1
-1
662125167
666376644
-1
532267513
659031089
687289831
511993201
529233805
758618853
911988220
529233805
546261808
-1
561553896
631182117
-1
635508034
773147799
666401409
-1
580395733
-1
-1
727622412
510161635
510687769
-1
572306160
805893600
608293074
535631250
554745358
509575044
777360482
792442742
705584371
-1
604202759
-1
-1
583214767
759398692
529233805
-1
524216591
578410322
500106594
-1
600070321
-1
777271607
621520644
615646387
-1
-1
865513276
645640795
515417652
-1
792425261
558333634
-1
820644059
545728969
687289831
500328113
797343706
-1
688565576
-1
-1
545533082
-1
-1
474405813
505649912
871887503
-1
-1
359225682
-1
529233805
558115576
689603093
774654802
719306833
-1
-1
524216591
613210158
569548002
761856377
611856632
-1
589843959
797104689
594231868
-1
-1
525301815
560366948
509262141
575610650
-1
599615263
-1
-1
614032019
-1
578410322
510557870
-1
-1
706648759
583769826
571020218
-1
-1
666376644
525301815
-1
529233805
544195520
532573804
546206791
-1
555964711
826848216
677935954
-1
561531865
-1
521860388
829943200
-1
651771297
646523034
-1
573582039
626316186
525301815
-1
-1
556662955
-1
838177748
-1
703953698
-1
659114787
-1
-1
-1
637077520
603832884
549206219
-1
600987666
-1
732978262
535631250
-1
675977613
597492974
573582039
653859125
-1
861070818
510634357
535631250
573582039
-1
544195520
677186348
-1
629412122
-1
531983348
680939317
591276844
-1
-1
-1
730435656
-1
-1
583214767
565678598
739770297
713942849
-1
556650604
541531178
560366948
644046916
-1
591841014
503147199
-1
738205363
-1
-1
560366948
549585907
-1
-1
848395547
752111520
539257612
655728146
557385774
662804160
615929588
673478562
-1
-1
525983642
621390920
921296186
579576062
-1
636829517
802580874
577095088
-1
-1
-1
-1
-1
546717132
702747000
739770297
-1
601107782
-1
792425261
599319565
-1
541845662
874412185
575610650
660350256
-1
764928191
628864560
529233805
-1
-1
604794428
806741687
637751180
780310293
-1
572306160
536297675
-1
-1
554745358
695594551
614832260
574809610
538875786
693814193
526652400
-1
-1
-1
523756631
583214767
547198609
532162852
-1
974016968
552788116
715310528
658273463
-1
694598839
-1
821008256
852884225
-1
476147607
533902847
834300439
572254590
-1
-1
-1
-1
583214767
575617685
535631250
659191338
666229504
544195520
626274965
602905718
672281868
528667841
805555645
-1
491095633
526465393
600059966
699826514
-1
710172786
634203530
536033513
655292460
529233805
717682550
-1
535631250
689930406
541845662
604968378
578195897
-1
-1
712582492
-1
693558321
640982785
-1
650626836
-1
503525741
577095088
-1
529233805
522413032
-1
558115576
606380916
-1
-1
-1
783726442
-1
529233805
860432831
-1
-1
-1
891785069
-1
-1
-1
575610650
524216591
607621009
504737299
722349281
-1
-1
524216591
-1
733616312
-1
-1
557397049
625213347
-1
595956962
608313761
-1
556650604
-1
665450078
-1
495238489
536670241
-1
601388488
575610650
-1
-1
516096864
-1
704426036
505437826
529233805
-1
597492974
729671645
517386629
541845662
-1
-1
746243018
600070321
-1
882522979
602265537
591841014
-1
569548002
-1
-1
609672288
596148664
534938486
-1
-1
569548002
529233805
-1
529233805
625518670
677074919
640440542
-1
-1
562218896
535539702
-1
634203530
512870283
549585907
625224094
546206791
630231831
-1
-1
-1
-1
-1
-1
661197666
520931989
-1
-1
-1
647129679
-1
-1
527123964
-1
514425815
-1
772484956
505437826
743628458
686566920
789440867
-1
777109622
613497339
497143394
599192174
529233805
704050139
-1
-1
-1
-1
583214767
744457085
651430476
599998445
524216591
765860430
-1
637077520
517776337
632364817
-1
-1
-1
541845662
500518090
474405813
623433331
749563516
515726374
662804160
637543557
529233805
677935954
923732556
587730632
-1
-1
538760251
562080508
596307559
-1
-1
511535973
781409156
-1
644101714
543505669
907432995
577095088
606557000
-1
578410322
-1
625213347
497813042
-1
589843959
525966596
589172445
