-1
0
-1
-1
-1
-1
940411275
-1
-1
-1
0
944146667
-1
916274875
-1
-1
-1
-1
-1
-1
0
0
-1
0
-1
-1
0
-1
920208522
-1
0
-1
-1
0
-1
-1
-1
-1
985119613
-1
-1
-1
-1
0
891277614
995925579
-1
-1
-1
-1
900721029
-1
-1
-1
-1
-1
-1
991826117
-1
867866287
976848499
819723681
-1
0
-1
-1
-1
-1
-1
801066755
-1
-1
0
0
-1
-1
-1
0
-1
-1
933450798
-1
-1
852638731
0
-1
0
869114077
-1
0
0
-1
0
-1
0
-1
-1
848130170
0
-1
-1
-1
-1
0
873488397
-1
996379457
-1
-1
-1
-1
-1
0
0
-1
-1
0
-1
-1
-1
-1
-1
989048850
-1
0
-1
-1
-1
-1
-1
-1
0
984916871
957561903
935325076
0
0
-1
-1
-1
-1
-1
916274875
-1
-1
890755459
-1
0
0
-1
0
-1
922545970
-1
-1
-1
925427150
-1
-1
-1
-1
0
-1
-1
0
0
-1
838044730
0
0
-1
-1
927326590
-1
-1
-1
-1
-1
-1
979636965
-1
0
-1
976848499
-1
982781548
-1
976848499
-1
0
-1
0
-1
-1
0
0
-1
-1
-1
0
0
-1
-1
-1
0
-1
0
-1
-1
-1
955767250
935426852
869114077
-1
0
982781548
-1
-1
-1
-1
970370995
961249186
0
-1
0
-1
-1
-1
-1
869114077
0
878607692
668115159
0
957561903
-1
-1
946547876
-1
-1
0
990804154
0
991826117
-1
-1
-1
-1
-1
-1
-1
-1
918301798
-1
997201492
-1
0
981503084
-1
-1
831494044
-1
-1
-1
-1
-1
-1
-1
-1
-1
-1
879369897
0
-1
-1
-1
-1
-1
-1
-1
-1
0
-1
-1
-1
-1
0
-1
916314038
-1
0
-1
-1
-1
-1
940411275
-1
-1
-1
-1
0
-1
-1
-1
-1
-1
924225623
-1
-1
0
-1
-1
926694855
-1
-1
-1
-1
-1
-1
981508983
869114077
0
-1
0
-1
982781548
-1
-1
-1
-1
0
-1
794318359
-1
-1
877808685
-1
-1
-1
-1
0
974819229
0
-1
-1
896847783
-1
-1
-1
-1
-1
-1
-1
-1
-1
-1
968701368
-1
742658623
-1
-1
-1
-1
-1
924225623
0
0
-1
-1
0
-1
892638283
0
-1
-1
-1
-1
-1
-1
-1
883748821
-1
0
-1
-1
-1
-1
-1
0
964525752
940411275
0
-1
-1
-1
955767250
940411275
-1
-1
-1
-1
896090022
819723681
0
0
-1
0
-1
-1
0
0
-1
-1
-1
-1
-1
0
-1
-1
-1
826274632
-1
-1
-1
0
0
-1
-1
-1
0
-1
844979389
-1
0
0
-1
-1
-1
-1
-1
-1
-1
957561903
0
0
-1
-1
-1
-1
-1
-1
-1
-1
-1
-1
-1
0
-1
-1
0
-1
0
0
-1
-1
-1
-1
-1
-1
0
-1
686340950
-1
-1
967964457
0
0
-1
-1
-1
-1
-1
-1
974819229
0
0
-1
870803117
-1
-1
-1
0
-1
0
-1
0
0
0
-1
991484125
982781548
764451797
0
-1
-1
-1
0
-1
-1
-1
-1
-1
-1
0
0
982781548
-1
-1
848130170
944704410
0
-1
-1
-1
-1
-1
-1
0
-1
-1
0
-1
-1
0
0
0
-1
-1
-1
0
-1
924517355
950787427
968725489
-1
0
-1
-1
899062603
-1
-1
0
-1
-1
845100694
-1
992552716
-1
-1
0
-1
-1
935325076
-1
-1
-1
-1
-1
982781548
0
-1
-1
-1
-1
-1
-1
-1
964974005
-1
-1
0
-1
-1
0
-1
-1
941639591
-1
0
-1
-1
-1
-1
0
-1
-1
-1
-1
722780816
-1
-1
957561903
-1
0
974819229
-1
-1
919699702
-1
-1
-1
0
-1
-1
-1
0
0
-1
980108605
-1
0
0
0
0
0
974819229
-1
-1
0
-1
-1
-1
975051889
-1
-1
0
-1
-1
-1
-1
-1
-1
966503439
-1
-1
-1
977467946
-1
-1
851600459
-1
0
900718724
-1
-1
-1
0
-1
-1
-1
-1
0
-1
-1
-1
-1
0
-1
-1
-1
-1
0
-1
0
-1
0
-1
-1
0
0
-1
0
-1
797782152
977467946
-1
956723775
-1
-1
-1
-1
-1
-1
-1
-1
-1
-1
-1
-1
-1
0
-1
-1
-1
-1
-1
997201492
-1
-1
-1
-1
-1
-1
-1
-1
976848499
-1
-1
-1
607599971
-1
-1
-1
0
-1
0
957561903
-1
-1
-1
963827343
0
-1
993238553
-1
-1
-1
990851656
-1
970727049
-1
-1
-1
-1
-1
-1
864684066
-1
-1
754723191
-1
997201492
-1
-1
0
-1
-1
-1
-1
-1
916330603
0
-1
0
-1
-1
-1
-1
-1
0
-1
-1
-1
0
-1
-1
-1
-1
-1
-1
-1
0
-1
-1
-1
-1
-1
0
943938576
-1
843677315
-1
-1
964525752
-1
-1
-1
-1
-1
-1
-1
976648177
996332011
0
-1
0
-1
685144972
0
-1
0
-1
861578656
974819229
0
-1
-1
-1
-1
0
-1
-1
-1
-1
-1
-1
890873989
-1
-1
0
974819229
-1
993598785
-1
0
-1
977467946
-1
869114077
-1
-1
0
-1
-1
-1
858500741
-1
0
-1
-1
-1
-1
0
-1
919217306
-1
-1
0
-1
0
-1
-1
-1
-1
-1
-1
-1
-1
0
-1
-1
-1
991502482
0
-1
-1
0
-1
969531351
-1
-1
-1
-1
-1
-1
976848499
-1
0
-1
0
0
-1
-1
-1
0
-1
0
0
-1
-1
956547412
974819229
-1
0
-1
-1
-1
550921768
-1
-1
0
0
-1
0
818625225
883187272
-1
894440516
-1
-1
-1
0
-1
-1
-1
-1
974819229
974819229
-1
-1
-1
-1
-1
-1
0
0
0
-1
-1
-1
-1
0
911835454
-1
-1
-1
982781548
-1
0
-1
928439742
-1
0
0
-1
-1
-1
899062603
-1
-1
-1
-1
-1
-1
-1
-1
-1
-1
986656384
927488713
0
-1
0
0
-1
-1
713580086
-1
-1
-1
802913261
-1
-1
-1
951679261
-1
-1
974819229
-1
-1
957561903
-1
-1
-1
-1
-1
-1
983589287
0
-1
-1
-1
944515133
0
-1
0
0
-1
-1
-1
0
995986909
0
-1
0
0
0
-1
-1
-1
-1
-1
-1
0
-1
-1
0
-1
860434174
-1
-1
-1
-1
-1
-1
-1
963827343
982781548
-1
-1
-1
988819616
-1
-1
-1
-1
-1
-1
-1
-1
-1
0
0
0
-1
-1
-1
-1
0
0
-1
-1
-1
0
0
-1
0
957719331
758038902
0
975458939
-1
564971033
-1
-1
0
-1
957561903
0
-1
955922707
-1
-1
0
994480583
-1
-1
0
972446547
-1
-1
-1
0
-1
-1
-1
-1
-1
-1
-1
927326590
-1
0
-1
681564501
-1
-1
-1
0
-1
0
858309677
896752701
-1
-1
0
0
0
-1
-1
-1
-1
0
-1
-1
-1
0
-1
0
0
-1
-1
-1
-1
-1
927326590
-1
-1
0
-1
-1
-1
-1
-1
-1
-1
-1
-1
-1
-1
-1
-1
-1
896090022
-1
-1
955433827
-1
868784071
-1
983460056
-1
-1
-1
-1
-1
957561903
0
989312765
-1
-1
-1
0
-1
-1
-1
-1
967775781
826274632
-1
-1
-1
-1
869114077
-1
-1
0
0
976848499
-1
0
0
-1
0
812755253
-1
974819229
-1
-1
976953738
0
-1
-1
-1
-1
-1
0
-1
-1
-1
-1
-1
0
957561903
0
908053946
977467946
-1
944047171
952243411
-1
0
0
-1
-1
-1
743149266
-1
-1
0
0
0
-1
-1
-1
-1
-1
-1
-1
-1
0
-1
-1
-1
0
-1
-1
-1
943788035
-1
-1
-1
-1
-1
-1
-1
0
955767250
960268156
-1
-1
918724329
-1
940985451
0
-1
-1
-1
-1
0
911234837
0
-1
-1
0
0
738555522
-1
-1
0
-1
-1
-1
-1
-1
-1
927326590
974819229
-1
-1
999834952
-1
940411275
-1
973160845
-1
-1
850053934
-1
-1
-1
0
0
-1
-1
-1
-1
-1
-1
-1
-1
-1
-1
0
0
-1
-1
962864581
-1
-1
-1
882984603
-1
-1
-1
-1
-1
-1
0
0
864161401
-1
-1
-1
-1
-1
-1
-1
0
0
-1
-1
0
869114077
0
-1
-1
-1
-1
-1
-1
-1
-1
-1
-1
-1
802913261
-1
0
-1
0
-1
-1
-1
-1
-1
-1
977467946
-1
966591024
955767250
970370995
983589287
-1
-1
930207217
-1
-1
-1
-1
-1
-1
-1
0
-1
-1
-1
-1
-1
-1
-1
-1
-1
-1
984765400
-1
-1
0
-1
866005857
-1
-1
-1
0
-1
0
0
977467946
882407902
-1
0
0
-1
-1
-1
0
-1
-1
-1
0
-1
982781548
-1
-1
0
974819229
0
-1
982781548
-1
0
-1
-1
-1
-1
-1
-1
0
0
0
0
-1
-1
-1
-1
0
591659643
-1
-1
0
848130170
-1
-1
-1
-1
0
-1
-1
-1
-1
-1
-1
0
-1
-1
-1
-1
-1
-1
956607645
-1
0
-1
0
-1
0
-1
-1
-1
0
-1
744631201
989295089
-1
-1
-1
-1
-1
-1
-1
-1
-1
-1
-1
-1
-1
0
-1
-1
-1
0
-1
0
-1
997201492
944172813
-1
0
836856792
-1
-1
-1
-1
-1
-1
0
-1
946138127
794318359
-1
-1
896752701
977467946
-1
-1
-1
0
757187580
-1
-1
-1
-1
-1
0
0
0
-1
0
-1
-1
-1
-1
-1
-1
-1
955767250
0
927326590
-1
957561903
957561903
-1
803267520
-1
-1
0
951155024
-1
-1
-1
-1
-1
-1
-1
856540592
-1
-1
-1
-1
-1
0
-1
-1
-1
-1
0
0
977969491
916274875
-1
-1
-1
819749265
-1
-1
978262065
-1
-1
991502482
0
-1
-1
0
-1
-1
-1
-1
-1
-1
0
-1
-1
-1
-1
0
-1
-1
0
-1
-1
-1
903883407
-1
-1
0
0
0
-1
-1
-1
-1
-1
-1
-1
977467946
-1
0
-1
-1
-1
899062603
0
-1
-1
-1
-1
-1
-1
-1
0
-1
957561903
0
975051889
0
-1
959259245
-1
-1
-1
-1
-1
-1
-1
-1
-1
-1
-1
883902012
-1
-1
-1
-1
0
-1
-1
-1
-1
0
-1
0
-1
-1
938069272
-1
0
-1
-1
-1
-1
-1
996008086
977969491
-1
974819229
-1
-1
-1
982781548
-1
-1
-1
0
-1
-1
-1
-1
-1
-1
-1
967775781
-1
989048850
983589287
-1
-1
-1
-1
0
-1
892709731
-1
-1
-1
-1
0
-1
-1
0
-1
0
-1
0
664160448
-1
-1
0
-1
-1
939233130
995074145
932319540
954470797
949407925
-1
876519713
-1
-1
0
-1
-1
-1
-1
0
-1
-1
884174466
901311293
0
-1
0
-1
-1
993054530
0
-1
0
-1
-1
-1
-1
924225623
945884402
-1
957561903
-1
-1
-1
-1
982781548
869771281
-1
837999549
-1
974819229
-1
0
-1
-1
-1
-1
-1
-1
-1
-1
944704410
0
-1
-1
-1
-1
0
0
967028477
0
-1
0
0
0
-1
-1
972446547
0
-1
-1
929652893
0
-1
940411275
-1
945993783
-1
-1
-1
-1
-1
0
-1
-1
-1
-1
-1
-1
916274875
-1
959259245
-1
-1
-1
957561903
-1
-1
957561903
0
0
0
869114077
-1
0
-1
-1
-1
0
0
-1
-1
-1
-1
-1
0
-1
-1
-1
-1
0
876968078
-1
-1
880915602
-1
-1
0
-1
957561903
-1
946138127
-1
-1
-1
-1
-1
-1
-1
-1
-1
-1
-1
-1
-1
-1
-1
0
-1
-1
-1
-1
0
0
-1
-1
0
-1
-1
-1
-1
-1
-1
0
-1
0
-1
0
963810937
0
-1
0
-1
-1
941917449
-1
989312765
-1
0
873488397
0
-1
0
983589287
0
-1
0
-1
0
583143505
-1
957561903
0
991407399
-1
-1
-1
-1
-1
0
0
896090022
-1
-1
995074145
-1
-1
0
-1
0
916314038
-1
-1
-1
-1
-1
871025513
0
-1
-1
-1
955767250
0
-1
-1
-1
957561903
0
-1
-1
-1
0
953944247
0
-1
0
-1
-1
955249854
-1
-1
-1
-1
-1
-1
-1
-1
-1
-1
-1
-1
-1
-1
0
-1
896752701
-1
0
-1
896090022
-1
-1
-1
-1
-1
-1
-1
-1
-1
-1
983414566
-1
-1
-1
-1
863570076
999834952
964924977
-1
-1
919699702
883255841
0
-1
982781548
0
890873989
-1
-1
-1
-1
-1
0
955767250
-1
0
-1
0
-1
983589287
-1
986873636
0
-1
-1
-1
-1
0
-1
983589287
0
-1
-1
-1
-1
-1
934682285
0
-1
-1
-1
-1
-1
0
968594656
0
959259245
-1
0
0
-1
-1
920208522
-1
-1
0
-1
989312765
-1
-1
0
0
-1
-1
-1
-1
-1
-1
878904459
594272803
0
-1
-1
-1
-1
0
-1
-1
-1
-1
830255136
-1
-1
0
-1
916274875
-1
969050502
0
-1
-1
-1
-1
-1
-1
-1
-1
-1
977092632
-1
-1
-1
-1
-1
-1
983335843
-1
-1
-1
0
976848499
-1
-1
-1
-1
955698527
957561903
0
-1
973968179
-1
-1
-1
-1
-1
-1
-1
-1
-1
-1
937225093
-1
-1
-1
-1
876701067
-1
-1
957561903
-1
-1
-1
-1
-1
967422668
0
927326590
-1
-1
-1
-1
0
-1
-1
-1
-1
802913261
-1
-1
0
-1
0
-1
-1
-1
-1
-1
957561903
-1
-1
0
-1
0
-1
940411275
-1
-1
-1
0
-1
881259246
957561903
-1
995986909
930765419
590752054
827174728
-1
-1
0
-1
-1
-1
-1
-1
-1
-1
-1
966636080
-1
0
-1
0
-1
0
-1
-1
-1
0
957561903
987202873
-1
-1
0
-1
-1
-1
-1
-1
-1
-1
-1
-1
974819229
-1
-1
0
-1
-1
0
0
-1
-1
-1
0
829460209
0
0
0
-1
-1
0
890755459
-1
891693289
0
-1
950787427
-1
-1
-1
960345792
996375028
-1
957561903
-1
-1
0
-1
-1
0
-1
-1
-1
-1
0
0
0
-1
-1
-1
944704410
959259245
930765419
-1
848130170
-1
-1
0
-1
-1
-1
-1
-1
0
0
0
957561903
0
-1
-1
0
-1
-1
-1
-1
0
-1
0
0
-1
0
-1
-1
0
-1
-1
-1
0
0
-1
905878374
-1
-1
967811111
-1
-1
982781548
-1
-1
0
-1
-1
0
-1
-1
983399612
-1
-1
0
915732121
0
0
898223288
944704410
-1
924225623
-1
-1
-1
-1
0
-1
0
-1
-1
0
-1
-1
0
-1
-1
-1
-1
-1
0
-1
0
-1
-1
-1
974819229
-1
-1
974819229
-1
0
-1
-1
0
-1
973968179
0
-1
-1
-1
977467946
-1
-1
879194525
0
-1
-1
950787427
-1
997711132
942935988
0
-1
842106733
-1
899062603
975051889
-1
-1
899062603
-1
996375028
0
-1
-1
-1
-1
-1
-1
-1
886257264
-1
0
0
-1
0
939634120
-1
-1
-1
-1
-1
-1
919699702
-1
0
996008086
0
-1
935288838
-1
977467946
-1
-1
915610304
-1
937320267
-1
0
-1
-1
-1
-1
940022780
-1
-1
-1
0
-1
-1
995986909
637993002
0
-1
-1
-1
0
0
-1
0
899062603
0
964349612
0
-1
-1
996375028
-1
873837164
-1
-1
-1
0
-1
-1
-1
-1
-1
-1
885720808
0
-1
-1
-1
0
-1
0
-1
-1
-1
0
-1
-1
-1
-1
942105679
-1
-1
-1
-1
-1
-1
-1
-1
976522403
0
-1
-1
789386682
0
-1
-1
998089518
964974005
902432869
-1
0
0
0
0
-1
975697728
-1
-1
0
-1
-1
0
-1
-1
-1
995074145
-1
-1
0
0
0
-1
-1
-1
-1
925142005
869358762
0
-1
-1
-1
-1
-1
0
0
-1
-1
-1
-1
-1
0
0
-1
-1
-1
-1
-1
-1
-1
-1
-1
974819229
-1
899062603
-1
-1
-1
0
-1
-1
-1
-1
933450798
-1
-1
-1
-1
-1
0
-1
0
-1
0
0
-1
-1
888908274
-1
-1
-1
-1
999059838
-1
-1
-1
989312765
-1
0
-1
-1
808474293
-1
-1
-1
0
-1
-1
-1
-1
0
-1
-1
-1
-1
-1
-1
0
-1
-1
997857908
-1
-1
-1
-1
-1
0
869114077
-1
904771737
-1
-1
-1
-1
923782985
-1
-1
-1
-1
-1
0
-1
-1
-1
0
700916454
0
-1
0
751325060
-1
999059838
-1
841983646
912765578
-1
995074145
-1
-1
987202873
-1
-1
-1
0
0
-1
-1
-1
0
983589287
0
-1
0
-1
0
-1
-1
-1
953361779
0
-1
-1
-1
-1
-1
992412039
-1
-1
-1
-1
-1
0
-1
963090581
0
0
0
0
963175068
-1
-1
-1
0
-1
-1
-1
813442232
-1
-1
-1
-1
0
-1
-1
-1
0
996332011
-1
-1
-1
765662384
-1
0
0
0
0
-1
-1
-1
-1
0
-1
-1
-1
-1
-1
0
-1
-1
-1
-1
-1
-1
-1
-1
-1
-1
-1
-1
0
-1
977467946
-1
-1
-1
-1
-1
0
0
-1
905838982
895952892
-1
-1
-1
-1
-1
-1
0
-1
-1
944172813
0
-1
0
-1
0
0
-1
-1
-1
-1
-1
0
-1
0
0
-1
0
0
0
-1
-1
-1
-1
0
-1
-1
-1
0
-1
-1
875905638
-1
0
-1
946138127
-1
-1
-1
-1
-1
-1
-1
-1
-1
-1
-1
0
982781548
0
-1
833570965
-1
0
0
0
-1
-1
0
-1
0
0
-1
-1
-1
-1
-1
-1
-1
887677909
-1
0
-1
-1
-1
-1
0
-1
-1
-1
-1
-1
-1
0
-1
-1
-1
0
-1
-1
-1
-1
-1
-1
0
-1
-1
940411275
963415037
-1
982781548
-1
0
-1
-1
978501856
0
0
-1
-1
0
-1
0
865341734
-1
-1
-1
0
-1
-1
977467946
-1
-1
890873989
995279518
727102438
0
0
-1
-1
-1
-1
-1
885848914
-1
-1
0
-1
989312765
-1
776788408
0
-1
-1
-1
0
-1
861578656
-1
-1
0
-1
0
905463955
-1
-1
0
955433827
-1
-1
922961961
0
-1
-1
-1
-1
-1
-1
-1
950787427
-1
0
-1
-1
-1
-1
0
0
-1
-1
-1
963827343
0
942935988
-1
-1
-1
983589287
-1
-1
-1
-1
0
-1
-1
869114077
-1
-1
0
-1
-1
0
-1
-1
-1
-1
875955746
-1
-1
-1
-1
0
-1
-1
-1
992412039
-1
-1
-1
977467946
0
-1
-1
-1
-1
964525752
-1
-1
-1
-1
0
-1
0
-1
-1
-1
-1
-1
-1
0
-1
0
0
826274632
0
-1
-1
-1
-1
-1
-1
-1
-1
-1
0
0
-1
-1
976848499
0
-1
-1
958055786
982781548
-1
-1
-1
-1
-1
917323527
-1
-1
-1
-1
0
-1
0
-1
-1
-1
-1
869114077
-1
0
-1
-1
-1
0
-1
-1
-1
-1
-1
-1
-1
0
-1
0
988185861
-1
638878306
931532667
0
-1
-1
-1
-1
916274875
0
-1
-1
0
-1
-1
-1
-1
-1
-1
999834952
0
-1
977467946
-1
-1
-1
0
930765419
-1
-1
-1
-1
-1
-1
-1
-1
0
-1
-1
-1
977467946
-1
-1
-1
951967372
-1
-1
-1
-1
0
0
885011010
-1
996536690
969139570
0
-1
-1
-1
0
-1
-1
0
974819229
-1
-1
927326590
-1
844308070
-1
-1
956723775
0
-1
899662159
-1
-1
0
974819229
-1
870220547
0
-1
-1
-1
-1
876676063
0
-1
-1
-1
-1
974253267
-1
-1
-1
829460209
977467946
963090581
0
-1
0
-1
-1
-1
-1
-1
-1
-1
-1
-1
-1
-1
0
0
-1
-1
-1
0
0
-1
-1
-1
0
0
-1
-1
-1
0
0
-1
-1
-1
-1
-1
-1
0
-1
0
0
-1
-1
0
-1
-1
973657814
0
-1
940411275
-1
-1
-1
988856026
-1
-1
-1
829460209
-1
-1
0
933159181
-1
0
-1
-1
-1
0
999834952
-1
974819229
0
928422192
-1
-1
-1
973425321
-1
-1
0
-1
959259245
956723775
-1
-1
0
0
0
739670463
-1
783531892
771300977
-1
0
-1
0
0
0
-1
-1
-1
-1
-1
-1
-1
0
997102360
-1
-1
984765400
-1
0
0
-1
-1
-1
-1
665617068
0
-1
-1
-1
-1
0
0
-1
812942316
-1
-1
875138307
-1
-1
-1
0
0
931358097
0
-1
-1
-1
-1
-1
-1
-1
-1
-1
814327382
-1
-1
-1
997102360
-1
-1
-1
997201492
-1
-1
0
-1
998745530
951967372
-1
921496839
-1
871759479
0
976848499
818625225
986439500
-1
-1
-1
0
-1
991826117
-1
-1
861578656
-1
982781548
985762428
955767250
-1
0
-1
0
898672502
-1
996008086
0
0
-1
959638503
0
835957271
-1
-1
841983646
-1
-1
-1
0
0
0
0
-1
-1
-1
0
-1
-1
-1
-1
-1
-1
-1
-1
-1
957693236
-1
-1
-1
-1
890873989
0
990429384
-1
0
-1
-1
-1
0
-1
-1
916274875
-1
0
-1
-1
-1
-1
-1
0
869114077
-1
0
0
976848499
-1
-1
977467946
-1
-1
-1
-1
-1
-1
942935988
-1
0
990846612
-1
0
955767250
-1
-1
-1
-1
-1
-1
996375028
0
957762784
997201492
-1
-1
0
-1
-1
-1
0
0
0
896752701
0
0
0
969285961
-1
0
-1
869114077
-1
-1
869114077
0
-1
-1
964475972
-1
-1
807184079
-1
-1
0
-1
974819229
-1
-1
-1
-1
-1
-1
-1
-1
-1
-1
0
-1
-1
757354625
-1
-1
0
0
0
-1
0
-1
976848499
970017596
-1
-1
870500731
773452634
959259245
-1
-1
-1
-1
-1
-1
-1
0
-1
0
-1
-1
-1
0
-1
-1
0
-1
-1
989312765
-1
-1
-1
-1
-1
-1
-1
-1
942935988
977467946
-1
-1
-1
0
0
0
896090022
-1
-1
0
-1
-1
-1
740951727
0
0
0
-1
-1
851865436
987202873
-1
-1
-1
966636080
-1
-1
-1
-1
-1
-1
-1
688221054
0
0
-1
974819229
0
-1
-1
-1
-1
-1
0
-1
0
0
-1
-1
0
-1
-1
-1
896090022
0
0
-1
-1
-1
-1
0
-1
-1
-1
-1
-1
-1
-1
869114077
-1
988815559
0
-1
-1
-1
0
0
899062603
879107816
974819229
0
0
-1
-1
0
-1
0
0
-1
-1
0
-1
-1
-1
-1
0
-1
917744464
0
-1
-1
-1
977467946
993338270
0
997920955
-1
0
-1
-1
-1
-1
-1
-1
-1
-1
-1
0
0
-1
995202181
-1
-1
0
-1
-1
942935988
0
-1
-1
0
0
-1
-1
-1
-1
-1
0
-1
0
0
-1
-1
-1
-1
982781548
-1
-1
0
-1
0
-1
-1
-1
0
-1
-1
-1
-1
-1
0
-1
-1
-1
0
-1
0
-1
989312765
-1
-1
-1
0
-1
-1
-1
-1
-1
-1
-1
-1
0
875955746
-1
869114077
0
0
0
-1
-1
937514320
-1
0
942935988
-1
-1
-1
974819229
-1
-1
-1
-1
-1
-1
-1
867041802
940411275
892638283
-1
0
-1
-1
0
-1
-1
-1
0
-1
-1
992524798
-1
-1
-1
-1
-1
0
-1
0
996375028
-1
0
-1
-1
909767312
974819229
0
-1
-1
-1
0
0
869114077
992416157
-1
-1
-1
-1
-1
895952892
0
-1
0
995986909
0
-1
739494621
-1
-1
-1
-1
-1
0
793551993
-1
963827343
957474987
-1
0
-1
-1
-1
0
0
775829456
-1
-1
0
-1
0
0
-1
0
-1
977467946
-1
0
0
-1
-1
0
0
-1
0
-1
-1
-1
-1
-1
-1
-1
-1
-1
987802566
0
0
-1
-1
-1
0
-1
-1
-1
917221574
0
0
0
-1
0
942935988
915732121
-1
-1
896090022
-1
-1
-1
0
840868325
945884402
-1
-1
0
-1
-1
-1
-1
-1
0
940411275
-1
-1
899062603
977467946
0
-1
-1
0
-1
0
-1
-1
-1
0
-1
-1
-1
-1
-1
942935988
-1
-1
0
-1
-1
-1
977092632
0
-1
896000666
-1
-1
982781548
-1
-1
860250472
-1
989312765
0
992761195
-1
-1
-1
-1
-1
875777472
974819229
-1
-1
-1
0
-1
894440516
0
-1
-1
-1
957762784
0
-1
976848499
-1
984977158
-1
-1
876968078
-1
0
-1
-1
0
-1
-1
-1
-1
-1
-1
-1
-1
-1
-1
-1
-1
716638642
-1
-1
-1
-1
-1
-1
-1
-1
-1
-1
-1
-1
-1
921733097
-1
-1
-1
-1
-1
-1
-1
-1
0
928145764
-1
-1
955767250
-1
-1
-1
-1
-1
-1
-1
-1
-1
-1
-1
996099320
-1
-1
-1
-1
-1
-1
0
-1
0
977467946
-1
0
0
0
-1
0
-1
-1
-1
-1
-1
-1
879716754
-1
815537385
983589287
969885298
-1
-1
989851163
-1
-1
940899287
-1
976848499
-1
795428347
-1
989048850
-1
-1
0
-1
-1
-1
-1
-1
-1
-1
0
-1
0
0
-1
-1
-1
-1
-1
-1
-1
-1
843369368
0
919699702
974819229
-1
0
919699702
-1
-1
-1
-1
-1
0
974819229
756729728
983527987
-1
-1
-1
-1
0
-1
0
-1
-1
0
0
-1
0
-1
0
-1
0
0
-1
940411275
-1
-1
-1
-1
0
807184079
0
-1
0
-1
-1
-1
0
-1
995986909
-1
-1
-1
890175074
-1
0
-1
-1
-1
992410385
0
-1
-1
-1
-1
-1
-1
-1
-1
0
-1
-1
0
-1
897167638
-1
-1
-1
0
-1
985798158
-1
0
0
-1
-1
-1
994584143
-1
-1
-1
0
-1
0
-1
-1
-1
-1
-1
-1
-1
0
0
0
997201492
0
-1
-1
958031225
-1
-1
0
-1
-1
-1
-1
-1
-1
0
0
-1
-1
-1
-1
890873989
-1
-1
-1
-1
0
983410010
-1
0
-1
920617812
-1
-1
-1
-1
-1
-1
-1
0
-1
-1
-1
740246060
-1
805765722
-1
-1
-1
-1
-1
0
-1
-1
-1
0
-1
-1
-1
-1
-1
-1
-1
-1
-1
-1
-1
-1
-1
944704410
-1
-1
-1
977969491
0
-1
0
-1
944172813
-1
-1
-1
-1
-1
0
748302282
-1
983460056
-1
835070278
-1
0
0
-1
0
-1
0
-1
-1
-1
-1
759222599
989048850
-1
-1
-1
-1
-1
0
-1
-1
-1
-1
-1
-1
-1
-1
-1
-1
-1
-1
0
964475972
-1
0
-1
-1
942935988
0
-1
896090022
-1
-1
-1
-1
-1
-1
-1
-1
-1
-1
-1
-1
-1
-1
928626360
-1
-1
-1
-1
-1
-1
-1
0
-1
0
-1
-1
0
-1
-1
-1
-1
-1
-1
942935988
-1
-1
960177745
0
-1
0
0
-1
0
-1
0
-1
959259245
-1
-1
-1
-1
0
-1
-1
-1
-1
-1
755332308
-1
585185825
-1
-1
-1
-1
991484125
-1
-1
-1
-1
-1
-1
0
-1
961897215
0
-1
0
948588339
-1
0
964475972
-1
-1
-1
0
-1
-1
-1
-1
0
-1
-1
-1
0
-1
-1
916274875
-1
0
0
-1
989312765
872425313
-1
-1
0
-1
0
-1
-1
-1
-1
977467946
-1
-1
-1
0
0
0
-1
-1
0
-1
-1
-1
-1
-1
-1
-1
-1
0
-1
-1
0
-1
0
-1
0
-1
-1
-1
976848499
-1
-1
-1
892709731
0
-1
-1
-1
966591024
-1
-1
-1
-1
-1
0
-1
989312765
-1
-1
-1
-1
0
938449178
-1
0
-1
743056219
-1
-1
911986002
869114077
977467946
-1
-1
-1
-1
0
920617812
-1
-1
-1
997793599
-1
992630902
0
-1
0
0
-1
-1
-1
-1
879952254
-1
-1
-1
-1
0
981672457
0
0
0
976848499
0
-1
-1
0
0
-1
-1
713580086
-1
0
-1
-1
942935988
0
-1
-1
805126541
-1
0
0
992630902
-1
-1
-1
979608046
-1
-1
-1
983589287
0
-1
-1
-1
0
-1
-1
-1
0
976848499
-1
-1
-1
-1
-1
917323051
-1
-1
-1
0
977467946
-1
993873530
-1
-1
-1
989048850
-1
-1
0
-1
0
-1
-1
-1
-1
-1
-1
-1
-1
-1
0
-1
-1
-1
0
0
877128389
-1
999834952
-1
0
-1
-1
0
-1
0
786314697
829460209
-1
-1
-1
-1
-1
-1
0
-1
706170359
-1
-1
989362504
-1
-1
-1
-1
0
885536977
-1
791712136
-1
0
-1
-1
-1
-1
973968179
-1
-1
-1
-1
976848499
-1
-1
-1
0
-1
0
0
-1
-1
900261301
940411275
-1
0
0
-1
0
0
-1
-1
-1
-1
0
-1
0
-1
896000666
-1
0
-1
0
876968078
-1
980108605
918724329
-1
-1
-1
0
-1
-1
-1
-1
0
0
-1
0
0
0
-1
0
517130903
997201492
0
0
-1
-1
0
-1
-1
-1
-1
0
0
0
-1
-1
974819229
-1
-1
869114077
-1
-1
951967372
942935988
-1
-1
0
-1
0
974819229
-1
875777472
-1
-1
-1
968990907
-1
0
-1
-1
0
-1
-1
-1
-1
-1
896752701
0
-1
-1
-1
0
-1
968725489
0
-1
-1
0
-1
-1
-1
-1
-1
-1
-1
0
997201492
-1
0
996099320
-1
-1
0
-1
-1
-1
985798158
-1
0
-1
-1
-1
-1
-1
838044730
-1
-1
-1
-1
-1
0
-1
-1
0
977467946
0
-1
0
0
-1
-1
-1
-1
-1
-1
-1
-1
0
-1
-1
-1
-1
-1
902432869
958475594
-1
-1
-1
-1
-1
-1
-1
0
-1
996375028
0
-1
932319540
846468431
-1
867168198
-1
973425321
877808685
-1
-1
-1
-1
-1
-1
-1
0
809690403
-1
-1
-1
-1
-1
-1
-1
-1
-1
-1
0
-1
-1
0
-1
0
-1
-1
-1
-1
-1
977969491
-1
-1
-1
-1
-1
0
0
-1
995074145
-1
968658492
-1
-1
-1
892709731
-1
837999549
977467946
869114077
977467946
-1
-1
-1
-1
989542940
0
-1
843223053
-1
713580086
-1
0
-1
-1
-1
-1
0
0
-1
-1
0
-1
899062603
-1
-1
-1
-1
946613189
-1
-1
944704410
-1
-1
-1
-1
-1
-1
0
-1
-1
-1
-1
-1
-1
-1
0
977467946
-1
977114722
982781548
-1
-1
888621469
-1
-1
-1
-1
-1
-1
-1
-1
0
885317828
-1
-1
807184079
-1
-1
-1
-1
-1
-1
899062603
783699435
0
980419547
0
-1
942935988
-1
-1
0
910632153
0
-1
-1
0
977467946
0
-1
-1
916274875
0
-1
-1
-1
-1
955698527
-1
0
-1
-1
-1
-1
-1
-1
-1
-1
-1
940411275
-1
-1
-1
-1
0
-1
-1
-1
-1
745585014
-1
977467946
725788620
-1
765662384
-1
-1
-1
-1
976848499
-1
-1
-1
974819229
-1
-1
-1
-1
982781548
0
-1
807184079
-1
-1
976848499
-1
0
-1
-1
-1
-1
849297521
-1
-1
799639571
0
899062603
-1
-1
-1
-1
974819229
907988210
997201492
0
991502482
0
-1
0
-1
0
-1
989312765
0
-1
-1
-1
0
-1
989312765
-1
-1
-1
-1
-1
-1
-1
-1
864684066
-1
-1
-1
0
0
-1
-1
0
981011709
-1
0
976848499
0
-1
951967372
-1
-1
-1
-1
-1
-1
735990477
-1
983589287
-1
-1
843677315
-1
-1
0
-1
941207946
-1
-1
-1
0
914339816
-1
-1
0
-1
918943931
0
-1
-1
-1
-1
-1
-1
-1
-1
940411275
-1
-1
922545970
-1
-1
948510877
940411275
858635331
-1
-1
568958466
0
0
-1
-1
-1
-1
0
829719884
-1
-1
-1
-1
-1
-1
-1
-1
-1
-1
773042688
0
-1
-1
-1
-1
0
-1
-1
-1
732698722
835983739
-1
-1
-1
916274875
-1
0
-1
902369756
-1
0
-1
-1
-1
-1
762557910
0
-1
-1
942935988
0
-1
0
-1
-1
-1
0
-1
-1
0
976848499
0
-1
0
-1
-1
-1
939528276
-1
0
-1
0
-1
-1
-1
0
-1
0
0
-1
-1
-1
-1
-1
0
933450798
909632823
-1
-1
942935988
900457526
-1
0
-1
-1
-1
951580700
-1
0
-1
-1
-1
869114077
0
-1
0
-1
-1
-1
-1
-1
-1
-1
991224832
-1
896090022
819723681
-1
-1
-1
-1
990846612
-1
-1
907279021
852638731
-1
0
-1
-1
895395119
-1
-1
0
977969491
-1
802913261
992630902
-1
-1
947651856
-1
-1
-1
-1
-1
-1
-1
-1
-1
-1
-1
-1
-1
0
-1
-1
-1
-1
877815271
-1
-1
-1
-1
-1
-1
-1
-1
-1
-1
-1
0
-1
-1
-1
-1
0
-1
-1
0
944100152
-1
-1
-1
-1
-1
-1
-1
-1
-1
0
0
-1
951967372
-1
0
-1
-1
0
-1
-1
962455882
-1
-1
0
-1
-1
0
946621275
-1
-1
974819229
0
-1
-1
-1
0
-1
-1
-1
-1
0
-1
-1
-1
-1
-1
0
-1
0
970370995
0
0
-1
-1
937320267
-1
-1
-1
-1
0
982781548
-1
-1
-1
-1
-1
-1
0
-1
-1
0
986955729
0
975051889
-1
989312765
-1
0
-1
-1
-1
-1
0
0
-1
0
-1
855167926
-1
0
-1
-1
-1
-1
-1
898971163
899062603
-1
-1
972471784
878376214
-1
-1
0
863956124
-1
989724807
-1
0
-1
-1
0
0
-1
829460209
-1
-1
977467946
-1
-1
-1
-1
-1
-1
-1
-1
-1
-1
0
-1
0
-1
0
-1
-1
-1
-1
0
-1
-1
-1
913219659
-1
-1
0
-1
-1
-1
-1
-1
-1
-1
0
869114077
928824711
888294536
0
990429384
-1
-1
0
984765400
-1
964475972
977467946
996536690
914339816
-1
-1
-1
-1
-1
-1
-1
-1
-1
0
-1
945192534
970370995
-1
-1
-1
778157258
-1
989312765
0
0
899062603
-1
-1
0
-1
-1
0
0
-1
0
-1
-1
983460056
892387520
962864581
0
-1
0
-1
-1
-1
819723681
876968078
-1
0
-1
989312765
-1
0
-1
-1
-1
889435220
0
-1
-1
-1
0
-1
973969243
948706729
-1
0
0
-1
-1
-1
-1
-1
-1
848130170
-1
-1
-1
-1
-1
-1
-1
-1
-1
-1
-1
-1
974819229
-1
-1
-1
940411275
-1
-1
-1
0
998197905
-1
-1
-1
-1
-1
0
0
869114077
0
0
0
-1
942935988
-1
930416718
-1
0
0
-1
977467946
-1
0
-1
890873989
-1
0
-1
-1
0
-1
-1
0
-1
-1
919699702
-1
0
-1
0
-1
0
-1
0
-1
-1
-1
-1
-1
-1
-1
0
-1
-1
924547392
-1
-1
-1
-1
0
-1
-1
-1
0
-1
-1
0
-1
-1
0
0
-1
-1
0
-1
964525752
-1
0
0
-1
0
-1
-1
-1
-1
-1
942935988
0
-1
-1
-1
-1
-1
-1
773698322
0
-1
879664954
0
-1
-1
-1
0
-1
-1
-1
936850681
-1
-1
-1
-1
-1
0
0
-1
-1
-1
0
-1
0
-1
-1
942935988
-1
-1
-1
0
942935988
973588433
-1
-1
-1
-1
-1
0
0
-1
0
988185861
0
973399922
0
-1
-1
-1
-1
-1
0
-1
-1
-1
975459948
968519220
0
-1
-1
0
982781548
-1
-1
0
-1
0
0
-1
-1
-1
-1
-1
978997137
0
-1
968703180
976848499
-1
-1
-1
-1
-1
-1
-1
-1
-1
0
955698527
0
-1
-1
-1
-1
-1
0
802913261
-1
-1
973968179
-1
-1
-1
0
-1
692024772
-1
0
-1
869114077
-1
-1
-1
-1
-1
0
-1
0
948249221
-1
934495740
0
-1
0
-1
-1
923782985
0
-1
-1
-1
-1
-1
-1
-1
-1
0
0
-1
-1
-1
-1
-1
959259245
0
989048850
0
0
-1
0
-1
0
-1
-1
826027785
0
895952892
-1
0
-1
-1
-1
982781548
-1
-1
-1
0
-1
-1
-1
0
-1
977467946
976848499
945884402
-1
0
-1
-1
-1
-1
969050502
-1
841983646
0
-1
-1
0
-1
-1
-1
0
-1
974819229
-1
-1
989173862
-1
888608624
-1
-1
0
0
0
-1
916274875
-1
-1
-1
-1
-1
0
922706809
-1
0
-1
0
-1
0
-1
-1
-1
-1
-1
0
-1
-1
0
-1
982781548
-1
-1
974819229
-1
-1
995904436
-1
917725330
-1
-1
-1
-1
0
-1
-1
-1
-1
-1
-1
-1
-1
-1
0
-1
994885845
-1
-1
0
-1
-1
-1
0
-1
0
-1
-1
-1
959259245
-1
0
921161034
926847633
908847604
0
-1
896090022
-1
-1
976848499
-1
0
-1
0
-1
-1
643007925
-1
876064459
-1
-1
958244323
-1
-1
-1
-1
0
-1
-1
-1
-1
-1
-1
-1
-1
-1
-1
0
-1
-1
-1
0
-1
-1
0
-1
-1
-1
-1
-1
974819229
0
-1
0
-1
991534462
899062603
0
942935988
-1
-1
-1
0
0
-1
963090581
-1
-1
-1
0
746734001
-1
-1
0
-1
-1
-1
974819229
909043141
-1
0
0
-1
-1
-1
-1
-1
0
-1
-1
-1
0
995074145
-1
-1
-1
-1
-1
-1
0
-1
-1
963827343
-1
0
-1
976522403
-1
-1
-1
-1
-1
-1
974819229
-1
-1
645924060
-1
946547876
-1
978701028
-1
-1
0
941852897
-1
942935988
-1
-1
0
-1
880517535
-1
-1
-1
-1
-1
-1
-1
-1
-1
-1
-1
-1
-1
-1
0
-1
0
-1
-1
-1
-1
-1
0
-1
-1
-1
0
0
-1
-1
0
-1
-1
946452150
0
942935988
-1
-1
-1
0
-1
-1
-1
-1
-1
826274632
-1
-1
960268156
-1
-1
-1
-1
-1
-1
0
-1
-1
0
-1
0
-1
-1
-1
-1
-1
0
0
990022612
0
719572468
-1
725873129
-1
0
955767250
0
-1
-1
-1
-1
-1
0
-1
-1
-1
940411275
0
-1
-1
-1
-1
0
-1
0
0
-1
897552844
-1
-1
-1
-1
0
972446547
989312765
-1
-1
-1
899442292
883748821
0
0
-1
-1
-1
-1
-1
-1
-1
-1
956983307
822293180
0
-1
-1
-1
-1
-1
-1
-1
-1
-1
-1
968725489
-1
-1
-1
-1
-1
-1
989602531
-1
0
-1
0
-1
-1
941917449
-1
-1
-1
0
-1
-1
-1
-1
-1
877808685
-1
-1
-1
-1
-1
982781548
-1
0
-1
985762428
926052889
751325060
0
-1
-1
-1
982781548
-1
-1
-1
983368548
0
-1
889178531
0
-1
-1
0
-1
-1
-1
-1
-1
0
-1
-1
-1
975057516
0
-1
706170359
-1
-1
0
-1
-1
-1
918724329
-1
0
916373942
-1
0
-1
-1
-1
-1
-1
-1
0
-1
802913261
-1
-1
-1
-1
-1
-1
-1
0
987708376
-1
-1
0
-1
942935988
-1
-1
0
0
974819229
770109700
0
-1
-1
-1
0
-1
-1
890873989
-1
-1
0
-1
-1
-1
-1
956872209
-1
-1
0
-1
-1
-1
0
-1
-1
0
-1
-1
977467946
-1
0
-1
-1
926052889
-1
0
-1
-1
-1
-1
-1
-1
-1
-1
-1
0
-1
-1
-1
0
0
-1
-1
-1
-1
0
-1
-1
-1
-1
-1
780906949
0
-1
-1
-1
0
-1
-1
0
0
-1
0
-1
-1
-1
-1
0
-1
0
0
-1
-1
787445211
-1
787445211
-1
-1
989312765
-1
-1
955767250
0
-1
-1
-1
898971163
-1
-1
-1
-1
-1
-1
-1
-1
-1
955767250
-1
-1
0
-1
951967372
-1
-1
-1
0
0
0
-1
0
-1
-1
-1
979608046
-1
0
0
-1
871310239
947651856
-1
-1
975393118
0
-1
-1
0
0
-1
-1
998370763
-1
0
-1
0
-1
0
0
952200389
0
982586517
-1
-1
-1
-1
929262176
0
-1
0
0
0
-1
-1
-1
0
0
995279518
-1
0
-1
0
-1
-1
890439130
-1
-1
0
972279435
-1
-1
-1
898223288
873488397
877815271
-1
-1
-1
-1
966422091
-1
-1
-1
-1
0
-1
922567477
713580086
-1
-1
940411275
830255136
-1
-1
-1
0
-1
-1
-1
0
-1
-1
791808672
-1
-1
0
0
-1
977467946
-1
-1
-1
-1
-1
-1
0
-1
989048850
-1
977467946
-1
-1
989048850
0
932653475
-1
0
-1
-1
991047703
874895499
0
-1
0
951580700
-1
-1
-1
-1
0
-1
0
-1
-1
884221227
-1
-1
-1
-1
826246195
-1
-1
-1
-1
0
-1
-1
928824711
-1
-1
-1
0
-1
-1
0
-1
-1
-1
-1
0
-1
0
-1
-1
0
991826117
-1
-1
-1
-1
0
0
-1
0
-1
-1
-1
-1
-1
-1
-1
-1
956177134
-1
0
-1
-1
-1
-1
959692228
-1
-1
-1
-1
-1
944704410
-1
0
-1
929111636
-1
660242589
-1
925945890
-1
-1
984765400
822830526
-1
-1
-1
-1
-1
0
-1
-1
-1
-1
-1
916274875
706221516
-1
951679882
-1
-1
0
-1
-1
996536690
-1
-1
-1
902432869
0
-1
-1
-1
-1
704190228
-1
-1
-1
-1
-1
-1
-1
-1
-1
-1
0
0
-1
0
-1
0
-1
-1
-1
-1
-1
-1
-1
-1
-1
0
-1
0
-1
-1
-1
944258973
-1
-1
0
-1
0
-1
0
799639571
999539664
-1
-1
897527289
0
0
-1
-1
-1
-1
-1
0
-1
977467946
-1
-1
-1
-1
-1
-1
-1
-1
-1
-1
-1
977467946
-1
-1
-1
919525370
-1
-1
963623665
-1
-1
974819229
-1
0
0
-1
-1
848068579
-1
-1
-1
0
0
-1
-1
0
-1
-1
-1
955767250
-1
-1
-1
-1
0
-1
-1
-1
-1
970298436
-1
-1
-1
-1
0
-1
-1
-1
-1
-1
-1
899062603
-1
-1
-1
-1
-1
-1
-1
0
0
-1
-1
0
0
-1
-1
-1
-1
-1
979426103
-1
-1
-1
0
-1
-1
-1
-1
-1
0
-1
983589287
-1
0
-1
0
-1
-1
0
-1
-1
977467946
0
0
795428347
-1
0
-1
0
-1
0
963090581
-1
-1
963993178
-1
-1
0
-1
964427177
-1
0
-1
708135248
-1
-1
-1
0
0
-1
-1
-1
-1
996375028
0
-1
-1
0
985868322
-1
-1
0
-1
0
-1
0
-1
-1
-1
983368548
-1
-1
-1
0
-1
976953738
0
934378580
-1
-1
-1
-1
0
904488047
-1
-1
-1
-1
-1
-1
-1
-1
-1
-1
0
-1
-1
-1
0
-1
946931480
741110165
0
-1
-1
-1
-1
914464747
-1
-1
922533274
-1
-1
-1
-1
0
-1
-1
-1
-1
-1
980615245
-1
-1
959259245
826246195
-1
877808685
-1
0
-1
-1
-1
-1
-1
-1
899062603
-1
0
0
-1
0
0
977969491
-1
946613189
-1
-1
869114077
-1
-1
-1
0
982781548
-1
0
-1
-1
977467946
-1
-1
0
-1
-1
-1
773865190
-1
-1
-1
-1
-1
-1
0
-1
-1
0
0
893120934
-1
-1
-1
0
-1
-1
-1
0
-1
-1
-1
-1
-1
0
977467946
0
-1
-1
-1
-1
-1
992630902
0
-1
-1
-1
-1
-1
-1
-1
0
-1
-1
0
-1
-1
0
-1
0
0
925945890
0
972446547
-1
-1
971793026
920092140
-1
-1
0
825569996
-1
966591024
-1
-1
-1
681194961
-1
-1
977467946
-1
-1
969050502
-1
-1
-1
-1
-1
-1
0
-1
-1
-1
-1
0
-1
-1
-1
935518076
995986909
-1
-1
942935988
-1
-1
-1
0
0
-1
-1
-1
-1
0
-1
-1
-1
-1
-1
-1
-1
-1
0
0
-1
-1
945993783
0
-1
-1
-1
795428347
-1
-1
0
-1
-1
0
-1
-1
-1
-1
-1
-1
942226639
0
941639591
-1
-1
-1
-1
942187680
-1
-1
-1
-1
938260296
-1
-1
-1
-1
-1
737403045
-1
0
-1
0
0
-1
-1
-1
996375028
0
-1
974819229
-1
945317685
0
0
0
-1
-1
-1
-1
0
-1
-1
-1
0
0
0
0
-1
-1
-1
940411275
-1
933904333
0
-1
-1
826689469
964924977
-1
-1
0
0
902432869
-1
678983046
-1
-1
-1
-1
-1
0
-1
-1
0
-1
-1
0
0
977467946
0
-1
0
-1
0
957838444
-1
-1
-1
-1
-1
0
0
0
-1
-1
-1
929262176
913959070
-1
-1
0
-1
858635331
0
919699702
0
-1
-1
-1
-1
-1
858424022
0
-1
-1
-1
-1
-1
0
0
869114077
959259245
-1
-1
954170939
-1
802913261
0
-1
-1
-1
0
0
0
977467946
0
-1
-1
-1
-1
-1
-1
995074145
959259245
974819229
-1
877348207
-1
0
991502482
-1
-1
0
989832576
942935988
0
-1
-1
929669457
-1
-1
0
-1
0
0
-1
-1
-1
-1
-1
-1
-1
-1
-1
-1
-1
955698527
977467946
0
-1
-1
0
-1
0
-1
-1
-1
0
-1
-1
-1
913219659
0
-1
-1
0
-1
-1
-1
840589859
945993783
-1
-1
955767250
-1
-1
0
-1
-1
0
-1
-1
-1
0
-1
-1
-1
-1
-1
0
0
-1
-1
0
-1
-1
0
799391226
0
704070029
-1
-1
-1
0
-1
-1
-1
-1
-1
983589287
-1
-1
0
0
-1
996375028
-1
-1
0
-1
0
0
-1
0
-1
-1
-1
-1
0
0
0
945192534
0
-1
0
-1
0
-1
-1
0
-1
681564501
-1
-1
-1
-1
-1
977092632
0
-1
-1
0
-1
-1
-1
0
-1
-1
-1
-1
863570076
-1
0
-1
-1
0
875140787
-1
-1
-1
-1
-1
945439690
0
-1
-1
-1
-1
0
0
0
-1
0
-1
-1
-1
-1
-1
0
991047703
-1
-1
-1
-1
0
0
-1
-1
-1
977467946
0
0
965839942
-1
-1
-1
0
-1
-1
-1
0
-1
0
0
-1
0
0
-1
-1
-1
0
-1
-1
-1
0
974819229
-1
987202873
-1
945492581
-1
-1
-1
-1
-1
-1
-1
-1
-1
-1
-1
-1
-1
831246720
959259245
-1
0
-1
-1
869114077
-1
0
927326590
934345211
-1
-1
989048850
0
0
-1
-1
-1
-1
0
-1
0
-1
-1
-1
0
-1
-1
913871930
843369368
-1
-1
-1
0
0
0
0
0
863570076
982781548
-1
0
-1
-1
-1
-1
-1
-1
-1
-1
-1
0
-1
-1
-1
-1
955767250
-1
-1
-1
-1
0
0
982781548
928037670
0
899003901
-1
-1
0
0
0
-1
-1
-1
932081635
619629662
-1
-1
0
0
0
-1
-1
0
-1
0
974090189
983414566
0
972471784
-1
-1
918724329
-1
0
-1
-1
-1
0
947668477
0
-1
0
0
-1
0
880560820
-1
-1
826689469
-1
-1
-1
-1
0
-1
916274875
-1
944704410
-1
-1
738075780
-1
-1
-1
0
0
-1
-1
-1
-1
-1
995074145
887583394
972446547
-1
-1
-1
0
942935988
-1
-1
-1
-1
-1
979426103
-1
-1
-1
-1
0
-1
0
-1
-1
-1
0
-1
-1
0
-1
-1
0
-1
0
-1
997201492
-1
-1
0
0
0
-1
-1
-1
-1
-1
-1
-1
-1
-1
-1
-1
877062422
-1
-1
0
-1
-1
-1
-1
-1
0
-1
-1
946138127
-1
0
-1
0
-1
-1
942935988
-1
-1
664160448
0
-1
-1
0
-1
-1
-1
-1
871759479
0
-1
0
-1
-1
976848499
-1
-1
-1
0
-1
0
-1
-1
0
801031404
-1
-1
-1
-1
974819229
-1
876968078
-1
966636080
-1
-1
-1
-1
-1
-1
-1
-1
-1
-1
0
-1
-1
896090022
0
668614441
928367199
-1
-1
-1
-1
0
0
-1
0
-1
-1
-1
0
-1
0
-1
0
-1
-1
-1
0
-1
0
-1
-1
-1
-1
-1
0
-1
-1
0
977092632
0
-1
-1
-1
-1
-1
-1
942935988
869114077
0
0
-1
0
0
0
-1
-1
-1
-1
-1
-1
-1
978451715
-1
-1
899062603
-1
-1
-1
-1
983589287
0
-1
-1
0
-1
746734001
-1
-1
-1
-1
-1
-1
-1
0
-1
-1
-1
0
0
-1
-1
-1
0
-1
895395119
977467946
974819229
-1
-1
-1
-1
0
-1
-1
-1
-1
-1
-1
741110165
-1
-1
0
0
0
-1
983414566
998745530
973968179
-1
-1
0
0
983589287
-1
0
-1
-1
-1
942935988
-1
-1
-1
969256637
-1
-1
0
-1
-1
-1
-1
-1
-1
0
-1
-1
964525752
-1
-1
-1
-1
-1
-1
-1
-1
-1
896090022
0
983589287
0
0
977467946
880517535
-1
869114077
0
-1
-1
0
-1
-1
-1
-1
-1
-1
0
-1
-1
-1
-1
974819229
0
-1
0
-1
0
926052889
-1
0
899062603
-1
-1
0
-1
-1
-1
944704410
955905597
-1
0
0
-1
-1
-1
0
-1
0
-1
-1
-1
928824711
0
-1
-1
954170939
-1
-1
0
909043141
-1
-1
0
0
-1
-1
0
-1
-1
-1
0
0
-1
0
969139570
992578630
916274875
-1
-1
714077466
-1
0
827332679
-1
940411275
0
-1
-1
-1
-1
-1
-1
-1
-1
0
-1
0
-1
-1
-1
0
-1
-1
-1
-1
-1
0
980615245
899062603
0
-1
895952892
-1
-1
940411275
-1
-1
-1
-1
-1
-1
-1
-1
-1
-1
-1
-1
0
-1
-1
0
-1
-1
0
530809767
-1
0
-1
-1
-1
954362713
-1
0
-1
-1
-1
0
-1
-1
-1
840589859
830453790
0
-1
-1
-1
0
-1
-1
-1
0
-1
-1
977467946
956203468
-1
-1
-1
0
-1
0
-1
-1
-1
-1
0
-1
-1
-1
939455085
-1
0
0
-1
-1
0
-1
0
-1
-1
-1
928037670
-1
0
-1
-1
-1
-1
-1
-1
826274632
-1
-1
-1
-1
-1
-1
-1
-1
928469228
-1
-1
974819229
-1
0
-1
972033229
-1
0
-1
-1
0
-1
0
-1
0
0
-1
0
0
-1
-1
-1
-1
-1
-1
-1
0
-1
-1
-1
-1
-1
-1
0
-1
-1
-1
-1
-1
-1
0
0
-1
-1
-1
-1
-1
916274875
996375028
0
0
0
0
-1
0
-1
942935988
-1
-1
-1
918724329
-1
-1
-1
-1
0
928037670
954362713
-1
0
-1
-1
0
-1
-1
-1
-1
-1
-1
-1
974819229
0
948706729
-1
922567477
0
0
-1
0
-1
-1
-1
-1
0
983537767
946138127
891193110
944172813
-1
-1
-1
-1
-1
-1
-1
-1
-1
-1
869114077
-1
-1
-1
0
0
-1
-1
-1
-1
0
0
-1
-1
-1
-1
-1
-1
-1
-1
-1
0
961163164
0
-1
945192534
709298089
0
-1
-1
-1
-1
0
0
0
-1
-1
974819229
0
0
0
-1
0
842002861
-1
882539596
0
-1
0
-1
-1
-1
-1
-1
0
916274875
-1
-1
0
903447824
0
820820570
977467946
-1
-1
0
-1
-1
-1
-1
-1
0
955767250
-1
-1
-1
869114077
974819229
-1
-1
0
-1
-1
-1
-1
-1
-1
-1
0
-1
-1
-1
0
-1
-1
0
0
-1
989173862
963090581
-1
976848499
-1
0
-1
975956615
0
996375028
-1
-1
-1
-1
-1
-1
-1
-1
-1
-1
0
-1
0
-1
-1
-1
0
-1
-1
-1
-1
-1
-1
0
-1
-1
-1
974819229
-1
-1
-1
0
954470797
0
-1
949110654
-1
-1
0
-1
895969913
-1
-1
-1
-1
-1
997585288
0
-1
-1
927326590
849953911
-1
-1
-1
996536690
0
-1
-1
927326590
-1
-1
-1
0
-1
-1
-1
-1
-1
-1
0
928037670
0
-1
0
983697892
-1
-1
-1
-1
-1
-1
-1
915732121
-1
961518713
975051889
811924264
-1
-1
-1
0
941852897
-1
-1
916274875
0
-1
-1
-1
-1
-1
877815271
-1
-1
-1
-1
-1
-1
-1
-1
-1
-1
0
0
-1
979426103
0
-1
-1
-1
989312765
-1
-1
-1
994524595
-1
-1
-1
-1
870677923
-1
-1
-1
-1
-1
0
-1
-1
933450798
-1
-1
-1
-1
-1
993338270
0
983589287
855713159
0
806067790
-1
0
-1
0
-1
-1
-1
-1
-1
0
0
-1
0
-1
-1
-1
-1
-1
-1
0
-1
-1
0
-1
-1
-1
-1
-1
-1
-1
0
974819229
-1
0
0
-1
-1
0
738075780
0
990770654
-1
-1
-1
-1
-1
0
-1
-1
-1
-1
-1
-1
-1
-1
-1
0
-1
-1
-1
-1
-1
-1
974819229
0
-1
993338270
-1
0
-1
-1
828583738
0
-1
-1
-1
-1
977092632
0
0
-1
0
-1
-1
-1
0
-1
-1
-1
-1
973968179
-1
-1
-1
-1
-1
0
-1
-1
947713313
876968078
-1
-1
0
974819229
-1
0
-1
-1
982309832
989312765
0
0
-1
-1
-1
0
802913261
713580086
-1
-1
972942018
0
-1
-1
0
-1
0
0
0
-1
-1
0
937270160
977467946
-1
-1
977575962
-1
-1
-1
-1
-1
-1
869771281
-1
-1
992410385
-1
-1
-1
966798744
0
-1
-1
-1
-1
-1
-1
0
-1
-1
-1
-1
-1
-1
-1
-1
-1
-1
991826117
-1
-1
-1
-1
-1
-1
-1
-1
-1
-1
975212197
-1
-1
0
-1
-1
-1
-1
-1
-1
-1
977467946
-1
-1
0
928037670
-1
-1
-1
0
-1
933450798
0
-1
-1
0
877815271
-1
974819229
-1
-1
-1
-1
-1
-1
987802566
-1
0
977467946
896090022
929262176
0
841706785
-1
-1
0
-1
-1
-1
-1
-1
0
0
996099320
-1
-1
-1
759097798
-1
912539230
989048850
0
831246720
972471784
0
-1
-1
0
-1
0
-1
-1
0
748293745
-1
-1
-1
-1
-1
-1
-1
0
-1
-1
-1
-1
-1
922567477
0
0
957693236
-1
-1
-1
0
0
-1
-1
-1
-1
-1
-1
0
-1
-1
-1
-1
-1
-1
-1
0
-1
-1
-1
-1
-1
912998094
998745530
979659988
-1
-1
-1
0
-1
-1
-1
857392033
826689469
-1
-1
-1
-1
-1
0
-1
-1
-1
-1
0
-1
-1
-1
0
0
0
-1
907382370
792363711
-1
977467946
-1
0
928037670
-1
-1
-1
-1
-1
0
-1
-1
-1
-1
-1
-1
-1
-1
896557307
-1
937095523
-1
-1
0
0
0
-1
-1
0
0
-1
-1
-1
0
-1
-1
0
-1
979142785
0
-1
0
948706729
977467946
-1
0
-1
-1
977467946
-1
-1
-1
0
907382370
937344919
944047171
-1
-1
895952892
946351393
0
0
-1
-1
-1
-1
0
-1
-1
-1
-1
-1
-1
-1
869114077
890021950
-1
-1
-1
0
989048850
-1
-1
-1
969285961
0
995986909
-1
-1
-1
977114722
0
-1
-1
-1
-1
0
-1
0
-1
0
875656887
0
909017601
940411275
-1
-1
-1
-1
-1
-1
-1
-1
927326590
0
-1
996375028
-1
-1
896090022
-1
888608624
0
957940375
-1
-1
-1
-1
0
-1
-1
0
-1
0
0
-1
0
-1
-1
709298089
988815020
-1
-1
-1
0
955767250
0
-1
-1
-1
0
571461164
0
-1
-1
974819229
-1
-1
0
-1
928824711
0
799573297
-1
-1
-1
-1
-1
-1
-1
0
0
-1
0
-1
0
-1
-1
-1
-1
-1
-1
898971163
852300934
-1
-1
-1
-1
-1
-1
-1
-1
-1
-1
-1
-1
-1
-1
-1
985119613
-1
0
-1
0
-1
0
-1
-1
-1
-1
-1
-1
0
-1
860271426
913959070
973224541
-1
-1
-1
977467946
-1
-1
0
-1
0
-1
-1
-1
-1
-1
973968179
826689469
0
-1
0
-1
-1
0
0
-1
-1
-1
-1
-1
955767250
-1
977467946
0
-1
-1
-1
-1
974819229
-1
793894178
971617508
-1
-1
-1
-1
0
997338500
0
0
0
-1
-1
0
-1
999319628
964427177
-1
-1
-1
0
-1
-1
-1
-1
-1
-1
-1
0
-1
-1
0
0
-1
990918187
913357543
-1
-1
-1
-1
0
-1
-1
-1
-1
0
0
961537764
0
927031790
-1
0
0
-1
0
765384863
991502482
0
-1
-1
-1
972446547
0
0
-1
0
0
-1
-1
-1
-1
-1
-1
-1
0
-1
0
0
827075982
-1
-1
-1
-1
977467946
-1
0
0
-1
-1
-1
0
-1
-1
961263859
-1
-1
-1
0
0
-1
974819229
-1
0
877976752
944704410
990770654
-1
0
-1
-1
-1
927375271
-1
-1
0
0
0
-1
974819229
0
-1
-1
0
-1
0
0
0
0
0
-1
0
0
-1
-1
0
828535201
-1
-1
974251128
944258973
0
-1
-1
0
898223288
-1
0
0
955767250
-1
-1
-1
-1
0
-1
-1
-1
-1
0
-1
-1
0
-1
-1
-1
-1
0
-1
-1
-1
-1
-1
-1
0
974819229
0
743621324
977467946
-1
0
0
979426103
960268156
-1
-1
-1
982781548
0
830453790
0
-1
-1
-1
-1
-1
-1
-1
0
-1
0
-1
0
-1
977467946
886467128
0
-1
-1
-1
-1
0
-1
0
0
876427053
-1
-1
0
963261012
-1
922254346
897167638
0
927326590
-1
-1
-1
-1
-1
-1
-1
-1
0
0
-1
-1
991676745
0
770109700
-1
-1
-1
-1
958425968
-1
-1
840589859
996762193
-1
-1
891277614
957719331
996536690
933450798
-1
-1
876226527
-1
-1
890873989
-1
-1
0
0
0
-1
-1
0
-1
-1
977429614
-1
-1
-1
0
0
-1
-1
0
995074145
993901526
941852897
-1
0
956723775
-1
985119613
-1
-1
-1
903447824
-1
-1
0
0
0
-1
-1
-1
-1
-1
-1
948004979
-1
0
-1
-1
-1
-1
-1
0
-1
-1
931358097
-1
0
-1
-1
0
-1
-1
-1
-1
-1
-1
920208522
762478627
-1
-1
-1
-1
-1
974819229
-1
-1
0
-1
977092632
-1
-1
0
0
-1
0
-1
-1
946740166
-1
-1
808047941
-1
-1
-1
986439500
0
916274875
-1
983589287
-1
-1
-1
0
940411275
0
-1
-1
-1
-1
-1
0
933450798
-1
920208522
-1
-1
997201492
-1
-1
-1
-1
902432869
954362713
-1
-1
-1
-1
-1
-1
-1
-1
0
-1
0
-1
-1
975212197
-1
-1
-1
-1
0
0
-1
-1
-1
-1
-1
915651488
-1
-1
-1
-1
-1
971553524
0
828535201
-1
977969491
-1
-1
-1
-1
957940375
0
0
-1
-1
-1
-1
-1
-1
0
0
-1
-1
949632139
778062381
-1
826689469
-1
-1
0
0
-1
0
-1
0
-1
997338500
-1
-1
-1
989173862
-1
0
953633496
977467946
0
-1
0
-1
969619524
-1
997201492
-1
0
868335481
0
-1
0
-1
-1
973968179
-1
-1
-1
907382370
-1
-1
-1
991047703
-1
-1
-1
-1
-1
-1
996375028
-1
-1
974819229
0
-1
0
-1
-1
-1
965708001
984156299
-1
-1
-1
-1
-1
-1
-1
0
-1
-1
0
-1
-1
977969491
-1
0
712950201
-1
-1
974819229
-1
0
-1
851583102
0
-1
-1
-1
0
996332011
-1
-1
-1
-1
-1
-1
-1
-1
-1
0
965464802
-1
983589287
-1
-1
-1
975697728
0
-1
-1
-1
973399922
-1
-1
705600937
-1
-1
-1
903447824
-1
0
0
-1
-1
-1
-1
974819229
940411275
0
-1
-1
0
-1
-1
-1
-1
-1
955767250
-1
0
0
0
-1
-1
0
885720808
-1
-1
-1
-1
0
-1
-1
-1
-1
0
-1
-1
-1
-1
0
820153380
-1
-1
840589859
881477506
-1
-1
0
-1
-1
0
-1
-1
-1
-1
-1
-1
-1
-1
0
0
-1
-1
-1
-1
-1
-1
-1
-1
-1
-1
0
-1
-1
-1
-1
0
-1
-1
-1
0
-1
-1
0
-1
0
0
0
-1
-1
-1
-1
0
-1
-1
-1
0
-1
978997137
-1
982781548
0
961045494
-1
979426103
0
-1
0
989374317
988662950
905469425
0
-1
974819229
-1
972982550
-1
989639832
-1
-1
-1
-1
0
0
-1
-1
-1
0
0
0
-1
-1
-1
0
0
-1
-1
-1
0
-1
-1
-1
-1
-1
872088015
-1
-1
-1
977467946
896008612
-1
983589287
0
-1
-1
0
-1
-1
-1
997201492
0
0
-1
986532653
0
-1
977429614
0
848073819
0
-1
948706729
-1
0
-1
-1
-1
-1
-1
0
-1
0
-1
-1
-1
-1
0
-1
0
-1
-1
0
0
0
-1
-1
974819229
-1
-1
907382370
-1
985260122
-1
-1
-1
-1
-1
0
0
758662053
852449295
-1
898971163
0
0
-1
0
996332011
-1
0
974819229
-1
-1
0
-1
991676745
982781548
-1
-1
-1
928037670
-1
-1
-1
-1
965708001
-1
-1
933715010
-1
903447824
-1
989295089
-1
-1
0
-1
0
-1
-1
0
-1
-1
-1
-1
-1
-1
907382370
0
977467946
-1
0
-1
0
-1
-1
-1
-1
-1
-1
0
0
-1
-1
0
-1
-1
-1
-1
0
0
-1
-1
-1
0
0
-1
-1
982781548
0
947498022
-1
-1
-1
-1
-1
-1
-1
-1
-1
-1
0
-1
-1
-1
0
-1
965708001
0
-1
0
-1
-1
-1
-1
-1
761090588
995074145
-1
-1
-1
-1
-1
-1
-1
-1
-1
-1
840804754
-1
-1
943005825
-1
-1
-1
995924469
-1
-1
-1
-1
-1
973399922
-1
-1
945317685
-1
-1
976848499
-1
972163821
0
-1
-1
-1
963261012
-1
-1
-1
-1
709298089
-1
-1
991826117
-1
974819229
0
0
-1
0
-1
-1
-1
-1
0
-1
0
-1
-1
977467946
974819229
0
-1
-1
0
0
0
-1
-1
-1
981496719
0
0
-1
-1
807312099
-1
-1
-1
-1
-1
-1
0
-1
-1
928037670
992525754
-1
-1
0
-1
-1
-1
-1
-1
-1
876968078
