-1
247062201
559083623
319768882
402145072
266209075
876213755
909246715
400538317
444851487
517645454
508289060
859561641
-1
400538317
455359895
531012476
-1
859561641
545328123
484667089
402145072
402145072
484667089
517645454
492059944
492059944
658205977
-1
859561641
492059944
492059944
-1
524871166
402145072
144289781
492059944
444851487
484667089
584781249
344350024
-1
484667089
471627138
822679994
471627138
484667089
517645454
492059944
-1
472057585
402145072
402145072
-1
484667089
492059944
517645454
-1
519595476
400538317
402145072
400538317
402145072
247062201
909246715
909246715
508289060
263111514
247062201
492059944
492059944
583434739
484667089
400897981
444851487
492059944
245884715
-1
492059944
402145072
-1
-1
-1
268205547
345994448
471627138
481863353
-1
303332923
347379494
519595476
402145072
-1
792927408
859561641
519595476
402145072
444851487
484667089
-1
402145072
-1
247062201
318336048
488687232
492059944
822679994
600519423
347379494
492059944
344350024
344350024
315964301
492059944
400538317
686356479
402145072
508289060
-1
492059944
492059944
492059944
-1
-1
161259797
338870230
124090221
481863353
792927408
508289060
438283976
402145072
842012910
-1
484667089
263111514
-1
444851487
402145072
658205977
828448983
492059944
-1
-1
402145072
-1
517645454
859561641
402145072
559083623
