-1
-1
526731972
612565851
563027597
619597406
772274720
-1
-1
-1
-1
608838197
-1
395056552
539108455
566481727
629684709
-1
885908689
609783982
600235246
-1
771734661
539108455
733274628
-1
510904380
564938074
561357604
-1
566481727
563027597
566335279
921409712
593317149
612783898
-1
-1
702852049
608528355
583739578
706296027
550588347
-1
-1
682051937
555523250
585023223
580140244
927231832
-1
649971235
637540252
558587019
668981374
619597406
789291499
813744657
694773379
-1
-1
-1
-1
-1
692081804
769963733
514750695
567917843
535051727
539060590
-1
597315985
529919599
597742332
695691785
599428105
-1
724508825
848917327
-1
563027597
-1
-1
-1
787068641
-1
-1
-1
581365470
-1
-1
593317149
688613080
-1
784551221
514750695
632866186
-1
539060590
652227535
-1
-1
-1
661386580
539108455
708506887
641445541
630618393
-1
-1
539060590
-1
-1
724475738
563027597
647351799
501702461
669666160
-1
-1
692446269
-1
716844456
697353109
-1
-1
-1
789827194
583766882
-1
-1
646275699
612512389
526718679
-1
706131966
-1
-1
632985639
553648688
755910291
953413303
629723720
511164353
623163276
-1
668981374
562589333
756683522
537557011
-1
600235246
-1
-1
-1
579584350
556092412
-1
-1
-1
-1
652845168
-1
639181981
637971423
626170573
-1
566481727
-1
632220164
565934907
645169418
577615491
-1
753202765
630618393
-1
627044679
636859422
568371625
610966890
669917333
540153271
886348175
-1
-1
-1
-1
-1
672434053
-1
653306653
-1
551446811
748648264
-1
494879813
-1
564390126
-1
-1
709723914
551446811
619260868
612111291
783575977
-1
-1
609925330
-1
514750695
875629371
566793915
-1
594980438
-1
551446811
704071214
599348944
-1
-1
600235246
-1
552169941
-1
-1
514750695
-1
561357604
613130618
635769606
-1
737851400
542711107
775356496
-1
551446811
-1
681736979
-1
542326210
-1
661386580
-1
-1
568362734
658212246
615802606
558777375
688613080
514750695
422143811
586736433
-1
-1
608528355
665103392
645169418
-1
-1
640671212
550742322
650369970
778184442
604766023
564390126
-1
-1
803432991
-1
-1
572915984
859151802
-1
-1
608838197
-1
736424563
789291499
632985639
578121856
679424814
556092412
556965997
445886989
613104667
705801931
-1
659968957
-1
670785881
-1
-1
505793285
-1
892267018
672412844
703037966
555417946
-1
-1
666939881
480797254
659024503
597290062
533568636
-1
619597406
-1
-1
-1
-1
539060590
-1
-1
717617581
545611004
619597406
540662925
574944822
594864732
758633693
-1
610991412
876323049
-1
-1
-1
552448727
-1
-1
-1
-1
660777497
489624314
-1
702866755
556092412
-1
604738629
622064887
673279952
-1
624541943
-1
701149604
766956815
608528355
-1
-1
-1
514750695
569971444
-1
625173762
625846137
-1
712320760
-1
606579884
-1
570264460
801665002
514750695
615802606
652887946
556548504
594980438
-1
-1
-1
509044687
-1
-1
671749893
609412674
652516201
621866009
-1
511204780
639065727
539060590
586736433
772716613
653593489
-1
618577216
-1
661173548
581365470
510381753
604738629
-1
642136884
610469555
650369970
600235246
569511762
-1
-1
-1
-1
-1
-1
-1
-1
-1
-1
566481727
566481727
539108455
552448727
668981374
-1
516844053
-1
552448727
566481727
-1
-1
547230330
-1
619597406
-1
648001211
856051465
518167870
542711107
-1
569327414
684286720
622757926
-1
855560673
780088125
608127894
597944893
798454773
574442517
555523250
-1
522779756
609048276
667188796
561357604
699903838
560142799
-1
748063294
562049679
-1
639248981
553215112
550309682
806001007
-1
-1
817866194
575381173
-1
550309682
694355929
534286097
-1
620011812
-1
462245267
-1
481322690
646404525
539060590
558663157
685762460
-1
712006027
-1
496927015
609463535
-1
738202722
615155147
763083409
518338047
-1
-1
-1
-1
-1
539108455
608838197
622665004
-1
586448058
-1
607707432
-1
-1
572867292
615802606
539108455
-1
-1
-1
-1
-1
-1
-1
588877775
686716497
-1
-1
-1
555739746
-1
539108455
552448727
573987757
-1
570264460
768621888
812896361
543155941
526718679
-1
-1
-1
629273274
604737184
-1
-1
538416231
515742645
-1
585981131
-1
481433606
702598258
537557011
581365470
-1
-1
548994005
-1
-1
943803032
575307419
-1
621452739
-1
-1
768543159
706540713
539108455
-1
-1
-1
-1
543155941
608528355
542326210
-1
537557011
-1
539060590
703788216
-1
806135945
-1
548994005
-1
574557594
555523250
625846137
419260470
950022077
-1
549729049
666407951
723257735
577367059
-1
-1
-1
-1
584576641
-1
639550677
591473844
974417052
-1
700481189
-1
-1
543155941
646990433
522416470
492757251
-1
-1
527048927
799672775
698039788
795472145
907434925
669965915
-1
696260412
-1
-1
-1
539108455
710439434
460309321
539108455
520528144
608528355
-1
-1
-1
493007194
660494846
-1
-1
543155941
-1
-1
707707288
703192874
642136884
-1
798454773
-1
-1
598798676
769294732
-1
-1
537557011
-1
-1
610167270
519496787
-1
942192332
-1
572351287
-1
608528355
690117105
621019499
769798419
572915984
725080560
858259811
-1
-1
545611004
543155941
543155941
914800157
543155941
-1
618577216
609463535
612898507
910641168
-1
-1
495072878
634575755
-1
583766882
543467997
698000141
-1
571699188
655436055
593317149
606847519
571594921
-1
646326036
643731722
-1
-1
596143984
571699188
785673811
-1
722184612
545430078
631089006
629723720
702546175
943803032
839881561
-1
588983308
-1
489895550
861761808
539060590
-1
539108455
765193655
665155427
486334930
639911871
608844472
-1
647872561
621019499
-1
943566240
-1
-1
-1
541898927
572867292
-1
653016154
-1
-1
-1
772119777
505391178
-1
-1
-1
725080560
621019499
-1
789827194
865057272
539060590
-1
597742332
-1
-1
-1
803261535
687615818
621842521
537571064
661386580
639065727
672544074
674383589
577973196
633182893
606847519
580752835
703788216
740922618
568962433
-1
537571064
-1
626170573
607856103
756643111
734795586
574280994
-1
586736433
594177088
-1
519496787
-1
580076431
-1
537324752
-1
555523250
-1
494175025
540200120
986176386
628841688
-1
-1
529996604
773046807
-1
553777189
-1
703141683
567917843
-1
539108455
-1
743044639
702301324
707360011
-1
605368057
-1
836194383
-1
-1
639920534
643731722
-1
583100197
-1
526718679
-1
467188377
815560706
653613312
-1
597640655
646361056
696093824
581167139
514750695
721373090
566335279
815594773
583739578
829224289
677194732
665103392
561000361
-1
715827092
-1
-1
536337923
724801673
-1
-1
567917843
514750695
724801673
774368070
726878891
599426995
556092412
810122789
834558799
537571064
758288168
529919599
539060590
-1
514750695
-1
-1
-1
564390126
672544074
801210252
545430078
-1
647015009
543155941
621452739
520842227
-1
542326210
748648264
728327641
560787678
-1
580752835
648791939
-1
951909114
795736043
653647628
526718679
587766065
526718679
621019499
514750695
-1
-1
608196599
608196599
610991412
608196599
-1
-1
-1
-1
-1
501702461
-1
522779756
608844472
537557011
609783982
452331025
537571064
-1
537571064
-1
850951040
657231032
-1
539060590
-1
539108455
-1
757449558
542326210
-1
580413954
829224289
-1
545778731
-1
508139467
603887559
-1
-1
523333142
537571064
-1
642136884
730362888
800874039
838256566
575240883
848535914
-1
627862594
552448727
619437087
-1
514750695
619437087
-1
553777189
-1
-1
-1
675344000
621842521
-1
858259811
-1
646275699
617353738
728985066
694954623
619437087
-1
-1
-1
-1
-1
-1
-1
716833163
-1
-1
-1
714722630
806001007
-1
807891736
611480833
-1
619437087
-1
-1
561357604
-1
-1
700481189
624787657
-1
-1
-1
623163276
538891990
-1
606847519
574280994
597742332
578121856
659103369
529996604
966988763
-1
943803032
566157107
679875384
626959177
537571064
-1
482555157
537557011
552448727
619437087
539108455
614910361
501812358
-1
646843654
501702461
-1
828173981
671370466
472415127
-1
624454660
-1
575408588
621019499
831810176
-1
510310219
627044679
677791932
692703320
621327200
-1
699797047
581365470
-1
-1
682051937
-1
612898507
-1
537571064
-1
608415349
-1
-1
593642897
-1
644317477
-1
642675285
570650574
-1
-1
542711107
-1
-1
-1
-1
606238498
750474934
552448727
554708055
958687854
643994379
638601052
-1
606238498
525117172
519223624
514750695
-1
575240883
-1
769798419
-1
-1
555523250
-1
665325246
-1
-1
-1
-1
675366895
716140947
-1
634377755
519223624
-1
-1
568498963
529010087
608838197
528770080
623973171
776902244
-1
575240883
-1
-1
-1
-1
-1
537571064
-1
-1
537571064
753202765
803432991
529919599
514750695
-1
-1
929033219
639920534
563391920
-1
-1
588428742
-1
-1
886009875
-1
571400423
734196292
570870932
574506338
548720787
-1
-1
-1
586736433
596608498
-1
539658724
533497073
742132740
676012341
523333142
583766882
501812358
-1
610223636
-1
581252187
-1
-1
501509598
716232473
-1
621528807
-1
689248728
529919599
-1
-1
577615491
510310219
607958369
-1
693775032
-1
-1
-1
849139099
556092412
-1
619437087
594261325
829224289
567455946
558907330
-1
653613312
-1
814324660
577973196
-1
619437087
626170573
-1
539108455
514750695
597742332
-1
539108455
790061994
730362888
-1
-1
685974356
-1
586709005
-1
480318864
710943526
-1
-1
-1
-1
585981131
607958369
665103392
-1
-1
642675285
922838489
608196599
-1
530220423
-1
-1
626099914
571400423
-1
-1
537557011
563391920
593091741
-1
539288126
-1
514750695
557477032
552448727
-1
753165635
545430078
686760703
555739746
-1
618138727
-1
587577268
-1
-1
-1
527066912
-1
607856103
-1
-1
522055011
628962592
585249493
607617764
751650382
512108424
-1
668778074
879396773
-1
543155941
798878291
639805710
648562604
-1
-1
978009015
621452739
-1
575240883
631405919
-1
580752835
602782089
-1
-1
685762460
-1
-1
603887559
621452739
616842179
598006887
722999857
537557011
-1
-1
695747020
798878291
543038379
555739746
-1
-1
-1
648333164
580752835
790245864
-1
-1
613896271
703885452
566335279
695179214
820341981
-1
574557594
600685301
-1
619437087
539658724
689226872
849139099
550309682
522055011
636859422
-1
543155941
617404833
-1
575240883
-1
-1
721769498
776419743
583766882
-1
501812358
-1
585549767
543155941
606238498
-1
747703587
916591846
-1
480318864
-1
-1
717247739
669240094
606238498
669917333
539108455
545909052
-1
-1
-1
-1
-1
734939742
-1
619397400
-1
-1
636859422
574442517
637508508
-1
550309682
-1
552448727
642159930
601792176
-1
571594921
716592745
-1
618411710
583766882
-1
699797047
543155941
-1
605368057
586329900
784074133
728242824
574506338
-1
-1
606238498
519223624
639248981
-1
555739746
695299796
-1
-1
566335279
-1
622592701
-1
-1
748267527
480318864
567247824
-1
619437087
862505373
522779756
723694399
-1
613823466
-1
753202765
-1
-1
-1
499389430
-1
-1
918000215
-1
679875384
-1
-1
-1
-1
642271802
646275699
529967530
548994005
607697111
621842521
-1
680591074
-1
-1
-1
688126905
-1
743356435
989119831
894389479
-1
-1
943803032
645327277
-1
-1
608838197
-1
736574097
-1
-1
646867687
790245864
-1
-1
-1
628841688
-1
-1
-1
703497529
-1
537557011
574559059
-1
-1
593237305
583766882
642675285
555523250
-1
-1
528941288
-1
-1
583467467
539576810
522779756
747152029
-1
-1
657366007
650369970
659968957
539559731
-1
-1
643994379
728060263
575240883
537557011
440213056
-1
519223624
787146777
481433606
512108424
593309057
553274845
-1
-1
726599600
-1
830893722
657046116
538671954
621528807
667793342
609463535
-1
781117977
747886521
581167139
607617764
775262454
-1
573336340
-1
-1
545430078
621528807
940318836
923320438
-1
596143984
901603973
-1
-1
568780908
628841688
647872561
-1
779962926
-1
694633203
669739670
522055011
738364829
453157182
-1
642136884
522055011
-1
-1
-1
306145420
-1
700532165
560142799
-1
599631915
642675285
829393075
549490698
857452892
564390126
-1
691630305
621842521
-1
808485658
703497529
-1
-1
736733799
-1
573987757
-1
609463535
-1
522779756
-1
642136884
608196599
-1
-1
-1
566335279
562344494
-1
-1
-1
-1
653794567
512108424
592031266
855281650
-1
661173548
537557011
750418750
-1
656488988
-1
555739746
-1
-1
-1
634276344
584637620
654246720
527425255
621019499
608196599
577973196
-1
-1
-1
608528355
670765413
646361056
510310219
-1
733029720
791556786
509625776
-1
510310219
655424569
748305830
772004940
-1
617205188
-1
686247551
522779756
720238468
-1
680267380
-1
-1
750418750
612884502
646867687
-1
-1
672366622
560818118
702249088
706625358
-1
-1
687743811
-1
609783982
623163276
-1
522055011
751560250
-1
-1
-1
661521291
-1
649415981
540545749
694682846
494175025
497603398
563105906
-1
-1
-1
695619173
486040913
673106464
527066912
-1
607764898
-1
-1
646867687
-1
725949488
511164353
650369970
537557011
-1
526718679
561789038
857341799
553274845
560142799
-1
-1
-1
-1
628841688
667203147
560369111
549490698
592001531
-1
-1
-1
-1
580009952
480318864
-1
-1
-1
-1
508940685
633768504
649181958
-1
-1
699797047
-1
610223636
-1
-1
552448727
-1
545228497
-1
529919599
-1
-1
519223624
-1
-1
497603398
659800142
-1
768104684
-1
646990433
633301540
514750695
-1
738712751
747734261
519223624
575408588
621842521
615802606
510581363
-1
572915984
-1
510310219
-1
642047129
812054406
566157107
-1
-1
609783982
629723720
800989629
-1
-1
-1
787146777
-1
605368057
-1
-1
-1
608528355
-1
731184751
875192791
750858363
-1
865159992
725080560
863264169
793939688
-1
-1
566825434
576729801
522779756
653593489
-1
-1
582011951
538416231
546296830
600685301
692346764
661386580
586736433
-1
-1
-1
665560491
583766882
540662925
693003975
497747340
782855745
-1
606238498
-1
511164353
-1
606238498
760031654
833483888
670785881
-1
537557011
738202722
-1
641484209
-1
-1
-1
580752835
-1
519223624
-1
-1
-1
723698199
-1
664439233
581365470
575240883
529919599
-1
-1
-1
-1
-1
-1
-1
606238498
559998442
573336340
-1
573336340
-1
-1
541898927
581365470
-1
-1
-1
762316934
725080560
572288659
608528355
874013863
569751684
608196599
-1
-1
621528807
-1
621452739
895910263
627561893
564390126
504171506
631336824
651151182
-1
618349870
-1
-1
581365470
-1
-1
750508273
753813392
893783368
530830757
588392838
629723720
-1
-1
506614029
-1
753202765
-1
537419766
466414878
608196599
539288126
618138727
583337493
540214826
612403480
527066912
-1
542326210
693308082
753756629
774437964
514750695
-1
527066912
539576810
479186471
570460552
586709005
592565445
-1
-1
-1
-1
796082220
703532460
689248728
672310458
798880900
-1
619597406
-1
728173522
550309682
687793447
586736433
769798419
627561893
753222467
619597406
782143038
512108424
-1
633301540
715223167
529010087
475142219
-1
551471423
522779756
603202305
-1
590238717
-1
-1
-1
795501118
519828344
-1
-1
-1
604225967
622710086
546755452
612898507
629066453
-1
-1
-1
-1
-1
592001531
-1
-1
-1
607764898
-1
628841688
537557011
613896271
608528355
492064889
627243983
-1
-1
519223624
527066912
670906355
-1
527066912
612844451
704098859
526173012
-1
562344494
-1
-1
-1
-1
698044094
586709005
553274845
470673670
645367585
881481132
570264460
492392412
-1
-1
575240883
522779756
677194732
-1
770091812
541611827
-1
623192609
488724704
475702795
782212411
608196599
510289325
614910361
921409712
529919599
-1
-1
638601052
566157107
552448727
526718679
527066912
-1
539576810
-1
568369498
784551221
-1
643994379
687759518
439553282
-1
-1
661805149
-1
604802116
570264460
839540001
941558272
-1
537557011
621019499
593929688
781404287
603202305
-1
755676046
574559059
625846137
648121749
-1
-1
-1
668063751
-1
560818118
628841688
562243044
612783898
734446003
486040913
-1
710415524
634291762
718969134
-1
621452739
549490698
-1
681449816
511164353
796167205
597114612
741196334
562344494
881388889
-1
800093147
695747020
529919599
585464519
-1
-1
290245930
866116350
-1
621842521
461887535
666407951
-1
-1
693003975
519496787
519223624
593931729
612403480
677194732
-1
685762460
574280994
622559267
511164353
608196599
-1
686716497
-1
650009218
642136884
575273042
548632768
-1
581365470
590981338
561941183
631154168
692997914
-1
-1
-1
586736433
852589588
750518349
737362676
-1
-1
824542921
639911871
-1
-1
633088448
663325859
-1
-1
633601848
668476396
672616581
669965915
537557011
-1
-1
689749861
-1
665382037
-1
-1
607696197
574506338
843164207
-1
784016245
609783982
-1
684192879
666896520
-1
-1
-1
707823432
746549790
-1
672544074
570985762
-1
-1
-1
717230377
587622030
-1
-1
-1
718578295
574669753
906728097
681846606
-1
511164353
690248114
567192915
577418150
-1
681070263
667188796
676439482
655424569
592031266
-1
545430078
643261290
-1
726599600
773708742
-1
693308082
-1
-1
-1
-1
-1
552448727
607696197
585437444
615802606
857751991
690994192
637969217
-1
672434053
630406363
-1
623973171
577418150
-1
-1
-1
608528355
805228767
-1
625846137
-1
-1
-1
678605639
-1
561789038
617404833
578127364
500317031
664444483
654729134
656488988
551371691
657768852
629066453
621019499
612950254
-1
762481308
-1
537557011
521832771
629764040
-1
600235246
-1
588392838
581097795
581373811
-1
-1
545909052
548994005
519223624
865695332
-1
-1
753813392
473934410
-1
-1
510217719
-1
560142799
586709005
-1
574669753
620964963
-1
681449816
-1
569547421
-1
521734130
849876528
523088492
519223624
-1
942192332
786030816
-1
498814944
-1
704639554
724508825
-1
-1
598426258
713323798
581953200
-1
496927015
841270471
619597406
808485658
-1
-1
555739746
-1
-1
-1
708506887
561260149
-1
667936628
-1
548994005
635110117
521734130
504505214
-1
574669753
854944918
672310458
596143984
600235246
852989557
699741506
574669753
742132740
535051727
-1
486040913
697645700
583766882
-1
-1
-1
789827194
511164353
-1
662700861
512007662
526718679
621019499
520303518
577418150
-1
552301928
-1
-1
-1
-1
667966566
587622030
629947732
602541487
604493070
-1
904107850
543799061
640099226
-1
674802610
753202765
662463324
-1
-1
626426391
-1
-1
656269716
629947732
501509598
-1
577973196
840359589
-1
663699915
-1
502734627
470782880
-1
-1
-1
-1
496927015
523088492
759276136
-1
-1
-1
567247824
-1
620964963
-1
748872359
-1
974585508
-1
-1
833086635
-1
715259814
-1
347019218
-1
573336340
574669753
732544194
-1
560142799
738202722
588392838
756643111
588782021
-1
-1
405299023
-1
755707395
751295095
-1
-1
723555427
-1
706667983
547230330
-1
-1
-1
535051727
486040913
556965997
622114508
617585563
-1
-1
874048229
769963733
-1
-1
555739746
592031266
-1
676979029
681120994
-1
632866186
-1
522949004
648562604
567247824
829817967
710439434
-1
698797340
620964963
-1
537557011
596340006
839540001
827781209
-1
941591226
-1
433665875
670906355
-1
-1
681449816
-1
-1
-1
-1
565883945
-1
555551360
657231032
-1
806925821
-1
668476396
-1
-1
-1
779062293
-1
510273329
555739746
627044679
-1
-1
555739746
529090415
-1
-1
876514648
-1
567521025
545611004
686716497
-1
647954121
683369789
798295603
-1
699741506
-1
-1
-1
726951637
711342790
638973657
653515216
-1
-1
608838197
687432352
707933088
565883945
529919599
608196599
608528355
592565445
538908294
537571064
756255579
-1
-1
676439482
-1
655322714
655999216
576115567
608528355
523088492
-1
-1
643731722
913909872
-1
-1
-1
-1
647802558
642148841
565883945
585023223
-1
542841548
592979760
667793342
618839325
-1
-1
491896784
-1
-1
-1
-1
-1
-1
-1
-1
560787678
537571064
-1
858178959
715223167
-1
953429962
692456152
-1
-1
587622030
577418150
-1
-1
666049424
586736433
633601848
-1
-1
-1
634604876
615802606
514750695
538891990
-1
-1
570650574
562589333
646867687
554798009
-1
-1
617585563
549490698
608528355
741096869
-1
-1
-1
-1
-1
608528355
543467997
594992061
797339364
814365797
-1
510904380
-1
598563682
-1
599981792
-1
608528355
655127472
-1
643261290
587802337
511164353
-1
-1
548994005
-1
730441301
-1
-1
-1
654729134
642148841
846970218
-1
605368057
514750695
608528355
-1
-1
537571064
550309682
686716497
805671540
568363093
-1
511204780
-1
743356435
770976170
753202765
-1
720765973
635493990
568363093
-1
-1
718579841
-1
-1
-1
-1
729105608
586736433
-1
750858363
-1
-1
-1
-1
903404891
545909052
-1
537571064
523088492
524660041
859919768
477262811
537571064
510310219
526718679
-1
-1
818532898
-1
-1
639681059
-1
519615607
-1
537571064
604225967
-1
966988763
523088492
537571064
577418150
643731722
-1
-1
603202305
576785471
-1
-1
-1
-1
664223448
581953200
-1
-1
-1
664613128
561789038
537571064
587124596
510904380
617649066
708456544
769963733
522055011
-1
429415060
-1
546296830
514750695
512818423
-1
573336340
592031266
-1
-1
-1
577284108
428249815
-1
577418150
-1
575240883
-1
-1
537571064
-1
605025529
-1
-1
578121856
-1
-1
534335295
645169418
-1
472418123
511965469
-1
-1
699741506
523088492
-1
618349870
-1
-1
821058517
597270053
-1
656830779
638534845
787241824
608528355
414453132
549490698
-1
648137262
549490698
579796829
-1
-1
566157107
-1
603202305
569511762
543155941
457495676
555551360
537571064
863264169
656488988
-1
668476396
545909052
618349870
599284749
759943612
-1
584637620
473038068
-1
-1
-1
-1
460951841
711177650
905001765
604099023
510217719
-1
-1
510289325
562589333
-1
-1
-1
-1
537571064
520441463
901603973
623163276
576975642
-1
643261290
637371461
529996604
785912648
627044679
570398397
648121749
-1
487451088
566553877
572867292
-1
-1
884402042
890114389
-1
556548504
742501013
633088448
747734261
608196599
582599119
659705352
-1
511164353
643731722
-1
568363093
598090827
565228131
-1
-1
-1
724801673
644726865
539658724
941687415
767265971
553777189
-1
828966757
667966566
-1
539576810
686716497
608415349
580514949
542841548
847431250
535238459
-1
607764898
633601848
644310849
634217273
-1
-1
809273758
568363093
626170573
-1
529996604
513680090
736777184
568363093
519160801
-1
560142799
701325942
750418750
570822712
537816312
-1
-1
-1
522728580
-1
868547050
538637976
588782021
555523250
608528355
-1
765127974
611863317
-1
568363093
556230510
569401179
-1
491909778
555523250
626170573
-1
680591074
508985358
623163276
-1
519160801
-1
-1
638973657
551446811
684971516
-1
-1
630406363
-1
516410050
539658724
684286720
685762460
-1
687431689
-1
-1
607764898
-1
560142799
-1
-1
-1
527425255
537816312
721769498
-1
-1
849876528
-1
-1
-1
-1
-1
738049556
560369111
608528355
825243561
-1
-1
581252187
634604876
-1
537816312
609733297
598563682
604766023
-1
537571064
-1
705091430
537816312
526718679
702315123
592031266
-1
707612762
-1
-1
677253614
547964632
466416727
592031266
704464259
821117902
-1
-1
-1
-1
-1
585023223
543155941
762423948
659450095
-1
510904380
639920534
581953200
537816312
672544074
-1
582599119
876909233
920100682
572550219
674999587
-1
547964632
537816312
543155941
958150352
568363093
577418150
-1
607764898
590370208
529919599
608196599
626889306
625846137
-1
754390704
721313885
634604876
-1
745518337
791551071
545909052
605894859
686716497
-1
716844456
802052402
566157107
543155941
694497184
-1
617158456
608528355
-1
545909052
811799579
736777184
537816312
537571064
-1
608196599
-1
617353738
510904380
827583553
517722643
579043775
888364667
497603398
547964632
681057059
566553877
-1
889368565
-1
-1
-1
-1
-1
-1
-1
566335279
559359502
-1
741992440
-1
551446811
597742332
600685527
765155692
-1
728439667
635571857
580140244
-1
-1
-1
669468126
-1
761851799
553274845
-1
-1
545611004
577418150
662051245
577884622
829348726
543155941
-1
651151182
-1
-1
620964963
-1
590560977
581252187
788609386
594375829
-1
773507496
-1
510289325
594980438
-1
-1
656269716
756643111
632866186
667464691
629723720
606595254
-1
568683602
712693564
527425255
525187936
572988941
668778074
482797313
510273329
567192915
682249945
-1
566335279
416705876
770506020
668281890
664613128
-1
486334930
549490698
-1
-1
-1
585194772
-1
523088492
734719858
660348271
598798676
920669989
-1
606278696
-1
566335279
622665004
543155941
577418150
-1
608196599
659908470
-1
577418150
566335279
526173012
772175884
625590525
-1
605380379
608196599
566335279
-1
616455568
-1
-1
-1
658472881
539108455
-1
640509728
629947732
655999216
-1
804231940
-1
666660368
597523455
621627785
646326036
547964632
-1
894120811
592031266
538891990
640509728
537571064
712320760
621528807
522416470
545316153
647872561
-1
-1
-1
-1
568363093
883025858
645169418
637400066
569869116
665843352
549490698
771248652
574442517
719801095
-1
790245864
-1
570650574
-1
566335279
-1
762316934
537816312
-1
677253614
580303603
-1
649589846
-1
555523250
-1
-1
-1
594932738
130977578
609526556
623163276
679905243
545891554
633088448
-1
678954047
608196599
828540869
-1
-1
539658724
-1
562344494
570822712
656751506
615044488
-1
793939688
-1
577982765
-1
581891959
-1
-1
575086454
834377366
-1
561407318
-1
505793285
547964632
675398623
545430078
594229407
537571064
746902109
-1
662091837
603887559
549551330
-1
-1
538891990
610194229
725949488
672544074
510217719
534055545
612898507
541599340
537571064
-1
876546027
-1
566022260
639550677
607696197
539108455
539658724
-1
794047067
-1
-1
561998327
-1
-1
-1
-1
-1
-1
-1
-1
691853933
707360011
-1
573336340
548994005
698000141
-1
-1
553274845
-1
632866186
549251288
751650382
539108455
-1
-1
664702459
623973171
-1
-1
769991912
-1
561789038
-1
-1
536543312
583270774
728983237
-1
530998463
-1
-1
-1
510581363
634604876
893680610
-1
820065226
560818118
488221369
-1
893783368
570870932
666896520
-1
813580290
-1
-1
527066912
594992061
581252187
-1
529967530
-1
813536918
572550219
889992373
547964632
537410153
694416971
-1
543155941
-1
594992061
966988763
-1
670447981
687759518
-1
800854766
-1
-1
547964632
-1
546296830
623163276
-1
630858415
718828946
558373909
547964632
-1
669508538
-1
569456495
539108455
-1
603065804
527425255
597640655
-1
-1
672032760
566825434
-1
681449816
523088492
-1
-1
671370466
-1
-1
-1
-1
581252187
-1
594980438
612950254
-1
-1
671969998
585451118
582599119
-1
580303603
580303603
907434925
511876866
494156550
-1
-1
594980438
-1
863264169
529917988
-1
-1
537571064
854507824
660542794
639550677
-1
798454773
537008188
-1
-1
528620958
537571064
615802606
-1
630305386
806660114
969700907
-1
592565445
-1
698158486
-1
640509728
756255579
-1
-1
-1
-1
804031254
-1
628522915
539108455
581252187
881200881
559108077
-1
700455059
539108455
608334447
494156550
594229407
-1
784406137
586001614
-1
625682558
-1
-1
728159428
825610672
698529926
545891554
-1
575307419
-1
656864005
772274720
-1
-1
585685146
540099491
803432991
465095504
526475792
731054883
-1
637731118
-1
-1
562589333
540099491
-1
719974842
-1
735878638
785111536
713322039
-1
-1
582081481
564390126
920121650
-1
737229387
618777760
-1
763422322
797339364
-1
570650574
-1
566335279
-1
-1
-1
646867687
-1
-1
610196609
482797313
529996604
805800568
567102020
-1
702100264
640509728
615802606
-1
573336340
473038068
-1
732185213
546296830
642675285
-1
-1
650369970
542711107
-1
-1
527066912
792316507
582599119
589584288
654246720
566335279
540099491
508985358
-1
-1
707913537
576362280
591977661
-1
724475738
668352162
-1
583041264
-1
543155941
606278696
712013513
-1
-1
-1
543155941
534055545
566335279
623610542
-1
700718248
-1
-1
617205188
737362676
-1
698158486
629947732
-1
-1
-1
893680610
534055545
539108455
653046086
-1
618127733
627243983
-1
606278696
594229407
601852090
-1
-1
-1
662589119
540099491
486040913
-1
751295095
-1
-1
622592701
641353147
833086635
-1
562344494
542711107
532836169
581953200
-1
-1
-1
-1
560331469
610196609
537816312
542711107
681736979
-1
403535740
731979934
-1
-1
497603398
635074000
-1
527066912
713323798
-1
570870932
-1
-1
-1
566335279
842493766
691566348
594724891
670889066
598110882
510217719
713283575
-1
672407121
679964456
547230330
504967605
772644465
-1
860659473
540099491
557936246
788578522
522416470
-1
629066453
901756254
-1
609733297
-1
-1
788609386
632866186
-1
843596351
656488988
822702223
-1
775285647
665438211
543155941
707360011
-1
-1
-1
800994545
539608817
-1
703192874
531317953
520303518
744046781
529010087
606278696
-1
914933240
567450434
-1
566335279
-1
-1
606278696
814449042
548994005
-1
555523250
581258514
527066912
540099491
-1
510217719
-1
803798549
-1
-1
494175025
-1
781404287
726951637
-1
556472375
941591226
629947732
481651886
560331469
750547195
-1
752311609
-1
589945019
697504181
-1
543155941
-1
-1
-1
494175025
605894859
560787678
785899532
691566348
561789038
584142324
540099491
-1
-1
634571304
881200881
577031252
-1
-1
652713751
540099491
510217719
-1
566335279
588782021
731054883
584420883
-1
682916925
-1
-1
526718679
480446906
540099491
617723370
525478928
-1
556379040
650062585
540099491
-1
-1
540099491
473934410
-1
676979029
490032216
-1
-1
-1
-1
540099491
-1
616147892
615035880
628651813
540099491
562344494
-1
-1
617723370
-1
448480297
586170437
704224379
-1
774141762
-1
-1
-1
527957073
-1
-1
-1
-1
630877522
589895728
570822712
-1
611386971
-1
-1
374497071
547219718
-1
863264169
-1
608844472
601852090
-1
-1
849908045
-1
629947732
442941005
570222386
-1
-1
628651813
553866407
565555180
601852090
-1
593808059
718636649
780054024
750076409
-1
668535335
614261135
774720343
618295131
-1
-1
-1
656488988
-1
826671473
-1
-1
-1
671237162
829154957
543155941
-1
608844472
-1
-1
587083945
543799061
-1
540099491
-1
834714793
-1
-1
537571064
718116410
582599119
699668893
-1
-1
-1
769963733
785673811
-1
-1
668969936
-1
786030816
614173921
575273042
540099491
873041927
540099491
617404833
-1
-1
533497073
589895728
594966762
524669505
707360011
704639554
-1
-1
-1
601852090
-1
494175025
672544074
-1
-1
678019277
680591074
897054690
-1
587083945
-1
-1
607856103
585226803
602629519
559113602
-1
804231940
538671954
537816312
583766882
-1
-1
555523250
674999587
575307419
576785471
-1
-1
598798676
617480312
901162230
667188796
618127733
781182699
-1
662589119
726951637
-1
628225884
669925174
743044639
743274544
542711107
633601848
726951637
513217570
649456065
-1
-1
629947732
649398507
-1
653593489
540099491
-1
634973220
837008882
702273031
-1
-1
683783735
537816312
815594773
537571064
651151182
-1
589788033
510217719
-1
569830008
789291499
678922743
769657170
-1
-1
535051727
601852090
-1
-1
473934410
538671954
633174972
537816312
549551330
659968957
-1
-1
540099491
-1
-1
-1
583572319
603065804
831810176
614261135
-1
540099491
-1
-1
656864005
637400066
606847519
520303518
-1
679419863
542711107
867607638
-1
538012614
757052950
574377729
-1
-1
-1
654255461
808412083
848674265
829131158
522416470
566335279
-1
-1
589895728
-1
-1
588853529
681576324
751474409
728886634
655999216
537816312
604173573
654729134
-1
-1
-1
-1
540099491
540099491
684440736
603465047
-1
-1
-1
540099491
-1
651151182
494175025
-1
531814575
555523250
-1
-1
813700224
-1
654411627
768621888
589895728
690248114
650493231
540099491
-1
608844472
-1
582599119
-1
721373090
628636230
-1
-1
-1
554493947
769250996
663624565
588975074
-1
772335595
621225288
660130941
570870932
-1
593469275
602076588
619883330
529996604
-1
568369498
-1
-1
-1
562291613
-1
573336340
576666309
667936628
-1
690350410
-1
628046081
534055545
-1
604747630
-1
855281650
-1
-1
686350208
815594773
657236408
-1
-1
-1
-1
-1
581953200
639181981
653613312
661173548
-1
535051727
681443918
594966762
-1
523088492
570650574
817866194
-1
-1
-1
-1
537571064
-1
-1
-1
-1
579361792
800854766
543155941
716169475
676439482
537008188
510289325
-1
-1
664613128
593808059
584606933
779760786
-1
-1
-1
651151182
-1
644021699
-1
593642897
594980438
540099491
-1
-1
-1
-1
590145630
649181958
-1
-1
-1
-1
540099491
-1
756215358
543799061
543155941
-1
-1
-1
559359502
-1
-1
776064078
585451118
703077319
-1
645641368
-1
656931356
724141989
-1
-1
821823058
-1
501702461
-1
-1
523088492
-1
-1
643731722
-1
-1
708121675
586157252
687615818
767684121
-1
653613312
697069534
762312869
486758371
-1
-1
507859109
562589333
-1
-1
699643063
-1
-1
540099491
-1
562344494
720716936
-1
-1
853179964
720716936
-1
823006336
726951637
556548504
543155941
682103499
671869989
-1
-1
-1
620197423
627052157
909139564
540099491
-1
-1
-1
597742332
-1
586170437
755416416
540099491
875192791
-1
-1
612783898
726054918
-1
540099491
540099491
712425291
804231940
555551360
543155941
632982593
693954020
618839325
-1
622452702
475428839
822146091
-1
627862594
584954141
780529606
724813316
-1
727397896
-1
600657511
489956142
-1
-1
-1
-1
-1
685949395
-1
644186747
-1
662133759
540099491
-1
666407108
-1
-1
544266457
-1
-1
-1
536018141
-1
695272571
551879774
629764040
-1
-1
-1
658837236
-1
594229407
535051727
687432352
-1
817866194
-1
661190828
629720620
715375348
845374280
485720145
703192874
493007194
826186568
-1
537571064
646867687
610966890
-1
568248506
623780020
637119697
-1
510217719
-1
671442102
660108681
567450434
602002119
-1
772439824
-1
553764247
650975792
-1
-1
614117497
-1
597640655
663365810
616859267
590388914
-1
615802606
760981770
925325793
555739746
55395505
-1
620560666
567031836
529877021
543155941
-1
-1
-1
-1
608844472
642675285
705113424
707823432
543155941
-1
-1
594229407
544469737
-1
581252187
545909052
529010087
-1
757339906
543155941
609194131
510680307
-1
-1
629720620
583041264
765154544
594229407
626732088
-1
821117902
582011951
-1
535051727
-1
-1
589226391
-1
-1
-1
-1
-1
-1
649783766
540099491
769294732
693195834
-1
843348599
549729049
-1
593522491
-1
-1
579584350
617984755
-1
608844472
-1
-1
540099491
831598779
-1
-1
573336340
-1
-1
534055545
-1
-1
611506084
721313885
546296830
-1
540099491
-1
888364667
-1
641508331
-1
-1
540099491
660348271
625682558
587083945
-1
-1
686247551
494175025
540099491
-1
568362734
-1
730447447
592565445
551349102
-1
579796829
859453037
-1
569869116
545371343
-1
-1
-1
585023223
634291762
671370466
-1
473971292
628095948
958150352
-1
610744859
711343024
526475792
745231163
586157252
591373456
787439045
550309682
597183177
657239338
639796822
809012604
577418150
577418150
836194383
608844472
801291446
648017731
543155941
555612727
-1
-1
-1
597183177
-1
654678924
-1
583041264
640709171
865431054
-1
629341924
-1
592217073
609194131
624541943
-1
-1
-1
670447981
577418150
629947732
-1
713092707
555612727
678131269
-1
690107793
-1
-1
-1
640856871
537571064
-1
708434670
-1
-1
510289325
634346364
546714567
-1
-1
494175025
-1
537419766
787068641
-1
687615818
586157252
657236408
662589119
542711107
494175025
545909052
-1
745514072
789418172
540099491
618839325
684495468
692155991
822146091
506614029
664444483
583766882
543155941
758620369
745909481
609463535
716833163
-1
-1
-1
523088492
606278696
551999831
-1
-1
603065804
-1
735923358
-1
714722630
-1
589895728
679169212
808485658
686350208
616434205
608844472
584606933
-1
600125802
660348271
-1
-1
548105988
845313663
-1
583041264
-1
587083945
-1
-1
-1
540099491
528687189
527957073
545891554
-1
-1
637400066
716451972
-1
-1
784576658
-1
777265464
685057949
-1
537816312
597213100
-1
-1
545909052
756255579
-1
564390126
633182893
522416470
577418150
583041264
717692322
-1
633787061
-1
760031654
621820233
821577081
-1
-1
-1
649783766
827446821
-1
-1
764734931
-1
616650641
614881311
-1
659716775
597213100
941591226
-1
663365810
651151182
622757926
687409397
674999587
787943736
540099491
555612727
-1
-1
800144559
-1
736650287
-1
397832943
-1
-1
540099491
-1
-1
618127733
627651897
514834548
644310849
612111291
629897388
609733297
-1
633956647
-1
-1
-1
537816312
626899605
637400066
-1
590145630
529010087
613896271
-1
-1
604284658
-1
850993717
797069275
628225884
-1
656488988
-1
-1
548720787
798880900
729680950
676913257
637076669
-1
-1
635013200
-1
747101003
698797340
-1
737500778
-1
685949395
-1
-1
661173548
845432425
655234138
510217719
610196609
-1
-1
943566240
-1
546125432
-1
543799061
796074113
-1
806435280
526475792
562582176
610991412
-1
645641368
-1
594229407
656488988
603454292
746549790
-1
636174415
622452702
769963733
712452403
524583791
-1
440213056
-1
897730764
666049424
-1
620596604
524669505
-1
600761062
-1
585023223
581830156
554528642
564390126
857500024
-1
-1
601852090
593094407
-1
558523205
-1
631930726
-1
647872561
-1
597183177
609733297
540099491
755291814
-1
-1
693308082
539658724
716592745
-1
616859267
651151182
-1
-1
797069275
635046015
-1
728327641
-1
562582176
-1
-1
-1
-1
616226884
542670776
662133759
667966566
629947732
888364667
621866009
-1
-1
566335279
707985740
836194383
791551071
625846137
-1
-1
572309548
558523205
540099491
654411627
671237162
-1
-1
573924403
585023223
540099491
644214854
579666005
-1
583966678
755676046
554704261
685407560
527957073
475428839
538012614
801210252
-1
596976838
494156550
-1
533497073
-1
574559059
580303603
535051727
684495468
-1
-1
-1
681449816
-1
-1
692887489
733723538
508550123
428431943
665155427
-1
-1
-1
-1
-1
-1
-1
-1
656488988
550990053
-1
581258514
639703361
-1
554244386
756643111
637679448
-1
-1
493007194
545909052
554217976
537571064
-1
555739746
-1
554217976
535051727
537571064
624651412
829348726
614261135
-1
600836332
564390126
842493766
535051727
-1
-1
580303603
679189019
585959370
-1
576209939
-1
691566348
686350208
-1
554708055
756255579
556472375
594229407
-1
710439434
541801568
935197290
882732414
554217976
637400066
374497071
567397131
858178959
543799061
-1
633956647
640085804
621586738
532599073
593808059
716592745
-1
-1
566335279
573336340
556472375
668795567
-1
-1
311254929
715936774
765193655
-1
-1
804231940
903657029
-1
-1
525238786
875192791
-1
564390126
573041918
558523205
-1
668691645
-1
-1
-1
845432425
632866186
-1
-1
574842594
541481421
601852090
-1
-1
-1
691304682
545909052
-1
-1
594966762
-1
-1
-1
540099491
545909052
562295442
552111762
589380254
534055545
-1
685949395
-1
-1
-1
566335279
-1
540099491
-1
-1
656831155
-1
-1
-1
804289158
495870294
-1
694689516
562582176
-1
-1
-1
-1
-1
573924403
619192746
438764303
-1
537571064
606278696
656653277
-1
-1
687409397
606278696
-1
562344494
567323351
-1
510904380
642675285
537571064
774239953
615181429
717387967
586170437
-1
-1
-1
-1
822686505
787068641
644726865
-1
-1
706197961
724813316
601852090
780383224
787943736
622592701
852989557
576663866
827655227
-1
653087743
537571064
572288659
814064290
537571064
847885862
601852090
535051727
823352002
622592701
538671954
600836332
582011951
838699307
-1
827184567
664240863
594348260
-1
-1
612857230
-1
590145630
622452702
-1
-1
-1
693954020
638049118
-1
834714793
-1
780383224
759276136
-1
-1
694416971
-1
-1
-1
527425255
634291762
656830779
-1
-1
879616346
-1
-1
606278696
565083761
564390126
608844472
-1
522416470
649493646
-1
522416470
595793512
592528077
-1
645641368
768954918
645641368
752311609
568369498
656488988
589895728
-1
796082220
632767991
617649066
-1
-1
-1
-1
-1
795521309
558373909
656488988
-1
566335279
-1
622452702
-1
601852090
-1
474990355
503564050
523088492
644310849
553563849
535051727
534055545
-1
829936684
966988763
-1
586157252
-1
588188823
485649053
845432425
-1
583041264
-1
529010087
570222386
-1
-1
488221369
-1
643459601
-1
716592745
678642214
641445541
631593593
639805710
720238468
593642897
897730764
643731722
-1
700383847
535051727
-1
628095948
-1
-1
590145630
-1
-1
569751684
583041264
487874849
-1
-1
535051727
-1
566335279
757768823
727660119
535051727
553777189
-1
-1
554244386
523088492
596143984
601852090
679169212
-1
-1
-1
-1
667966566
597640655
691566348
583041264
623780020
640858003
813395075
812529715
833464703
591103251
-1
715064280
604284658
703077319
652922604
941591226
655707877
538671954
-1
703141683
-1
-1
-1
585464519
562582176
566335279
577973196
-1
667966566
716940074
762463570
879460651
-1
-1
-1
537571064
537571064
559113602
663624565
783084933
-1
-1
607764898
577284108
664240863
-1
-1
583766882
-1
770506020
640509728
658472881
572487615
592565445
-1
609733297
686247551
624457308
-1
609733297
629723720
496055671
-1
-1
755202197
-1
540099491
749542298
-1
-1
519223624
-1
551465858
-1
-1
800854766
659202041
-1
669240094
-1
-1
629897388
668969936
-1
-1
540099491
573336340
840403411
629723720
543799061
606278696
590145630
-1
570398397
865057272
703192874
583766882
-1
865713467
-1
-1
-1
769082321
800854766
-1
-1
587083945
-1
529967530
-1
829348726
566157107
-1
538671954
570870932
604755524
576115567
833086635
-1
539577920
637400066
-1
509461555
-1
-1
537621811
698158486
688230924
687759518
-1
-1
-1
634604876
-1
935197290
-1
698529926
780993064
691542329
-1
762463570
583226835
687409397
657090155
-1
589555632
577367059
-1
835513578
509078775
610196609
656373921
-1
-1
-1
560142799
-1
529784630
829224289
592565445
-1
509729738
399917650
526118863
604766023
606278696
642611423
578900304
623056437
809012604
-1
690796251
488724704
765198991
519496787
-1
866116350
-1
630539965
642108587
963515299
-1
481433606
-1
593522491
577367059
538012614
-1
559113602
-1
692471309
622452702
-1
-1
-1
-1
535051727
537571064
622452702
-1
625846137
-1
782999151
-1
701956586
774239953
-1
-1
-1
668691645
537571064
800487466
609733297
-1
788501971
-1
560331469
-1
527482843
-1
-1
-1
-1
623056437
503564050
578964533
609733297
609733297
-1
-1
644021699
932378139
555551360
633174972
549870134
-1
589895728
566335279
-1
665513107
690796251
-1
562227488
564390126
535051727
551446811
-1
-1
628046081
542711107
725289314
-1
921409712
-1
-1
-1
576223204
-1
594229407
667096494
879089202
548720787
768882175
-1
-1
-1
-1
-1
-1
-1
628925364
677595801
-1
601110907
554208636
742184540
719772732
-1
655134655
582702601
623163276
594229407
-1
494156550
543799061
667793342
570870932
-1
538637976
704224379
-1
558798309
523305063
-1
606847519
582702601
-1
818532898
597923703
242710160
-1
560331469
-1
893179915
633787061
863264169
-1
-1
-1
-1
593094407
672544074
516711832
739005523
935197290
-1
-1
734813267
-1
-1
566335279
744300229
569437751
628651813
534055545
-1
572951795
570870932
-1
644804176
494175025
679106109
-1
-1
878418158
703192874
545557907
564390126
-1
537571064
620893189
764539685
-1
657236408
703147994
-1
-1
531760754
-1
593808059
582046979
690796251
594261325
-1
362327437
-1
535051727
-1
-1
-1
573987757
-1
-1
606847519
535051727
566335279
546075529
-1
-1
535051727
572487615
644004591
-1
-1
621866009
-1
570870932
598110882
638305566
-1
560369111
606278696
785912648
540099491
-1
639429590
-1
-1
605894859
694497184
-1
582493661
679106109
713260275
-1
875629371
630820843
480776660
-1
543799061
635297843
689274075
695355125
-1
-1
-1
572487615
547230330
675995499
535051727
-1
593094407
-1
539577920
569751684
-1
-1
593094407
617158456
587083945
-1
529793293
-1
588188823
-1
-1
656864005
662589119
604737184
562344494
612950254
-1
703969635
580403238
535051727
-1
-1
-1
597640655
691566348
660108681
655424569
494175025
-1
-1
578900304
583894380
-1
-1
762312869
710795762
-1
-1
588782021
-1
-1
-1
684495468
604284658
624045559
632277651
644214854
732073091
560096615
553777189
565083761
621866009
570398397
-1
540099491
-1
-1
-1
745231163
-1
504967605
540099491
-1
520303518
584606933
-1
-1
581953200
653087743
-1
591103251
584142324
531317953
588652263
-1
-1
-1
578900304
764734931
638973657
609783982
644140131
-1
644214854
503564050
519223624
-1
540099491
-1
-1
564390126
-1
562472232
711342790
581953200
609463535
545557907
-1
540099491
712419783
-1
579584350
-1
-1
555739746
555739746
-1
-1
616859267
622665004
704450441
677296301
535051727
656488988
523088492
608532517
548720787
-1
834714793
572487615
621866009
734421402
761402851
578900304
664240863
582595213
-1
631214717
-1
822686505
586170437
487451088
609526556
661173548
621627785
607764898
-1
-1
-1
664240863
-1
-1
-1
890719347
-1
772716613
785673836
-1
640871897
682103499
618679259
-1
537557011
927806225
661173548
610196609
734167386
-1
479580322
728060263
679611374
662318261
-1
566335279
-1
-1
597742332
566335279
-1
545305745
-1
669739670
-1
656488988
-1
-1
605107908
759605127
510217719
-1
674916566
531814575
494175025
540099491
806001007
572487615
750451882
-1
661967877
724537754
-1
-1
597742332
588188823
535051727
-1
566335279
761851799
-1
-1
-1
568248506
576223204
540099491
743214512
811799579
-1
669925174
683007665
596398925
-1
621866009
-1
762463570
716592745
564390126
780054024
-1
544263991
-1
687409397
747101003
-1
-1
643261290
566428814
-1
-1
-1
-1
-1
-1
769258062
576223204
597523455
510217719
-1
519223624
-1
532599073
-1
-1
932378139
595579472
685175519
-1
-1
545228497
-1
656864005
-1
-1
692471309
556299780
541690663
-1
-1
-1
-1
496179857
559113602
586199404
-1
-1
578654926
769258062
-1
607764898
769798419
692471309
744300229
539897435
-1
695332306
737705398
-1
-1
534992643
679169212
572487615
-1
576223204
587622030
541690663
959278527
-1
604766429
-1
632609804
649493646
-1
-1
-1
734446003
579316307
580303603
655424569
871693307
729178154
-1
697264939
794047067
606847519
-1
-1
675296287
-1
798880900
-1
-1
-1
-1
639796822
-1
541690663
645373406
-1
815352365
632609804
-1
-1
543799061
572867292
541690663
579632138
974936177
579191446
526718679
640856871
-1
-1
667966566
629066453
494879813
-1
827184567
672642128
541690663
602632718
658179363
739912118
596643833
657294820
565578921
573504301
553066867
-1
523088492
551871432
588877775
640714754
-1
703077319
582011951
583467467
819413864
452488587
674816160
482797313
925008581
606573098
730872306
795407131
-1
540099491
540099491
486334930
614524186
592565445
621586738
542711107
-1
695871943
566335279
578900304
625846137
537557011
-1
632277651
679169212
565340659
-1
584606933
-1
587622030
602632718
-1
-1
805800568
-1
610991412
-1
-1
637076669
634604876
-1
-1
-1
587766065
744172622
559113602
735923358
730335526
-1
613896271
606444967
-1
-1
717692322
713901304
749146461
592565445
614629281
-1
-1
496179857
645169418
595407752
724813316
653087743
-1
-1
523561035
653087743
-1
540099491
669634122
-1
452331025
658513237
564390126
-1
782212411
673106464
685762460
664027259
-1
768761481
604747630
690245685
-1
631214717
-1
566335279
-1
526040390
728159428
510680307
717742946
623163276
-1
768954918
-1
-1
607714570
733342086
520337109
616859267
-1
610196609
-1
592565445
-1
647872561
-1
-1
647872561
577284108
-1
-1
540099491
-1
649556792
718569876
840541790
567192915
697264939
604366780
631810461
634346364
540099491
610469555
540099491
667793342
791418915
-1
587083945
625173762
628941529
-1
591103251
-1
-1
613615569
572487615
553066867
941591226
-1
-1
817900018
525095791
773867059
849876528
663325859
541690663
-1
-1
-1
679106109
540099491
-1
590145630
598768380
-1
-1
566335279
-1
763582408
642159930
595407752
544263991
607764898
585451118
564390126
595579472
663699915
595754798
529996604
600235246
606278696
-1
-1
580413954
623124830
-1
-1
530045947
-1
682611507
842493766
-1
562344494
608844472
694416971
541690663
-1
-1
-1
-1
-1
650901342
671708349
550295642
653087743
633486514
-1
-1
592498820
554217976
617205188
903966278
586382966
798721174
554217976
-1
590145630
-1
584142324
605266015
592217073
-1
583675885
608844472
546125432
606847519
637969217
667502453
-1
-1
563027597
793058707
-1
879611647
-1
839349005
571400423
719835617
-1
-1
549135326
761198117
576224210
810057623
-1
-1
749146461
-1
-1
555551360
-1
645373406
-1
-1
-1
-1
-1
519223624
-1
731357163
766956815
706126377
564390126
683568874
-1
555739746
916043602
-1
598260434
-1
600125802
496179857
762292676
529996604
629720620
622114508
-1
629767205
-1
-1
559113602
587766065
-1
601878486
572867292
600732254
559113602
774239953
586770919
503564050
628941529
578900304
796082220
885456972
-1
533502676
-1
824909595
572487615
-1
607616337
-1
637076669
-1
-1
533497073
555721863
544263991
659796826
537557011
-1
-1
585451118
690796251
542711107
522416470
600732254
579361792
-1
513002221
-1
-1
-1
600732254
650901342
793058707
591103251
-1
-1
736081948
579584350
-1
529348107
690350410
-1
682954329
501509598
-1
699123365
-1
600685527
704071214
580963353
830413057
-1
600125802
-1
613864539
562589333
530045947
672310458
615360270
-1
-1
693308082
576663866
652746791
530045947
547368730
646404525
-1
-1
840403411
481086592
-1
687553596
541690663
537557011
614602977
537557011
541690663
592940212
549551330
659800142
-1
-1
564390126
-1
797069275
579361792
527097602
656488988
665182981
-1
605724961
788043103
774549872
537557011
581258514
-1
629416381
570985762
-1
-1
674197745
-1
592031266
631089006
-1
-1
543799061
-1
-1
529348107
479680596
-1
-1
-1
758044579
-1
-1
628791124
644804176
-1
-1
679169212
-1
847611592
634604876
-1
542711107
-1
-1
559113602
703497529
879611647
-1
602632718
541690663
593094407
618987202
-1
523088492
-1
554217976
611863317
-1
-1
496179857
610991412
725403201
616226884
-1
-1
494879813
-1
527425255
523088492
598474195
520337109
705113424
605894859
-1
-1
629779336
610196609
527048927
548595860
-1
474990355
607723408
-1
-1
624290578
-1
698050603
670377833
702296845
772644465
634377755
703497529
564390126
-1
597640655
-1
529996604
634604876
850776769
-1
526475792
-1
606829108
-1
830185685
489956142
769217337
837535557
603465047
-1
834714793
-1
530045947
593094407
554270531
-1
598768380
566428814
-1
831865319
-1
553066867
546075529
745909481
580303603
644186747
840403411
-1
-1
574442517
555739746
-1
555201886
780529606
-1
-1
586770919
-1
-1
545305745
556230510
527425255
-1
-1
-1
-1
-1
606278696
611386971
571400423
605894859
520337109
-1
689274075
637580604
519694961
-1
711960876
496179857
529996604
520337109
565939559
681449816
598006887
693504347
-1
560818118
599778492
-1
-1
517821527
637580604
731580719
479617430
557727121
570398397
742132740
-1
646990433
736748610
580263450
530045947
692997914
553066867
559108077
442627831
624290578
555201886
571400423
777364862
-1
625775466
-1
-1
653087743
554704261
795521309
605266015
621528807
619107668
-1
582702601
705113424
-1
-1
-1
541690663
776472218
591103251
-1
537008188
-1
555739746
-1
639086650
794047067
583675885
734304521
-1
527482843
-1
720759406
588638312
541002132
568399599
496179857
-1
-1
-1
-1
-1
477924809
835490437
-1
642605102
-1
659716775
840170080
-1
745971125
644872918
530045947
687099023
-1
879460651
-1
-1
-1
-1
748621040
735830942
763582408
555721863
-1
790061994
571904324
587860990
520303518
877562950
558841666
799316465
772354021
572550219
-1
687553596
-1
-1
0
550652460
637540252
-1
-1
806001007
-1
-1
565340659
541690663
-1
583894380
-1
-1
-1
671969998
548720787
692866411
594126044
-1
631214717
593127731
-1
774050517
633956647
569327414
-1
-1
597640655
-1
592031266
815594773
-1
762312869
547855178
658504173
-1
702296845
584142324
-1
-1
-1
620085988
-1
639907388
562589333
520337109
572487615
642605102
604747630
542711107
-1
796082220
910641168
490964640
650901342
706126377
-1
541690663
-1
567102020
507567683
-1
-1
669739670
-1
-1
-1
718116410
650288470
-1
-1
908455410
679189019
664480109
670482450
583675885
633956647
745909481
635668155
497411578
604737184
771248652
-1
788091236
821128693
546413407
529348107
508985358
-1
602632718
-1
-1
496179857
-1
765155692
-1
-1
474990355
572487615
-1
607723408
879460651
652887946
751278761
606336722
595793512
572487615
675995499
-1
542711107
769258062
674816160
687174962
-1
503564050
645773829
602632718
-1
541690663
630858415
719495666
583572319
618679259
642601947
542711107
745226437
-1
-1
802878503
-1
618987202
536485726
541690663
757339906
-1
-1
-1
-1
565340659
807365990
602632718
462703960
598110882
592217073
-1
541690663
-1
633956647
624457308
542679868
-1
640750489
-1
721430000
-1
-1
663365810
-1
-1
617953346
-1
-1
592031266
580009952
584142324
600732254
529879114
584606933
538671954
567323351
-1
-1
-1
573987757
-1
-1
-1
-1
-1
-1
-1
-1
-1
-1
-1
636883868
547062525
-1
709932010
-1
-1
553648688
-1
-1
555612727
585023223
564390126
-1
782491709
642108587
659103369
606573098
602632718
-1
684319141
645169418
551446811
-1
724475738
595793512
668296346
576666309
863264169
-1
-1
-1
-1
643328262
520337109
777265464
-1
731054883
604366780
-1
817866194
-1
741276977
-1
-1
706041154
703830279
736448316
-1
553066867
336051934
724605134
-1
724813316
-1
451782572
-1
585023223
592031266
612703547
821058517
541690663
-1
513680090
-1
762530329
902784122
575692834
846620864
-1
-1
628194044
-1
-1
-1
813166734
-1
-1
-1
611506084
665155427
623060446
537557011
584142324
617953346
-1
568837582
-1
554704261
534992643
890740600
503564050
709932010
647872561
474990355
-1
-1
-1
562100514
-1
738712751
545430078
598768380
-1
-1
564390126
-1
466416727
496179857
856188894
675995499
541690663
565884810
655688143
542679868
-1
-1
590145630
-1
510217719
-1
542679868
650369970
-1
594348260
519223624
579163400
-1
-1
469824665
496179857
539060590
-1
-1
724475738
-1
541690663
836411218
529877021
-1
631593593
-1
780149086
710415524
713323798
594992061
-1
699831843
542679868
-1
-1
658504173
620964963
-1
758313524
717230377
-1
603596031
703037966
618839325
-1
-1
592031266
645169418
-1
-1
-1
-1
-1
-1
-1
610991412
523088492
553066867
517772926
735467444
622592701
564938074
-1
-1
-1
-1
-1
579163400
683568874
683007665
-1
-1
827391247
768954918
-1
-1
606864563
577973196
542679868
542679868
579163400
-1
611863317
-1
-1
555523250
604366780
-1
-1
-1
-1
659103369
543247789
561019466
546809215
542679868
-1
711960876
602632718
-1
602554331
603465047
687176888
-1
636745869
756683522
586765646
-1
749805688
750858363
578900304
607621775
585023223
628095948
711266327
598110882
-1
545909052
-1
610167270
408873680
-1
-1
683059197
504359615
814987336
622592701
637401815
583766882
820730366
-1
546125432
642159930
752688520
566848350
-1
-1
-1
606127635
608283570
616147892
-1
671470765
569650741
541690663
-1
479680596
-1
545430078
682295288
608528355
-1
541690663
698050603
-1
679964456
-1
541690663
581953200
634422398
593476570
901603973
-1
-1
-1
-1
610223636
271077361
-1
-1
-1
541690663
-1
732013831
762463570
565884810
-1
-1
-1
737349982
-1
631810461
736846979
900985690
-1
762292676
-1
652887946
-1
593929688
716592745
780149086
-1
549490698
564390126
522416470
804325630
-1
-1
643328262
668262717
-1
644388961
-1
-1
607723408
-1
-1
582011951
-1
-1
645169418
540099491
488724704
-1
-1
639248981
542679868
612803233
591103251
-1
404672685
-1
851177575
479680596
639583384
867904812
-1
622757926
578900304
568575386
579163400
-1
633956647
682295288
503564050
642106242
-1
546809215
-1
-1
671106934
-1
-1
-1
476225726
656522638
907434925
629720620
697353109
-1
664240863
520337109
532599073
617659869
577973196
-1
582988539
724412111
-1
592031266
-1
809273758
622298105
-1
762481308
744441921
541690663
-1
-1
562582176
-1
-1
-1
845432425
-1
-1
-1
836194383
-1
530830757
352985505
540099491
743214512
540214826
538671954
625845277
-1
579163400
-1
-1
-1
796997463
-1
677266414
832756752
-1
-1
-1
496179857
527044119
538798253
-1
783105246
574104793
682447421
671470765
638566254
826488019
-1
-1
-1
541690663
553066867
580752835
656653277
591103251
615525501
-1
553066867
-1
-1
-1
534055545
-1
745194970
789418172
-1
642532111
938845028
631214717
737229387
773708742
672434053
689226872
743390271
-1
791551071
541690663
-1
528770080
-1
-1
-1
-1
734304521
728220026
-1
-1
750858363
-1
614657345
686195104
601878486
-1
-1
-1
-1
-1
-1
-1
-1
-1
738636813
-1
529877021
694689516
-1
-1
-1
488724704
-1
594992061
-1
548720787
797109719
-1
-1
-1
545430078
612111291
-1
-1
513680090
-1
576785471
-1
866899983
529348107
602857505
692446269
790390738
590145630
-1
712425291
-1
541787271
849864018
-1
-1
-1
-1
-1
569327414
584142324
493007194
-1
658212246
-1
567323351
561575674
572867292
564938074
-1
974417052
575345940
571400423
858178959
-1
554745436
-1
821813074
-1
557727121
537557011
-1
593094407
493909362
884402042
-1
-1
-1
649181958
566157107
534055545
541690663
678954047
667096494
586382966
-1
679001524
637901051
-1
590370208
-1
588638312
863844300
886009875
650901342
531760754
583766882
701920948
541690663
-1
668262717
475741544
741855038
-1
580937261
755231492
583216738
649783766
632866186
627044679
-1
620964963
541690663
-1
-1
648991835
-1
-1
-1
479290772
594111763
568883144
-1
681449816
-1
541690663
578502640
-1
921551335
-1
718116410
-1
564390126
-1
562344494
-1
-1
602863457
-1
749146461
647701009
577973196
-1
541690663
698050603
637076669
583675885
-1
690375675
515109348
620964963
622017397
681082504
535238459
-1
-1
621627785
594992061
529174220
388460687
800854766
631214717
540099491
702249088
562344494
642321756
710746938
-1
697293105
733682800
798908052
-1
656488988
569830008
488338515
529996604
-1
605894859
-1
579584350
718709742
549111693
529710117
633956647
913214610
-1
-1
703830279
-1
-1
-1
-1
575307419
541690663
-1
-1
611349896
625845277
820059070
-1
541690663
-1
-1
563105906
820075953
-1
-1
-1
-1
-1
-1
-1
623896987
543173967
510904380
549490698
-1
589380254
554704261
628621211
716692074
-1
562582176
734875258
-1
-1
-1
565884810
749805688
592031266
723926537
-1
-1
734304521
656808614
583739578
650901342
730780660
600732254
-1
584871615
670242706
-1
805625443
-1
613953794
-1
-1
-1
632866186
508502435
510904380
-1
-1
602632718
585023223
675995499
-1
659705352
723926537
716853165
-1
-1
-1
788271872
778068610
-1
610991412
553066867
549490698
549490698
602857505
592565445
-1
527425255
-1
797109719
481024667
-1
684319141
527425255
631214717
493007194
583100197
-1
-1
633956647
506584084
-1
-1
723926537
549490698
596735307
-1
676941358
-1
527425255
-1
-1
667793342
686195104
-1
576975642
-1
562582176
633956647
754411235
637889467
645361100
-1
584142324
621452739
637119697
836531066
-1
769798419
776977261
-1
540099491
564390126
659103369
653720164
541690663
561407318
503418228
-1
662912274
813166734
648373130
564390126
668262717
-1
-1
570870932
-1
-1
628709325
-1
-1
541690663
-1
560142799
527425255
-1
597315985
-1
-1
-1
614707896
842493766
-1
573761430
-1
-1
674526304
719974842
608838197
529348107
550652460
-1
-1
541690663
-1
-1
-1
725003790
488724704
-1
609770176
610196609
676057807
799666715
-1
629273274
553066867
-1
731372111
494175025
-1
556299780
914253586
-1
-1
537557011
-1
-1
-1
596735307
583766882
685027000
570870932
672642128
-1
539098762
550652460
-1
689558572
522416470
633956647
812529715
598768380
631786270
662794045
804325630
492204429
519356065
-1
-1
540099491
-1
-1
791556786
623271217
549490698
-1
592031266
733855536
-1
-1
586382966
578357967
597742332
600836332
580518848
564390126
-1
574559059
664240863
-1
-1
-1
537008188
710415524
656269716
-1
886829875
661880224
-1
514750695
-1
-1
-1
-1
515771757
641918388
594375829
633956647
-1
-1
-1
-1
-1
838699307
516833952
-1
497884084
600732254
-1
-1
876546027
774050517
586382966
509461555
656931356
575584979
-1
557646087
488724704
527425255
-1
546296830
537913839
-1
-1
582011951
628621211
596735307
-1
537008188
583572319
566157107
819931827
654918414
600339937
801485963
-1
631012366
601932536
671708349
604737184
606573098
694389780
643756816
665438211
-1
769149140
-1
631786799
876546027
537913839
568575386
540099491
795577318
-1
540099491
-1
-1
562589333
583766882
540099491
665788509
824390927
894293160
591103251
537557011
645361100
-1
540099491
560096615
537913839
-1
-1
-1
546809215
-1
590162500
-1
527044119
-1
-1
-1
-1
537557011
540099491
703147994
738636813
-1
684076259
-1
682447421
590145630
-1
631214717
-1
863264169
494572915
782198705
560349458
620964963
-1
-1
565340659
-1
637969217
549490698
728173522
597231532
734875258
-1
-1
503564050
736448316
678891386
540099491
670870325
-1
572288659
-1
-1
566022500
476870723
644310849
600732254
567270607
536236383
-1
-1
-1
601878486
531859546
565340659
-1
-1
575012933
-1
-1
600732254
510381753
582011951
-1
540099491
-1
-1
538637976
488724704
653351368
510273329
-1
660348271
597523455
-1
665513107
-1
820065226
-1
-1
557646087
554217976
501812358
564746296
-1
622592701
-1
570870932
893000078
-1
-1
769258062
-1
791551071
589336341
-1
635297843
-1
540099491
585023223
-1
520517086
-1
537557011
-1
644140131
-1
603202305
-1
-1
-1
-1
805800568
734750036
790174733
-1
921551335
603465047
-1
539098762
593929688
-1
590162500
-1
769798419
540099491
577367059
686195104
-1
-1
745376173
640709171
585561080
-1
545557907
585959370
-1
579584350
-1
633787061
595373838
691853933
522542373
-1
628151540
-1
-1
534055545
593964019
667870242
509729738
-1
-1
488724704
594992061
494175025
-1
572288659
-1
770427822
757318722
896209818
-1
707985740
-1
527157027
-1
-1
-1
540099491
-1
709587136
622064887
-1
596735307
740259158
-1
-1
-1
-1
-1
591103251
652948301
562582176
449860629
578127364
774720343
-1
453512535
586770919
-1
555721863
-1
642601947
-1
664480109
575318322
577982765
689226872
567270607
567270607
-1
-1
-1
-1
543799061
602396499
-1
746607274
554958202
-1
583197612
591103251
-1
707985740
-1
791963658
543799061
-1
845432425
-1
665322325
-1
712533116
-1
552169941
688613080
597315985
576339217
819324471
-1
-1
522416470
576912086
801296509
565340659
526274374
686902062
-1
537913839
-1
-1
671470765
600732254
632348511
-1
-1
-1
598768380
586770919
537558762
687793447
725332315
612111291
631786270
628636230
927231832
824023036
833737841
670037266
579584350
808485658
539767620
736448316
571400423
-1
538671954
-1
813387860
-1
-1
543799061
-1
708955975
704682255
-1
-1
646013793
494175025
558373909
470673670
576115567
573987757
-1
-1
780054024
723926537
538637976
-1
928643923
527425255
697077277
-1
684682154
-1
565340659
-1
701956586
-1
537557011
614195030
620964963
585561080
-1
631214717
-1
569327414
-1
537557011
-1
629273274
-1
-1
-1
751540089
-1
-1
641997816
-1
584384862
-1
-1
-1
740128882
843164207
-1
-1
-1
-1
728659509
-1
-1
522680062
735323193
617953346
808290361
-1
600732254
537913839
540588570
565340659
537557011
-1
503564050
-1
-1
-1
664480109
560142799
659716775
537913839
788609386
-1
562344494
596735307
648137262
-1
623896987
671442102
-1
545430078
-1
733723538
537913839
519496787
-1
-1
-1
610469555
670162509
-1
633475953
879611647
537557011
558373909
-1
440329678
-1
599392456
887918214
726054918
-1
562589333
684682154
727782109
625452478
-1
528687189
706272121
-1
509625776
572867292
-1
-1
583739578
601110907
368036480
785547859
861819771
610966890
-1
-1
648869499
-1
-1
749572742
629273274
632609804
-1
-1
486638488
-1
-1
-1
-1
682555244
668262717
743390271
510389631
-1
549490698
575584979
533497073
-1
545582292
540157474
-1
-1
537557011
631042810
537557011
664702459
681835117
620964963
537557011
798454773
668262717
633601848
561729794
596735307
537557011
794047067
-1
648716799
924960734
-1
-1
645327277
918959780
534055545
-1
-1
633475953
606829108
-1
-1
-1
668262717
713323798
596416671
-1
-1
802878503
-1
-1
537557011
730157268
-1
-1
-1
698529926
-1
-1
-1
549490698
552169941
633601848
-1
-1
526249748
-1
693775032
527215808
-1
597742332
-1
-1
569869116
764734931
-1
561274281
-1
-1
-1
628151540
713851535
632277651
-1
-1
545582292
591103251
635013200
694416971
640786039
-1
501702461
660448293
807225396
804325630
-1
631786270
543218250
-1
538671954
527097602
-1
826028786
-1
561274281
826637096
941591226
-1
940318836
-1
782782272
525927373
698050603
634651570
549490698
-1
641445541
527425255
-1
-1
-1
523266567
637679448
520303518
879460651
-1
-1
-1
669324523
596552770
-1
-1
733453471
704573918
-1
-1
-1
-1
975935238
607837889
-1
639272195
526475792
745048273
494175025
645392031
-1
-1
-1
929033219
797256884
-1
621912916
-1
585561080
555739746
885685690
905001765
648137262
758313524
-1
-1
-1
575012933
489895550
545582292
-1
779790764
642108587
-1
-1
-1
-1
612208673
-1
506157884
749139488
832120935
698050603
717230377
-1
-1
-1
657294820
648869499
733855536
-1
609412674
523561035
608844472
626732088
628651813
602629519
499686325
-1
-1
654918414
750715464
677687507
-1
525927373
798454773
-1
674916566
-1
526118863
-1
503564050
652418234
794047067
-1
633475953
-1
600732254
596885744
616147892
711342790
639272195
501702461
523561035
-1
519351727
632220164
602699228
516711832
-1
-1
600125802
-1
-1
-1
545582292
713804529
644186747
530830757
430641398
860640550
791418915
555551360
596735307
606847519
573278526
-1
672310458
-1
494434787
-1
703077319
-1
476870723
818532898
-1
531859546
-1
722202145
576115567
508985358
554217976
-1
494175025
-1
498950750
623192609
683023399
684076259
848917327
-1
-1
631930726
-1
667059279
367331401
523266567
618987202
-1
621627785
836988345
594348260
-1
-1
709610279
-1
728159428
724813316
522416470
-1
566157107
-1
567192915
600732254
-1
681443918
523561035
633787061
591103251
825510344
631786270
827585306
-1
564938074
-1
-1
682555244
631154168
-1
-1
769258062
523088492
-1
-1
-1
-1
733723538
745084444
-1
614881311
688223620
633475953
727554373
725289314
-1
-1
523561035
-1
-1
-1
515742645
612783898
480797254
529090415
-1
920832205
-1
-1
604737184
579398553
939582533
703037966
523561035
520836508
644872918
-1
-1
577973196
629295760
502275841
494156550
-1
-1
920832205
722352620
-1
616147892
688230924
724813316
-1
585561080
706126377
494175025
596189403
549135326
-1
-1
-1
-1
523561035
796082220
525927373
649493646
-1
-1
831865319
617404833
554704261
-1
607856103
622601168
-1
646336756
-1
522542373
-1
-1
567576861
656831155
-1
-1
-1
622665004
819324471
577973196
-1
-1
523266567
671106934
-1
-1
596735307
738651798
603202305
-1
-1
544676114
523266567
-1
651627560
621627785
555739746
620964963
713349756
531317953
547855178
-1
587860990
660494846
382443156
717021262
593808059
585685146
-1
-1
710147982
876062842
-1
634529193
713323798
510217719
-1
562589333
734447174
716592745
728886634
-1
523266567
567270607
522973754
527425255
819413864
523266567
759707569
769258062
516711832
510217719
561148598
-1
-1
556230510
592565445
-1
677266414
629720620
772004940
547855178
789291499
529348107
693824273
549490698
738260866
719388815
494070200
726054918
795407131
522973754
530045947
456774295
523266567
522542373
718040839
-1
562589333
636088140
571400423
546809215
530045947
-1
592031266
568962433
-1
-1
669718724
927231832
787531619
-1
564390126
522584940
-1
677103207
631214717
-1
689274075
649198803
-1
713532690
520253794
-1
-1
690350410
501812358
528592391
829348726
528592391
560369111
565340659
654918414
-1
545531865
-1
541618959
-1
522542373
-1
620116041
-1
523266567
567270607
-1
-1
520253794
-1
873112022
212367191
-1
585249479
-1
461279631
610167270
545582292
583739578
652506749
698050603
-1
520253794
603225231
589336341
530830757
-1
-1
-1
750544421
531779849
-1
-1
565555180
608334447
833483888
546296830
-1
605368057
-1
-1
-1
741347317
525478928
-1
601878486
522973754
843267262
665382037
-1
585249479
824390927
546051628
-1
-1
-1
652592194
-1
713055179
-1
-1
-1
697293105
-1
630980086
471560429
592217073
555612727
-1
-1
-1
707985740
671969998
615155147
740259158
-1
678891386
530136548
560369111
-1
582595213
685974356
602629519
608844472
769963733
522416470
645261022
-1
-1
558051053
-1
-1
800645880
523088492
718824629
719943212
-1
-1
516711832
554217976
-1
673250111
701704163
554704261
-1
678048888
516844053
529877021
501812358
487374550
532769250
633787061
-1
660372758
465945418
676918475
-1
642108587
-1
676913257
551365265
-1
554117016
623775237
-1
-1
-1
712377460
-1
501812358
478815365
513680090
471560429
-1
-1
694689516
-1
-1
560142799
665382037
638773052
-1
604755524
800854766
745894544
606444967
-1
698050603
-1
-1
925499794
510680307
655189746
707985740
-1
527425255
-1
-1
606829108
622592701
650910404
722184612
-1
-1
-1
-1
507762919
-1
-1
522973754
-1
-1
-1
-1
-1
589380254
-1
-1
670805080
-1
712852610
725949488
531859546
-1
-1
-1
598999692
768104684
801210252
628522915
522416470
821449586
558138778
554704261
719388815
562589333
538101843
743390271
648137262
-1
-1
586770919
-1
-1
700532165
-1
829154957
-1
682916925
703204328
728886634
-1
-1
426275107
753371100
-1
671106934
527189965
-1
736290630
897730764
628522915
503564050
733779242
-1
-1
587222093
-1
-1
622564950
612783898
516711832
-1
586382966
-1
560209388
791551071
681227402
586770919
-1
-1
611630295
784909879
529348107
-1
597742332
-1
-1
539288126
-1
-1
675344000
748323188
-1
690145618
545582292
494175025
613953794
966988763
560369111
664240863
-1
771245544
-1
-1
562589333
600732254
-1
490964640
-1
-1
860640550
648017731
516703518
-1
-1
-1
622116665
649198803
-1
634529193
591318337
-1
752311609
616350333
-1
824390927
540277551
773126762
521745401
-1
633273341
529174220
-1
701704163
748323188
596735307
627561893
-1
-1
730799052
814324660
522973754
630618393
-1
622592701
515109348
539767620
616859267
636623041
611506084
-1
-1
623896987
-1
494156550
-1
665322325
-1
685974356
-1
-1
-1
529710117
-1
639515999
-1
-1
-1
690936278
-1
566157107
-1
-1
-1
690248114
539060590
-1
-1
-1
-1
648716799
-1
687743811
671470765
-1
-1
-1
876505782
815711048
-1
543173967
881364808
690245685
-1
531859546
516703518
-1
730780660
-1
-1
-1
672544074
566825434
925359428
595956256
-1
593652857
576912086
649415981
628636230
-1
565934907
611480833
530045947
-1
-1
667793342
769494009
-1
-1
516703518
553139149
558777375
501702461
617659869
659716775
-1
605646540
456774295
494175025
631214717
691566348
-1
-1
622909421
-1
631214717
556472375
659103369
653720164
-1
497838768
-1
859857875
683059197
-1
592565445
729680950
663443510
-1
665788509
574676024
-1
-1
526118863
470707797
642605102
575515718
531859546
620562461
583572319
608844472
-1
-1
595793512
494175025
762292676
-1
-1
585249479
588188823
539098762
-1
697504181
522973754
616859267
815350192
-1
761030112
872092833
650137417
568362734
-1
440319796
543038379
-1
-1
611630295
-1
587502781
-1
-1
562452934
670037266
-1
572288659
529348107
-1
612783898
522416470
-1
592217073
646013793
536112061
604562942
-1
-1
-1
672642128
-1
628703294
-1
776293519
592217073
-1
-1
629369876
-1
817211153
564441561
520253794
637889467
-1
620893189
-1
750246268
585249479
836028809
623610542
-1
545557907
678891386
510273329
590291515
640812022
533497073
-1
-1
-1
516703518
803432991
735830942
-1
520253794
688804020
667059279
-1
632609804
881364808
671442102
-1
893203474
725403201
539060590
600732254
920832205
-1
856988498
-1
-1
819895389
-1
795736043
-1
514789980
660277454
666794125
555612727
-1
701902978
653572624
690453171
471560429
551349102
860640550
-1
-1
-1
562126114
586382966
783916895
785215956
-1
-1
-1
558373909
824834896
490243166
631012366
802763745
483687426
543840628
608844472
603377396
841145924
-1
717152937
503564050
713349756
519147563
483687426
565555180
-1
537085103
-1
-1
567161400
-1
566022500
496735854
-1
722202145
719495666
673470483
-1
631214717
-1
623987746
909799325
824023036
-1
501702461
537085103
670242706
-1
-1
677103207
694389780
-1
-1
555417946
550990053
624546043
655424569
609412674
-1
-1
657090155
-1
628636230
630980086
512219724
-1
-1
628257301
-1
522716029
628636230
527097602
564023736
805913682
568962433
695272571
640812022
-1
519147563
578818123
-1
-1
953872045
494175025
522507130
-1
-1
685921092
-1
698433890
-1
-1
-1
494175025
358086927
794638992
-1
501812358
-1
766956815
-1
-1
-1
649181958
578818123
531760754
516711832
455331591
783490387
569360905
-1
545570749
466416727
539985608
-1
564390126
573987757
531779849
816577392
652746791
834714793
-1
530998463
628651813
578127364
592217073
-1
801479067
631943854
-1
588968491
-1
586382966
-1
647602917
634377755
546086524
688223620
-1
529348107
-1
529877021
758637156
621627785
-1
-1
629720620
719974842
570222386
545430078
-1
-1
-1
-1
-1
596735307
-1
512557355
748391884
-1
809012604
874329351
-1
797256884
550064121
-1
537085103
448480297
771248652
562589333
634377755
-1
656522638
540036562
546607070
660277454
-1
-1
-1
827655227
601932536
581938350
697293105
643994379
555739746
-1
610196609
-1
590370208
773708742
-1
769258062
626889306
570597992
-1
586770919
-1
-1
786033856
-1
520253794
-1
-1
-1
682949840
663325859
620771799
530830757
-1
570597992
-1
-1
605894859
875722248
742069684
462139032
579584350
-1
670805080
-1
502734627
502734627
688651546
707612522
918959780
718824629
-1
735943110
508139467
-1
612118456
-1
-1
-1
597271898
-1
-1
551770053
-1
630253288
653593489
704071214
556230510
623610542
545430078
-1
529877021
724813316
678562134
502734627
545557907
-1
501812358
545582292
519694961
-1
911590084
895494889
-1
678766386
527957073
494175025
522416470
557640592
598768380
-1
628703294
-1
539098762
-1
546809215
478987640
795472145
750246268
-1
654920536
763065724
501702461
668262717
-1
681114662
474107403
545570749
559008577
778154806
645169418
-1
724637812
-1
621627785
-1
556230510
-1
-1
554493947
-1
-1
-1
500317031
640812022
713129644
640812022
583572319
622210459
643459601
569869116
-1
609412674
653417277
-1
810888013
539060590
574377729
-1
-1
-1
-1
-1
-1
506584084
-1
-1
-1
560369111
-1
634778890
588188823
508985358
690350410
-1
-1
837342478
600836332
881364808
-1
686350208
-1
-1
567161400
501702461
665382037
606573098
512557355
527957073
546086524
522416470
606847519
622592701
519147563
-1
-1
622116665
519132469
-1
601932536
-1
-1
-1
-1
-1
545430078
-1
655787290
605266015
807290212
-1
571965285
-1
-1
-1
863264169
-1
531339420
548100750
-1
434886393
863264169
724813316
-1
776379615
755910291
530045947
527957073
712523666
610991412
-1
594348260
-1
638485003
549729049
656522638
630980086
709578773
596735307
558373909
-1
588188823
-1
769217337
829154957
874329351
715223167
506584084
-1
736922050
-1
-1
725702431
887671612
596032037
-1
562452934
575273042
647602917
444859869
-1
-1
-1
526118863
605820940
759062270
649181958
628941529
519496787
-1
598563682
606347793
-1
589584288
538208905
828958964
520779987
833250650
842926948
527957073
-1
576209939
-1
-1
571965285
593598789
484205853
-1
631124836
602629519
637505030
833095607
525927373
527425255
665322325
899738728
-1
519982113
660435982
-1
586770919
883812989
537085103
527482843
-1
593792325
640709171
562589333
628636230
623271217
545582292
537085103
-1
-1
685148507
589336341
580150408
-1
-1
573987757
-1
767017676
-1
545582292
-1
566022500
519147563
-1
614707896
500317031
546086524
572728625
631012366
545582292
614195030
621866009
-1
519147563
-1
545557907
-1
795407131
689011742
620964963
794177840
762423948
750048466
651419552
-1
-1
-1
564023736
538012614
-1
671470765
778907765
668063751
-1
-1
712006027
561019466
735928483
700383847
-1
743214512
-1
731181895
633806548
558373909
725247896
481433606
675361297
-1
545430078
526118863
79807405
-1
523561035
-1
630618393
775236974
-1
640858003
-1
668262717
527957073
-1
766956815
687743811
621625482
527957073
623775237
527425255
671106934
623987746
502734627
-1
621756476
-1
668262717
690350410
555163233
530045947
640671212
481086592
744684415
-1
657236408
498814944
700532165
608844472
-1
624457308
-1
527957073
527425255
-1
718824629
581167139
751532497
653417277
560142799
613302534
712789476
717692322
718040839
524715020
678922743
-1
617003696
639515999
758637156
759732922
522507130
530045947
633444936
-1
543218250
640858003
-1
528592391
689248728
-1
661370233
747136046
-1
791075882
-1
725289314
-1
-1
738636813
561019466
862505373
546086524
530045947
570650574
587802337
-1
484058407
734875258
527957073
-1
501812358
660435982
-1
-1
588968491
733264198
-1
690796251
833250650
527425255
612783898
863264169
-1
572951795
-1
527425255
665322325
628067802
-1
-1
522973754
579510959
571566131
734875258
724637812
681070263
-1
605820940
556754518
537449612
-1
-1
500503486
694689516
493007194
653417277
527957073
608844472
-1
724875375
571965285
651291436
-1
608844472
738362761
-1
-1
514789980
578902472
-1
-1
614261135
897661461
698421172
514789980
565504847
-1
-1
-1
522507130
-1
548720787
-1
543218250
552932250
603377396
531859546
630980086
520253794
-1
700316681
-1
-1
531859546
-1
621842521
598563682
-1
586770919
621842521
587222093
623610542
522507130
773708742
-1
801210252
-1
-1
686350208
-1
-1
-1
722730785
770571929
710746938
769258062
-1
-1
540351723
724813316
565578921
725289314
-1
511321496
-1
-1
600732254
636745869
-1
651318032
777265464
-1
724028942
-1
701498721
567936783
564023736
-1
735928483
-1
514789980
-1
529174220
671106934
724637812
-1
-1
-1
527957073
470040660
575318322
-1
-1
-1
630980086
-1
724813316
560369111
750858363
-1
-1
-1
579897134
544266457
556379040
-1
628636230
610415473
-1
-1
708434670
632422531
483687426
618628534
-1
654346381
623271217
611524608
-1
501509598
-1
768104684
-1
603377396
519982113
-1
-1
-1
-1
659103369
-1
-1
730780660
586001614
736030961
470162988
777072564
607707432
601932536
-1
656844466
713532690
-1
-1
-1
647602917
-1
-1
-1
519147563
-1
-1
-1
-1
531859546
679964456
-1
574377729
562049679
-1
683111133
-1
481433606
667059279
516703518
603095248
-1
913909872
630980086
-1
758044579
621842521
632220164
-1
565440852
520253794
527425255
593360301
-1
-1
888364667
669324523
833250650
498814944
-1
-1
776472218
691304682
537121661
-1
-1
-1
571965285
-1
-1
-1
-1
670779552
-1
-1
766447708
815694782
-1
-1
546809215
-1
-1
684526407
710156661
520779987
526118863
