-1
-1
-1
-1
-1
-1
-1
919654309
-1
979109368
-1
-1
-1
523070292
-1
901848521
-1
-1
-1
651005132
-1
-1
-1
-1
-1
-1
-1
-1
884528337
-1
975840098
-1
-1
-1
630434044
-1
-1
-1
-1
-1
877006049
-1
-1
-1
-1
885324014
-1
-1
-1
-1
-1
-1
-1
-1
954888919
783587183
-1
-1
-1
-1
-1
-1
-1
-1
-1
-1
-1
-1
-1
-1
-1
-1
-1
-1
-1
933734334
-1
-1
882807779
844788087
-1
-1
-1
-1
-1
-1
931976476
-1
935151780
-1
983235229
987474217
-1
555766912
-1
885324014
-1
-1
-1
-1
-1
-1
-1
-1
-1
-1
910430675
894539410
897092235
-1
931976476
-1
-1
-1
-1
871218562
-1
662724942
-1
-1
-1
-1
-1
989757053
-1
-1
-1
-1
884528337
-1
969579351
-1
975817089
821186005
-1
-1
-1
-1
954220484
-1
-1
-1
930878716
849984499
-1
900237386
-1
-1
-1
919654309
-1
-1
827054159
-1
-1
-1
-1
-1
-1
941673702
-1
847518212
-1
-1
-1
707607075
738032462
651470026
948975612
-1
-1
-1
-1
965378350
963469638
737889135
918176211
-1
-1
847485139
-1
-1
-1
-1
-1
-1
-1
949189744
-1
-1
-1
857784680
-1
-1
-1
-1
-1
993643185
-1
897092235
-1
-1
853722066
-1
-1
751886292
-1
-1
-1
-1
-1
-1
-1
-1
-1
922001593
832795335
-1
-1
-1
-1
-1
928377832
975840098
-1
868505450
-1
-1
-1
-1
-1
-1
887007867
-1
-1
-1
761026220
-1
-1
-1
-1
-1
897812255
740599809
929455753
-1
-1
859986187
749555902
975840098
954888919
-1
-1
-1
-1
-1
-1
677588829
-1
-1
-1
-1
-1
-1
-1
-1
-1
-1
-1
-1
-1
-1
-1
927651472
-1
-1
-1
-1
-1
866487928
-1
-1
-1
-1
929201425
787438791
-1
-1
939131460
-1
-1
-1
-1
-1
-1
924238047
-1
-1
-1
-1
-1
-1
-1
-1
-1
-1
-1
-1
-1
-1
-1
806862707
-1
-1
-1
-1
-1
-1
-1
-1
-1
-1
-1
-1
-1
-1
-1
-1
-1
-1
-1
-1
-1
-1
-1
-1
-1
-1
-1
919654309
-1
-1
-1
-1
-1
-1
-1
959456992
963469638
-1
-1
975840098
-1
-1
918928997
-1
-1
-1
-1
-1
-1
886952963
-1
-1
821333284
-1
723799785
-1
-1
-1
-1
-1
924238047
-1
-1
-1
-1
-1
-1
-1
-1
-1
847518212
-1
-1
-1
912470714
-1
-1
990751233
926616571
-1
821063223
-1
-1
-1
-1
883129784
-1
918928997
-1
-1
924865014
-1
-1
-1
-1
-1
862869909
-1
744290430
859705422
-1
-1
965316392
-1
-1
-1
900237386
948357500
-1
-1
-1
744290430
-1
897812255
-1
-1
-1
-1
-1
-1
-1
-1
-1
-1
-1
-1
-1
-1
-1
-1
-1
-1
668785934
-1
-1
-1
842069342
836976871
862869909
756964089
898554996
-1
879000174
-1
-1
-1
-1
-1
-1
-1
917383911
-1
-1
-1
-1
-1
-1
-1
-1
-1
886236054
939153351
-1
-1
892841361
-1
-1
-1
-1
-1
-1
756964089
-1
-1
886935850
-1
-1
820856526
-1
-1
862796612
-1
-1
-1
911598354
-1
-1
-1
-1
-1
-1
673776640
-1
630434044
-1
-1
810770209
-1
-1
-1
-1
892841361
-1
-1
-1
-1
-1
-1
-1
-1
-1
887007867
-1
-1
-1
714354517
769830703
-1
-1
990467669
-1
-1
-1
-1
952331407
939558023
-1
-1
-1
-1
-1
952019540
897092235
-1
-1
900237386
921434525
-1
-1
-1
-1
637315531
-1
-1
-1
-1
-1
-1
-1
-1
-1
-1
846167184
-1
-1
-1
-1
807596123
-1
-1
975097652
-1
-1
965378350
834977647
813777510
-1
-1
-1
-1
855894342
729988555
933505250
-1
-1
-1
-1
-1
-1
-1
-1
-1
913528113
955025441
-1
-1
897092235
-1
-1
-1
-1
-1
-1
862796612
888768270
-1
758258911
-1
-1
-1
789215485
-1
823090010
941986802
-1
936829337
977002866
937981333
859986187
-1
977104791
-1
817274964
-1
882807779
-1
-1
-1
-1
-1
488601341
-1
-1
-1
-1
-1
-1
-1
-1
-1
490441751
882807779
-1
-1
621647939
-1
-1
-1
-1
-1
-1
-1
977104791
-1
911598354
-1
-1
-1
-1
-1
-1
789215485
-1
-1
963469638
-1
-1
-1
-1
-1
-1
-1
-1
-1
-1
-1
-1
-1
-1
-1
-1
-1
-1
947287657
-1
-1
996777993
-1
-1
975840098
426030938
-1
916356000
-1
-1
-1
-1
-1
-1
-1
-1
-1
882807779
-1
-1
-1
921434525
-1
-1
-1
900237386
977345938
-1
-1
977104791
-1
-1
894182073
-1
-1
-1
-1
927651472
921081075
-1
-1
-1
-1
-1
-1
-1
935989993
969099721
-1
-1
-1
-1
-1
861225800
942425196
988359102
-1
-1
916768242
957003150
907617664
-1
-1
-1
897092235
-1
783993723
-1
-1
-1
-1
-1
823090010
-1
-1
-1
-1
-1
954200973
880997718
-1
-1
-1
-1
-1
755312070
-1
-1
-1
-1
-1
-1
-1
-1
918928997
-1
-1
-1
-1
-1
-1
848218769
-1
728214596
-1
-1
-1
-1
-1
-1
-1
-1
-1
-1
-1
-1
-1
-1
-1
-1
-1
889879917
939121788
-1
879130152
-1
-1
847485139
-1
-1
703233414
-1
978335633
-1
-1
-1
868040326
-1
-1
-1
-1
-1
-1
-1
-1
975840098
-1
-1
-1
-1
-1
-1
975840098
904972384
-1
-1
-1
-1
859937779
847518212
887007867
-1
-1
978335633
-1
678584472
-1
-1
-1
-1
880748073
-1
-1
-1
-1
-1
-1
934368724
845702354
859986187
587491939
-1
-1
-1
882807779
-1
-1
-1
963469638
-1
-1
-1
986274467
717274208
847518212
918928997
-1
777118401
884528337
-1
-1
662724942
776700030
-1
-1
-1
789215485
-1
-1
-1
-1
904145712
-1
972509262
-1
-1
-1
-1
-1
-1
883129784
-1
897092235
-1
-1
917383911
-1
-1
-1
703233414
-1
963469638
-1
-1
907617664
882807779
917383911
889644509
-1
-1
-1
-1
911598354
-1
-1
-1
764147748
837887414
-1
-1
-1
-1
942059895
974391504
764147748
-1
-1
-1
-1
-1
-1
-1
-1
-1
876721211
-1
-1
-1
-1
-1
818076387
-1
-1
859986187
-1
-1
-1
-1
-1
-1
-1
-1
-1
833555986
911598354
952054422
-1
789215630
924238047
-1
-1
-1
-1
713674529
-1
-1
-1
-1
-1
868040326
-1
847485139
869157790
-1
-1
786176833
-1
-1
-1
-1
978800490
-1
975840098
-1
-1
-1
-1
-1
-1
-1
-1
978632666
-1
911598354
763930529
977104791
-1
-1
-1
741774206
-1
-1
-1
916173557
847518212
-1
975840098
-1
975840098
981236358
882807779
-1
-1
-1
907617664
-1
-1
-1
824194045
900237386
-1
919654309
-1
-1
-1
824194045
-1
-1
-1
-1
-1
-1
-1
-1
-1
-1
-1
-1
854648450
-1
-1
-1
911613285
-1
-1
-1
-1
-1
-1
-1
-1
-1
-1
-1
-1
-1
846167184
-1
-1
-1
-1
-1
764147748
-1
-1
957979527
-1
866386539
-1
978335633
-1
-1
941986802
977104791
-1
883129784
-1
-1
-1
-1
-1
-1
-1
-1
-1
-1
-1
-1
-1
910430675
-1
987021784
-1
791672960
-1
-1
-1
-1
-1
-1
-1
-1
-1
-1
-1
-1
-1
-1
-1
-1
-1
-1
-1
917060665
-1
-1
941727832
-1
-1
-1
-1
-1
772237618
-1
-1
-1
-1
-1
-1
-1
-1
-1
-1
-1
847485139
-1
-1
953293402
-1
-1
-1
-1
-1
-1
846945754
-1
-1
-1
885226947
581992800
-1
-1
-1
-1
-1
-1
-1
977104791
-1
-1
-1
-1
-1
897092235
-1
-1
789023334
-1
-1
-1
-1
-1
803325444
-1
-1
-1
-1
-1
-1
-1
-1
-1
-1
-1
-1
-1
-1
-1
810877810
-1
777118401
-1
-1
-1
-1
-1
-1
-1
-1
-1
847485139
-1
-1
-1
-1
-1
-1
963469638
989229475
-1
-1
-1
-1
-1
-1
-1
-1
-1
-1
-1
947287657
962498295
-1
-1
-1
911576926
-1
-1
-1
885383016
837887414
917383911
954190500
-1
-1
978632666
900237386
-1
-1
-1
-1
900237386
-1
-1
-1
950283184
-1
-1
-1
989229475
-1
-1
-1
-1
-1
939923551
863638568
676395003
882807779
977104791
847518212
880441477
-1
-1
939558023
-1
-1
803621801
-1
-1
-1
-1
797582724
-1
897092235
-1
-1
954220484
-1
-1
-1
-1
-1
-1
-1
-1
-1
-1
-1
-1
-1
-1
836248720
-1
798047153
-1
-1
-1
-1
-1
757089742
865278482
-1
949091190
-1
-1
955025441
-1
-1
-1
-1
-1
-1
-1
-1
-1
912236062
-1
-1
-1
-1
-1
-1
-1
-1
-1
-1
-1
-1
-1
-1
-1
-1
-1
907384372
-1
-1
977104791
-1
-1
-1
-1
-1
-1
-1
656109607
-1
-1
-1
818076387
-1
-1
-1
-1
-1
-1
-1
-1
-1
-1
-1
-1
-1
-1
-1
777118401
-1
-1
-1
955901163
-1
-1
-1
968153027
-1
-1
-1
-1
-1
924886025
-1
-1
-1
-1
741390200
900237386
-1
-1
-1
-1
-1
-1
-1
-1
-1
768763236
-1
-1
-1
-1
539416367
-1
-1
-1
-1
-1
-1
-1
-1
903573865
-1
-1
-1
875622497
-1
-1
-1
882807779
-1
-1
924105043
-1
821275965
-1
-1
-1
-1
-1
-1
892922651
-1
-1
-1
975823420
942948407
-1
972509262
-1
-1
-1
912739948
-1
900237386
-1
-1
954888919
-1
-1
927651472
-1
913063572
-1
824726512
-1
-1
-1
703233414
-1
978800490
-1
-1
963469638
933760779
-1
882807779
-1
-1
897011901
-1
832682344
-1
-1
-1
-1
-1
882807779
-1
764147748
911598354
-1
980015423
-1
701010375
975840098
-1
-1
917822955
-1
-1
919654309
-1
-1
-1
846763206
-1
-1
-1
-1
-1
-1
-1
911598354
-1
-1
975840098
805642779
-1
-1
909161899
-1
-1
-1
-1
-1
944726096
-1
-1
-1
-1
-1
893880356
965331937
948900566
-1
-1
-1
-1
-1
-1
-1
-1
807596123
-1
-1
-1
-1
580346057
897092235
921434525
-1
-1
-1
837248913
910430675
924238047
916331971
-1
-1
691913508
-1
-1
-1
-1
-1
837248913
-1
-1
953293402
-1
-1
-1
-1
-1
907605523
-1
-1
-1
-1
-1
-1
-1
-1
-1
-1
-1
-1
-1
821186005
-1
-1
-1
-1
987259185
928377832
-1
-1
975840098
-1
-1
-1
-1
837887414
-1
-1
235000611
-1
-1
-1
-1
-1
-1
887007867
922795962
-1
-1
771283923
911598354
940718006
-1
-1
-1
-1
904145712
901730479
-1
-1
-1
-1
929286031
-1
-1
919654309
-1
-1
-1
-1
954190500
975840098
-1
886253710
-1
-1
-1
966846814
970298860
-1
-1
-1
-1
-1
-1
-1
-1
-1
989684345
768763236
935151780
-1
974150032
-1
958182094
975840098
-1
-1
-1
-1
-1
954888919
-1
865815008
-1
-1
764147748
-1
-1
-1
928613117
-1
-1
-1
778061778
-1
-1
-1
-1
977104791
-1
-1
-1
-1
-1
-1
-1
-1
-1
-1
-1
-1
-1
938678523
967707280
-1
-1
-1
-1
-1
-1
567573953
764362110
-1
709888911
-1
-1
-1
-1
-1
-1
-1
-1
-1
-1
-1
-1
897092235
-1
-1
-1
-1
931915304
879430453
-1
739552706
-1
-1
-1
858042620
-1
-1
-1
-1
-1
-1
-1
-1
928561805
-1
-1
963469638
-1
853802914
-1
-1
-1
-1
916173557
934368724
-1
847485139
862934407
-1
-1
-1
892841361
-1
-1
-1
-1
-1
-1
-1
-1
813777510
892841361
-1
-1
-1
-1
-1
-1
-1
811755018
-1
-1
882807779
-1
-1
-1
-1
-1
-1
-1
-1
-1
-1
-1
950374533
-1
-1
-1
-1
-1
-1
-1
-1
-1
-1
-1
-1
-1
-1
-1
-1
-1
-1
-1
-1
-1
-1
-1
-1
-1
-1
-1
797185411
834029038
-1
835983093
731178732
-1
-1
-1
-1
907617664
-1
-1
-1
-1
-1
-1
794776565
-1
-1
-1
-1
-1
-1
-1
-1
-1
-1
821186005
795454857
-1
954888919
-1
-1
-1
963469638
977543731
-1
-1
-1
-1
-1
917346038
-1
-1
847485139
-1
934175625
-1
-1
889930703
-1
-1
-1
947533748
-1
-1
-1
975840098
-1
-1
896647315
707607075
-1
-1
-1
-1
-1
-1
-1
-1
-1
-1
949091190
-1
819886263
-1
-1
-1
-1
-1
-1
710761415
-1
977104791
921530911
-1
-1
-1
-1
748862874
-1
-1
917184352
-1
-1
-1
-1
-1
-1
-1
-1
-1
-1
-1
-1
821186005
-1
-1
-1
-1
-1
-1
-1
911598354
963469638
-1
-1
-1
-1
-1
-1
-1
-1
-1
-1
-1
-1
921434525
-1
-1
-1
-1
-1
-1
954888919
-1
837507069
-1
-1
978800490
-1
-1
-1
960045461
-1
977104791
832594342
-1
-1
-1
-1
-1
-1
813648421
-1
-1
975840098
963469638
-1
882807779
-1
-1
-1
-1
-1
599116029
803621801
844263938
-1
-1
-1
953159839
929455753
-1
-1
-1
975840098
-1
-1
-1
-1
-1
-1
882807779
-1
-1
961449539
-1
853881426
-1
-1
975840098
-1
-1
789215485
-1
975097652
-1
-1
-1
895762355
-1
985416489
-1
704637325
-1
-1
931351592
-1
873386740
971087893
-1
-1
-1
764147748
-1
960374163
-1
-1
-1
900237386
-1
-1
-1
-1
-1
-1
-1
-1
958182094
-1
-1
-1
863160723
-1
-1
-1
-1
-1
-1
874800958
947761616
-1
-1
-1
975840098
-1
-1
-1
-1
963469638
731123392
-1
-1
971087893
-1
-1
963469638
654094488
865278482
928613117
-1
-1
-1
-1
703233414
-1
-1
-1
-1
-1
-1
-1
-1
989757053
-1
-1
-1
859986187
-1
882807779
-1
931472176
-1
-1
-1
-1
-1
-1
-1
-1
-1
-1
-1
960374163
-1
735989973
-1
-1
-1
-1
-1
-1
883129784
967491912
-1
911598354
721127995
-1
-1
-1
-1
-1
-1
865815008
764147748
955590779
957979527
753887063
-1
-1
-1
-1
879370066
-1
-1
-1
-1
883206851
-1
-1
923319567
-1
-1
-1
647555215
-1
-1
843734781
-1
-1
-1
-1
-1
-1
991516738
-1
-1
975840098
-1
972509262
-1
-1
-1
-1
764362110
703233414
-1
-1
-1
-1
-1
889644509
-1
-1
-1
746929538
-1
-1
-1
875048830
-1
-1
-1
917194959
819812774
-1
-1
-1
-1
-1
-1
-1
-1
-1
904683973
-1
874800958
-1
-1
-1
735775193
-1
-1
-1
-1
-1
882807779
-1
-1
-1
-1
-1
-1
-1
-1
-1
-1
-1
-1
-1
-1
-1
-1
-1
-1
-1
-1
-1
-1
963469638
-1
847518212
-1
867651168
882807779
-1
965316392
954888919
-1
-1
-1
-1
-1
987836786
-1
884528337
473088492
-1
-1
-1
-1
-1
-1
-1
-1
-1
-1
847518212
-1
-1
-1
-1
-1
-1
-1
-1
-1
677597962
-1
907617664
-1
-1
-1
-1
-1
-1
918928997
-1
-1
-1
-1
792829880
-1
-1
-1
775809895
947114809
-1
-1
-1
-1
917794819
-1
-1
-1
-1
-1
-1
-1
-1
914783725
-1
-1
921434525
-1
-1
-1
876434845
-1
651005132
-1
-1
-1
924238047
-1
-1
817963792
-1
928797379
-1
-1
-1
-1
-1
-1
975097652
-1
963469638
729247022
-1
-1
-1
-1
-1
-1
-1
-1
847485139
958557508
826146515
-1
-1
-1
887007867
-1
-1
-1
-1
987021784
-1
-1
807596123
900237386
786430296
-1
-1
892571292
-1
-1
916263731
-1
-1
950283184
-1
-1
-1
810877810
810122947
956059731
-1
-1
-1
-1
-1
-1
-1
-1
-1
-1
-1
-1
-1
-1
-1
-1
-1
922896916
-1
847485139
764147748
977104791
-1
978632666
-1
-1
-1
-1
904580293
-1
764147748
-1
911598354
788733968
-1
-1
847485139
-1
900237386
-1
-1
-1
-1
-1
-1
-1
-1
948357500
-1
-1
-1
911466962
-1
-1
-1
897092235
-1
971087893
-1
-1
905266393
-1
-1
-1
-1
880072876
-1
-1
-1
-1
-1
975840098
975097652
-1
-1
-1
-1
-1
-1
847518212
-1
-1
-1
-1
-1
-1
-1
-1
882807779
-1
-1
-1
-1
-1
-1
883206851
-1
-1
-1
-1
-1
564634117
557723629
-1
795087152
-1
-1
737889135
-1
-1
923217766
-1
-1
-1
-1
-1
-1
-1
-1
-1
964240765
-1
854440967
882807779
-1
-1
-1
939131460
951488405
882276373
-1
911598354
704648484
971087893
957003150
-1
-1
-1
-1
954888919
-1
-1
-1
-1
-1
-1
-1
865815008
807160895
-1
775292764
-1
-1
-1
-1
811755018
-1
882807779
-1
-1
-1
-1
-1
-1
-1
746685393
-1
-1
-1
-1
-1
-1
-1
-1
-1
-1
-1
-1
-1
-1
933760779
-1
-1
-1
910430675
911490833
-1
944750008
-1
-1
-1
-1
-1
-1
-1
-1
-1
-1
-1
-1
-1
-1
-1
-1
-1
-1
-1
963469638
-1
900237386
907617664
-1
-1
-1
880648397
743850796
951033902
919654309
966693629
-1
-1
-1
-1
977345938
-1
-1
-1
-1
935094509
938009715
571235481
-1
809905661
735989973
-1
-1
-1
-1
-1
-1
700322441
-1
889644509
-1
-1
803621801
-1
-1
-1
-1
-1
-1
-1
882807779
-1
-1
-1
974232060
837887414
-1
-1
-1
-1
-1
-1
832927892
788733968
880997718
-1
-1
869230410
-1
-1
-1
940692924
900237386
-1
-1
-1
-1
-1
698692074
-1
-1
-1
996777993
-1
-1
-1
-1
-1
-1
-1
-1
-1
-1
-1
874388240
-1
952054422
-1
789023334
-1
859986187
-1
-1
764147748
-1
-1
-1
968370834
-1
-1
-1
917383911
-1
882807779
-1
799054916
896444860
-1
-1
-1
937840144
975840098
-1
-1
-1
963469638
-1
978800490
-1
-1
-1
-1
-1
987259185
735989973
900237386
-1
-1
-1
-1
-1
-1
-1
-1
865526191
-1
-1
-1
883820585
-1
711761355
-1
-1
-1
-1
787779078
-1
-1
978800490
-1
-1
949837180
-1
839246011
-1
-1
-1
953293402
-1
-1
940488800
-1
733962399
-1
-1
-1
-1
928561805
668195423
-1
784426086
-1
-1
928052564
859986187
-1
925849918
-1
-1
-1
-1
-1
-1
911598354
-1
921110145
-1
-1
-1
-1
-1
-1
-1
897812255
-1
-1
887007867
-1
-1
-1
-1
-1
959890251
-1
-1
979109368
940243089
889930703
-1
-1
-1
-1
-1
-1
-1
-1
-1
-1
-1
940592765
895388179
-1
917060665
-1
-1
-1
910430675
-1
-1
-1
-1
-1
-1
-1
813648421
-1
-1
-1
-1
-1
-1
-1
-1
-1
-1
-1
-1
963469638
-1
-1
916768242
-1
-1
910430675
729019015
-1
-1
-1
-1
813098774
-1
-1
-1
-1
-1
-1
867357001
-1
-1
882807779
-1
-1
-1
-1
821186005
800949155
-1
-1
-1
-1
-1
-1
943858671
-1
884528337
-1
-1
-1
-1
-1
-1
-1
-1
-1
-1
-1
-1
724641943
-1
-1
-1
-1
-1
-1
-1
-1
-1
-1
-1
-1
-1
-1
882807779
-1
-1
653171129
896647315
-1
-1
-1
-1
-1
-1
-1
-1
-1
-1
-1
-1
-1
-1
-1
-1
-1
-1
-1
-1
-1
-1
-1
-1
-1
-1
924105043
-1
806117588
-1
-1
842185089
837887414
-1
904705180
-1
-1
-1
-1
-1
-1
990869977
844788087
748676461
-1
-1
924692969
-1
704637325
-1
-1
687350915
944907754
-1
-1
-1
-1
-1
-1
-1
-1
-1
-1
-1
786252208
-1
-1
-1
-1
-1
-1
-1
-1
-1
-1
954200973
-1
-1
-1
-1
-1
847518212
-1
-1
762628257
-1
-1
-1
-1
-1
-1
-1
963469638
-1
975840098
-1
-1
-1
924238047
-1
-1
956059731
-1
-1
793038668
-1
-1
-1
-1
-1
-1
-1
620419639
-1
810222615
-1
-1
-1
-1
-1
-1
-1
-1
-1
-1
-1
-1
816880225
-1
790241596
-1
-1
-1
606266042
-1
-1
-1
-1
-1
-1
-1
-1
879798917
-1
898909805
-1
-1
-1
963469638
882807779
-1
909409057
-1
949189744
858533601
-1
-1
-1
-1
-1
847518212
-1
855279720
941986802
-1
882807779
969724198
-1
910430675
-1
-1
-1
-1
953293402
-1
-1
-1
977412059
900237386
-1
-1
833555986
-1
-1
-1
871218562
-1
-1
-1
977412059
-1
-1
-1
978774824
-1
-1
553442914
-1
-1
-1
-1
975840098
709830901
-1
-1
-1
954888919
-1
-1
-1
-1
-1
-1
857275356
-1
-1
-1
-1
-1
-1
897092235
-1
-1
847518212
-1
-1
-1
977345938
958182094
-1
-1
-1
-1
-1
-1
844788087
-1
924238047
-1
-1
-1
-1
-1
-1
-1
-1
-1
-1
-1
-1
-1
-1
-1
-1
-1
-1
789215485
-1
-1
990619229
-1
857279082
-1
-1
-1
-1
-1
743352604
-1
911598354
-1
961019265
939923551
-1
-1
-1
928052564
901730479
-1
-1
-1
-1
-1
-1
-1
-1
953293402
-1
-1
-1
862869909
880748073
-1
-1
-1
-1
722827048
-1
847518212
-1
917184352
-1
-1
-1
-1
-1
-1
952054422
-1
-1
-1
-1
900237386
-1
-1
894513678
-1
-1
-1
-1
-1
884062038
-1
-1
-1
-1
-1
869230410
-1
-1
882807779
-1
978800490
-1
-1
-1
-1
-1
-1
884528337
-1
865815008
974391504
-1
-1
-1
-1
-1
-1
-1
-1
975840098
-1
-1
953293402
764147748
-1
-1
-1
-1
856989660
-1
-1
707607075
968153027
-1
871218562
-1
-1
935151780
-1
-1
-1
-1
-1
-1
-1
-1
-1
-1
-1
-1
-1
-1
-1
963469638
-1
928052564
-1
-1
-1
-1
-1
-1
-1
-1
-1
-1
-1
803621801
-1
-1
-1
-1
-1
-1
-1
620419639
977104791
-1
883129784
975840098
937840144
963469638
-1
867651168
924238047
882807779
-1
889507388
-1
-1
-1
-1
-1
-1
-1
-1
-1
-1
977104791
-1
-1
888768270
-1
-1
-1
-1
963469638
-1
-1
-1
-1
963469638
-1
811755018
910124326
939131460
-1
-1
-1
-1
-1
-1
-1
-1
-1
-1
-1
-1
651300640
-1
-1
-1
-1
862869909
-1
-1
-1
897092235
-1
-1
-1
-1
-1
-1
-1
-1
-1
-1
-1
926384422
-1
963469638
-1
781082651
-1
-1
-1
-1
761591396
745574042
441673145
-1
-1
965316392
-1
-1
-1
-1
-1
-1
-1
911598354
-1
-1
-1
939558023
907722202
848218769
-1
-1
859986187
-1
-1
-1
-1
-1
929455753
-1
859986187
-1
-1
-1
-1
-1
-1
-1
-1
-1
-1
-1
-1
-1
-1
989229475
-1
-1
-1
-1
943173693
870055882
-1
-1
425731178
-1
-1
-1
867651168
843260792
-1
847485139
-1
-1
-1
-1
-1
-1
831880482
642917749
-1
-1
-1
-1
-1
-1
-1
-1
-1
989757053
-1
-1
-1
881958726
963469638
-1
-1
-1
-1
-1
-1
924238047
-1
-1
-1
-1
-1
865278482
924238047
948394033
658899575
-1
-1
-1
-1
882807779
-1
-1
-1
-1
-1
-1
978632666
-1
-1
-1
-1
-1
787438791
-1
-1
-1
-1
-1
-1
921434525
-1
952054422
-1
-1
975840098
717274208
-1
810877810
-1
963469638
-1
-1
-1
-1
-1
-1
-1
-1
-1
-1
-1
-1
-1
756964089
884528337
-1
806862707
-1
802505279
-1
-1
-1
978800490
-1
-1
-1
842185089
937324985
-1
-1
786465304
-1
894513678
-1
593777261
-1
-1
752054241
-1
-1
-1
-1
963469638
-1
-1
-1
-1
654094488
-1
-1
-1
-1
-1
-1
-1
-1
-1
657478197
-1
-1
667967020
953293402
-1
-1
-1
844300160
-1
632422523
-1
-1
-1
-1
662724942
-1
-1
865278482
-1
-1
900237386
-1
-1
972519974
-1
-1
-1
-1
-1
958588366
-1
880043424
-1
-1
-1
879524330
-1
821317196
-1
900237386
-1
-1
957003150
963469638
-1
774773415
-1
966502217
-1
-1
-1
-1
-1
-1
843734781
-1
861271187
-1
-1
699240998
-1
-1
-1
-1
-1
-1
959890251
-1
-1
-1
-1
-1
-1
-1
-1
-1
-1
880748073
-1
-1
-1
-1
-1
-1
-1
-1
847485139
-1
-1
-1
974150032
-1
833057623
-1
900237386
-1
-1
-1
966502217
-1
-1
-1
-1
-1
772237618
-1
-1
-1
-1
897259650
715131192
-1
-1
-1
910430675
-1
-1
-1
-1
-1
-1
996777993
837175168
-1
-1
-1
-1
-1
752301557
-1
939439742
-1
-1
-1
-1
-1
-1
-1
-1
-1
916173557
-1
-1
-1
-1
-1
-1
-1
-1
-1
818218117
-1
939558023
977543731
-1
-1
-1
-1
-1
-1
891307443
882807779
963469638
-1
-1
-1
-1
-1
-1
-1
-1
900237386
-1
759262811
-1
-1
-1
-1
-1
-1
-1
-1
-1
-1
-1
-1
-1
-1
-1
-1
-1
-1
803621801
-1
-1
-1
-1
924376014
807596123
-1
-1
-1
939846602
-1
-1
-1
821186005
-1
880997718
-1
865815008
-1
-1
786465304
-1
703233414
-1
630434044
-1
-1
-1
-1
-1
-1
-1
-1
-1
-1
-1
-1
-1
-1
-1
-1
-1
-1
-1
-1
-1
-1
838618299
-1
-1
-1
-1
-1
-1
-1
-1
-1
-1
-1
-1
-1
-1
-1
-1
-1
854024398
975840098
-1
-1
-1
-1
-1
-1
-1
-1
827109072
-1
-1
954906625
-1
-1
-1
-1
-1
-1
887007867
975624343
-1
-1
-1
-1
938650935
-1
-1
-1
-1
-1
-1
-1
-1
-1
-1
-1
-1
-1
-1
957003150
-1
975840098
548173578
-1
-1
-1
911598354
978800490
-1
-1
-1
963469638
-1
-1
-1
847518212
-1
963469638
919654309
-1
-1
-1
940488800
-1
789215485
939131460
-1
-1
-1
-1
-1
-1
725953519
-1
-1
-1
-1
-1
978632666
859986187
-1
937637306
968482090
-1
-1
837175168
-1
-1
965316392
-1
975840098
-1
-1
-1
-1
-1
-1
963469638
-1
-1
-1
-1
-1
-1
-1
927651472
776778626
876732805
-1
-1
-1
-1
-1
783927138
-1
-1
-1
971087893
636697910
793519379
-1
900237386
918176211
-1
-1
910430675
-1
-1
-1
-1
-1
-1
971087893
963469638
-1
-1
-1
-1
-1
988622252
-1
833016191
-1
-1
-1
-1
-1
-1
-1
-1
-1
-1
-1
-1
-1
897092235
-1
611036975
911598354
-1
-1
-1
865815008
-1
-1
-1
-1
-1
975097652
-1
957003150
762847742
-1
-1
-1
-1
865149984
-1
975097652
777118401
-1
-1
-1
-1
942425196
900237386
-1
744290430
-1
975840098
-1
-1
-1
-1
-1
-1
914783725
825652015
687859102
-1
847518212
-1
-1
777118401
-1
-1
-1
-1
-1
975840098
869937616
-1
-1
-1
978632666
-1
948577798
970019289
903706547
-1
-1
-1
-1
819812774
-1
-1
963469638
963469638
-1
-1
910430675
900237386
844788087
-1
-1
-1
-1
-1
-1
978800490
-1
-1
-1
835627815
-1
-1
-1
-1
-1
-1
963469638
889879917
-1
987259185
-1
-1
-1
922896916
960519922
-1
-1
971087893
-1
-1
935989993
776162832
-1
-1
-1
904972384
630434044
848213853
-1
-1
-1
-1
-1
-1
892841361
-1
-1
-1
-1
847518212
-1
-1
-1
-1
-1
-1
-1
812407433
983718404
837401525
-1
-1
-1
-1
-1
-1
-1
865815008
755973024
703233414
-1
-1
-1
-1
963469638
-1
883649004
-1
-1
900237386
-1
-1
-1
-1
-1
-1
881848093
-1
-1
813410253
711930948
-1
919654309
-1
815278888
897092235
-1
-1
-1
827540701
-1
-1
-1
755699093
-1
896166220
887597915
-1
882807779
-1
899052297
-1
-1
-1
-1
778968549
987259185
809447943
812427908
-1
-1
-1
-1
-1
-1
-1
-1
620765568
-1
-1
989684345
-1
-1
977543731
-1
871218562
-1
-1
-1
-1
-1
-1
-1
-1
872361792
-1
-1
963469638
-1
975823420
-1
-1
-1
-1
784827769
-1
-1
882807779
-1
-1
807596123
807596123
-1
-1
951898602
-1
-1
665138240
706391968
789215485
-1
-1
-1
-1
882807779
641612702
-1
-1
-1
867651168
-1
-1
870095169
921434525
-1
-1
-1
-1
764147748
975840098
859131299
761026220
-1
951292748
764811566
-1
918960838
-1
-1
-1
967481183
949354347
-1
-1
-1
-1
845798961
-1
-1
-1
-1
806117588
-1
-1
-1
-1
-1
977104791
642402614
947861017
-1
-1
978800490
-1
-1
963469638
-1
-1
887007867
-1
-1
910430675
755690894
-1
946776336
-1
972509262
-1
-1
-1
-1
-1
-1
-1
-1
-1
-1
-1
-1
-1
-1
620305133
-1
-1
-1
-1
-1
957313968
882807779
948556159
-1
939542963
963469638
975840098
-1
-1
-1
918960838
773959385
917223995
-1
-1
963469638
-1
-1
912672965
-1
-1
-1
610413536
957003150
-1
-1
862869909
879798917
776277069
593777261
-1
807596123
-1
806915108
-1
973307450
-1
-1
-1
-1
-1
888768270
861775164
-1
923147945
-1
-1
-1
-1
-1
-1
882807779
-1
-1
-1
-1
-1
-1
-1
-1
-1
-1
-1
-1
-1
-1
-1
-1
768394190
-1
-1
-1
-1
-1
869616721
764811566
-1
-1
970019289
810877810
-1
-1
814979707
-1
424820668
911598354
-1
-1
963469638
-1
-1
975840098
894513678
-1
-1
813502850
465836422
-1
-1
-1
-1
-1
-1
-1
-1
-1
859705422
-1
-1
886253710
-1
-1
-1
910124326
-1
-1
-1
-1
963469638
884528337
794776565
-1
-1
-1
-1
-1
-1
-1
-1
-1
-1
-1
967491912
-1
-1
-1
-1
-1
900237386
-1
-1
-1
910030393
-1
-1
-1
977104791
-1
-1
821057766
-1
891940877
921434525
-1
-1
927651472
-1
-1
-1
-1
-1
882807779
-1
847518212
894513813
-1
-1
-1
815874507
-1
918928997
-1
-1
-1
-1
-1
-1
-1
900237386
-1
974339036
-1
924105043
-1
-1
843734781
-1
-1
-1
954200973
-1
-1
882807779
-1
-1
-1
-1
-1
-1
-1
-1
-1
-1
975840098
-1
-1
-1
880997718
-1
-1
-1
959995358
-1
969019250
-1
910430675
-1
-1
-1
892841361
-1
-1
-1
-1
-1
-1
-1
-1
-1
-1
-1
-1
-1
958557508
-1
913816327
916173557
932322021
-1
-1
965378350
-1
-1
-1
-1
-1
-1
-1
-1
-1
-1
-1
787074600
-1
463533104
-1
919654309
-1
-1
-1
-1
-1
-1
-1
-1
845074392
-1
-1
-1
989757053
-1
-1
-1
-1
-1
900237386
-1
-1
758888794
-1
-1
-1
-1
-1
-1
-1
-1
-1
-1
968439183
-1
-1
-1
-1
-1
-1
-1
850824160
919654309
954888919
-1
-1
-1
-1
-1
900237386
975840098
-1
-1
930435402
889644509
-1
921530911
-1
933734334
841099816
-1
-1
943537002
966285004
-1
-1
894313987
-1
-1
-1
-1
-1
-1
-1
801895022
-1
-1
900237386
-1
-1
-1
-1
-1
547818989
-1
900237386
382313852
837887414
-1
852336647
-1
957003150
-1
-1
-1
-1
-1
-1
-1
-1
-1
940692924
-1
-1
-1
-1
-1
884528337
837887414
-1
-1
-1
-1
-1
-1
-1
-1
-1
-1
-1
748107709
-1
900237386
800821646
854131386
-1
-1
-1
-1
-1
-1
-1
-1
-1
-1
-1
-1
829366040
-1
-1
-1
-1
-1
-1
-1
-1
-1
-1
-1
-1
-1
-1
-1
-1
948900566
-1
934401213
-1
-1
-1
-1
-1
-1
904921801
-1
-1
-1
-1
975840098
887007867
-1
-1
-1
-1
-1
963469638
-1
804744543
-1
-1
-1
897092235
-1
932018978
-1
-1
-1
824373158
-1
-1
-1
-1
-1
-1
-1
970909036
-1
-1
962475278
-1
810877810
-1
-1
799816078
-1
-1
-1
977104791
-1
-1
921434525
975097652
-1
-1
-1
-1
-1
-1
-1
-1
819812774
824726512
-1
-1
-1
-1
-1
-1
-1
-1
-1
-1
-1
-1
-1
974483759
748107709
934183214
919654309
-1
-1
-1
-1
-1
939558023
-1
-1
-1
-1
-1
911598354
-1
-1
-1
-1
-1
-1
-1
-1
-1
-1
-1
764811566
-1
-1
-1
696324693
-1
-1
907408923
-1
-1
-1
-1
735989973
847485139
880748073
-1
-1
-1
-1
938009715
-1
-1
-1
-1
-1
-1
903715104
-1
-1
954369681
-1
-1
-1
-1
-1
963469638
-1
-1
-1
-1
-1
-1
-1
-1
956059731
889634584
-1
828781342
875622497
-1
-1
-1
-1
-1
-1
-1
882807779
-1
-1
904108611
939923551
-1
-1
-1
706028850
909288226
-1
-1
-1
-1
-1
954888919
-1
-1
975840098
-1
835264831
764576586
-1
-1
-1
882807779
-1
-1
-1
963469638
619028625
-1
-1
934368724
-1
-1
806117588
711112546
775681357
-1
-1
-1
-1
939923551
-1
-1
847518212
729247022
-1
-1
-1
882807779
-1
-1
-1
-1
-1
952460756
963469638
989757053
975817089
-1
-1
-1
-1
-1
980532557
924105043
787438791
-1
-1
941605020
602583364
837248913
-1
-1
-1
-1
-1
-1
-1
891261693
-1
-1
993643185
-1
-1
-1
-1
-1
-1
-1
-1
957979527
-1
-1
-1
704889033
-1
978800490
-1
895512571
924238047
902239071
-1
-1
906888254
-1
920538614
-1
746929538
-1
858475862
-1
-1
-1
-1
-1
-1
-1
-1
-1
-1
954888919
794776565
818076387
-1
-1
-1
-1
-1
-1
-1
489614139
921434525
915322914
-1
-1
963469638
968341581
-1
-1
-1
-1
-1
-1
-1
-1
-1
-1
-1
-1
-1
-1
-1
-1
-1
-1
-1
-1
-1
897812255
-1
835983093
-1
695366927
-1
935489003
660919146
764147748
954888919
-1
-1
-1
-1
-1
-1
-1
897092235
-1
-1
910430675
806915108
-1
-1
-1
810877810
-1
-1
-1
-1
-1
-1
-1
-1
-1
-1
-1
921434525
897812255
654094488
-1
-1
-1
828004163
828880735
-1
919654309
897092235
-1
734382830
-1
-1
879911243
968092364
-1
-1
925795082
-1
-1
-1
953185715
-1
-1
-1
-1
-1
-1
-1
964826206
-1
-1
-1
818351793
911598354
979029907
-1
952054422
-1
-1
787617801
-1
963469638
-1
939131460
-1
-1
-1
-1
-1
-1
-1
-1
-1
-1
880153107
-1
-1
978632666
-1
-1
975840098
847518212
951033902
782144220
-1
-1
-1
-1
-1
-1
-1
-1
-1
747631170
889644509
-1
-1
954888919
-1
-1
-1
-1
-1
-1
-1
-1
921199867
-1
855527585
-1
-1
-1
747631170
-1
-1
-1
-1
-1
-1
-1
-1
764362110
-1
911598354
900237386
-1
-1
939923551
756964089
860736334
882807779
977345938
-1
-1
-1
963469638
-1
-1
953293402
-1
-1
897159412
-1
869937616
828880735
-1
-1
-1
-1
-1
974150032
859986187
-1
-1
-1
963469638
-1
-1
-1
-1
-1
-1
-1
-1
-1
-1
923433013
900919312
-1
-1
-1
-1
892841361
-1
-1
-1
-1
-1
-1
-1
-1
752800769
939542963
967481183
-1
-1
-1
-1
-1
-1
-1
874043168
897812255
-1
-1
-1
-1
-1
-1
-1
-1
892841361
-1
-1
-1
-1
-1
-1
-1
-1
927651472
-1
-1
-1
932823137
-1
-1
-1
-1
-1
-1
-1
-1
-1
-1
-1
-1
564634117
-1
-1
761026220
-1
-1
971087893
965331937
879651892
-1
-1
-1
974022825
-1
-1
954200973
649194637
-1
-1
900237386
777118401
-1
-1
-1
803621801
963469638
-1
-1
-1
-1
729247022
955025441
935151780
-1
-1
-1
-1
-1
897092235
904203885
-1
921434525
-1
957003150
-1
975840098
-1
-1
-1
-1
-1
-1
-1
-1
-1
-1
889825983
900237386
-1
-1
-1
-1
-1
-1
-1
867220315
803657732
-1
-1
-1
-1
-1
-1
-1
-1
-1
620419639
-1
-1
-1
-1
-1
-1
-1
-1
-1
-1
-1
-1
-1
-1
653099966
918960838
963469638
791216723
-1
-1
-1
-1
938823287
-1
-1
857279082
-1
-1
-1
-1
-1
-1
-1
-1
-1
-1
-1
-1
794776565
-1
904256251
-1
-1
900237386
-1
-1
-1
-1
-1
648438692
-1
-1
-1
-1
-1
854440967
-1
-1
-1
882807779
-1
-1
-1
-1
-1
924105043
-1
923319567
-1
-1
-1
-1
-1
680191562
917300840
-1
-1
-1
-1
924376014
-1
925806198
-1
-1
530791488
-1
-1
-1
-1
809490106
-1
-1
910430675
910430675
-1
-1
-1
847518212
924376014
831187346
-1
-1
-1
-1
919654309
-1
-1
-1
-1
-1
923319567
-1
882807779
-1
-1
-1
959490265
-1
923855223
-1
942624984
-1
-1
-1
-1
-1
-1
900237386
828767422
954888919
-1
-1
752054241
-1
-1
-1
-1
-1
907617664
-1
-1
-1
-1
-1
-1
-1
-1
757089742
-1
-1
611036975
975840098
-1
910430675
-1
-1
-1
975840098
-1
-1
-1
-1
-1
-1
-1
-1
-1
-1
-1
632070325
-1
-1
-1
860279570
-1
-1
-1
-1
756868474
900237386
-1
879798917
-1
-1
-1
-1
977104791
-1
-1
-1
963469638
845074392
-1
921434525
-1
-1
-1
955025441
636499868
-1
-1
-1
-1
-1
-1
-1
-1
920409314
-1
-1
-1
-1
-1
893175607
-1
-1
-1
-1
-1
-1
-1
-1
-1
-1
717274208
-1
-1
-1
-1
991169061
-1
-1
-1
-1
-1
-1
-1
-1
-1
861655487
-1
-1
-1
939923551
-1
-1
-1
847485139
-1
-1
978800490
-1
907384372
919406217
-1
-1
-1
-1
-1
-1
827540701
-1
-1
-1
881848093
-1
-1
-1
-1
-1
882807779
935151780
-1
844946835
-1
953185715
608027730
-1
882807779
-1
866487928
-1
-1
-1
-1
-1
675329435
-1
-1
-1
-1
-1
-1
-1
-1
-1
-1
-1
-1
-1
-1
-1
-1
868186156
688848372
-1
842069342
-1
-1
978632666
927651472
-1
-1
-1
963469638
924105043
-1
-1
-1
862869909
-1
-1
-1
-1
-1
-1
-1
-1
882807779
-1
-1
-1
-1
-1
-1
-1
-1
-1
892841361
-1
-1
775809302
977104791
-1
-1
-1
917184352
-1
-1
-1
-1
-1
-1
-1
-1
-1
-1
-1
-1
-1
-1
-1
-1
789215485
-1
-1
-1
-1
-1
-1
835983093
-1
912739948
926616571
-1
954888919
975840098
-1
-1
-1
-1
-1
911079678
-1
907779225
-1
678584472
975840098
653099966
-1
-1
-1
-1
-1
-1
-1
-1
564274820
864813846
-1
-1
-1
910430675
-1
-1
-1
-1
-1
917383911
-1
847331184
900237386
845074392
-1
-1
-1
-1
-1
-1
-1
-1
-1
-1
-1
-1
-1
-1
-1
879908612
-1
-1
672731798
-1
-1
-1
839246011
-1
-1
-1
-1
-1
843734781
-1
-1
-1
954888919
-1
-1
-1
-1
911490833
-1
-1
934287902
-1
-1
-1
-1
-1
-1
-1
-1
963469638
-1
892841361
-1
739552706
-1
-1
-1
-1
-1
887007867
-1
-1
609020864
889825983
-1
-1
-1
-1
-1
-1
880997718
-1
-1
-1
939121788
-1
-1
-1
-1
-1
-1
-1
-1
-1
900237386
957003150
-1
-1
-1
-1
688848372
947114809
-1
-1
-1
-1
-1
-1
-1
-1
-1
-1
-1
749123286
-1
-1
-1
-1
-1
847485139
-1
-1
-1
-1
-1
884528337
-1
-1
-1
-1
538294134
794776565
-1
-1
897159412
662950688
-1
-1
-1
-1
843676416
858663413
424546529
-1
897092235
-1
853334542
-1
-1
867220315
-1
-1
-1
717274208
-1
-1
-1
954888919
-1
847518212
-1
-1
963469638
-1
-1
-1
-1
-1
-1
-1
-1
-1
-1
947533748
-1
-1
-1
975840098
-1
977543731
-1
-1
-1
-1
-1
882807779
-1
889732173
-1
-1
-1
-1
-1
897092235
-1
-1
965378350
-1
915946169
859785109
951428164
-1
-1
-1
-1
-1
-1
-1
-1
-1
-1
-1
784827769
-1
-1
-1
-1
-1
-1
-1
-1
847485139
-1
-1
-1
-1
-1
-1
-1
-1
-1
975840098
-1
-1
-1
-1
656997245
-1
786549867
-1
-1
-1
-1
975097652
-1
-1
-1
-1
963469638
980965487
-1
952054422
-1
950388921
-1
-1
-1
-1
915773300
-1
-1
-1
-1
-1
-1
963469638
880997718
-1
895247755
-1
963469638
-1
-1
-1
738995727
-1
-1
859986187
-1
-1
-1
-1
-1
-1
-1
-1
-1
-1
-1
-1
-1
-1
-1
972509262
-1
-1
-1
-1
806915108
-1
-1
-1
794776565
978800490
-1
-1
-1
-1
-1
862499575
-1
-1
828767422
-1
-1
888213974
-1
-1
-1
-1
-1
-1
-1
748533331
963469638
765886008
-1
975840098
897092235
-1
-1
-1
919654309
-1
-1
-1
-1
-1
-1
-1
-1
745574042
787985693
-1
-1
882807779
-1
-1
953293402
-1
-1
-1
931768627
937795515
-1
939923551
-1
859986187
-1
-1
-1
-1
-1
976874282
958465948
-1
-1
921434525
-1
-1
-1
-1
-1
-1
-1
-1
-1
877824351
948900566
-1
-1
-1
-1
-1
921434525
-1
-1
-1
-1
-1
-1
-1
-1
975840098
-1
-1
-1
-1
-1
-1
927112657
-1
952054422
-1
-1
-1
-1
-1
-1
-1
882807779
-1
847518212
859785109
-1
-1
-1
-1
-1
-1
-1
-1
901730479
-1
878219159
-1
-1
-1
-1
-1
881088847
911925025
-1
-1
-1
-1
-1
-1
847485139
-1
-1
-1
-1
-1
-1
-1
-1
-1
-1
989757053
-1
-1
-1
804049404
764147748
-1
-1
-1
924238047
-1
-1
989757053
-1
-1
-1
-1
-1
-1
-1
894513678
-1
-1
-1
963469638
-1
-1
684667123
-1
-1
889644509
-1
-1
897812255
-1
-1
-1
-1
-1
-1
947653182
763930529
-1
-1
-1
-1
-1
-1
-1
-1
897092235
-1
-1
-1
-1
-1
882807779
963469638
-1
-1
-1
-1
-1
-1
897092235
-1
-1
-1
-1
-1
-1
-1
-1
-1
-1
-1
-1
-1
821186005
-1
-1
928377832
-1
-1
-1
-1
-1
-1
-1
887007867
422212990
-1
-1
866487928
955590779
620419639
-1
-1
-1
-1
-1
920538614
-1
-1
-1
-1
-1
897812255
-1
-1
-1
563211419
-1
-1
828976844
916654302
-1
-1
-1
-1
-1
-1
990869977
-1
-1
-1
-1
-1
-1
847518212
-1
-1
-1
903715104
-1
-1
-1
-1
817274964
-1
-1
-1
916019441
769830703
-1
-1
675329435
-1
-1
-1
-1
-1
-1
978632666
-1
-1
-1
-1
900237386
885383016
-1
-1
802424022
-1
847485139
939542963
885436969
-1
954888919
-1
-1
827054159
-1
954200973
978335633
-1
917383911
-1
-1
-1
941986802
-1
-1
-1
-1
904705180
-1
978632666
-1
706377414
811755018
-1
-1
-1
-1
-1
897011901
-1
-1
-1
-1
-1
-1
-1
-1
954888919
836976871
660646793
-1
-1
-1
963469638
911490833
-1
837887414
-1
-1
-1
887007867
-1
-1
-1
-1
-1
963469638
-1
-1
-1
-1
951333045
-1
-1
764147748
-1
-1
-1
991169061
-1
-1
-1
707030085
-1
958182094
-1
-1
677737534
-1
-1
-1
-1
932205359
989792202
-1
-1
764147748
-1
-1
-1
-1
-1
-1
931504166
-1
-1
-1
795911518
-1
-1
-1
-1
-1
-1
-1
-1
-1
-1
-1
471759446
-1
-1
883129784
-1
-1
747038056
897092235
-1
-1
-1
-1
-1
-1
-1
-1
-1
-1
-1
-1
-1
-1
-1
846365146
-1
-1
968482090
-1
-1
-1
975097652
-1
-1
-1
-1
-1
980965487
-1
-1
-1
-1
-1
-1
-1
-1
-1
945260403
-1
687551586
-1
-1
-1
-1
-1
473088492
-1
975840098
-1
-1
-1
-1
949381470
-1
-1
-1
-1
-1
-1
-1
-1
882807779
847518212
-1
-1
-1
-1
-1
-1
-1
989757053
-1
-1
-1
-1
939542963
-1
-1
904683973
-1
-1
969959859
-1
-1
907617664
-1
862869909
-1
915858524
928377832
-1
-1
-1
-1
-1
701962421
-1
968439183
-1
-1
969358152
963469638
928052564
-1
-1
-1
947533748
-1
703233414
-1
-1
-1
-1
-1
-1
-1
-1
-1
940692924
660449890
-1
-1
-1
-1
-1
707030085
-1
-1
818076387
-1
-1
-1
889957845
-1
-1
911598354
-1
-1
-1
-1
-1
-1
-1
-1
808015515
-1
-1
802310971
-1
-1
-1
-1
-1
-1
-1
859986187
-1
-1
897092235
-1
-1
-1
-1
-1
-1
-1
-1
884528337
-1
-1
-1
900237386
-1
716239634
-1
872149850
-1
-1
-1
953293402
798047153
-1
-1
-1
843734781
763930529
-1
-1
-1
953293402
-1
-1
-1
-1
938650935
-1
-1
-1
-1
-1
-1
-1
-1
-1
-1
-1
-1
-1
-1
687350915
-1
-1
-1
-1
789215485
-1
-1
882807779
794026809
-1
-1
-1
-1
-1
746929538
-1
-1
-1
794776565
882807779
921434525
-1
-1
-1
-1
-1
975840098
-1
-1
-1
837248913
389594434
-1
-1
887007867
-1
963469638
631451375
-1
-1
-1
-1
900919312
-1
-1
-1
857040108
-1
-1
-1
-1
-1
-1
-1
-1
-1
-1
975840098
807596123
-1
-1
-1
-1
-1
964118819
-1
-1
573003606
-1
-1
-1
-1
-1
-1
-1
825331799
632630645
-1
883129784
892841361
-1
-1
-1
963469638
-1
900358993
-1
-1
-1
-1
-1
-1
-1
-1
837887414
887007867
-1
-1
-1
-1
-1
972509262
-1
-1
-1
-1
-1
900237386
716239634
-1
-1
-1
-1
975840098
-1
-1
-1
-1
924238047
-1
-1
-1
-1
-1
933760779
968482090
-1
-1
-1
963469638
-1
-1
-1
-1
853802914
-1
821057766
877166173
-1
-1
919654309
-1
-1
-1
-1
-1
-1
-1
-1
-1
-1
-1
-1
-1
-1
-1
-1
-1
-1
847518212
-1
-1
-1
-1
-1
-1
-1
953293402
-1
-1
-1
-1
896166220
963469638
-1
-1
-1
-1
-1
-1
-1
-1
-1
-1
-1
963469638
-1
-1
-1
975840098
-1
784827769
-1
761026220
-1
-1
-1
-1
-1
-1
-1
-1
-1
-1
445695319
-1
-1
-1
984086174
-1
-1
-1
-1
933760779
-1
900237386
-1
-1
-1
-1
-1
689394182
884528337
954888919
957003150
975840098
-1
-1
-1
-1
-1
-1
-1
810877810
972509262
-1
-1
-1
-1
-1
847905559
978335633
-1
-1
-1
-1
961019265
-1
-1
-1
-1
-1
-1
-1
734214286
947653182
-1
-1
-1
867790954
-1
963469638
-1
-1
-1
802150104
-1
-1
-1
-1
-1
-1
-1
-1
847485139
924105043
-1
-1
960374163
-1
-1
-1
-1
-1
-1
-1
-1
-1
-1
953293402
-1
-1
849683669
-1
-1
-1
-1
882807779
-1
-1
910124326
-1
-1
792510052
-1
-1
-1
975097652
-1
-1
-1
-1
-1
-1
939923551
-1
-1
-1
-1
882807779
-1
-1
-1
963469638
-1
-1
-1
882287168
620419639
-1
-1
910430675
-1
-1
-1
935094509
-1
-1
-1
-1
-1
-1
-1
454254662
547826548
-1
-1
914209481
791605452
949354347
-1
-1
-1
-1
882807779
-1
-1
-1
-1
-1
-1
-1
887007867
-1
865815008
-1
911490833
-1
-1
-1
847518212
-1
-1
-1
-1
910124326
-1
909353287
-1
-1
-1
-1
919654309
-1
-1
-1
-1
958182094
900237386
-1
-1
-1
-1
-1
587620285
897092235
-1
-1
-1
704637325
975840098
-1
934980550
-1
-1
-1
-1
963469638
-1
-1
-1
-1
882807779
-1
-1
-1
830672336
-1
955025441
821186005
-1
-1
947114809
-1
837248913
-1
789023334
-1
-1
-1
-1
-1
975840098
636239989
-1
-1
948975612
869230410
-1
-1
-1
-1
-1
897092235
-1
-1
-1
907605523
-1
-1
-1
-1
-1
-1
-1
-1
-1
-1
-1
-1
-1
948577798
954888919
668174704
-1
-1
-1
-1
954369681
-1
-1
897092235
949189744
-1
-1
-1
951816916
-1
-1
-1
-1
-1
-1
-1
-1
-1
-1
919654309
975840098
-1
-1
-1
-1
-1
-1
-1
-1
911598354
-1
-1
-1
-1
-1
-1
-1
-1
-1
598016463
748862874
954888919
-1
-1
-1
902355426
-1
910430675
-1
-1
-1
-1
-1
-1
910244133
-1
-1
-1
-1
-1
847485139
746929538
-1
-1
-1
-1
-1
-1
-1
-1
-1
941986802
917060665
-1
-1
-1
827054159
787438791
-1
-1
-1
-1
905460044
-1
884528337
-1
883820585
-1
911598354
449971018
764147748
943710237
-1
-1
-1
600192662
-1
827540701
910430675
-1
950785504
-1
-1
954888919
-1
948833117
853802914
811615190
-1
865278482
883768620
-1
900237386
-1
-1
-1
862796612
-1
-1
938439291
-1
963469638
-1
-1
936634671
-1
-1
-1
-1
-1
901654595
-1
-1
-1
-1
-1
885022455
-1
-1
918646440
937324985
-1
-1
963469638
-1
-1
900237386
-1
828004163
-1
-1
-1
911598354
-1
-1
-1
-1
911598354
-1
-1
-1
794776565
-1
-1
879651892
793765794
-1
993643185
-1
-1
747038056
-1
-1
-1
-1
911079678
-1
-1
-1
-1
939923551
-1
-1
978632666
-1
-1
-1
802310971
939923551
-1
739973321
963469638
990751233
-1
-1
-1
-1
-1
-1
763095921
-1
889644509
943064093
-1
-1
-1
-1
-1
-1
901730479
-1
963469638
-1
978209378
-1
-1
-1
-1
-1
-1
-1
-1
-1
-1
-1
-1
-1
-1
-1
-1
-1
-1
-1
-1
-1
-1
-1
-1
847518212
791216723
-1
-1
-1
824726512
-1
806915108
894539410
-1
-1
-1
932586280
-1
-1
965378350
853802914
-1
-1
-1
-1
-1
-1
-1
-1
-1
-1
-1
-1
-1
-1
975097652
975840098
-1
-1
-1
591714502
-1
-1
-1
-1
698734007
-1
951033902
846437292
-1
-1
882807779
-1
-1
-1
-1
783326633
-1
-1
-1
957359791
-1
-1
882807779
911598354
-1
-1
911490833
-1
-1
737889135
971087893
-1
-1
-1
-1
-1
-1
-1
-1
-1
-1
-1
-1
646927829
887007867
523070292
-1
-1
761660009
-1
-1
-1
-1
-1
-1
-1
-1
975840098
-1
926144868
942475674
789215485
-1
-1
-1
-1
-1
748533331
-1
-1
897459505
-1
804721001
-1
-1
811615190
963469638
-1
-1
-1
-1
991169061
-1
-1
875048830
-1
844788087
-1
-1
-1
-1
-1
-1
-1
-1
-1
-1
-1
-1
889644509
-1
977104791
-1
-1
-1
-1
-1
-1
-1
892841361
704637325
-1
889644509
-1
-1
-1
-1
-1
818076387
883129784
-1
-1
-1
-1
858462944
863549069
-1
-1
-1
805127259
-1
-1
887007867
-1
-1
594498624
-1
975840098
682684449
-1
-1
904145712
-1
-1
951318738
-1
-1
-1
-1
-1
898576906
-1
-1
-1
936295472
-1
-1
-1
-1
-1
-1
-1
-1
-1
-1
-1
-1
877824351
-1
-1
-1
-1
-1
815386578
-1
-1
-1
-1
897259650
706028850
-1
-1
-1
-1
-1
-1
882807779
-1
654573445
-1
-1
911598354
-1
-1
-1
-1
-1
-1
-1
-1
-1
-1
-1
-1
880748073
-1
-1
-1
-1
-1
957003150
-1
952054422
961449539
-1
900237386
-1
-1
-1
-1
963469638
-1
-1
-1
-1
-1
-1
803621801
634391241
837887414
-1
-1
734214286
-1
-1
-1
-1
-1
963469638
787438791
847518212
-1
-1
-1
882807779
-1
-1
-1
-1
-1
-1
-1
-1
-1
-1
-1
-1
889644509
-1
-1
837083249
-1
-1
-1
651761124
-1
978800490
-1
-1
-1
-1
-1
637907559
-1
-1
-1
630434044
-1
-1
847485139
-1
862869909
887007867
806915108
-1
-1
-1
-1
963469638
777118401
-1
-1
-1
-1
-1
-1
-1
-1
-1
761026220
-1
-1
-1
951033902
-1
-1
865815008
795087152
-1
-1
900237386
-1
-1
917060665
-1
963469638
-1
907617664
-1
-1
748862874
968153027
856289311
882807779
-1
-1
637399125
-1
904256251
923529334
-1
921434525
870200046
-1
-1
-1
-1
899484249
-1
788254099
-1
-1
-1
-1
-1
662724942
939153351
460983778
-1
-1
-1
935094509
-1
-1
516784522
-1
-1
-1
-1
-1
-1
-1
-1
-1
-1
-1
-1
-1
-1
-1
-1
-1
-1
-1
957003150
-1
-1
-1
712272535
-1
773959385
-1
714970234
-1
-1
-1
-1
-1
977104791
916922260
-1
-1
531813981
-1
-1
-1
-1
806128440
-1
853340643
-1
-1
-1
-1
880748073
-1
-1
-1
-1
-1
-1
-1
-1
-1
-1
-1
-1
602583364
-1
739552706
-1
-1
-1
975840098
-1
-1
-1
-1
-1
604767860
-1
-1
-1
-1
605419372
-1
-1
548946987
515629215
-1
-1
789215485
-1
963469638
-1
847485139
-1
-1
-1
-1
987259185
-1
-1
-1
-1
-1
-1
900653363
-1
-1
-1
-1
-1
-1
-1
-1
-1
-1
859785109
856024305
-1
865249776
926289183
793861236
-1
-1
955582430
-1
-1
-1
-1
-1
-1
-1
-1
-1
-1
975840098
-1
335269619
-1
-1
-1
-1
-1
-1
975840098
-1
-1
-1
-1
-1
-1
-1
900237386
-1
-1
832795335
792219977
-1
-1
-1
810877810
-1
-1
821186005
-1
-1
-1
-1
-1
-1
-1
897092235
-1
-1
-1
-1
-1
-1
-1
-1
-1
-1
954200973
-1
-1
-1
963469638
-1
-1
-1
-1
-1
889957845
-1
-1
-1
-1
-1
-1
853802914
-1
985294987
-1
-1
-1
928377832
-1
-1
-1
-1
-1
-1
897092235
897092235
-1
-1
900237386
-1
-1
-1
-1
-1
-1
-1
-1
-1
894415924
921434525
-1
889913209
-1
847518212
-1
-1
963469638
-1
978800490
-1
806331534
-1
-1
972509262
748533331
-1
-1
-1
-1
869937616
-1
744781545
-1
-1
-1
686348289
-1
-1
-1
-1
847518212
846360414
-1
-1
-1
-1
878915365
924376014
-1
789215485
-1
-1
-1
-1
-1
-1
910124326
799689054
858233913
957003150
-1
-1
-1
-1
922001593
711965628
977104791
826146515
-1
882807779
-1
913528113
-1
-1
-1
-1
-1
-1
-1
-1
-1
-1
-1
-1
-1
-1
-1
-1
-1
-1
-1
-1
-1
-1
934980550
-1
-1
-1
-1
757089742
-1
806915108
-1
677222588
-1
787438791
-1
-1
-1
-1
-1
-1
-1
-1
-1
-1
965331937
904869765
703233414
-1
-1
-1
-1
-1
-1
964905381
-1
847485139
-1
-1
887007867
882807779
-1
-1
-1
-1
-1
-1
-1
895746465
-1
978632666
-1
-1
-1
-1
-1
-1
-1
-1
897180348
-1
-1
-1
-1
-1
-1
843770863
-1
-1
-1
-1
-1
-1
-1
-1
-1
-1
-1
-1
-1
-1
-1
-1
-1
-1
673962509
-1
-1
-1
-1
-1
-1
-1
-1
-1
-1
963469638
-1
-1
-1
-1
-1
-1
-1
959811299
-1
921866932
757298789
-1
-1
-1
-1
-1
-1
-1
-1
-1
-1
910244133
-1
923319567
-1
-1
-1
-1
-1
-1
841911906
723799785
-1
884528337
-1
880997718
-1
-1
-1
-1
-1
576296379
955133154
975840098
882807779
-1
939923551
-1
-1
828880735
-1
-1
-1
-1
-1
-1
-1
-1
-1
-1
-1
739624372
-1
-1
-1
-1
505197546
-1
-1
746929538
965331937
-1
977104791
977104791
-1
-1
-1
-1
-1
-1
953293402
978335633
-1
-1
-1
-1
-1
586287408
-1
-1
608027730
875054113
884528337
-1
-1
-1
931171977
-1
-1
-1
-1
-1
916173557
-1
-1
-1
974391504
-1
-1
-1
764147748
-1
-1
-1
900237386
-1
-1
975840098
-1
-1
-1
936829337
-1
-1
-1
-1
-1
-1
520276842
-1
915913878
-1
-1
-1
-1
-1
929455753
-1
-1
-1
847485139
-1
803621801
957003150
-1
-1
-1
-1
-1
-1
927712473
-1
853427582
-1
-1
-1
847518212
-1
-1
910430675
-1
-1
764147748
-1
615337122
-1
-1
-1
-1
-1
921434525
-1
-1
-1
-1
-1
-1
-1
-1
-1
816254478
789215630
892922651
-1
-1
-1
-1
-1
842185089
882807779
963469638
-1
-1
900237386
880748073
-1
-1
-1
-1
-1
-1
-1
688848372
-1
-1
-1
-1
744290430
924659924
892841361
-1
-1
688215974
-1
-1
-1
-1
963469638
897092235
-1
-1
-1
-1
-1
-1
735251707
-1
-1
-1
-1
-1
-1
882807779
-1
-1
-1
957359791
-1
-1
761026220
-1
637907559
-1
666307392
-1
900237386
-1
-1
-1
-1
-1
958557508
-1
-1
-1
-1
-1
-1
-1
-1
-1
-1
-1
-1
-1
-1
794776565
-1
-1
957003150
-1
-1
319134767
-1
-1
-1
-1
-1
-1
880362456
916555333
-1
847518212
-1
-1
-1
-1
-1
957003150
951428164
-1
613871347
-1
-1
921434525
-1
-1
-1
-1
-1
-1
-1
926616571
-1
-1
-1
-1
884528337
900237386
-1
-1
-1
-1
-1
-1
490441751
-1
-1
-1
-1
977104791
778691450
-1
953293402
-1
-1
764147748
-1
951033902
-1
-1
-1
963469638
-1
-1
897988789
-1
-1
-1
916075272
859986187
-1
-1
-1
-1
-1
-1
-1
-1
-1
-1
-1
-1
-1
-1
-1
-1
-1
-1
-1
-1
-1
-1
916731251
919654309
-1
-1
-1
-1
-1
-1
-1
-1
-1
-1
971087893
-1
-1
907617664
-1
-1
608027730
-1
-1
-1
908840549
-1
-1
884528337
-1
-1
-1
703233414
-1
-1
-1
-1
-1
794776565
-1
-1
-1
-1
-1
919654309
-1
-1
-1
-1
897092235
-1
-1
-1
828782384
-1
-1
-1
939131460
814325245
975097652
-1
-1
-1
-1
940182789
-1
-1
-1
752054241
-1
900237386
-1
-1
-1
891140010
954200973
-1
887007867
900237386
-1
-1
-1
-1
-1
882807779
-1
-1
-1
-1
-1
880748073
-1
-1
-1
-1
758888794
-1
-1
-1
-1
-1
-1
-1
900237386
-1
-1
-1
-1
-1
-1
-1
-1
-1
-1
921110145
791430717
-1
-1
-1
-1
-1
900237386
-1
988004367
-1
650501650
-1
-1
-1
-1
874800958
446635143
-1
-1
-1
-1
-1
-1
962498295
-1
-1
-1
-1
-1
-1
-1
919654309
-1
975097652
-1
889879917
795473269
-1
-1
-1
-1
-1
-1
787779078
-1
-1
-1
-1
963469638
-1
967707280
884528337
-1
-1
-1
-1
-1
-1
-1
-1
904972384
-1
978335633
-1
919654309
-1
-1
919654309
-1
-1
882807779
-1
-1
948394033
939923551
-1
-1
912236062
-1
-1
-1
-1
-1
-1
-1
-1
869654845
-1
-1
-1
-1
749555902
-1
-1
-1
-1
-1
763930529
-1
919654309
-1
-1
782293184
-1
-1
-1
963469638
-1
789215630
-1
932023998
-1
-1
-1
-1
821186005
-1
-1
-1
-1
-1
-1
-1
963469638
-1
907617664
-1
-1
-1
-1
-1
-1
-1
-1
-1
-1
-1
-1
941986802
900919312
-1
-1
-1
-1
-1
-1
-1
-1
-1
-1
-1
-1
-1
678584472
-1
-1
-1
-1
-1
-1
-1
-1
-1
-1
-1
-1
-1
-1
-1
-1
-1
924238047
-1
-1
-1
-1
-1
-1
954180953
-1
-1
847518212
878432384
954888919
-1
-1
-1
-1
-1
-1
944088711
-1
664448392
-1
-1
-1
-1
975840098
-1
811755018
648981972
905409524
-1
808786463
-1
-1
-1
933249146
-1
-1
-1
-1
-1
-1
-1
-1
-1
-1
-1
832682344
882807779
-1
847518212
-1
658844799
963469638
-1
-1
919717825
-1
-1
954200973
847518212
-1
787438791
-1
-1
-1
-1
975840098
-1
-1
-1
-1
-1
-1
-1
-1
-1
-1
-1
-1
-1
-1
-1
-1
-1
-1
-1
910430675
-1
-1
-1
-1
-1
-1
-1
847518212
-1
933249146
-1
845705213
763248218
959713099
788256009
-1
978978322
-1
811755018
-1
-1
-1
-1
-1
-1
-1
955901163
-1
932625090
-1
-1
-1
-1
-1
970806521
900237386
953293402
660646793
-1
-1
923529334
-1
-1
-1
-1
-1
847518212
-1
-1
-1
-1
-1
-1
-1
977385700
-1
-1
-1
630434044
-1
-1
865815008
-1
-1
-1
-1
-1
-1
-1
970298860
-1
973048994
897459505
-1
-1
-1
-1
-1
764147748
-1
-1
-1
-1
959890251
-1
951428164
-1
-1
845665875
-1
-1
-1
-1
-1
815333538
-1
-1
-1
-1
-1
900237386
-1
-1
947114809
-1
865278482
-1
-1
-1
811755018
-1
-1
-1
-1
889644509
-1
961532724
-1
-1
777118401
-1
944458631
557723629
-1
-1
-1
747628101
620419639
-1
-1
-1
-1
-1
975840098
-1
803621801
943173693
-1
-1
803621801
813777510
-1
814655674
-1
-1
-1
-1
-1
-1
956059731
-1
807596123
-1
-1
-1
-1
865702854
-1
-1
897092235
-1
921434525
749392145
-1
744933728
-1
900237386
-1
-1
-1
-1
-1
-1
-1
-1
-1
806862707
-1
-1
-1
-1
-1
-1
-1
975840098
-1
-1
-1
-1
458059791
-1
678584472
735696083
-1
-1
-1
-1
-1
-1
-1
939558023
900237386
-1
-1
-1
-1
-1
-1
-1
-1
-1
-1
996777993
978632666
-1
-1
951898602
910430675
-1
-1
-1
-1
-1
-1
-1
-1
865526191
-1
-1
-1
897092235
-1
-1
975840098
-1
-1
-1
-1
963469638
-1
966758345
-1
-1
-1
-1
-1
-1
-1
924105043
-1
-1
-1
-1
-1
-1
-1
963469638
-1
-1
-1
-1
-1
-1
-1
-1
963469638
-1
884528337
-1
910430675
-1
-1
-1
963598899
880097655
-1
-1
843770863
-1
-1
-1
-1
-1
828004163
-1
-1
-1
847518212
-1
900237386
943273424
897092235
-1
963469638
-1
-1
-1
974508699
-1
-1
-1
-1
640080908
-1
-1
-1
900237386
-1
924946607
-1
-1
904008843
-1
913063572
-1
-1
-1
-1
-1
-1
-1
-1
-1
954888919
-1
-1
911598354
-1
-1
-1
-1
-1
-1
-1
869230410
-1
-1
-1
-1
-1
-1
-1
882807779
-1
-1
700322441
-1
-1
735989973
864202598
-1
-1
-1
731801873
-1
897812255
-1
-1
-1
-1
-1
-1
-1
-1
-1
-1
-1
-1
-1
630434044
-1
897092235
886398652
-1
-1
917383911
-1
-1
-1
-1
978632666
-1
882807779
-1
-1
928052564
-1
-1
-1
934368724
-1
-1
-1
-1
-1
-1
824194045
907617664
-1
-1
-1
-1
721371911
-1
-1
-1
882807779
978632666
-1
660709303
883206851
-1
-1
-1
-1
-1
661565009
-1
868108430
-1
-1
-1
-1
845074392
849861290
-1
-1
-1
954888919
910244133
-1
-1
-1
-1
-1
-1
-1
-1
-1
-1
-1
-1
-1
990467669
924105043
-1
-1
-1
-1
847518212
-1
924105043
566779206
-1
764147748
-1
-1
975840098
900237386
-1
-1
-1
787438791
954888919
-1
-1
-1
-1
-1
-1
-1
-1
978335633
-1
955462729
-1
-1
865815008
900237386
-1
-1
-1
847485139
-1
-1
-1
-1
-1
748029302
-1
-1
-1
-1
-1
-1
-1
-1
900919312
-1
-1
871004103
-1
-1
-1
-1
924238047
-1
963469638
-1
-1
733579969
879325722
-1
-1
900237386
-1
-1
-1
-1
-1
-1
-1
-1
747631170
-1
-1
-1
-1
-1
-1
-1
-1
886484839
-1
424820668
-1
-1
-1
-1
-1
-1
-1
-1
978335633
-1
-1
-1
-1
978335633
-1
957003150
-1
-1
-1
760652185
-1
-1
-1
-1
-1
-1
645726332
-1
-1
-1
-1
-1
-1
-1
706028850
-1
-1
-1
-1
-1
-1
-1
-1
-1
-1
-1
-1
-1
-1
987836786
-1
-1
-1
-1
804721001
-1
934744729
-1
-1
-1
-1
979029907
965316392
-1
-1
859986187
-1
764147748
-1
-1
-1
-1
-1
-1
808708928
-1
-1
924946607
847485139
-1
-1
-1
889644509
-1
-1
-1
-1
-1
-1
-1
-1
-1
-1
-1
-1
859986187
807596123
-1
975097652
-1
-1
-1
-1
-1
-1
-1
900237386
-1
-1
-1
-1
-1
768417710
974150032
889644509
947114809
-1
827540701
-1
882807779
807894756
-1
904008843
933760779
-1
-1
-1
-1
823728943
-1
-1
978800490
-1
-1
-1
-1
956059731
-1
891140010
-1
959309941
-1
-1
-1
792385826
-1
-1
-1
-1
842556218
-1
-1
-1
-1
-1
924105043
516784522
-1
978335633
-1
-1
-1
-1
-1
924414534
853899436
935094509
-1
-1
847518212
911598354
953293402
-1
-1
-1
978919827
-1
-1
-1
-1
-1
-1
-1
-1
-1
-1
-1
-1
974232060
-1
-1
-1
-1
953293402
-1
-1
-1
-1
-1
-1
-1
-1
859986187
-1
-1
566868100
-1
818076387
-1
-1
-1
-1
-1
914458390
-1
-1
-1
-1
830482863
-1
-1
-1
-1
-1
699614832
-1
-1
-1
821186005
817171791
955025441
852336647
-1
-1
935151780
-1
926384422
-1
-1
-1
-1
922850189
-1
954888919
-1
-1
-1
911598354
935151780
897159412
-1
-1
-1
985416489
-1
-1
-1
-1
-1
-1
-1
-1
-1
824422435
-1
-1
-1
927651472
-1
-1
-1
-1
911598354
-1
-1
-1
-1
-1
-1
-1
-1
-1
-1
-1
971145549
-1
-1
821186005
-1
-1
975840098
820000891
-1
-1
764147748
900237386
630434044
-1
977104791
-1
-1
821186005
-1
-1
-1
-1
-1
870095169
882807779
-1
859986187
-1
-1
-1
-1
932934281
963469638
-1
-1
887007867
-1
-1
-1
975840098
-1
884528337
963469638
-1
969579351
-1
-1
-1
-1
-1
-1
-1
-1
-1
470568446
-1
963469638
924946607
-1
-1
975840098
882969696
949431347
-1
922866137
-1
-1
-1
-1
-1
-1
-1
-1
975840098
-1
-1
-1
-1
962475278
-1
-1
-1
-1
-1
821186005
806915108
919654309
-1
847518212
-1
-1
-1
-1
974529970
-1
-1
-1
-1
-1
-1
-1
-1
-1
-1
-1
954888919
-1
-1
-1
-1
-1
-1
-1
-1
-1
637283063
-1
-1
-1
-1
-1
856989660
-1
-1
-1
-1
-1
-1
-1
-1
-1
630434044
-1
-1
-1
-1
-1
-1
-1
-1
-1
-1
-1
898402628
-1
-1
965316392
-1
-1
-1
862869909
-1
-1
-1
991169061
-1
-1
-1
-1
835852329
-1
-1
-1
-1
-1
-1
731178732
-1
-1
-1
919654309
660646793
-1
-1
-1
-1
-1
-1
-1
-1
-1
-1
-1
-1
-1
-1
-1
919654309
-1
-1
-1
-1
-1
-1
-1
-1
788831921
988888167
-1
-1
-1
-1
-1
-1
975097652
-1
-1
-1
885383016
877824351
-1
963469638
-1
-1
811755018
-1
551104965
-1
-1
-1
802413494
-1
-1
-1
809342923
-1
-1
-1
-1
-1
889644509
-1
-1
-1
-1
-1
-1
813570202
-1
-1
-1
-1
824726512
-1
-1
-1
-1
-1
-1
-1
-1
-1
-1
-1
-1
-1
746929538
-1
900237386
882807779
958304156
791216723
-1
784574335
-1
957003150
955096441
-1
910430675
-1
-1
-1
769830703
-1
-1
-1
-1
-1
-1
-1
-1
-1
-1
-1
-1
987515491
949913141
433220847
881848093
-1
-1
-1
-1
-1
424646318
900237386
916173557
939611590
935989993
-1
-1
432506427
806915108
900237386
-1
797338637
-1
-1
-1
870095169
-1
-1
-1
-1
-1
900237386
-1
-1
-1
-1
-1
-1
-1
884528337
975840098
-1
978335633
-1
-1
-1
-1
657423577
-1
684972833
910430675
-1
-1
-1
-1
924946607
-1
-1
-1
-1
897092235
-1
938971905
-1
882807779
-1
-1
962002443
-1
-1
-1
882807779
-1
-1
-1
-1
650501650
-1
-1
-1
-1
-1
-1
-1
-1
-1
-1
-1
-1
-1
-1
763930529
-1
-1
-1
-1
-1
-1
-1
975840098
-1
957003150
882807779
-1
-1
-1
-1
-1
-1
921094798
-1
-1
-1
-1
-1
-1
-1
-1
974150032
-1
-1
-1
-1
-1
827054159
-1
954888919
-1
-1
919654309
-1
-1
-1
-1
-1
882807779
979145337
-1
-1
-1
-1
970223341
-1
-1
934368724
-1
764147748
-1
-1
-1
948900566
-1
-1
-1
-1
-1
-1
954888919
-1
897092235
-1
862869909
-1
-1
-1
-1
-1
-1
-1
-1
978335633
-1
-1
-1
-1
-1
954888919
816254478
-1
-1
-1
-1
-1
-1
-1
-1
-1
-1
-1
897092235
-1
968957105
728214596
-1
-1
-1
-1
-1
-1
-1
761026220
-1
-1
-1
-1
-1
-1
-1
-1
-1
-1
-1
-1
-1
910430675
-1
-1
-1
-1
872163379
-1
-1
-1
-1
-1
-1
-1
-1
-1
939131460
-1
-1
-1
-1
-1
-1
-1
795087152
-1
-1
-1
967707280
916731251
-1
-1
978800490
-1
-1
-1
-1
-1
-1
837887414
-1
-1
-1
-1
-1
911598354
-1
-1
-1
907617664
-1
-1
-1
-1
828004163
-1
-1
-1
929614043
-1
889644509
628217184
-1
-1
-1
811755018
-1
-1
-1
-1
941211604
-1
-1
859986187
794776565
-1
-1
803984070
-1
-1
575798854
-1
955025441
-1
640080908
-1
-1
-1
-1
910430675
-1
-1
-1
-1
940443395
-1
-1
-1
-1
-1
859986187
-1
-1
-1
-1
777118401
-1
-1
-1
977104791
-1
882807779
-1
746929538
802762819
-1
-1
-1
-1
-1
911598354
-1
-1
-1
582061085
-1
-1
-1
-1
-1
-1
-1
946944783
-1
-1
-1
-1
-1
-1
-1
904203885
804721001
-1
-1
849984499
-1
-1
-1
-1
-1
-1
-1
-1
-1
-1
-1
978632666
-1
-1
-1
-1
900237386
-1
978586512
-1
-1
-1
-1
-1
-1
-1
916019441
921434525
878219159
811755018
-1
984086174
936829337
-1
-1
-1
-1
-1
-1
-1
-1
-1
969959859
-1
-1
-1
-1
-1
947556227
931824557
837887414
-1
-1
-1
897092235
-1
-1
-1
729247022
-1
-1
-1
-1
910430675
-1
-1
-1
-1
-1
-1
-1
-1
941986802
-1
490441751
-1
-1
-1
-1
-1
-1
935151780
-1
-1
-1
981236358
-1
-1
-1
-1
-1
547826548
-1
-1
-1
-1
-1
924238047
-1
900919312
-1
-1
-1
-1
752804564
828723716
-1
934362079
-1
-1
-1
-1
-1
-1
-1
-1
957359791
-1
-1
-1
921434525
859986187
-1
-1
-1
-1
-1
-1
-1
-1
-1
-1
-1
-1
-1
-1
-1
-1
-1
-1
-1
-1
989757053
-1
-1
953293402
951033902
-1
-1
919654309
860733835
-1
-1
-1
756187279
859986187
-1
-1
-1
-1
-1
-1
630194440
787438791
-1
-1
-1
-1
-1
-1
975840098
-1
802150104
900237386
-1
-1
-1
-1
-1
-1
-1
-1
-1
-1
-1
-1
-1
-1
-1
-1
919654309
910430675
-1
-1
-1
-1
-1
-1
900237386
970806521
897092235
-1
975840098
-1
-1
-1
847485139
900237386
862869909
925237636
738199596
-1
-1
895485996
-1
-1
-1
-1
-1
-1
-1
968560587
-1
-1
-1
-1
-1
-1
-1
-1
-1
939923551
-1
-1
-1
-1
-1
-1
-1
-1
-1
823008419
-1
-1
897092235
939558023
481702647
884829016
-1
739552706
927651472
-1
-1
911598354
-1
-1
-1
-1
-1
-1
-1
-1
-1
-1
-1
-1
-1
-1
-1
-1
-1
-1
-1
916173557
-1
-1
789215485
-1
-1
-1
-1
-1
-1
936483236
-1
-1
-1
976510972
-1
-1
-1
-1
-1
-1
-1
-1
-1
-1
-1
-1
-1
882807779
-1
-1
-1
-1
-1
-1
-1
-1
-1
-1
-1
-1
-1
-1
-1
-1
491949613
862499575
-1
996777993
-1
-1
900237386
-1
948900566
882807779
-1
977104791
-1
-1
-1
911490833
-1
-1
978800490
899757934
-1
-1
954888919
-1
-1
-1
-1
826920531
-1
-1
-1
-1
915322914
-1
897092235
-1
653099966
963469638
-1
-1
-1
-1
949091190
-1
-1
989757053
901730479
-1
897092235
-1
-1
822986743
-1
-1
870095169
-1
-1
-1
-1
-1
-1
-1
-1
-1
-1
-1
-1
-1
-1
-1
821333284
-1
-1
697054256
-1
-1
867357001
-1
-1
-1
-1
963469638
-1
-1
-1
-1
-1
-1
-1
951033902
-1
-1
-1
-1
-1
963469638
-1
-1
880441477
-1
-1
-1
-1
-1
875622497
-1
-1
-1
898045137
-1
-1
-1
942948407
954888919
-1
-1
-1
-1
-1
-1
-1
-1
-1
784827769
-1
-1
-1
-1
882807779
-1
-1
-1
-1
-1
-1
-1
-1
-1
-1
-1
-1
-1
636647361
-1
-1
-1
-1
-1
-1
-1
870095169
-1
947114809
-1
-1
-1
-1
-1
-1
-1
991169061
-1
678584472
-1
-1
-1
-1
-1
-1
-1
-1
-1
-1
-1
-1
-1
-1
-1
910244133
-1
-1
-1
-1
-1
-1
-1
-1
-1
-1
-1
-1
-1
-1
-1
-1
978632666
-1
-1
-1
843734781
-1
-1
-1
-1
-1
-1
-1
-1
-1
-1
-1
708333368
818076387
882807779
-1
780324103
-1
-1
-1
890692325
911598354
-1
-1
587620285
939923551
-1
-1
-1
-1
-1
-1
860279570
-1
-1
-1
907422905
-1
-1
-1
-1
882807779
-1
-1
-1
952054422
-1
-1
900237386
-1
-1
-1
-1
878219159
-1
-1
-1
-1
-1
-1
-1
-1
-1
878915365
936829337
-1
-1
-1
-1
-1
-1
-1
-1
-1
-1
-1
-1
-1
-1
794776565
-1
-1
-1
-1
926339015
-1
824194045
778074581
-1
-1
921434525
-1
-1
939923551
907200492
-1
-1
926616571
-1
907384372
-1
-1
-1
963469638
-1
-1
-1
777118401
-1
-1
954888919
-1
900237386
-1
-1
-1
-1
844788087
832795335
-1
-1
-1
941321669
-1
879742865
-1
-1
-1
836908116
-1
-1
-1
-1
-1
-1
-1
839246011
-1
-1
891140010
843086685
787438791
837887414
-1
-1
-1
975097652
-1
-1
-1
-1
-1
-1
-1
-1
-1
900237386
-1
775681357
-1
-1
-1
-1
-1
-1
889644509
-1
-1
-1
-1
-1
-1
-1
900237386
-1
-1
869654845
-1
-1
-1
926378066
884528337
-1
-1
-1
806915108
-1
-1
-1
-1
-1
-1
-1
-1
-1
-1
-1
-1
-1
831880482
-1
-1
-1
-1
-1
947861017
699096996
847518212
-1
887007867
806915108
-1
-1
914744329
-1
-1
865326334
-1
-1
-1
847518212
-1
-1
-1
-1
-1
716239634
922035912
-1
-1
-1
-1
-1
-1
-1
-1
-1
-1
-1
891413647
794776565
-1
-1
-1
-1
-1
898605656
-1
-1
-1
797939510
-1
-1
-1
-1
896111850
-1
928377832
790528916
-1
-1
-1
-1
-1
764147748
-1
-1
-1
-1
923983912
897092235
954888919
-1
-1
-1
-1
-1
334024951
-1
-1
753792389
-1
-1
-1
888768270
963469638
-1
-1
-1
882807779
925849918
-1
985277824
-1
-1
-1
680616402
-1
-1
951428164
-1
-1
-1
-1
967481183
-1
-1
-1
964714061
-1
777118401
-1
-1
887007867
954200973
-1
-1
-1
929049384
963469638
-1
-1
-1
978632666
-1
-1
-1
889644509
646804470
-1
-1
-1
-1
-1
-1
847485139
-1
-1
-1
-1
-1
880997718
900919312
-1
-1
977104791
-1
-1
-1
-1
-1
-1
954888919
828004163
-1
-1
-1
963469638
-1
-1
-1
934622401
-1
-1
-1
-1
-1
-1
-1
-1
-1
811615190
-1
-1
-1
864853335
-1
-1
-1
842185089
662724942
-1
975097652
-1
874204218
-1
-1
-1
-1
862499575
901730479
-1
-1
972519974
-1
-1
-1
-1
-1
-1
954888919
-1
-1
-1
-1
704543555
-1
882807779
-1
-1
-1
810877810
-1
-1
-1
-1
-1
-1
616282450
-1
-1
-1
-1
-1
-1
-1
-1
-1
975840098
977104791
938009715
-1
-1
-1
-1
900237386
-1
-1
-1
-1
-1
901537046
963469638
900237386
-1
-1
-1
553442914
-1
794776565
-1
-1
823090010
-1
-1
-1
876732805
-1
878915365
-1
-1
734535994
-1
-1
-1
-1
-1
-1
-1
-1
-1
975840098
-1
900919312
-1
-1
-1
-1
-1
-1
-1
975840098
-1
-1
-1
895899691
-1
-1
-1
852144984
-1
-1
-1
-1
-1
-1
-1
-1
928395506
-1
-1
-1
-1
-1
-1
-1
-1
-1
-1
-1
975840098
-1
-1
-1
-1
-1
-1
634732755
-1
696036792
-1
-1
-1
-1
-1
767008628
-1
-1
-1
823728943
-1
-1
-1
963469638
-1
-1
-1
-1
-1
-1
921434525
-1
-1
-1
-1
-1
-1
-1
862934407
-1
-1
887007867
-1
-1
874800958
973712539
-1
725953519
-1
-1
-1
-1
-1
-1
-1
990619229
-1
882807779
-1
-1
963718688
-1
977104791
859986187
-1
-1
-1
847727125
-1
-1
740442244
-1
-1
-1
-1
-1
843703521
-1
-1
-1
-1
-1
-1
-1
-1
-1
-1
-1
766975468
314239926
-1
900237386
-1
-1
900237386
-1
-1
-1
889644509
-1
-1
-1
-1
-1
978800490
-1
-1
910430675
-1
-1
-1
-1
-1
-1
-1
952054422
-1
-1
-1
848697459
-1
953919412
-1
-1
-1
-1
-1
-1
-1
761026220
853309569
-1
-1
-1
-1
969579351
-1
-1
-1
-1
-1
862869909
-1
-1
-1
-1
-1
-1
-1
-1
907169075
806915108
-1
-1
-1
-1
-1
954888919
-1
975840098
816254478
963469638
-1
-1
-1
854319599
-1
987355727
608874117
-1
-1
-1
-1
-1
-1
-1
882807779
-1
-1
944515960
-1
-1
843734781
-1
-1
-1
-1
-1
-1
-1
-1
923087598
-1
-1
975840098
919654309
-1
-1
811755018
768027029
-1
906962234
-1
897092235
-1
-1
-1
-1
-1
-1
-1
-1
-1
894513813
900237386
-1
847485139
-1
369110718
935094509
-1
955096441
750140553
-1
931504166
-1
-1
-1
955901163
-1
-1
-1
-1
740294813
-1
763163752
-1
977104791
-1
-1
-1
-1
-1
957359791
965378350
-1
972509262
789215485
-1
923983912
-1
-1
-1
967491912
-1
866437787
-1
-1
-1
-1
-1
-1
678040007
-1
-1
-1
-1
-1
-1
-1
-1
-1
918928997
-1
950283184
-1
897092235
-1
623281988
977104791
-1
911598354
-1
-1
-1
-1
978335633
-1
-1
-1
-1
939131460
-1
-1
-1
-1
-1
-1
-1
-1
-1
-1
-1
-1
-1
975840098
-1
-1
-1
-1
-1
-1
-1
975840098
952460756
-1
-1
-1
-1
-1
-1
-1
-1
-1
-1
-1
-1
-1
567003118
-1
-1
944458631
-1
-1
-1
-1
-1
896631755
-1
-1
-1
-1
-1
-1
859986187
-1
929728743
939923551
-1
-1
-1
-1
-1
908000105
-1
773959385
-1
-1
-1
-1
927759722
-1
923319567
882807779
-1
963469638
-1
-1
882807779
-1
660441941
-1
723799785
-1
-1
658130303
926339015
-1
-1
986929869
-1
920422144
-1
-1
924238047
-1
-1
-1
-1
-1
-1
-1
-1
913063572
-1
969579351
-1
-1
-1
954200973
811755018
910430675
-1
-1
-1
-1
-1
904683973
921434525
-1
953057022
-1
-1
-1
-1
-1
-1
928052564
-1
-1
621470720
-1
-1
-1
-1
897159412
887007867
-1
-1
911598354
-1
-1
-1
-1
-1
-1
-1
-1
-1
-1
-1
-1
-1
-1
773959385
-1
861728635
924238047
-1
-1
-1
847518212
-1
-1
-1
-1
-1
972235085
-1
-1
-1
-1
-1
891011503
-1
-1
-1
-1
-1
-1
-1
-1
-1
900237386
-1
-1
-1
-1
802629872
-1
-1
-1
-1
-1
-1
-1
882807779
947792600
-1
-1
895203447
-1
758510952
-1
889397688
-1
-1
-1
-1
-1
-1
951033902
-1
729247022
778876282
-1
-1
-1
-1
-1
977104791
655613246
-1
-1
-1
-1
823728943
-1
-1
678584472
-1
620419639
-1
-1
-1
-1
-1
939923551
959964316
-1
-1
-1
734175770
-1
-1
959931680
479743988
-1
-1
-1
-1
795087152
-1
-1
-1
-1
-1
-1
-1
-1
-1
-1
-1
-1
-1
897812255
-1
-1
-1
696869430
-1
-1
-1
-1
-1
-1
-1
645005795
847518212
-1
-1
-1
-1
-1
963469638
-1
-1
756964089
-1
-1
-1
977104791
-1
-1
-1
-1
-1
926339015
975097652
-1
-1
-1
-1
-1
821186005
821186005
888768270
-1
-1
-1
-1
-1
-1
-1
572239787
-1
939119246
-1
-1
-1
-1
-1
-1
-1
-1
-1
-1
-1
-1
432512192
-1
898909805
-1
-1
-1
-1
789215485
-1
-1
-1
-1
-1
-1
-1
885226947
-1
-1
879430453
-1
-1
-1
927191890
-1
-1
983675589
-1
-1
978632666
-1
-1
847485139
978632666
-1
-1
-1
-1
-1
882276373
-1
981639888
-1
-1
-1
-1
-1
-1
897092235
764147748
966502217
-1
954200973
-1
974391504
-1
954888919
-1
-1
-1
-1
-1
882807779
977104791
-1
-1
-1
-1
-1
883129784
978800490
-1
-1
-1
-1
703233414
-1
-1
-1
-1
-1
-1
-1
-1
-1
-1
-1
796481971
-1
787438791
-1
-1
-1
-1
-1
-1
-1
-1
-1
-1
-1
-1
972235085
-1
-1
-1
847485139
-1
-1
-1
-1
-1
-1
-1
-1
-1
-1
-1
-1
-1
-1
-1
878915365
-1
-1
990619229
-1
-1
794791820
-1
-1
-1
-1
-1
-1
912236062
896111850
-1
-1
-1
-1
949431347
978335633
-1
-1
768394190
-1
818076387
-1
-1
-1
-1
880564863
919654309
-1
-1
-1
-1
-1
954888919
-1
-1
-1
-1
842185089
761026220
954888919
900237386
-1
-1
953919412
729247022
-1
648304492
-1
883820585
-1
-1
927651472
-1
-1
-1
-1
-1
-1
-1
-1
910430675
-1
-1
-1
-1
-1
-1
-1
-1
-1
635096196
-1
-1
919654309
-1
-1
-1
773995025
-1
-1
-1
-1
-1
-1
975840098
-1
-1
882807779
-1
939558023
953293402
-1
-1
-1
-1
-1
948900566
-1
-1
-1
-1
-1
-1
-1
-1
-1
-1
-1
-1
-1
-1
-1
-1
-1
-1
-1
937052742
-1
-1
-1
766714196
810877810
-1
-1
-1
-1
870953040
853802914
910244133
975840098
-1
-1
-1
916922260
914191958
-1
975097652
-1
-1
860733835
871218562
-1
-1
907617664
-1
-1
963469638
-1
939131460
-1
-1
916922260
-1
-1
-1
-1
-1
-1
-1
924238047
711112546
-1
-1
929455753
-1
-1
-1
794664107
-1
-1
-1
-1
-1
-1
-1
-1
-1
-1
-1
-1
-1
-1
-1
755973024
-1
-1
-1
-1
-1
977412059
850824160
-1
-1
-1
755973024
-1
-1
953891861
-1
963469638
-1
-1
-1
958182094
-1
-1
-1
-1
-1
-1
897092235
-1
-1
-1
794776565
913122850
-1
-1
953293402
859785109
787438791
-1
699240998
935989993
946132480
-1
-1
821186005
-1
-1
-1
-1
-1
-1
-1
-1
-1
-1
-1
-1
-1
975840098
-1
-1
-1
-1
-1
-1
862869909
-1
-1
-1
-1
-1
-1
-1
975097652
-1
906888254
831701415
-1
630434044
-1
933760779
-1
-1
-1
-1
-1
-1
-1
-1
-1
-1
-1
-1
-1
-1
-1
-1
-1
-1
-1
863624705
949944799
975840098
-1
-1
-1
-1
927651472
-1
-1
-1
-1
-1
-1
-1
-1
-1
920925198
-1
-1
-1
-1
-1
-1
-1
-1
-1
-1
-1
-1
712367344
-1
-1
987474217
926522349
-1
-1
-1
792039145
-1
900237386
-1
-1
-1
900237386
-1
-1
-1
910430675
-1
-1
-1
-1
747587668
-1
725980564
-1
-1
-1
847485139
936388411
-1
-1
-1
-1
-1
-1
-1
-1
-1
971363948
-1
-1
-1
-1
-1
-1
-1
-1
-1
911598354
972509262
-1
883820585
-1
-1
-1
-1
883820585
829834591
-1
971572965
-1
-1
740599809
-1
-1
-1
-1
-1
-1
-1
-1
-1
-1
-1
-1
-1
-1
-1
-1
-1
-1
-1
-1
481743044
-1
-1
807596123
950283184
-1
930960015
-1
-1
-1
-1
-1
-1
-1
-1
924238047
-1
-1
-1
-1
776277069
-1
975840098
-1
-1
-1
897092235
-1
-1
-1
785967188
955901163
-1
-1
-1
882807779
-1
654501316
-1
-1
-1
-1
-1
977104791
-1
-1
975840098
-1
-1
-1
-1
-1
-1
-1
-1
712937798
-1
-1
-1
970806521
-1
-1
939923551
-1
-1
-1
-1
778636016
-1
-1
-1
-1
608027730
-1
-1
-1
-1
-1
-1
-1
-1
-1
-1
-1
-1
965331937
-1
-1
977104791
975840098
963469638
-1
-1
-1
-1
-1
949142015
568123919
-1
-1
921434525
-1
-1
-1
-1
-1
-1
810877810
-1
-1
-1
778074581
-1
-1
-1
-1
847485139
-1
-1
-1
-1
897092235
734175770
-1
-1
876629257
-1
-1
917060665
-1
939558023
977104791
-1
-1
-1
-1
-1
-1
-1
-1
-1
-1
-1
-1
-1
-1
689553871
-1
-1
-1
-1
-1
-1
-1
897812255
-1
-1
-1
636190461
-1
-1
792659543
-1
-1
882807779
924238047
900237386
481743044
-1
-1
-1
-1
-1
-1
-1
-1
-1
-1
-1
678584472
-1
-1
900237386
-1
847518212
-1
599100653
-1
-1
-1
727454384
-1
904145712
712272535
-1
725980564
-1
873386740
-1
-1
758510952
-1
-1
978632666
-1
-1
-1
-1
-1
-1
-1
-1
-1
-1
-1
-1
-1
-1
-1
-1
-1
-1
953293402
-1
-1
-1
-1
-1
903050616
-1
948044057
-1
-1
-1
-1
951611713
871151604
965837235
-1
-1
-1
-1
-1
972509262
585846466
-1
-1
-1
-1
-1
-1
-1
954888919
-1
-1
-1
-1
965331937
-1
-1
965187376
-1
-1
-1
-1
-1
-1
-1
-1
-1
-1
-1
-1
-1
-1
-1
-1
923499820
746929538
-1
-1
-1
-1
630434044
-1
-1
-1
-1
-1
-1
-1
-1
-1
-1
-1
-1
-1
847518212
-1
-1
-1
-1
-1
688848372
-1
632630645
-1
-1
-1
878432384
-1
-1
-1
-1
-1
-1
-1
-1
900237386
-1
-1
-1
824194045
-1
-1
946776336
975840098
-1
950283184
-1
-1
-1
-1
767984414
-1
862499575
-1
-1
-1
-1
-1
-1
-1
-1
-1
-1
911598354
-1
-1
-1
-1
844788087
-1
777778158
-1
-1
869984717
-1
989757053
-1
864813846
-1
-1
-1
-1
-1
646494326
-1
-1
-1
-1
-1
-1
987515491
821186005
-1
889614614
-1
-1
-1
-1
977104791
-1
-1
-1
980965487
-1
-1
-1
-1
-1
-1
-1
-1
-1
-1
-1
954888919
734214286
-1
-1
900919312
-1
-1
-1
912191212
-1
-1
900237386
847485139
-1
-1
-1
-1
975097652
-1
904683973
-1
-1
-1
-1
931334071
773754788
-1
889644509
-1
-1
-1
-1
-1
-1
-1
-1
668174704
889644509
852336647
977104791
-1
-1
-1
922980740
-1
-1
-1
-1
-1
-1
-1
-1
900237386
975097652
-1
-1
-1
-1
-1
912636910
963469638
-1
-1
-1
-1
-1
-1
-1
867651168
-1
939923551
-1
-1
-1
708333368
-1
889644509
-1
-1
-1
-1
-1
-1
-1
963469638
958182094
900496488
-1
-1
-1
806915108
-1
-1
-1
794776565
-1
-1
-1
-1
807315464
-1
842185089
847485139
-1
943537002
-1
-1
-1
-1
847518212
924105043
924238047
-1
975840098
-1
-1
-1
864786584
-1
-1
-1
615563047
-1
-1
-1
-1
-1
-1
764147748
-1
-1
-1
-1
847518212
-1
-1
-1
-1
989684345
-1
-1
-1
-1
729247022
-1
-1
758510952
-1
-1
929455753
852248172
-1
-1
656380395
930416949
892841361
-1
832214287
-1
815278888
-1
-1
996777993
974292506
-1
-1
-1
861008252
-1
-1
-1
-1
-1
884528337
-1
-1
837887414
-1
-1
-1
-1
918960838
-1
-1
-1
-1
-1
-1
-1
-1
-1
-1
959490265
-1
-1
-1
-1
-1
-1
-1
-1
-1
764147748
-1
-1
917383911
-1
-1
-1
975840098
789215485
-1
-1
-1
977104791
-1
-1
911598354
-1
882807779
-1
-1
975097652
-1
-1
-1
-1
-1
-1
-1
-1
-1
954888919
-1
-1
-1
-1
-1
-1
-1
900237386
908195385
-1
-1
-1
-1
918960838
-1
-1
-1
-1
-1
-1
926435986
-1
-1
-1
-1
-1
-1
728329035
-1
-1
980532557
-1
-1
-1
-1
-1
-1
-1
-1
-1
-1
965378350
882807779
-1
-1
-1
965114665
-1
-1
843734781
-1
-1
-1
991169061
916173557
880441477
-1
-1
-1
-1
-1
885383016
-1
876658275
-1
-1
-1
-1
-1
-1
-1
-1
-1
706028850
897092235
641780999
-1
-1
-1
929888014
-1
816254478
-1
-1
-1
-1
-1
-1
-1
897092235
-1
-1
-1
-1
-1
-1
-1
-1
-1
794776565
-1
-1
-1
-1
900237386
-1
-1
835983093
-1
-1
-1
975032238
-1
-1
-1
900237386
-1
887007867
-1
951033902
-1
-1
975840098
-1
675102737
-1
-1
-1
-1
-1
-1
897092235
880997718
438527417
-1
-1
-1
-1
-1
-1
-1
736238279
-1
859986187
-1
-1
-1
-1
-1
916555333
-1
894818662
-1
-1
-1
706030745
-1
-1
-1
-1
-1
-1
-1
-1
-1
-1
-1
-1
-1
-1
954888919
900237386
980532557
963469638
503848130
-1
882807779
953293402
978632666
-1
-1
-1
910430675
935094509
-1
948394033
-1
939923551
-1
-1
-1
-1
-1
-1
-1
977104791
-1
-1
-1
-1
-1
-1
-1
733159519
919654309
661565009
-1
952471910
794129750
-1
882807779
-1
708333368
-1
-1
-1
-1
-1
-1
-1
-1
-1
-1
-1
-1
-1
-1
-1
-1
-1
-1
981961586
-1
-1
-1
-1
-1
-1
-1
-1
900237386
-1
-1
-1
878219159
-1
-1
-1
-1
-1
953919412
-1
-1
-1
-1
746929538
-1
-1
-1
862869909
969579351
919654309
-1
965331937
-1
988004367
978335633
-1
-1
887871507
-1
919654309
-1
-1
963469638
-1
-1
-1
818076387
890798568
-1
887007867
-1
978919827
862869909
-1
-1
-1
939923551
-1
-1
-1
-1
-1
-1
-1
-1
-1
-1
563211419
-1
752804564
-1
-1
-1
662724942
-1
965331937
-1
-1
836990335
-1
953185715
-1
-1
735989973
-1
927651472
927651472
-1
971087893
-1
-1
-1
-1
928052564
-1
-1
-1
-1
-1
-1
-1
-1
882807779
974209987
-1
887007867
816254478
965331937
-1
-1
-1
-1
-1
-1
722814795
-1
882807779
-1
-1
-1
-1
-1
-1
-1
-1
-1
-1
-1
-1
832795335
-1
-1
-1
-1
-1
-1
-1
887007867
634732755
-1
660646793
-1
-1
-1
-1
-1
-1
-1
973745510
-1
-1
-1
-1
-1
-1
-1
977104791
-1
-1
-1
-1
-1
-1
-1
-1
-1
-1
-1
-1
-1
823815706
-1
-1
-1
-1
-1
-1
-1
-1
-1
-1
944810870
-1
-1
-1
-1
-1
-1
962498295
904921801
-1
-1
870264632
-1
-1
945072637
-1
883129784
-1
-1
-1
-1
-1
-1
-1
-1
-1
966243023
806915108
-1
-1
-1
-1
882807779
-1
-1
-1
-1
-1
-1
-1
-1
-1
963469638
-1
-1
786430296
-1
-1
-1
895460494
-1
-1
782443463
702460097
-1
-1
-1
-1
-1
-1
-1
-1
-1
954369681
-1
957003150
-1
923319567
-1
-1
886952963
935094509
651761124
-1
-1
823090010
-1
-1
-1
-1
-1
-1
818076387
-1
-1
-1
-1
-1
-1
-1
-1
847485139
-1
-1
-1
-1
975840098
970356595
-1
764147748
-1
-1
-1
-1
-1
-1
-1
-1
-1
-1
828880735
944458631
-1
-1
-1
806862707
-1
619028625
-1
769701288
-1
-1
-1
818076387
-1
-1
-1
934744729
-1
-1
-1
773995025
-1
-1
-1
-1
-1
-1
-1
-1
-1
-1
-1
-1
-1
-1
-1
-1
-1
-1
910430675
-1
796255687
-1
-1
963469638
-1
-1
978587527
-1
-1
-1
-1
-1
919654309
911598354
-1
882807779
-1
-1
953919412
959456992
-1
-1
-1
963469638
-1
-1
-1
-1
-1
-1
-1
-1
-1
-1
-1
-1
-1
-1
-1
910430675
-1
-1
-1
-1
-1
-1
-1
631451375
-1
-1
-1
-1
-1
882807779
859986187
-1
887007867
-1
-1
-1
977104791
-1
-1
-1
842185089
-1
966285004
-1
-1
746929538
-1
-1
-1
-1
910430675
-1
-1
779439803
-1
925878765
907617664
-1
-1
938009715
-1
-1
789215485
-1
-1
897092235
-1
-1
-1
-1
-1
951033902
-1
-1
882807779
-1
-1
-1
-1
-1
965378350
918928997
787074600
-1
-1
-1
929455753
-1
-1
-1
-1
-1
-1
-1
-1
-1
-1
835073848
-1
944713090
-1
-1
-1
889644509
-1
864984398
-1
-1
894415924
865149984
-1
-1
-1
-1
-1
-1
-1
918960838
965316392
-1
484493119
-1
-1
-1
-1
-1
-1
-1
847518212
860733835
-1
-1
886192677
847485139
611036975
-1
-1
-1
-1
-1
-1
-1
-1
752804564
-1
-1
-1
-1
-1
980717290
-1
-1
-1
-1
-1
-1
917383911
748412185
-1
-1
-1
680616402
-1
-1
815333538
-1
-1
-1
-1
910244133
-1
971087893
-1
-1
907289405
880305889
-1
972509262
-1
-1
929917847
-1
-1
880997718
-1
927651472
-1
-1
-1
-1
-1
-1
-1
939131460
-1
764147748
-1
911598354
-1
-1
-1
-1
-1
-1
-1
-1
-1
894513678
-1
-1
-1
-1
-1
975097652
947533748
-1
-1
823090010
-1
-1
887871507
757128196
-1
-1
-1
900237386
-1
-1
-1
-1
-1
968482090
-1
-1
972509262
837887414
-1
-1
865815008
-1
-1
921434525
-1
-1
-1
942948407
768568667
-1
-1
-1
-1
-1
975840098
930637778
831187346
-1
991169061
-1
963469638
609054927
-1
939131460
-1
-1
-1
-1
-1
-1
-1
-1
-1
890223148
-1
900237386
-1
-1
-1
-1
-1
-1
-1
815519215
889644509
-1
-1
-1
-1
-1
910430675
-1
-1
-1
-1
975840098
-1
921434525
-1
-1
752054241
-1
-1
-1
-1
-1
-1
-1
975840098
919654309
819812774
-1
-1
-1
-1
734214286
-1
-1
954023998
-1
787438791
897092235
-1
-1
-1
-1
852222570
-1
-1
968439183
-1
929917847
903342326
-1
-1
-1
747078989
895069468
-1
-1
-1
783064900
-1
-1
-1
-1
-1
910430675
-1
-1
-1
-1
-1
-1
-1
-1
-1
919654309
-1
-1
874043168
-1
876732805
-1
809668340
-1
-1
787438791
962498295
-1
731178732
-1
811755018
-1
-1
-1
-1
-1
-1
-1
-1
-1
-1
-1
800062854
887049440
-1
911598354
764481930
-1
-1
-1
734214286
924376014
-1
-1
731833109
-1
-1
-1
914744329
-1
-1
-1
-1
-1
-1
-1
-1
-1
-1
952054422
824726512
-1
-1
-1
-1
-1
-1
865815008
889644509
-1
-1
-1
-1
-1
-1
-1
-1
-1
-1
-1
-1
-1
901654595
-1
-1
-1
-1
-1
-1
-1
-1
-1
975097652
-1
-1
-1
-1
-1
-1
-1
-1
-1
-1
-1
-1
798047153
975097652
975840098
-1
-1
-1
-1
-1
-1
958134968
-1
847485139
919654309
-1
973307450
717274208
746929538
-1
-1
-1
-1
-1
-1
-1
-1
-1
796255687
528298948
-1
-1
-1
-1
884528337
-1
-1
892841361
-1
556943301
-1
758260287
-1
972509262
-1
-1
-1
-1
-1
-1
904705180
-1
-1
-1
-1
-1
-1
-1
-1
-1
622783664
975840098
-1
-1
-1
-1
-1
-1
-1
-1
-1
-1
-1
-1
-1
-1
-1
-1
-1
-1
-1
738032462
-1
824422435
-1
-1
-1
-1
900237386
-1
-1
-1
-1
-1
-1
-1
-1
-1
-1
919654309
-1
939153351
-1
-1
963598899
963469638
975840098
-1
-1
-1
919654309
-1
-1
926378066
847518212
-1
963469638
-1
-1
-1
975840098
689027473
-1
926762127
-1
-1
547826548
-1
175454489
-1
-1
-1
-1
-1
-1
-1
-1
-1
-1
-1
-1
825862323
-1
-1
865815008
-1
-1
-1
948900566
-1
-1
-1
-1
-1
-1
977104791
-1
900237386
966846814
-1
-1
-1
-1
-1
-1
-1
-1
-1
-1
-1
943825084
892922651
813648421
-1
968482090
-1
-1
370687678
-1
845074392
-1
776277069
-1
919654309
-1
-1
-1
-1
-1
-1
954200973
-1
-1
-1
620419639
-1
-1
883129784
-1
-1
-1
-1
-1
-1
900237386
-1
897092235
-1
-1
-1
-1
704637325
-1
-1
-1
-1
-1
-1
-1
-1
-1
975840098
-1
-1
-1
882807779
-1
-1
677588829
900919312
901648033
-1
-1
977104791
-1
-1
821186005
-1
968870553
-1
-1
-1
882807779
-1
850824160
-1
-1
925453093
-1
-1
921434525
-1
-1
966049722
-1
983718404
-1
-1
-1
-1
-1
-1
-1
920409940
-1
-1
882107124
-1
-1
-1
-1
-1
-1
-1
-1
-1
-1
-1
-1
-1
-1
-1
-1
-1
-1
-1
-1
-1
897092235
-1
-1
-1
-1
882807779
-1
-1
-1
-1
925619521
-1
-1
-1
-1
706217268
882807779
-1
-1
-1
-1
-1
921434525
-1
807596123
-1
837821032
-1
-1
-1
777522020
-1
-1
-1
910124326
847518212
-1
-1
662724942
754635282
846360414
-1
-1
-1
-1
900237386
-1
-1
-1
-1
-1
-1
-1
-1
-1
-1
-1
-1
-1
-1
-1
824194045
617521091
-1
-1
-1
-1
-1
-1
-1
862869909
-1
-1
-1
-1
662724942
949741617
884528337
754312220
-1
972509262
-1
-1
905460044
787438791
-1
897092235
-1
-1
-1
-1
902239071
-1
784426086
-1
-1
-1
-1
-1
806117588
919654309
-1
-1
950030731
-1
830044506
-1
-1
-1
753831195
-1
-1
978800490
-1
-1
-1
900237386
-1
-1
-1
-1
811755018
-1
-1
-1
-1
859986187
-1
-1
938678523
-1
-1
-1
-1
-1
-1
-1
792829880
900237386
-1
789215485
-1
-1
-1
960519922
806915108
-1
-1
975840098
859705422
788276614
-1
-1
-1
-1
-1
-1
630434044
-1
-1
807596123
593063539
-1
-1
969579351
-1
-1
-1
-1
825435262
965331937
-1
-1
-1
938009715
862869909
-1
-1
727343314
882807779
924238047
542071321
863754395
960392703
957003150
-1
-1
-1
-1
975097652
935094509
-1
-1
967491912
-1
-1
847518212
916654302
-1
-1
-1
-1
955582430
830716985
-1
-1
-1
978632666
-1
-1
-1
597386137
708210955
-1
-1
947114809
-1
-1
-1
-1
-1
757089742
-1
897092235
-1
871151604
-1
-1
798313555
963469638
-1
978470820
853309569
-1
-1
815874507
-1
-1
-1
-1
-1
900237386
767151452
-1
-1
-1
-1
-1
986274467
896647315
-1
-1
-1
729809025
-1
978800490
-1
765345390
-1
-1
-1
-1
-1
-1
-1
847518212
-1
-1
-1
-1
-1
-1
-1
869230410
-1
-1
870095169
-1
-1
-1
-1
-1
-1
-1
865022914
553902353
917479311
910244133
-1
-1
-1
647317881
665120543
-1
-1
-1
-1
-1
-1
-1
-1
-1
-1
-1
-1
737889135
-1
714322579
912236062
-1
-1
-1
-1
-1
-1
-1
-1
-1
741041163
703233414
-1
-1
954200973
-1
-1
-1
-1
-1
-1
-1
-1
931334071
-1
-1
-1
-1
897812255
-1
972509262
-1
904203885
-1
-1
957003150
-1
-1
-1
-1
975840098
975840098
924238047
662724942
-1
910124326
-1
-1
-1
886253710
848483079
-1
-1
-1
-1
-1
-1
-1
-1
-1
837248913
-1
-1
847485139
882807779
811755018
-1
-1
-1
-1
-1
-1
-1
-1
-1
-1
-1
870953040
-1
-1
-1
-1
-1
-1
956899146
-1
-1
-1
-1
-1
-1
878532550
-1
-1
-1
-1
-1
-1
-1
963469638
939923551
-1
-1
900237386
-1
-1
-1
-1
-1
-1
-1
-1
-1
837887414
-1
-1
-1
-1
-1
-1
-1
-1
-1
-1
991169061
-1
-1
-1
-1
-1
957003150
-1
-1
-1
-1
897812255
-1
934980550
978632666
-1
923319567
-1
-1
662724942
-1
-1
731780396
-1
-1
-1
-1
963469638
-1
-1
-1
-1
-1
-1
-1
-1
975840098
-1
-1
-1
620419639
-1
844788087
-1
-1
-1
-1
-1
-1
-1
-1
-1
844788087
974391504
-1
-1
-1
828880735
-1
-1
987331097
-1
-1
-1
-1
672109395
-1
978632666
699240998
-1
794776565
-1
-1
-1
-1
882807779
-1
-1
-1
-1
939131460
939923551
905409524
-1
937300192
907617664
-1
-1
-1
-1
-1
-1
-1
657002566
-1
924376014
978800490
-1
-1
-1
907617664
911525215
-1
810877810
766708412
739624372
-1
-1
-1
-1
-1
-1
-1
-1
-1
928377832
-1
-1
-1
977104791
-1
-1
-1
-1
-1
-1
754312220
-1
930509097
-1
-1
-1
847518212
-1
-1
-1
-1
-1
-1
-1
-1
-1
729019015
870610919
-1
-1
875622497
-1
-1
-1
-1
863638568
-1
-1
-1
897092235
-1
-1
-1
-1
-1
-1
969959859
812427908
-1
956521158
-1
940488800
-1
897812255
-1
-1
-1
919654309
-1
-1
-1
-1
-1
935151780
-1
911598354
977345938
-1
-1
-1
-1
-1
-1
-1
-1
-1
-1
-1
761026220
-1
-1
653099966
-1
862869909
-1
-1
951033902
-1
-1
-1
971087893
-1
-1
-1
-1
-1
900237386
-1
975097652
-1
-1
-1
-1
-1
-1
-1
900237386
-1
-1
-1
-1
882817013
-1
-1
-1
-1
951333045
-1
-1
-1
-1
-1
-1
-1
887007867
-1
-1
-1
-1
897092235
957003150
-1
-1
-1
943273424
963469638
842185089
-1
-1
-1
-1
-1
-1
-1
-1
-1
-1
-1
-1
-1
-1
901654595
-1
-1
-1
-1
-1
-1
-1
-1
934801175
-1
-1
-1
-1
-1
-1
-1
885825625
-1
-1
-1
756964089
-1
-1
-1
-1
-1
881848093
939923551
929888014
-1
-1
-1
-1
-1
928052564
-1
862819469
-1
954180953
-1
-1
-1
-1
-1
845074392
-1
-1
-1
882667351
-1
963469638
-1
-1
-1
-1
-1
-1
-1
-1
-1
-1
-1
738341980
975840098
643372688
-1
-1
-1
-1
-1
-1
-1
-1
911598354
-1
-1
-1
884528337
678584472
931931529
-1
-1
-1
-1
-1
794776565
-1
-1
706391968
-1
-1
-1
-1
-1
-1
746929538
924238047
924238047
-1
911598354
-1
862499575
-1
-1
-1
-1
890692325
-1
-1
-1
-1
929946153
-1
-1
-1
-1
-1
708260649
-1
-1
-1
-1
-1
-1
-1
-1
-1
-1
-1
-1
-1
-1
-1
-1
-1
-1
-1
-1
-1
-1
-1
972509262
853309569
-1
-1
-1
-1
-1
-1
-1
-1
-1
-1
-1
-1
-1
-1
-1
859986187
-1
-1
-1
-1
963469638
-1
-1
-1
-1
-1
-1
-1
-1
-1
-1
-1
-1
-1
-1
-1
-1
-1
-1
-1
-1
-1
-1
761026220
786430296
847485139
-1
-1
972509262
-1
-1
-1
698734007
-1
-1
-1
-1
-1
-1
-1
-1
-1
-1
-1
-1
-1
901017561
939153351
847485139
-1
904942559
-1
847518212
-1
900237386
882807779
859561703
-1
-1
-1
-1
-1
-1
-1
-1
-1
-1
-1
859785109
-1
-1
-1
-1
-1
781936063
-1
-1
-1
-1
-1
-1
877984901
-1
-1
963469638
-1
-1
-1
975840098
-1
-1
-1
-1
-1
-1
-1
-1
-1
-1
-1
-1
-1
-1
796255687
-1
-1
916173557
-1
-1
911598354
917264389
-1
-1
-1
-1
-1
-1
-1
-1
-1
-1
-1
951898602
-1
-1
-1
-1
880748073
-1
969392848
-1
909010716
-1
954888919
-1
-1
-1
-1
-1
-1
-1
882807779
-1
-1
-1
-1
-1
-1
-1
-1
-1
-1
975840098
-1
-1
764147748
953293402
676582665
-1
859986187
847485139
-1
-1
-1
-1
-1
-1
-1
862869909
-1
-1
-1
773959385
-1
884273246
-1
-1
882807779
-1
-1
-1
954888919
911598354
-1
-1
736086112
912672965
-1
-1
-1
-1
921434525
-1
965331937
-1
-1
-1
-1
-1
954200973
-1
916654302
962115387
-1
-1
748107709
892841361
-1
-1
-1
-1
887007867
-1
-1
-1
-1
-1
-1
-1
821186005
-1
977345938
-1
-1
-1
643798500
874091775
-1
-1
-1
-1
-1
983718404
-1
-1
-1
-1
-1
889161049
-1
989757053
-1
-1
-1
-1
975840098
-1
752804564
-1
-1
-1
869230410
972509262
-1
313398082
-1
-1
-1
-1
-1
-1
811755018
-1
-1
-1
-1
-1
977104791
898631691
-1
-1
-1
-1
-1
-1
752804564
-1
977288990
-1
-1
735989973
963469638
-1
-1
799816078
-1
-1
-1
-1
-1
-1
-1
-1
-1
-1
-1
-1
-1
-1
-1
-1
795491961
-1
-1
-1
864984398
977104791
-1
-1
-1
963469638
-1
-1
-1
-1
882807779
632070325
-1
-1
965316392
-1
-1
-1
-1
-1
-1
-1
-1
-1
897092235
-1
991169061
-1
-1
-1
-1
-1
-1
854024398
-1
-1
-1
-1
-1
940443395
711412042
-1
-1
-1
911598354
-1
-1
-1
-1
795508545
-1
-1
884528337
978335633
832682344
-1
-1
-1
-1
-1
-1
-1
-1
-1
-1
-1
-1
-1
-1
-1
-1
-1
889644509
-1
-1
-1
703233414
-1
-1
-1
510306319
-1
-1
929917847
-1
-1
464735214
-1
834977647
-1
-1
-1
-1
-1
-1
975840098
900237386
-1
-1
-1
-1
-1
-1
751552083
992175695
-1
-1
-1
-1
-1
-1
-1
957003150
-1
-1
773959385
-1
-1
886236054
-1
-1
-1
-1
-1
785903306
-1
789215485
900237386
-1
695144834
-1
-1
949431347
-1
-1
794129750
-1
-1
879798917
-1
-1
-1
911598354
-1
817274964
653099966
-1
-1
-1
990467669
765540058
830716985
-1
-1
882807779
-1
-1
969959859
836990335
889644509
-1
723799785
-1
-1
806610565
-1
677588829
-1
-1
-1
-1
-1
-1
-1
-1
-1
911598354
-1
-1
989757053
-1
-1
-1
-1
-1
-1
-1
-1
-1
-1
-1
-1
-1
-1
-1
-1
-1
-1
-1
-1
-1
896647315
-1
-1
900237386
-1
764147748
-1
-1
906962234
-1
-1
986274467
-1
-1
-1
-1
-1
-1
788906530
879651892
-1
-1
983675589
-1
739552706
951333045
-1
-1
963469638
-1
-1
-1
963469638
-1
-1
-1
-1
-1
859131299
-1
-1
823815706
-1
-1
-1
-1
791430717
810770209
-1
-1
729247022
-1
-1
-1
789215485
883129784
939131460
-1
-1
919533590
-1
-1
-1
-1
-1
-1
-1
-1
-1
-1
-1
917060665
-1
-1
756964089
-1
-1
-1
-1
-1
-1
-1
-1
-1
912266943
-1
-1
-1
-1
-1
-1
922980740
892841361
-1
-1
-1
-1
942948407
-1
-1
977412059
-1
900237386
-1
-1
-1
-1
-1
-1
-1
-1
958226854
-1
-1
-1
-1
-1
-1
-1
-1
-1
897092235
704637325
-1
900237386
-1
-1
-1
-1
954888919
-1
-1
-1
-1
900237386
-1
963469638
886253710
-1
-1
-1
975840098
-1
-1
-1
-1
859986187
-1
-1
-1
887007867
987259185
-1
963469638
-1
-1
-1
882807779
-1
-1
-1
-1
-1
975097652
-1
-1
-1
-1
-1
-1
-1
-1
-1
-1
-1
-1
-1
-1
948355353
-1
889644509
-1
883820585
-1
-1
832291895
921434525
-1
-1
738995727
-1
-1
-1
-1
828004163
-1
-1
-1
-1
-1
-1
-1
-1
707607075
-1
935151780
-1
-1
-1
-1
-1
-1
-1
-1
-1
921434525
717274208
-1
-1
-1
879047317
-1
-1
620419639
-1
975840098
724641943
845178828
919654309
-1
882807779
897092235
-1
610413536
-1
-1
-1
-1
-1
949142015
-1
-1
-1
778793840
917479311
-1
-1
975840098
-1
-1
-1
977104791
-1
963469638
-1
-1
-1
-1
-1
-1
632625988
-1
-1
-1
-1
-1
911490833
-1
-1
-1
-1
-1
806915108
-1
-1
-1
-1
-1
-1
-1
-1
-1
-1
-1
880748073
-1
-1
-1
-1
-1
-1
-1
911598354
-1
-1
884528337
-1
-1
-1
-1
889879917
-1
-1
911598354
924105043
869616721
-1
-1
475690200
-1
-1
-1
991169061
-1
-1
-1
-1
-1
-1
-1
630434044
-1
-1
-1
-1
-1
-1
-1
-1
-1
821186005
-1
847485139
-1
-1
-1
-1
-1
-1
-1
-1
-1
897011901
-1
-1
-1
789215485
-1
-1
-1
-1
-1
700712958
-1
-1
-1
-1
952054422
-1
921434525
-1
-1
-1
963469638
849235512
-1
-1
-1
-1
-1
-1
784426086
-1
-1
-1
-1
-1
818629530
-1
-1
-1
764147748
-1
959490265
-1
920951870
-1
-1
717798263
-1
918928997
-1
-1
-1
-1
-1
900237386
-1
-1
-1
747631170
-1
-1
-1
-1
-1
-1
-1
-1
-1
956415136
901730479
-1
-1
-1
-1
-1
931472176
-1
-1
-1
884081711
-1
-1
-1
885665756
764147748
-1
-1
889644509
811755018
981961586
-1
-1
-1
458194390
978632666
-1
665138240
-1
-1
-1
-1
-1
-1
-1
-1
-1
-1
-1
886253710
-1
807315464
-1
-1
954888919
764539801
-1
-1
-1
-1
-1
-1
-1
-1
-1
-1
-1
-1
-1
940443395
-1
-1
-1
-1
-1
-1
892841361
791605452
882807779
-1
-1
-1
-1
-1
-1
-1
911598354
-1
-1
-1
-1
-1
-1
-1
-1
-1
-1
-1
791430717
-1
-1
-1
-1
-1
-1
-1
-1
-1
975840098
-1
839246011
761026220
-1
-1
-1
-1
963469638
-1
-1
983431780
-1
-1
-1
-1
-1
-1
-1
-1
-1
-1
-1
-1
-1
-1
-1
-1
977104791
789023334
-1
-1
-1
-1
-1
-1
-1
-1
-1
900237386
-1
847485139
-1
-1
-1
-1
735989973
847518212
-1
-1
-1
-1
-1
-1
-1
-1
-1
-1
-1
-1
-1
-1
935151780
-1
-1
977313262
-1
-1
954888919
903966250
-1
-1
-1
-1
847485139
-1
-1
928657990
-1
-1
978800490
-1
-1
-1
-1
-1
-1
-1
-1
-1
-1
-1
869230410
-1
-1
-1
-1
-1
-1
887880632
-1
-1
-1
553442914
954190500
839928831
-1
-1
-1
806915108
551802119
-1
-1
-1
-1
907605523
900237386
-1
-1
-1
900919312
-1
-1
782293184
882807779
-1
-1
886600756
-1
-1
887007867
-1
773272721
-1
-1
885446093
-1
-1
975840098
-1
897180348
-1
975840098
844788087
921434525
737889135
-1
-1
-1
901002960
-1
-1
-1
746316092
945509324
847518212
910430675
-1
780324103
-1
-1
-1
-1
-1
-1
932934281
806915108
-1
975840098
963469638
-1
-1
-1
-1
-1
-1
-1
-1
-1
-1
935989993
-1
754312220
-1
963469638
-1
-1
-1
-1
-1
-1
-1
-1
-1
-1
-1
-1
-1
-1
-1
-1
-1
-1
619028625
-1
-1
845178828
-1
-1
907617664
-1
-1
-1
-1
-1
-1
911598354
-1
-1
882807779
-1
963469638
-1
-1
-1
-1
687558292
818076387
-1
-1
963469638
-1
957003150
-1
-1
-1
954888919
-1
-1
-1
-1
-1
786737192
958134968
-1
-1
-1
978800490
-1
-1
-1
844647850
883820585
-1
-1
-1
955590779
945260403
-1
-1
-1
774833596
746929538
-1
-1
835878483
972509262
-1
-1
-1
-1
-1
-1
-1
-1
747215758
-1
-1
-1
650546659
-1
-1
-1
-1
-1
-1
-1
911598354
-1
-1
847518212
-1
-1
-1
-1
-1
-1
-1
-1
859986187
924659924
900237386
-1
-1
847518212
-1
-1
-1
-1
-1
963469638
-1
-1
-1
603787795
-1
-1
978800490
959811299
-1
703233414
-1
-1
-1
887007867
-1
607287264
-1
-1
-1
753537056
-1
-1
-1
-1
-1
-1
734214286
-1
913063572
939923551
-1
-1
847485139
-1
-1
-1
-1
-1
-1
-1
-1
977104791
-1
-1
-1
847485139
-1
-1
-1
-1
975840098
654133880
939558023
-1
880748073
-1
-1
774724835
-1
900237386
859986187
-1
-1
-1
934183214
733810993
847485139
753792389
-1
-1
-1
-1
795087152
-1
-1
874204218
921434525
-1
-1
738813709
-1
-1
-1
-1
989757053
-1
-1
957003150
-1
-1
-1
-1
-1
-1
-1
-1
-1
839246011
-1
-1
-1
-1
989757053
918522745
-1
900237386
-1
-1
-1
-1
-1
-1
-1
852336647
-1
-1
548411834
911598354
-1
876054181
-1
-1
630434044
-1
-1
-1
880441477
-1
-1
-1
898402628
-1
935622826
-1
-1
957003150
-1
-1
810820799
-1
-1
859986187
-1
-1
-1
823090010
-1
947861017
-1
-1
-1
865278482
-1
978800490
-1
-1
-1
-1
-1
-1
-1
-1
-1
963469638
733520457
-1
-1
939131460
-1
-1
-1
-1
889825983
-1
-1
-1
980532557
-1
615949780
-1
-1
-1
-1
-1
-1
-1
-1
911598354
653099966
-1
-1
-1
675329435
-1
818076387
-1
895388179
-1
-1
915276213
-1
-1
-1
-1
-1
-1
-1
630434044
-1
-1
-1
-1
-1
-1
-1
-1
870095169
789215485
-1
900237386
926616571
-1
-1
-1
-1
-1
-1
-1
-1
-1
-1
-1
900237386
-1
-1
798047153
-1
-1
-1
-1
-1
-1
-1
882807779
-1
-1
-1
817171791
-1
-1
-1
637565594
-1
-1
-1
882807779
-1
-1
-1
630434044
-1
-1
900237386
-1
-1
-1
-1
-1
-1
932023998
-1
-1
-1
975840098
-1
-1
-1
944750008
-1
-1
-1
911598354
-1
-1
-1
832682344
-1
-1
-1
-1
-1
-1
-1
-1
-1
-1
-1
839246011
-1
-1
970796166
-1
963469638
-1
-1
-1
847518212
-1
-1
-1
717274208
910124326
-1
-1
-1
-1
-1
-1
-1
938790089
847485139
-1
-1
-1
756683819
963469638
-1
-1
-1
-1
-1
-1
954888919
-1
-1
-1
-1
-1
-1
-1
-1
661565009
-1
-1
-1
-1
-1
-1
-1
954888919
-1
989757053
-1
900358993
-1
967933684
-1
939542963
-1
-1
-1
-1
882807779
786663511
901730479
884387228
776700030
-1
-1
-1
-1
-1
858789211
954888919
-1
937637306
-1
652673262
755299330
-1
-1
989757053
-1
975097652
-1
841911906
-1
-1
-1
-1
-1
-1
-1
-1
807596123
903573865
-1
-1
963469638
-1
-1
-1
977104791
788906530
-1
-1
-1
-1
-1
-1
-1
-1
-1
-1
-1
-1
-1
-1
-1
715131192
724622274
-1
880748073
-1
-1
-1
-1
-1
-1
802310971
889644509
975840098
897092235
-1
-1
-1
-1
-1
-1
-1
-1
-1
-1
-1
-1
-1
-1
-1
789215485
-1
-1
-1
935151780
-1
-1
904921801
-1
-1
897358934
-1
-1
-1
-1
-1
-1
-1
-1
977104791
910430675
-1
-1
-1
921434525
-1
-1
975840098
-1
-1
-1
883129784
-1
-1
-1
-1
-1
-1
-1
935989993
-1
-1
-1
-1
886961681
-1
-1
946455892
945972992
-1
-1
859986187
-1
-1
924105043
-1
740337034
-1
895762355
-1
-1
865293627
975097652
-1
-1
-1
-1
-1
-1
-1
-1
-1
-1
-1
847518212
957003150
900237386
930279455
-1
-1
847518212
-1
-1
-1
-1
-1
-1
789215485
-1
778968549
-1
-1
975840098
-1
-1
910430675
-1
911598354
-1
900237386
-1
-1
932023998
834121287
-1
889825983
-1
-1
975097652
847518212
931768627
-1
-1
-1
965585468
-1
-1
-1
-1
-1
-1
-1
-1
975840098
911598354
-1
-1
-1
-1
889115809
950283184
-1
-1
847485139
-1
953293402
-1
973792839
-1
-1
-1
-1
986929869
-1
897092235
-1
-1
-1
-1
-1
-1
-1
-1
-1
-1
987360748
-1
911598354
-1
-1
-1
-1
-1
-1
-1
-1
882807779
862869909
-1
-1
-1
-1
-1
-1
-1
-1
-1
-1
-1
-1
-1
-1
-1
-1
-1
-1
-1
-1
-1
-1
-1
975840098
962404464
882807779
-1
-1
-1
-1
-1
769830703
-1
-1
887007867
-1
-1
-1
-1
-1
-1
-1
-1
-1
-1
-1
-1
-1
-1
-1
-1
867651168
-1
-1
-1
-1
-1
-1
-1
-1
-1
-1
755973024
-1
580059275
-1
-1
-1
993643185
-1
-1
756964089
-1
-1
-1
-1
911598354
954888919
996777993
-1
-1
882807779
-1
-1
-1
713064116
-1
-1
865326334
904145712
-1
-1
-1
903206795
-1
-1
-1
-1
-1
-1
-1
953293402
-1
907617664
-1
-1
-1
-1
-1
-1
-1
-1
-1
-1
-1
821186005
-1
710059286
974529970
909140102
681014295
-1
-1
-1
-1
-1
-1
-1
-1
-1
-1
-1
-1
-1
-1
-1
-1
911598354
935989993
-1
-1
-1
-1
-1
935094509
904942559
773959385
-1
-1
-1
-1
-1
-1
-1
-1
888768270
975840098
-1
939131460
-1
-1
-1
-1
-1
-1
799109774
946455892
-1
-1
807596123
-1
-1
-1
-1
-1
-1
-1
-1
-1
-1
-1
-1
-1
-1
806117588
-1
-1
-1
921434525
-1
-1
-1
-1
-1
-1
-1
-1
-1
-1
-1
-1
630434044
-1
978800490
-1
975840098
-1
-1
-1
-1
-1
-1
-1
882807779
975840098
-1
-1
-1
-1
-1
-1
-1
-1
-1
-1
-1
773754788
-1
-1
-1
-1
-1
-1
-1
-1
-1
906501979
-1
-1
-1
-1
-1
-1
-1
837887414
917060665
988004367
-1
-1
-1
-1
-1
-1
-1
946776336
-1
-1
-1
-1
-1
-1
975840098
-1
924238047
-1
954906625
-1
-1
882807779
-1
-1
-1
862869909
-1
-1
900237386
-1
-1
-1
-1
900237386
-1
630434044
-1
763463953
-1
-1
-1
-1
-1
-1
-1
-1
-1
-1
-1
-1
-1
-1
-1
-1
905409524
926203666
-1
883129784
972509262
490441751
-1
-1
-1
-1
-1
921434525
-1
-1
977104791
-1
-1
-1
801270570
-1
-1
883649004
-1
-1
916173557
699096996
-1
878915365
-1
-1
-1
-1
-1
847518212
-1
-1
-1
-1
-1
-1
-1
-1
-1
-1
-1
-1
845798961
907224127
-1
-1
-1
-1
-1
-1
963469638
-1
-1
-1
-1
-1
-1
-1
770055458
-1
-1
-1
-1
-1
-1
-1
-1
821186005
-1
-1
-1
-1
-1
978800490
795245404
810877810
-1
-1
-1
-1
996777993
-1
-1
863004424
-1
933505250
-1
-1
-1
963469638
-1
929888014
-1
-1
739552706
816880225
-1
946944783
-1
-1
-1
836802983
-1
-1
843770863
-1
-1
-1
-1
-1
-1
794776565
897092235
-1
929455753
695957482
969579351
-1
-1
-1
-1
980793828
-1
-1
-1
965331937
-1
-1
921434525
-1
-1
-1
-1
-1
-1
821186005
-1
-1
-1
-1
-1
-1
897812255
-1
-1
-1
505197546
963469638
-1
-1
977104791
954888919
781679285
842185089
955025441
-1
-1
906888254
764147748
879651892
892841361
837248913
-1
847518212
-1
-1
-1
-1
762847742
-1
-1
865815008
960374163
-1
826146515
-1
-1
-1
-1
900237386
-1
955901163
917383911
-1
-1
250364104
-1
-1
959309941
-1
-1
-1
-1
-1
-1
-1
-1
796255687
-1
924105043
979109368
-1
-1
-1
-1
714451035
-1
-1
-1
-1
-1
-1
-1
-1
928377832
-1
877811269
-1
919654309
-1
977104791
-1
-1
882807779
-1
-1
-1
948829303
884081711
-1
-1
882807779
-1
-1
828723716
959890251
-1
-1
-1
-1
-1
-1
963469638
921434525
-1
-1
963469638
939923551
-1
-1
-1
924238047
-1
-1
-1
-1
-1
-1
911598354
882807779
-1
-1
-1
-1
-1
-1
-1
-1
651126418
-1
921434525
-1
821275965
-1
-1
862869909
943173693
-1
-1
970909036
-1
-1
-1
-1
-1
-1
-1
-1
867357001
-1
-1
-1
-1
887007867
-1
-1
-1
-1
-1
-1
-1
-1
-1
919654309
-1
963469638
-1
-1
845074392
-1
-1
-1
-1
761026220
703233414
-1
827540701
819517210
761026220
-1
-1
-1
795087152
-1
-1
975840098
-1
900237386
764599754
-1
-1
-1
844788087
-1
-1
-1
-1
-1
844788087
964714061
911598354
-1
810877810
-1
887871507
-1
-1
-1
-1
-1
650546659
-1
-1
963469638
-1
-1
-1
-1
-1
-1
-1
900237386
-1
-1
-1
-1
-1
-1
-1
963469638
-1
-1
-1
-1
-1
-1
-1
968439183
-1
-1
-1
-1
910430675
939923551
-1
929728743
900237386
495967657
-1
-1
-1
-1
-1
978800490
-1
-1
890223148
-1
-1
-1
-1
-1
-1
924238047
-1
-1
-1
-1
-1
-1
-1
977104791
-1
-1
-1
-1
-1
-1
879651892
747631170
-1
-1
763930529
-1
-1
-1
-1
-1
-1
-1
897092235
-1
806128440
-1
-1
-1
-1
-1
-1
-1
-1
-1
-1
-1
-1
-1
-1
-1
846360414
630434044
-1
-1
-1
-1
-1
-1
-1
-1
-1
-1
738032462
-1
-1
-1
-1
-1
-1
-1
-1
-1
902259146
-1
923147945
-1
-1
917383911
-1
-1
-1
-1
859561703
-1
-1
904705180
747215758
-1
974391504
-1
-1
-1
-1
-1
-1
-1
-1
-1
897159412
921434525
-1
977345938
-1
983518006
938678523
-1
975097652
868108430
963469638
-1
-1
-1
-1
-1
-1
-1
-1
-1
865278482
-1
-1
-1
-1
-1
-1
-1
-1
900237386
-1
768763236
811374304
-1
-1
-1
929917847
-1
882807779
-1
763163752
-1
-1
-1
-1
882807779
-1
-1
-1
-1
-1
963469638
-1
-1
-1
-1
-1
-1
929317360
859986187
664196414
-1
-1
-1
883129784
925849918
-1
922980740
-1
-1
-1
-1
-1
305979024
-1
-1
-1
-1
855046555
947786905
-1
-1
-1
977543731
-1
-1
977104791
-1
-1
-1
-1
-1
989757053
-1
-1
-1
-1
-1
-1
-1
-1
901648033
-1
-1
-1
-1
-1
967845640
-1
977104791
730947541
975097652
-1
-1
-1
-1
-1
-1
-1
-1
-1
-1
-1
-1
-1
-1
950667458
-1
-1
-1
-1
-1
-1
-1
-1
-1
-1
-1
928052564
877988139
-1
-1
-1
-1
764156094
-1
-1
-1
-1
-1
842556218
-1
-1
-1
-1
-1
-1
-1
-1
-1
-1
-1
-1
-1
-1
963469638
-1
882807779
-1
-1
-1
-1
-1
-1
-1
-1
-1
898554996
-1
897092235
-1
924105043
909288226
-1
-1
-1
-1
-1
-1
-1
-1
-1
-1
-1
-1
-1
690806851
-1
-1
-1
-1
-1
-1
-1
-1
903715104
-1
-1
-1
-1
897092235
-1
-1
746929538
-1
-1
897092235
-1
-1
777778158
-1
-1
948900566
-1
-1
842185089
-1
-1
977104791
-1
-1
495111491
808719229
-1
961086147
963469638
-1
939923551
768394190
890692325
875678455
-1
-1
-1
-1
-1
968520210
-1
-1
-1
-1
-1
887007867
-1
-1
-1
894513678
-1
-1
897988789
-1
-1
-1
-1
-1
-1
935151780
809668340
963469638
810877810
847485139
-1
882807779
949091190
-1
-1
813722656
-1
-1
939923551
763930529
929455753
-1
817274964
828004163
-1
-1
-1
-1
-1
-1
-1
-1
-1
-1
847518212
-1
963469638
-1
975840098
-1
-1
-1
-1
-1
-1
872149850
-1
-1
-1
937422097
910430675
-1
-1
-1
-1
925849918
-1
-1
908898357
-1
-1
-1
-1
-1
816254478
-1
-1
-1
862869909
-1
821317196
-1
-1
-1
-1
-1
-1
832594342
-1
-1
954180953
-1
-1
975097652
-1
656407476
847518212
978632666
-1
-1
-1
847518212
970796166
-1
-1
996777993
882673906
865278482
-1
-1
933760779
885383016
-1
900237386
-1
927651472
-1
-1
975097652
887809335
-1
-1
975097652
-1
-1
-1
-1
-1
847518212
811755018
-1
963469638
827610150
-1
-1
-1
-1
-1
789023334
-1
975840098
-1
-1
-1
-1
-1
-1
-1
-1
-1
882807779
975097652
-1
-1
-1
-1
-1
-1
-1
-1
-1
-1
-1
954180953
-1
-1
-1
957003150
978800490
-1
-1
-1
-1
-1
847518212
-1
-1
-1
-1
-1
974529970
-1
-1
-1
-1
-1
-1
-1
-1
927651472
-1
821063223
849156811
837887414
-1
824205175
-1
-1
-1
907617664
-1
-1
-1
915773300
-1
-1
-1
-1
-1
-1
-1
-1
-1
-1
-1
-1
-1
-1
887007867
-1
-1
-1
-1
-1
-1
-1
-1
810877810
864202598
784409430
-1
-1
818076387
-1
-1
-1
-1
910430675
882807779
977104791
-1
-1
-1
765371515
-1
919654309
-1
-1
-1
-1
-1
-1
-1
-1
-1
-1
-1
-1
-1
-1
-1
-1
-1
-1
-1
-1
-1
-1
-1
-1
-1
-1
924238047
893175607
-1
-1
-1
706028850
-1
-1
-1
927651472
954888919
-1
-1
-1
-1
-1
-1
-1
-1
-1
-1
-1
-1
-1
-1
930140474
-1
-1
-1
-1
-1
-1
-1
-1
629871696
897812255
-1
-1
959890251
-1
-1
-1
-1
-1
993643185
761026220
-1
-1
900237386
-1
878915365
934929552
679823005
-1
-1
-1
889161049
939131460
-1
-1
975840098
-1
-1
906331328
-1
794776565
-1
-1
-1
747631170
-1
-1
812427908
-1
-1
882807779
847485139
926616571
-1
-1
-1
-1
-1
-1
954888919
-1
859062387
-1
-1
-1
-1
-1
941321669
-1
-1
963469638
-1
982444983
-1
900237386
691609482
887007867
-1
-1
887007867
-1
-1
-1
882807779
763930529
939131460
-1
-1
-1
-1
-1
-1
-1
-1
-1
-1
847485139
-1
900321727
-1
-1
919654309
-1
-1
-1
934368724
915858524
-1
-1
-1
865278482
835627815
-1
-1
966846814
-1
-1
-1
-1
-1
-1
-1
-1
-1
-1
-1
-1
-1
-1
518844116
913063572
975840098
-1
-1
-1
-1
-1
-1
-1
811755018
-1
884528337
-1
-1
-1
-1
-1
-1
898631691
-1
757298789
-1
-1
-1
-1
-1
-1
818076387
872361792
918871615
-1
-1
-1
-1
-1
897159412
965331937
-1
-1
-1
909353287
-1
-1
-1
-1
-1
-1
950987380
896647315
900237386
-1
-1
-1
-1
-1
-1
-1
-1
-1
-1
-1
887007867
-1
-1
-1
897092235
-1
-1
966157745
975840098
-1
-1
-1
-1
-1
-1
859986187
763930529
-1
-1
-1
977104791
-1
-1
917486359
-1
-1
-1
889957845
349881382
-1
962115387
-1
752054241
-1
-1
-1
-1
-1
-1
-1
-1
502294379
-1
-1
656109607
-1
-1
854637784
-1
-1
-1
764147748
-1
-1
832927892
-1
552508196
-1
-1
-1
-1
975840098
-1
-1
-1
-1
-1
-1
-1
-1
929508720
-1
-1
989757053
-1
897159412
-1
963469638
-1
-1
-1
-1
892841361
-1
907268766
-1
-1
-1
847518212
-1
-1
-1
-1
-1
-1
-1
-1
-1
-1
-1
-1
860279570
-1
-1
-1
642852052
-1
-1
-1
881848093
-1
-1
847485139
-1
-1
-1
-1
872149850
-1
975840098
-1
-1
-1
-1
-1
-1
847485139
-1
-1
-1
-1
-1
-1
-1
-1
-1
-1
-1
847518212
-1
-1
547826548
-1
-1
-1
-1
-1
734214286
919654309
-1
-1
-1
-1
-1
991169061
-1
-1
-1
-1
606318438
-1
989757053
900237386
-1
-1
939791448
-1
-1
-1
-1
919654309
957003150
-1
-1
-1
-1
864813846
-1
-1
764147748
-1
-1
-1
-1
-1
-1
678584472
985416489
951292748
-1
-1
-1
-1
-1
-1
-1
-1
-1
570132595
-1
-1
-1
824194045
-1
-1
-1
-1
-1
-1
-1
-1
-1
-1
-1
-1
978632666
-1
882807779
-1
-1
-1
882807779
-1
-1
-1
-1
-1
909011958
897092235
-1
-1
-1
678584472
-1
-1
748533331
948900566
813677664
-1
-1
-1
-1
-1
-1
-1
-1
-1
686320470
-1
-1
-1
-1
963469638
-1
-1
-1
748080612
-1
-1
-1
-1
954888919
-1
-1
-1
941727832
-1
-1
-1
935094509
-1
-1
-1
-1
-1
-1
-1
-1
-1
900237386
939131460
-1
-1
-1
-1
-1
-1
-1
-1
-1
-1
-1
-1
-1
-1
978470820
-1
949189744
-1
-1
-1
-1
-1
-1
-1
865278482
-1
-1
-1
-1
963469638
-1
-1
-1
-1
-1
-1
-1
-1
-1
-1
-1
-1
-1
-1
-1
-1
-1
929455753
-1
-1
-1
-1
-1
811755018
847518212
-1
900919312
-1
977543731
-1
-1
-1
-1
818076387
-1
-1
-1
-1
-1
-1
917184352
-1
-1
-1
-1
813975576
-1
963469638
-1
-1
-1
-1
-1
-1
-1
-1
-1
-1
-1
-1
-1
-1
-1
-1
-1
847518212
-1
967933684
837613462
882969696
-1
-1
-1
-1
-1
968247721
-1
-1
-1
-1
-1
-1
962631758
-1
790528916
944458631
-1
-1
-1
897092235
-1
794776565
-1
-1
-1
-1
-1
-1
-1
-1
-1
-1
-1
-1
-1
963469638
-1
-1
-1
-1
960519922
-1
-1
972509262
-1
-1
-1
-1
-1
-1
-1
900237386
-1
-1
-1
-1
698554207
-1
-1
-1
-1
-1
-1
-1
548456007
-1
-1
-1
-1
-1
-1
-1
-1
-1
-1
-1
-1
-1
-1
-1
952019540
-1
-1
-1
-1
-1
-1
892841361
-1
-1
-1
-1
688848372
900237386
-1
-1
-1
-1
-1
-1
-1
-1
821186005
-1
-1
-1
-1
-1
-1
-1
-1
-1
-1
-1
-1
941663852
-1
-1
931334071
-1
-1
-1
-1
740691887
-1
-1
-1
-1
-1
-1
-1
933760779
-1
-1
-1
919654309
-1
-1
-1
912236062
-1
-1
-1
-1
-1
-1
-1
900237386
-1
-1
-1
-1
333361915
-1
-1
-1
857784680
-1
-1
-1
-1
869654845
927061054
884528337
-1
919654309
-1
884647167
-1
-1
-1
-1
-1
-1
-1
-1
-1
-1
920409940
-1
961373292
-1
-1
-1
-1
-1
-1
-1
-1
-1
-1
-1
-1
-1
887007867
-1
847485139
860832772
-1
-1
851274336
938596134
-1
-1
-1
-1
-1
-1
943710237
-1
931472176
-1
-1
-1
-1
-1
940692924
-1
-1
994318351
-1
-1
880997718
-1
-1
917479311
-1
-1
-1
-1
-1
-1
-1
-1
-1
-1
-1
874800958
-1
-1
-1
-1
-1
975840098
-1
-1
-1
-1
-1
-1
-1
916654302
-1
-1
-1
821057766
-1
-1
-1
-1
-1
-1
-1
-1
-1
965162551
-1
-1
-1
-1
884528337
-1
-1
-1
-1
-1
-1
-1
-1
-1
-1
882807779
-1
-1
-1
-1
-1
-1
-1
-1
-1
-1
-1
-1
-1
-1
-1
-1
-1
900237386
774866652
-1
-1
-1
-1
-1
-1
802680808
-1
900237386
-1
989684345
-1
-1
-1
998300080
-1
-1
-1
-1
-1
-1
-1
-1
-1
-1
965331937
965331937
939131460
-1
-1
-1
-1
-1
-1
-1
-1
-1
926203666
-1
-1
-1
-1
-1
882807779
-1
-1
-1
-1
-1
-1
582061085
-1
-1
830936014
-1
-1
882807779
-1
738995727
-1
884528337
-1
-1
-1
-1
901730479
-1
-1
-1
-1
-1
-1
897092235
-1
-1
-1
-1
-1
-1
-1
915320303
887132960
-1
-1
-1
-1
-1
-1
-1
-1
-1
900237386
-1
-1
-1
-1
-1
-1
-1
882807779
845074392
-1
-1
852222570
975840098
-1
-1
-1
-1
-1
-1
-1
-1
-1
957003150
-1
-1
-1
-1
-1
-1
-1
-1
-1
959811299
-1
777118401
-1
-1
963469638
-1
-1
-1
882807779
-1
636499868
-1
-1
-1
-1
-1
-1
820443269
-1
-1
978335633
-1
-1
-1
-1
957003150
924238047
-1
-1
-1
-1
809317856
-1
815874507
-1
897092235
-1
-1
-1
-1
-1
-1
-1
963469638
-1
882807779
-1
861271187
-1
-1
-1
-1
-1
-1
-1
847518212
-1
-1
-1
-1
-1
-1
-1
-1
963469638
-1
-1
975840098
-1
-1
-1
-1
929614043
916578468
884829016
-1
-1
-1
-1
-1
-1
-1
939131460
-1
-1
-1
-1
-1
889825983
-1
-1
-1
939131460
866487928
882807779
-1
-1
-1
-1
-1
-1
-1
-1
-1
824194045
-1
597724896
-1
-1
-1
-1
900919312
882807779
-1
-1
-1
-1
-1
-1
882807779
-1
-1
-1
900237386
-1
-1
-1
763163752
797343594
-1
-1
-1
-1
-1
-1
-1
-1
-1
-1
847485139
911525215
-1
-1
-1
945260403
-1
-1
-1
-1
794776565
-1
-1
-1
-1
-1
809447943
-1
-1
830672336
-1
819033555
795087152
912236062
-1
849156811
-1
-1
-1
-1
-1
-1
977543731
-1
764147748
-1
-1
-1
963469638
934368724
-1
-1
-1
-1
754312220
-1
-1
-1
901129464
928052564
-1
-1
-1
-1
-1
879106576
892841361
618035143
-1
-1
-1
-1
-1
-1
-1
-1
-1
-1
-1
-1
-1
-1
-1
-1
-1
-1
741041163
-1
977104791
736044578
-1
-1
-1
-1
897812255
-1
-1
-1
977104791
-1
924105043
-1
847518212
-1
888567526
-1
-1
907617664
-1
946132480
-1
-1
-1
-1
-1
978854670
-1
-1
-1
-1
953919412
924619584
-1
-1
-1
-1
-1
-1
-1
923319567
