-1
-1
-1
-1
891057353
-1
-1
963786580
-1
943021058
-1
-1
-1
-1
-1
-1
-1
-1
942336335
781133105
-1
-1
-1
980611053
-1
-1
881710993
938721308
-1
758151507
-1
-1
-1
-1
-1
-1
-1
-1
-1
-1
664433229
929900389
-1
-1
-1
-1
-1
-1
-1
-1
-1
-1
829785182
-1
-1
-1
826055559
-1
-1
-1
-1
881090806
-1
-1
889846192
918252699
-1
644751611
-1
-1
952976974
876788673
-1
-1
713096952
916834791
-1
-1
964263911
929759271
-1
-1
-1
906582073
-1
888770494
-1
872509232
945067178
-1
-1
-1
-1
-1
-1
-1
-1
-1
-1
-1
-1
-1
-1
-1
-1
762563378
830974850
-1
926765976
-1
-1
935314979
-1
-1
961188240
-1
816208837
980611053
-1
-1
916834791
-1
962830419
-1
-1
664433229
-1
-1
-1
783981958
-1
-1
-1
961119292
-1
964966634
-1
-1
-1
664433229
845735085
-1
-1
602343967
-1
893466787
745423242
878622317
-1
-1
-1
-1
-1
-1
-1
-1
-1
-1
-1
878622317
-1
-1
-1
-1
-1
846638996
896014384
-1
799496833
-1
-1
-1
900757414
816529501
-1
-1
-1
-1
-1
980611053
-1
957441003
951071408
-1
-1
-1
-1
-1
-1
945067178
-1
986422897
-1
-1
807243662
938063656
-1
933976473
875571975
804486447
-1
-1
971445246
-1
-1
-1
-1
-1
-1
840126181
-1
895208252
-1
-1
-1
984135586
-1
-1
-1
888770494
-1
956103327
-1
-1
-1
-1
-1
-1
-1
986422897
-1
945067178
-1
721841333
-1
-1
-1
-1
752589620
713390198
-1
-1
-1
-1
844093897
-1
-1
-1
-1
-1
-1
-1
-1
-1
-1
-1
-1
-1
-1
-1
974012915
-1
-1
-1
-1
934407692
-1
795064877
-1
979830827
-1
774115774
998093146
632969300
-1
-1
831463041
-1
875543329
-1
-1
943131176
950713456
983127973
-1
-1
-1
-1
-1
945527214
-1
-1
-1
-1
-1
-1
-1
798998894
893518717
-1
838593002
846129291
-1
-1
-1
-1
-1
-1
-1
868090962
-1
887806213
-1
-1
-1
-1
-1
-1
-1
-1
760701095
-1
892005469
923894395
916834791
-1
-1
-1
-1
-1
856260974
-1
-1
979830827
-1
-1
-1
878622317
-1
-1
-1
-1
-1
-1
942336335
-1
-1
-1
986422897
-1
-1
-1
888378030
-1
922742755
-1
-1
-1
-1
-1
886208196
-1
-1
-1
-1
-1
886208196
452734521
-1
-1
-1
-1
-1
-1
-1
-1
-1
-1
-1
-1
-1
-1
-1
-1
-1
-1
-1
-1
-1
-1
-1
893454391
-1
-1
-1
-1
-1
-1
-1
940435450
-1
-1
500822341
-1
-1
-1
-1
-1
-1
934407692
-1
-1
683233756
-1
-1
-1
557349230
-1
762563378
663272181
-1
-1
700889824
-1
-1
-1
860436106
-1
-1
909248472
-1
-1
-1
-1
-1
-1
-1
-1
-1
878466213
945067178
-1
-1
-1
-1
-1
-1
-1
-1
-1
-1
-1
945067178
-1
-1
-1
-1
-1
-1
952976974
657860676
-1
-1
-1
-1
-1
-1
-1
920931194
-1
890024101
762563378
766088383
-1
-1
-1
-1
-1
-1
-1
951381626
957441003
958618986
-1
-1
-1
-1
-1
-1
-1
-1
971445246
-1
-1
-1
-1
-1
986422897
-1
-1
-1
957441003
-1
876788673
-1
-1
-1
-1
-1
-1
-1
-1
844093897
-1
-1
879912520
-1
-1
-1
-1
-1
722319852
-1
-1
-1
-1
-1
-1
902031261
-1
-1
-1
-1
-1
-1
-1
-1
-1
-1
-1
-1
-1
-1
-1
-1
931081989
-1
-1
-1
-1
-1
-1
-1
-1
902331185
-1
-1
-1
804259410
-1
-1
-1
-1
-1
-1
-1
938751583
-1
-1
-1
-1
-1
786322517
-1
-1
-1
-1
-1
-1
-1
-1
668698802
-1
-1
-1
-1
875571975
-1
-1
-1
979830827
-1
-1
-1
-1
-1
-1
-1
-1
-1
-1
-1
940469498
901291720
-1
-1
812313163
803926247
-1
-1
888219804
-1
-1
802755910
291146247
773355828
-1
-1
676742526
-1
830857755
-1
-1
916834791
-1
-1
-1
-1
673667331
-1
764521711
-1
-1
-1
-1
-1
938751583
-1
-1
-1
916834791
964263911
-1
-1
807555770
778793315
-1
-1
-1
808140769
986422897
938531067
-1
-1
-1
-1
-1
-1
-1
692940364
-1
833767010
812907025
-1
-1
957237829
-1
-1
-1
-1
-1
-1
-1
-1
-1
-1
-1
-1
-1
873837435
-1
964357235
-1
-1
-1
-1
-1
-1
-1
-1
-1
-1
-1
-1
-1
914047223
-1
-1
-1
-1
-1
-1
-1
-1
644751611
-1
762563378
-1
-1
-1
-1
-1
-1
-1
-1
938751583
-1
931645649
-1
-1
-1
-1
856260974
-1
-1
-1
-1
-1
-1
-1
788334934
980611053
886828214
964263911
-1
-1
-1
-1
-1
-1
-1
-1
-1
-1
953172758
-1
-1
909797669
-1
-1
-1
-1
-1
-1
-1
-1
690565762
-1
920464100
-1
-1
-1
792610021
-1
-1
845627067
851446750
-1
-1
-1
-1
-1
-1
794427618
-1
-1
-1
-1
752817450
-1
-1
-1
-1
-1
980572492
-1
-1
-1
-1
-1
868090962
-1
833999913
942306470
-1
-1
-1
727815602
883963108
917839677
-1
-1
-1
-1
-1
965403426
709240866
-1
-1
-1
-1
876788673
-1
-1
-1
-1
-1
665043682
-1
-1
-1
964263911
881710993
-1
-1
-1
-1
964639396
-1
-1
916158415
-1
-1
-1
-1
787798711
-1
-1
796778409
-1
-1
-1
875543329
-1
969802277
-1
916834791
-1
-1
-1
-1
-1
-1
938354129
-1
-1
870661538
-1
-1
-1
-1
-1
-1
-1
-1
961119292
-1
-1
922090561
-1
745730742
-1
-1
664433229
-1
-1
-1
980611053
-1
-1
-1
-1
-1
-1
-1
-1
-1
-1
865682482
-1
-1
964966634
-1
-1
-1
-1
-1
945067178
-1
-1
-1
-1
-1
-1
-1
-1
-1
-1
-1
-1
912722665
-1
735041994
-1
-1
-1
-1
-1
801495125
793537162
-1
-1
-1
-1
-1
-1
-1
-1
771574840
-1
-1
-1
-1
551107105
888770494
-1
-1
710500387
-1
-1
-1
-1
-1
-1
-1
-1
952976974
867904951
-1
-1
-1
-1
-1
-1
-1
-1
-1
-1
856837394
799496833
-1
-1
-1
891302810
801199806
-1
-1
917733748
-1
-1
-1
762563378
-1
-1
811197107
-1
-1
984853922
-1
-1
-1
-1
-1
-1
888770494
-1
-1
-1
850692386
-1
-1
-1
905655931
-1
-1
-1
-1
-1
901609406
-1
789463821
-1
916834791
-1
703974479
803249179
816529501
-1
752376230
-1
-1
926765976
-1
-1
-1
826338101
808221971
971058729
-1
-1
747829252
-1
-1
988288132
-1
-1
-1
-1
-1
-1
-1
954980976
-1
-1
-1
888770494
-1
-1
-1
-1
984135586
820111087
-1
-1
-1
-1
-1
-1
-1
-1
-1
-1
945067178
-1
-1
-1
-1
-1
980611053
-1
851996794
856260974
857147465
935039423
-1
-1
717525455
957441003
-1
-1
727725971
-1
-1
-1
781856171
-1
-1
-1
727725971
933391302
-1
-1
986535356
-1
-1
-1
-1
-1
980611053
-1
-1
971058729
820509151
-1
876788673
-1
878622317
-1
-1
-1
-1
-1
989181920
-1
945067178
-1
-1
-1
-1
-1
795497453
-1
-1
916834791
-1
-1
-1
-1
-1
-1
-1
892437073
-1
-1
-1
-1
-1
-1
938751583
-1
711511922
-1
-1
-1
-1
888770494
-1
-1
-1
-1
-1
-1
-1
-1
890739244
986422897
-1
909844603
-1
-1
980611053
962830419
957441003
-1
-1
-1
-1
-1
-1
-1
-1
-1
-1
-1
770002218
-1
-1
876990935
960334670
-1
-1
899848561
-1
-1
974901713
-1
881710993
-1
-1
-1
-1
-1
730527876
-1
-1
-1
-1
739909503
-1
-1
-1
-1
843147550
-1
713096952
-1
-1
858444027
973123213
-1
-1
-1
-1
-1
545574723
-1
-1
540928892
-1
-1
-1
-1
-1
-1
-1
-1
-1
781133105
-1
-1
-1
-1
-1
-1
-1
769782126
913135877
-1
762563378
922090561
-1
-1
-1
909248472
923139830
893466787
916567221
-1
-1
-1
-1
950846702
-1
-1
-1
-1
-1
-1
-1
-1
-1
-1
-1
916834791
-1
-1
-1
-1
909248472
-1
866526427
-1
-1
888372675
957441003
-1
-1
899240018
-1
-1
808140769
-1
-1
-1
901117481
-1
713274776
-1
-1
665043682
-1
-1
-1
-1
-1
-1
-1
-1
-1
-1
-1
944258517
650729350
-1
-1
975308596
-1
-1
-1
-1
964263911
-1
-1
800427106
-1
-1
-1
-1
-1
-1
-1
-1
-1
-1
-1
801474455
-1
-1
-1
-1
-1
-1
-1
-1
-1
-1
-1
980611053
-1
952976974
-1
-1
-1
-1
-1
-1
976215388
-1
946003858
-1
699083252
920464100
926765976
-1
-1
-1
-1
-1
-1
-1
-1
866438035
-1
826055559
-1
710201469
-1
-1
963343010
926765976
-1
764521711
945067178
-1
-1
-1
-1
-1
899240018
-1
-1
-1
-1
-1
-1
893324522
-1
-1
-1
-1
-1
-1
-1
-1
-1
-1
-1
-1
-1
-1
-1
-1
-1
-1
-1
-1
-1
881710993
-1
-1
980611053
845131233
845735085
795064877
-1
-1
-1
998093146
938721308
-1
895208252
-1
-1
-1
-1
816529501
-1
-1
-1
-1
-1
-1
957441003
888770494
-1
-1
926765976
-1
-1
931081989
-1
-1
959657755
-1
-1
906582073
-1
-1
-1
-1
957014262
816208837
878622317
-1
-1
703312110
-1
786322517
-1
-1
-1
-1
-1
-1
-1
938751583
-1
-1
-1
-1
-1
-1
831601883
-1
-1
-1
-1
867471396
824897608
-1
-1
-1
-1
945067178
-1
671457925
-1
-1
717057250
-1
966911899
-1
664433229
907366827
801199806
857147465
937279746
762563378
916834791
-1
766987033
764521711
-1
-1
952976974
-1
934130543
910506154
920464100
984853922
-1
-1
-1
760677273
784347193
960780814
-1
-1
-1
-1
978901003
986422897
-1
-1
409020448
-1
826338101
926765976
-1
-1
930034239
-1
894603831
-1
-1
925597371
-1
-1
-1
-1
-1
-1
-1
-1
-1
-1
-1
-1
808221971
-1
721841333
-1
891272309
-1
833022238
-1
-1
729645690
-1
-1
945067178
-1
-1
-1
-1
-1
-1
-1
-1
-1
-1
-1
874240039
-1
-1
-1
-1
-1
-1
-1
-1
-1
-1
-1
789463821
-1
-1
-1
-1
-1
-1
-1
-1
-1
-1
-1
-1
-1
872411951
-1
491693573
-1
-1
-1
893782107
-1
-1
-1
-1
926765976
916834791
-1
-1
-1
-1
-1
-1
954381161
-1
-1
-1
876788673
-1
-1
-1
963487603
950329153
-1
-1
-1
-1
-1
876670593
957441003
-1
-1
-1
-1
-1
-1
762563378
783495466
807687287
-1
684654384
962979727
-1
-1
-1
-1
-1
938751583
-1
-1
-1
-1
-1
-1
716287676
-1
-1
-1
696765331
881710993
899240018
-1
-1
-1
863069146
-1
-1
925369773
936064032
-1
-1
-1
-1
-1
-1
-1
-1
-1
916158415
-1
-1
-1
-1
-1
942336335
952976974
890926247
856260974
-1
769782126
-1
-1
-1
-1
-1
-1
-1
957441003
-1
-1
-1
-1
-1
-1
-1
-1
-1
721999315
-1
-1
-1
816208837
957441003
-1
-1
-1
-1
-1
716287676
-1
-1
-1
-1
-1
-1
-1
926765976
-1
-1
-1
-1
-1
-1
-1
-1
-1
942336335
727663173
-1
-1
-1
-1
-1
-1
-1
-1
-1
-1
-1
-1
-1
909248472
893466787
-1
-1
-1
-1
-1
-1
-1
-1
909248472
-1
943893119
-1
-1
-1
-1
760701095
-1
802755910
-1
-1
-1
833022238
-1
-1
786322517
-1
-1
-1
-1
-1
-1
-1
870590102
-1
-1
707582493
-1
-1
-1
-1
-1
-1
-1
-1
-1
-1
-1
-1
894603831
954465802
-1
-1
-1
-1
510521566
-1
-1
-1
-1
-1
-1
-1
-1
920873975
907064182
515508587
-1
-1
808140769
816529501
-1
-1
893454391
-1
-1
-1
-1
-1
-1
-1
-1
-1
-1
-1
-1
-1
-1
575148684
-1
-1
-1
-1
-1
-1
-1
942336335
762563378
930474458
-1
-1
-1
-1
915144577
-1
-1
-1
931081989
867471396
725326239
-1
-1
935104038
-1
915144577
-1
-1
963487603
-1
-1
-1
-1
-1
-1
-1
-1
-1
-1
970523878
-1
-1
-1
923115462
459955670
-1
-1
-1
-1
866434253
-1
-1
808576136
-1
837345354
-1
-1
-1
-1
781133105
-1
-1
-1
-1
-1
-1
-1
-1
-1
945067178
-1
940102273
-1
556748666
808221971
-1
-1
964263911
916158415
-1
926765976
721747677
-1
956897724
927502901
-1
-1
-1
-1
-1
-1
-1
764790406
-1
873566883
-1
-1
-1
789463821
-1
-1
-1
677854285
-1
-1
-1
-1
-1
-1
-1
-1
-1
-1
914974749
-1
-1
821079991
-1
-1
-1
-1
664433229
-1
-1
-1
-1
-1
814596005
876788673
-1
754628945
-1
182425185
-1
-1
-1
781133105
938751583
-1
-1
-1
-1
-1
-1
-1
-1
-1
-1
-1
-1
-1
-1
-1
-1
-1
-1
876788673
-1
-1
-1
-1
-1
860975898
863069146
940102273
-1
-1
882018402
-1
-1
-1
-1
762563378
664433229
-1
-1
-1
826338101
-1
-1
916158415
-1
-1
934957116
-1
-1
-1
-1
-1
-1
-1
-1
-1
-1
893454391
-1
-1
945350430
-1
-1
-1
-1
-1
-1
-1
-1
721999315
-1
-1
-1
-1
-1
916834791
-1
-1
-1
-1
-1
-1
-1
-1
-1
938721308
-1
-1
859175885
-1
-1
801939255
-1
-1
-1
-1
857147465
762563378
-1
-1
838213259
-1
-1
-1
984853922
-1
-1
-1
-1
-1
-1
-1
918155610
-1
-1
-1
-1
-1
-1
-1
998878790
-1
-1
726622678
-1
-1
-1
732424273
-1
-1
894603831
888770494
-1
-1
-1
910006680
-1
-1
-1
-1
867381245
-1
-1
-1
-1
703946991
801199806
-1
-1
716287676
888069403
-1
-1
-1
-1
-1
-1
-1
785261174
783495466
-1
-1
-1
-1
-1
-1
-1
957441003
-1
799949956
938751583
-1
980117804
713096952
826338101
-1
-1
799161527
-1
-1
-1
-1
-1
984853922
-1
-1
-1
-1
-1
900757414
-1
-1
-1
888770494
-1
875818701
957441003
963013565
-1
-1
951381626
955108768
-1
980611053
830974850
-1
-1
-1
-1
606126306
-1
-1
584902389
-1
-1
-1
-1
860975898
-1
-1
-1
732424273
-1
-1
-1
-1
-1
840320493
699956486
-1
-1
-1
-1
-1
-1
-1
-1
930838900
-1
-1
771574840
-1
833022238
984853922
909248472
-1
721841333
-1
805045199
-1
-1
938751583
-1
-1
-1
-1
-1
665043682
-1
-1
909248472
-1
-1
-1
727725971
-1
942336335
-1
-1
-1
-1
-1
-1
916158415
-1
-1
-1
-1
840320493
-1
-1
844093897
-1
890287452
644751611
-1
-1
-1
-1
952976974
-1
-1
-1
762563378
-1
-1
-1
-1
-1
-1
-1
-1
833022238
-1
-1
-1
-1
-1
-1
781133105
-1
918309640
-1
-1
-1
-1
-1
-1
-1
963487603
572804656
-1
-1
-1
962979727
-1
998429653
856260974
-1
721841333
-1
-1
-1
-1
938354129
-1
-1
-1
-1
-1
-1
-1
-1
-1
-1
-1
-1
-1
-1
-1
-1
913873127
922340317
-1
-1
-1
-1
-1
-1
-1
963487603
-1
957441003
856617276
895208252
-1
-1
-1
763217881
-1
-1
-1
926928931
-1
-1
-1
-1
-1
-1
-1
-1
-1
-1
-1
-1
-1
-1
-1
-1
-1
-1
894603831
-1
-1
-1
-1
934109164
-1
881710993
-1
-1
913718510
-1
820307212
-1
-1
831463041
-1
-1
-1
-1
-1
-1
-1
-1
-1
-1
-1
-1
-1
-1
-1
-1
957441003
918272150
-1
-1
-1
-1
-1
909844603
-1
-1
922090561
-1
-1
906511362
952976974
671457925
-1
-1
-1
-1
-1
-1
-1
-1
-1
-1
-1
-1
-1
-1
860975898
-1
-1
-1
-1
932183866
-1
-1
-1
894603831
-1
-1
-1
875925993
-1
-1
-1
939786197
-1
942336335
952976974
876788673
-1
-1
-1
-1
938721308
588543544
-1
793512017
906905664
-1
956897724
-1
-1
-1
-1
664433229
-1
-1
-1
-1
-1
-1
885018993
-1
-1
719870219
-1
-1
-1
-1
-1
958772882
-1
-1
-1
762563378
-1
957441003
-1
679913500
-1
-1
-1
904845768
-1
-1
-1
-1
-1
-1
-1
-1
926765976
655105420
-1
-1
852052366
887806213
-1
-1
-1
-1
871975787
671457925
-1
-1
949520556
913907637
926765976
-1
804022913
-1
-1
783495466
-1
-1
-1
-1
-1
744852220
-1
-1
-1
-1
-1
-1
-1
-1
-1
-1
916834791
-1
-1
-1
-1
-1
931081989
875407366
-1
-1
907665475
-1
851972287
-1
-1
936592623
-1
665043682
-1
913854245
-1
-1
-1
-1
-1
625768238
-1
-1
-1
-1
964606261
-1
-1
-1
811870941
-1
-1
-1
-1
-1
-1
-1
984853922
-1
773181093
-1
-1
957441003
774115774
906945029
-1
-1
-1
-1
-1
-1
-1
-1
-1
-1
-1
-1
-1
-1
719774207
916834791
808140769
954381161
878622317
-1
-1
-1
762563378
713390198
-1
871977535
-1
-1
-1
-1
-1
-1
-1
-1
781527065
-1
-1
-1
801199806
-1
-1
-1
688442555
983701698
-1
-1
408526003
-1
-1
723129516
-1
-1
760842203
851245581
-1
-1
-1
664433229
-1
856260974
-1
875527471
951381626
-1
-1
-1
-1
-1
-1
-1
-1
797465587
-1
942336335
-1
-1
762563378
-1
-1
-1
-1
965403426
-1
-1
-1
-1
-1
-1
-1
850692386
957441003
909248472
-1
984853922
-1
-1
-1
946944877
-1
-1
-1
-1
933436006
845735085
-1
-1
-1
-1
-1
787187085
945067178
-1
-1
-1
-1
971445246
-1
-1
-1
-1
903292713
-1
801149814
-1
939185137
-1
-1
-1
880240669
-1
801199806
-1
-1
956103327
-1
-1
-1
-1
-1
-1
-1
-1
-1
-1
-1
-1
-1
-1
986750038
980611053
338021119
-1
-1
-1
-1
-1
-1
-1
-1
-1
-1
952761669
-1
-1
-1
-1
-1
-1
915050682
-1
-1
762563378
-1
-1
-1
-1
-1
762563378
-1
963487603
-1
-1
-1
-1
945067178
-1
988288132
-1
899240018
-1
-1
-1
-1
-1
-1
-1
-1
-1
-1
980611053
-1
-1
-1
-1
826338101
660213309
-1
807687287
-1
-1
-1
-1
893454391
-1
-1
-1
-1
-1
-1
-1
-1
-1
-1
-1
-1
-1
945067178
-1
754238194
-1
-1
-1
-1
-1
-1
962830419
-1
996400811
-1
-1
-1
-1
-1
-1
-1
-1
-1
952976974
-1
-1
-1
795972420
-1
893782107
873760008
-1
-1
-1
-1
-1
-1
-1
-1
-1
816917888
-1
-1
-1
-1
-1
957441003
662994984
-1
-1
-1
637099356
-1
-1
-1
-1
-1
-1
-1
903527302
723023604
-1
-1
-1
-1
-1
801199806
861332743
-1
-1
-1
980611053
-1
-1
842154548
-1
-1
752583890
-1
-1
918272150
-1
-1
-1
895397643
961950898
878622317
-1
-1
-1
-1
926765976
-1
-1
-1
-1
-1
-1
-1
979893531
-1
-1
-1
-1
-1
-1
863886953
967937902
764171778
-1
938751583
-1
-1
-1
-1
-1
-1
875818701
-1
-1
-1
899240018
-1
-1
-1
-1
-1
-1
789463821
-1
-1
-1
-1
-1
-1
-1
909248472
-1
-1
-1
-1
-1
-1
843147550
-1
-1
926765976
-1
-1
-1
939690047
-1
952976974
-1
-1
850360374
-1
-1
462451228
933305526
939380296
-1
986422897
-1
837345354
808140769
-1
917733748
826055559
952976974
-1
-1
980611053
-1
-1
-1
-1
-1
-1
-1
-1
808400043
-1
-1
721841333
752589620
-1
-1
-1
-1
-1
866434253
967820996
868090962
974901713
-1
-1
-1
-1
-1
-1
875818701
698661833
982963873
665043682
-1
-1
-1
-1
-1
-1
799496833
-1
984853922
-1
-1
-1
-1
-1
840252689
-1
-1
-1
-1
822229931
-1
-1
916567221
-1
-1
-1
893454391
-1
-1
896014384
-1
727725971
-1
-1
-1
-1
-1
-1
-1
-1
653329223
-1
-1
-1
-1
-1
-1
-1
-1
-1
-1
-1
-1
-1
-1
-1
-1
891313719
938751583
683134710
-1
-1
-1
-1
-1
762563378
-1
874117414
940102273
-1
-1
-1
-1
-1
-1
-1
-1
930838900
-1
-1
-1
-1
-1
998093146
-1
-1
812033142
-1
-1
-1
-1
872767148
-1
980611053
-1
926765976
-1
-1
-1
-1
-1
-1
-1
913807823
-1
890544202
878622317
-1
-1
-1
-1
-1
-1
-1
934507629
-1
777309030
-1
-1
-1
-1
758151507
-1
-1
-1
-1
-1
-1
-1
-1
-1
-1
735303610
-1
-1
-1
-1
-1
-1
-1
-1
-1
-1
-1
980572492
957441003
692470396
-1
-1
-1
-1
-1
833022238
756782158
-1
-1
-1
-1
933305526
-1
838593002
-1
-1
-1
980611053
-1
-1
-1
-1
-1
-1
805045199
-1
947077520
877027342
-1
-1
-1
920464100
-1
-1
-1
-1
713096952
-1
-1
757868030
-1
-1
-1
984135586
-1
963487603
-1
-1
851972287
-1
-1
-1
-1
963427495
-1
-1
916733159
-1
-1
962830419
888770494
960797269
-1
-1
-1
974901713
-1
-1
-1
-1
-1
986535356
-1
-1
-1
-1
988288132
593219871
-1
-1
-1
-1
910497974
-1
-1
-1
-1
-1
922090561
-1
938751583
-1
-1
-1
-1
-1
-1
945067178
-1
912722665
-1
-1
-1
-1
-1
-1
-1
-1
833712269
-1
-1
986422897
-1
-1
-1
-1
-1
-1
-1
876788673
-1
-1
-1
-1
-1
986422897
-1
-1
-1
-1
899240018
-1
-1
926765976
-1
764521711
-1
909248472
-1
-1
-1
-1
-1
-1
-1
-1
-1
-1
-1
-1
-1
-1
-1
-1
-1
-1
760629422
-1
-1
-1
856260974
-1
-1
-1
-1
761671819
-1
-1
-1
980611053
984620757
-1
-1
-1
-1
-1
-1
665043682
-1
-1
-1
-1
845735085
-1
-1
852170151
808331545
891279135
-1
-1
-1
-1
957441003
-1
875571975
-1
-1
-1
996399270
-1
-1
-1
945067178
-1
-1
882957988
-1
974779610
875404163
-1
-1
-1
-1
964966634
-1
804486447
957441003
-1
-1
-1
-1
-1
939786197
926765976
-1
-1
925641637
-1
-1
-1
-1
-1
-1
-1
816021756
-1
993479919
-1
-1
974901713
-1
-1
-1
-1
-1
-1
845735085
-1
938751583
701496132
-1
892026609
-1
-1
-1
-1
-1
-1
-1
-1
-1
-1
970657937
-1
-1
926765976
-1
-1
-1
-1
-1
831441876
-1
-1
-1
-1
888372675
-1
-1
-1
-1
-1
-1
-1
-1
-1
-1
-1
-1
-1
-1
938912596
-1
-1
-1
-1
-1
-1
-1
926765976
-1
-1
945067178
-1
-1
-1
-1
-1
-1
-1
916834791
-1
-1
-1
-1
-1
-1
-1
888770494
-1
-1
-1
886281087
-1
969802277
922090561
-1
-1
-1
-1
-1
-1
-1
916158415
-1
787187085
-1
-1
-1
-1
-1
813368621
-1
789463821
-1
-1
-1
-1
910006680
-1
857147465
-1
-1
-1
957441003
-1
-1
-1
964842679
-1
-1
-1
-1
909248472
-1
923648673
-1
-1
795064877
-1
886208196
-1
-1
-1
-1
893454391
973391370
-1
801199806
-1
-1
910506154
-1
-1
-1
-1
-1
-1
-1
-1
-1
-1
-1
-1
-1
-1
-1
-1
-1
-1
766987033
-1
872275879
-1
-1
-1
-1
980611053
-1
671457925
-1
-1
-1
-1
-1
-1
836547930
-1
926765976
-1
931081989
945527214
-1
845735085
-1
-1
705127462
-1
-1
-1
-1
-1
-1
-1
814573536
-1
-1
-1
938751583
923510435
989624373
-1
-1
-1
-1
804331862
925154404
-1
760701095
-1
-1
-1
-1
-1
808140769
670130963
-1
-1
-1
-1
804331862
-1
-1
-1
855697761
-1
984135586
-1
952596796
-1
888770494
-1
871046694
-1
-1
-1
-1
-1
894603831
-1
752583890
-1
926765976
-1
-1
-1
-1
698972461
-1
-1
-1
-1
-1
-1
-1
-1
-1
-1
-1
-1
-1
-1
-1
-1
-1
-1
-1
935314979
-1
-1
859583492
-1
758270484
939185137
993479919
-1
-1
-1
908306005
804331862
-1
989181920
-1
-1
-1
926765976
-1
-1
-1
-1
-1
-1
888770494
-1
-1
-1
-1
-1
909844603
-1
-1
710201469
-1
-1
556310820
-1
-1
-1
916563646
697015585
-1
-1
-1
-1
-1
-1
-1
-1
-1
-1
804022913
980611053
-1
-1
-1
-1
-1
-1
-1
-1
-1
-1
-1
-1
965667891
-1
-1
-1
-1
-1
-1
808221971
831070426
-1
-1
-1
-1
671457925
-1
-1
-1
-1
-1
-1
-1
-1
-1
-1
-1
912833117
-1
-1
-1
-1
-1
-1
863732784
915144577
-1
-1
671457925
-1
984853922
-1
-1
840320493
-1
-1
-1
-1
779790529
-1
-1
-1
665043682
-1
-1
-1
-1
-1
-1
833999913
-1
-1
-1
710201469
-1
892264494
-1
-1
-1
-1
888770494
945067178
-1
-1
-1
-1
-1
929526217
699956486
-1
-1
-1
957441003
945067178
-1
945067178
-1
876788673
844653662
-1
-1
-1
-1
-1
-1
-1
-1
-1
876788673
-1
-1
-1
791422278
-1
739451500
-1
-1
-1
-1
-1
-1
-1
-1
-1
-1
992907280
-1
878622317
-1
813674497
-1
-1
-1
-1
-1
798998894
-1
-1
-1
-1
633096592
-1
781915713
-1
-1
-1
-1
-1
-1
-1
939185137
773797629
-1
-1
-1
-1
-1
-1
840168137
-1
957441003
-1
-1
840928627
903860779
986422897
-1
-1
-1
614530244
-1
-1
-1
-1
-1
-1
-1
-1
-1
962830419
-1
-1
-1
-1
-1
891941825
-1
-1
-1
779048797
-1
-1
893518717
-1
-1
-1
-1
-1
-1
-1
-1
-1
-1
-1
945067178
-1
822229931
941810808
-1
938929689
-1
-1
-1
-1
826055559
-1
-1
-1
-1
-1
-1
-1
-1
666880168
-1
-1
-1
-1
852891748
-1
-1
-1
-1
984135586
-1
-1
826055559
-1
-1
-1
-1
-1
677985763
-1
-1
-1
922090561
-1
665043682
-1
-1
889347302
957441003
-1
-1
-1
931081989
-1
-1
-1
-1
940200724
-1
-1
-1
-1
-1
932154480
-1
-1
-1
-1
806941216
804486447
-1
-1
-1
-1
952976974
-1
402711359
-1
-1
-1
-1
-1
-1
-1
964263911
-1
-1
-1
945067178
845735085
789463821
-1
-1
-1
-1
-1
-1
931081989
-1
880711126
-1
-1
-1
-1
-1
-1
-1
-1
861495137
665043682
-1
-1
-1
844093897
-1
-1
-1
-1
-1
-1
-1
-1
-1
808221971
-1
-1
-1
-1
-1
-1
-1
-1
-1
881710993
947870193
-1
952976974
-1
-1
-1
-1
-1
-1
826338101
880240669
-1
-1
-1
-1
-1
-1
-1
-1
-1
899240018
926765976
-1
-1
-1
-1
-1
-1
-1
-1
-1
-1
-1
-1
-1
757868030
878622317
762563378
-1
-1
963487603
-1
-1
-1
750371571
-1
975308596
-1
-1
-1
-1
-1
-1
-1
-1
-1
-1
-1
-1
-1
-1
-1
-1
966866793
-1
-1
-1
-1
-1
-1
-1
-1
-1
-1
-1
914974749
-1
-1
878622317
-1
945067178
789463821
-1
-1
-1
781225260
-1
-1
-1
-1
-1
-1
-1
664433229
-1
-1
-1
753489774
-1
935054310
-1
-1
-1
726622678
-1
-1
-1
-1
826055559
-1
-1
-1
-1
-1
764521711
957441003
-1
-1
-1
-1
927899018
989143059
-1
-1
-1
851618433
963487603
-1
-1
-1
-1
-1
-1
-1
-1
-1
-1
-1
-1
-1
971445246
-1
-1
-1
-1
-1
856260974
-1
762563378
964966634
-1
-1
-1
-1
-1
-1
-1
964966634
-1
-1
-1
-1
-1
833767010
-1
-1
-1
-1
957441003
-1
672669667
854439738
934407692
-1
-1
986422897
-1
852758176
964540856
-1
-1
-1
844093897
-1
998093146
828170228
-1
-1
-1
920873975
-1
880240669
-1
916834791
-1
-1
-1
-1
-1
948955080
799701116
-1
-1
-1
-1
782830622
-1
-1
-1
-1
-1
-1
923510435
-1
-1
-1
-1
-1
-1
-1
-1
826055559
-1
927788088
785261174
762563378
-1
-1
-1
-1
-1
-1
-1
765745738
-1
-1
-1
988288132
844093897
-1
-1
-1
913907637
-1
-1
830974850
-1
-1
-1
977097891
810420831
547067955
725326239
917733748
-1
-1
-1
885741953
-1
-1
-1
-1
-1
951381626
-1
-1
-1
-1
-1
762563378
-1
968324345
-1
-1
781133105
-1
-1
926113065
-1
781133105
-1
-1
-1
-1
-1
799496833
-1
838593002
-1
-1
-1
971445246
-1
-1
-1
934046446
806941216
-1
861892866
-1
-1
-1
-1
-1
-1
-1
-1
-1
-1
-1
-1
-1
-1
-1
-1
-1
-1
-1
-1
-1
-1
822229931
945067178
-1
-1
-1
986535356
-1
-1
-1
754628945
-1
957441003
-1
-1
-1
-1
801199806
-1
889846192
-1
-1
-1
-1
909248472
986422897
-1
-1
-1
-1
-1
-1
859583492
955694740
957441003
938751583
-1
-1
-1
-1
-1
980611053
-1
-1
-1
-1
-1
-1
-1
942336335
891992594
-1
804022913
-1
-1
-1
-1
-1
-1
-1
-1
-1
-1
926765976
-1
-1
-1
829917718
-1
-1
-1
-1
-1
-1
-1
-1
-1
945067178
-1
-1
-1
942336335
-1
931081989
-1
-1
-1
-1
-1
-1
-1
-1
-1
-1
-1
-1
851618433
-1
-1
-1
977903465
807555770
-1
916834791
923639699
-1
-1
-1
868090962
-1
902357206
-1
-1
863491617
-1
980037807
-1
-1
-1
-1
-1
-1
957673773
-1
957441003
-1
-1
-1
-1
859495058
-1
954765500
-1
713274776
-1
793512017
854439738
-1
956897724
-1
-1
-1
723023604
-1
875571975
-1
-1
-1
-1
-1
-1
-1
-1
-1
964606261
986535356
-1
870253128
890926247
-1
-1
-1
-1
-1
-1
-1
-1
-1
-1
951381626
-1
-1
-1
-1
-1
-1
-1
0
-1
-1
-1
817509081
-1
-1
847760523
861892866
-1
795301725
980611053
-1
-1
899240018
-1
-1
-1
-1
-1
-1
-1
-1
-1
721841333
-1
881710993
-1
-1
-1
-1
-1
947160516
-1
664433229
-1
-1
866253446
-1
-1
-1
-1
-1
-1
926765976
-1
925597371
-1
-1
-1
873837435
-1
-1
-1
801199806
-1
826055559
-1
-1
-1
-1
-1
-1
-1
-1
837345354
-1
-1
984853922
-1
-1
-1
-1
-1
-1
983556956
-1
-1
-1
-1
-1
-1
882067958
-1
-1
762563378
980611053
802755910
-1
-1
876788673
-1
-1
-1
-1
988288132
-1
-1
-1
762563378
945067178
-1
-1
-1
-1
481523734
-1
888770494
-1
-1
-1
-1
-1
-1
795055784
-1
-1
957441003
938751583
-1
851972287
767066797
-1
-1
-1
-1
-1
-1
-1
-1
-1
-1
-1
-1
957441003
801199806
328445783
-1
-1
-1
-1
980611053
-1
-1
-1
-1
-1
930474458
-1
-1
876788673
-1
878622317
-1
-1
-1
-1
893782107
-1
980611053
-1
-1
904845768
-1
-1
-1
-1
-1
-1
-1
947570691
-1
-1
953742469
-1
-1
826055559
-1
-1
-1
767114132
822526739
809314835
665043682
-1
-1
-1
-1
-1
-1
-1
497656707
-1
-1
860975898
-1
-1
-1
-1
-1
984853922
-1
-1
606274932
-1
951381626
749380037
-1
753489774
861517889
690565762
-1
878622317
-1
-1
-1
-1
-1
-1
-1
-1
-1
-1
876788673
-1
-1
-1
943689144
-1
-1
-1
-1
-1
-1
938751583
-1
-1
901178462
-1
-1
938751583
-1
807687287
-1
-1
713096952
956897724
-1
-1
-1
-1
-1
-1
859583492
815484030
833062215
859638429
-1
890928718
-1
-1
-1
-1
-1
925597371
-1
-1
-1
-1
-1
-1
904954724
-1
945067178
899240018
-1
-1
913807823
-1
-1
828740900
964966634
-1
-1
989594005
-1
-1
-1
-1
-1
-1
-1
-1
864970895
-1
-1
-1
920873975
-1
682982077
-1
-1
-1
-1
878622317
-1
-1
-1
-1
916866147
843147550
888770494
-1
-1
964263911
-1
-1
-1
798998894
-1
-1
861495137
-1
-1
-1
-1
788152703
-1
-1
-1
-1
-1
-1
-1
915006067
-1
-1
-1
-1
781133105
768632863
-1
-1
-1
762563378
878669588
-1
-1
-1
837345354
-1
-1
723023604
-1
-1
-1
894603831
-1
-1
-1
807555770
-1
-1
888770494
-1
-1
-1
-1
-1
845735085
889846192
-1
-1
-1
-1
-1
-1
-1
-1
-1
-1
-1
945067178
-1
-1
849736737
926660963
-1
-1
826055559
916158415
-1
-1
-1
-1
-1
-1
881079999
-1
-1
-1
-1
-1
-1
982585188
-1
998093146
-1
-1
-1
-1
-1
-1
-1
926765976
-1
-1
-1
-1
-1
-1
912234294
-1
-1
-1
938751583
-1
-1
888770494
-1
-1
-1
-1
-1
-1
719870219
-1
-1
-1
883293382
-1
-1
-1
-1
929040552
-1
876788673
713096952
887113970
-1
978250833
-1
-1
-1
801199806
-1
-1
878466213
-1
-1
-1
-1
664433229
-1
856748958
-1
672445526
-1
-1
963487603
887113970
-1
-1
-1
-1
-1
-1
781133105
-1
-1
760701095
780391163
500793195
-1
814857595
-1
-1
977153171
-1
-1
756372122
-1
-1
-1
-1
-1
-1
-1
-1
-1
-1
-1
-1
-1
-1
-1
-1
-1
-1
764521711
-1
-1
-1
-1
-1
-1
944949574
880811659
-1
-1
-1
-1
-1
-1
-1
876788673
-1
-1
-1
-1
-1
-1
-1
871435376
934130543
-1
-1
-1
-1
-1
986422897
-1
-1
-1
-1
-1
944273554
-1
521800849
-1
-1
-1
-1
-1
-1
-1
-1
980611053
-1
-1
-1
-1
908681866
-1
-1
826055559
-1
-1
-1
-1
-1
-1
-1
664433229
-1
-1
-1
-1
760701095
-1
-1
-1
-1
-1
888770494
-1
891116467
843598752
-1
988288132
883319184
-1
-1
710201469
-1
798360399
-1
-1
-1
710201469
-1
-1
-1
-1
-1
-1
-1
-1
-1
898214659
895208252
-1
-1
-1
-1
-1
-1
-1
-1
-1
-1
-1
-1
-1
-1
-1
-1
-1
-1
959922294
-1
-1
-1
933903747
-1
976305334
966525058
-1
888770494
-1
-1
698342233
-1
-1
-1
833022238
-1
-1
-1
-1
-1
-1
-1
847542388
-1
-1
-1
734075908
-1
-1
-1
-1
-1
-1
611141031
-1
-1
-1
-1
-1
-1
979723770
912722665
-1
-1
-1
-1
-1
910006680
899240018
-1
-1
-1
966030436
-1
-1
-1
-1
937838014
-1
-1
-1
-1
-1
-1
-1
-1
-1
-1
-1
934910716
-1
-1
-1
-1
-1
-1
-1
-1
-1
-1
926765976
-1
-1
-1
760629422
-1
-1
-1
803777034
-1
-1
705127462
-1
-1
-1
-1
-1
939371477
-1
-1
764706207
-1
844093897
909250867
965403426
614530244
-1
-1
-1
-1
-1
-1
-1
-1
-1
-1
-1
-1
-1
-1
-1
-1
-1
-1
938721308
-1
-1
-1
-1
-1
694156931
-1
-1
-1
-1
964966634
-1
-1
924975614
-1
-1
-1
-1
-1
-1
-1
811197107
-1
-1
-1
-1
-1
939786197
-1
699956486
769039731
-1
-1
-1
-1
932853728
-1
-1
-1
-1
867952519
-1
-1
-1
-1
-1
-1
-1
789463821
855954023
960975111
-1
-1
-1
-1
865303152
-1
-1
-1
-1
-1
-1
644751611
-1
-1
-1
-1
-1
893466787
-1
-1
-1
-1
988288132
-1
-1
-1
-1
-1
-1
-1
-1
-1
-1
954381161
960744820
-1
-1
-1
-1
-1
-1
-1
-1
-1
-1
842154548
-1
-1
-1
-1
884679214
-1
941256190
893454391
-1
-1
909248472
-1
-1
-1
-1
664433229
-1
957441003
781133105
-1
957303582
-1
-1
-1
-1
-1
-1
-1
-1
917733748
-1
952976974
-1
-1
808140769
-1
-1
893454391
-1
-1
-1
-1
-1
-1
-1
-1
-1
-1
-1
-1
-1
-1
-1
-1
-1
-1
-1
-1
-1
-1
-1
-1
-1
-1
-1
-1
-1
-1
-1
762563378
964966634
-1
-1
888770494
-1
940316970
-1
-1
935314979
-1
-1
-1
-1
894603831
930474458
-1
-1
-1
595929727
-1
437337072
-1
-1
-1
-1
952976974
962830419
957441003
-1
-1
-1
-1
945067178
433620228
705649845
-1
-1
964966634
-1
-1
-1
925597371
-1
-1
723023604
-1
801199806
-1
878622317
-1
-1
-1
-1
-1
917733748
-1
-1
895275951
804486447
812033142
933305526
980611053
868633654
-1
-1
676843159
-1
-1
980611053
-1
-1
-1
-1
894603831
804486447
988288132
-1
938751583
-1
-1
-1
916561354
-1
-1
-1
-1
-1
-1
909248472
802755910
-1
-1
-1
-1
-1
-1
-1
-1
-1
-1
899295539
-1
963487603
926113065
938751583
-1
-1
-1
-1
690565762
957441003
-1
-1
-1
983556956
-1
-1
836547930
914516773
-1
-1
-1
-1
-1
-1
-1
-1
-1
-1
-1
-1
774942272
-1
-1
-1
-1
-1
804486447
-1
-1
-1
-1
-1
-1
-1
-1
-1
-1
-1
958438688
-1
-1
-1
909072800
849173590
885018993
-1
-1
869406620
986422897
-1
-1
954160193
-1
-1
-1
-1
-1
-1
-1
-1
-1
-1
-1
-1
510521566
-1
-1
-1
-1
947570691
-1
-1
-1
892264494
-1
-1
-1
-1
-1
-1
-1
-1
-1
-1
-1
-1
-1
-1
-1
-1
-1
-1
-1
-1
-1
816208837
-1
-1
-1
-1
-1
-1
-1
837345354
-1
-1
-1
-1
-1
-1
-1
-1
-1
-1
-1
798852994
791550192
958584047
-1
-1
-1
-1
953992126
-1
-1
926888196
-1
-1
-1
-1
-1
-1
-1
-1
-1
-1
-1
-1
904421916
-1
-1
963487603
-1
-1
-1
-1
812214246
-1
963487603
-1
-1
-1
-1
-1
-1
891272309
-1
-1
-1
826338101
926765976
-1
-1
-1
-1
986535356
-1
-1
-1
-1
-1
869288215
-1
-1
762563378
-1
946506232
-1
-1
-1
-1
948771006
-1
863530106
-1
-1
844042867
974901713
-1
-1
941256190
-1
-1
-1
881684298
-1
-1
753971059
-1
-1
-1
-1
-1
-1
-1
-1
677655543
938751583
-1
-1
-1
899240018
760701095
-1
-1
-1
-1
-1
-1
-1
-1
-1
878622317
-1
937698058
986535356
-1
806941216
-1
-1
931081989
-1
-1
-1
-1
-1
938751583
-1
948955080
980611053
-1
-1
-1
871151944
875571975
845735085
-1
931081989
-1
-1
-1
-1
-1
-1
-1
-1
-1
-1
-1
-1
-1
876788673
-1
-1
-1
-1
-1
-1
942336335
-1
-1
-1
-1
-1
-1
-1
-1
-1
-1
-1
-1
-1
-1
-1
-1
951381626
781133105
-1
-1
-1
-1
-1
-1
-1
644751611
-1
-1
-1
-1
-1
-1
-1
826055559
-1
978098494
846638996
-1
-1
-1
-1
968086733
-1
-1
664433229
-1
-1
963487603
819276447
-1
-1
-1
804331862
-1
-1
-1
-1
-1
916834791
-1
-1
-1
-1
-1
-1
986422897
-1
-1
-1
-1
-1
-1
-1
957441003
-1
-1
-1
-1
-1
-1
-1
740184083
-1
-1
-1
-1
986535356
-1
-1
-1
-1
-1
-1
-1
-1
-1
-1
-1
-1
-1
802755910
-1
859081878
-1
-1
-1
-1
-1
-1
-1
-1
-1
832678390
-1
886281087
844093897
-1
-1
-1
-1
938751583
-1
-1
837345354
-1
-1
-1
-1
-1
-1
-1
-1
568415522
-1
-1
-1
-1
-1
-1
-1
-1
986422897
-1
945527214
934407692
-1
-1
-1
-1
-1
-1
-1
-1
-1
-1
887523506
-1
-1
-1
-1
-1
-1
861417118
980611053
925533656
920464100
-1
-1
-1
-1
-1
-1
-1
-1
-1
713390198
-1
945067178
-1
-1
-1
-1
-1
-1
-1
-1
-1
-1
-1
-1
844093897
920797362
-1
948833129
-1
876788673
-1
-1
914047223
-1
-1
-1
-1
-1
-1
-1
-1
-1
-1
-1
-1
887806213
781133105
-1
913907637
-1
-1
723023604
-1
-1
-1
915748273
-1
721999315
-1
-1
764521711
-1
-1
-1
-1
-1
948955080
913995315
-1
-1
-1
-1
-1
998093146
-1
-1
-1
-1
-1
-1
-1
-1
-1
881710993
909248472
-1
-1
-1
-1
-1
904372840
-1
-1
794458352
771574840
-1
-1
-1
-1
863322101
-1
-1
-1
781133105
-1
926765976
-1
724950224
-1
-1
-1
-1
-1
968520505
867286797
-1
-1
-1
-1
773758569
-1
-1
-1
-1
-1
644751611
-1
-1
-1
-1
-1
-1
-1
-1
880051408
-1
-1
832501555
-1
789463821
980611053
710201469
-1
699956486
901031209
-1
844224044
-1
863918532
-1
-1
-1
663272181
-1
-1
783495466
-1
-1
-1
-1
876788673
-1
-1
-1
-1
-1
-1
-1
-1
-1
754674611
957441003
-1
-1
-1
-1
951381626
-1
-1
962759521
-1
925597371
-1
-1
-1
780391163
954465802
-1
-1
916834791
-1
-1
920464100
930474458
-1
-1
-1
-1
862581903
-1
-1
963487603
895275951
-1
-1
-1
-1
-1
-1
762563378
909797669
-1
938751583
816529501
-1
926765976
-1
-1
-1
826055559
952976974
-1
-1
-1
-1
-1
-1
822229931
664433229
-1
981675847
828505521
-1
899240018
-1
-1
-1
-1
-1
-1
-1
962621611
899240018
-1
-1
-1
-1
-1
-1
734866239
909797669
-1
-1
-1
-1
723023604
-1
871975787
-1
723023604
-1
-1
-1
-1
807555770
967626886
964966634
-1
-1
-1
-1
-1
838593002
-1
-1
-1
-1
-1
-1
986422897
-1
-1
-1
-1
-1
926765976
-1
-1
926765976
-1
-1
-1
-1
-1
-1
825605656
-1
-1
-1
-1
957441003
-1
795972420
-1
-1
-1
664433229
875827407
-1
-1
-1
984853922
971445246
-1
810405951
-1
-1
-1
-1
820860109
964842679
-1
-1
-1
-1
-1
-1
-1
-1
-1
-1
-1
-1
-1
-1
906192688
-1
-1
867952519
-1
-1
-1
-1
-1
875543329
-1
971441424
764521711
-1
-1
-1
-1
-1
-1
-1
-1
945067178
-1
845879432
-1
940176134
-1
-1
-1
-1
-1
-1
-1
-1
-1
-1
-1
-1
-1
964263911
-1
-1
-1
760701095
-1
-1
-1
-1
-1
-1
803931600
-1
-1
-1
-1
-1
-1
-1
-1
779048797
-1
-1
-1
-1
849789393
-1
915006067
-1
954765500
-1
-1
807687287
-1
-1
880667393
-1
-1
-1
-1
-1
-1
-1
-1
-1
-1
-1
-1
-1
-1
-1
880240669
-1
-1
-1
-1
-1
964966634
-1
875571975
-1
-1
-1
-1
-1
-1
895208252
-1
-1
-1
-1
-1
-1
-1
-1
-1
893518717
-1
-1
-1
-1
-1
-1
816208837
-1
945067178
723023604
-1
-1
-1
845735085
916158415
-1
-1
-1
964966634
-1
-1
-1
-1
-1
-1
-1
-1
-1
762563378
-1
971445246
-1
-1
-1
-1
674843734
-1
-1
916834791
-1
-1
-1
-1
-1
281485784
-1
918512071
-1
945067178
857070001
-1
-1
-1
-1
-1
-1
-1
-1
899240018
980037807
-1
-1
-1
-1
-1
-1
885741953
-1
-1
-1
962650403
-1
-1
-1
-1
-1
-1
856260974
-1
974779610
-1
-1
-1
-1
984135586
-1
-1
-1
862970292
-1
893466787
943893119
-1
-1
-1
-1
-1
-1
671457925
-1
-1
-1
-1
-1
-1
-1
-1
-1
-1
-1
-1
-1
-1
-1
-1
-1
-1
945067178
816043583
-1
-1
826055559
-1
-1
837345354
811732413
-1
-1
-1
-1
-1
939274314
-1
-1
-1
890362958
988288132
876788673
923115462
964719138
-1
-1
-1
-1
-1
-1
-1
925597371
-1
-1
933903747
-1
-1
-1
-1
-1
856892106
-1
-1
-1
-1
-1
-1
-1
-1
-1
-1
-1
-1
-1
-1
-1
-1
686266296
-1
-1
855954023
816529501
984853922
-1
-1
-1
922090561
-1
-1
-1
-1
831463041
-1
-1
986422897
807196166
-1
-1
-1
-1
-1
-1
789360762
-1
830974850
-1
-1
-1
-1
989598538
-1
-1
-1
-1
-1
-1
671457925
-1
-1
926765976
-1
-1
-1
-1
-1
-1
-1
-1
-1
-1
-1
-1
-1
760701095
-1
-1
840320493
-1
-1
-1
-1
893466787
739927795
-1
-1
-1
-1
957441003
-1
-1
-1
857147465
843757453
-1
-1
-1
957441003
-1
-1
-1
-1
781960318
-1
-1
-1
-1
936417426
-1
-1
-1
-1
-1
-1
-1
960780814
798998894
-1
-1
-1
-1
-1
876788673
-1
-1
-1
-1
891929172
-1
-1
786322517
-1
-1
-1
762563378
-1
-1
-1
-1
-1
-1
-1
-1
922967377
889846192
938402104
-1
-1
-1
-1
-1
977437593
-1
954980976
-1
-1
-1
-1
875571975
-1
-1
-1
-1
-1
-1
-1
-1
-1
980611053
-1
-1
-1
762563378
-1
952976974
858444027
-1
-1
-1
-1
-1
971445246
-1
-1
-1
767506330
912833117
-1
986422897
-1
-1
-1
-1
980611053
-1
-1
-1
-1
-1
-1
-1
-1
-1
-1
-1
-1
-1
-1
-1
-1
-1
-1
-1
-1
884840253
-1
-1
-1
942336335
-1
-1
-1
-1
-1
723023604
-1
-1
-1
-1
-1
-1
-1
-1
-1
-1
-1
927821845
964263911
-1
895208252
-1
727725971
877437070
-1
505055556
891478868
-1
-1
-1
-1
-1
-1
-1
-1
-1
-1
-1
-1
984135586
-1
964263911
-1
-1
-1
769782126
-1
-1
962470642
-1
906423313
-1
-1
862131074
-1
-1
-1
971441424
-1
983180038
-1
-1
-1
-1
-1
-1
-1
830974850
950485992
856260974
-1
965403426
696765331
-1
905004044
-1
-1
671738900
-1
-1
-1
721841333
-1
-1
-1
-1
-1
800427106
-1
-1
-1
-1
984135586
833022238
-1
-1
950485992
-1
-1
874314534
-1
-1
-1
-1
915050682
-1
-1
-1
-1
-1
-1
-1
801199806
-1
-1
-1
-1
-1
-1
945067178
-1
926765976
-1
-1
-1
830857755
-1
-1
-1
491814137
-1
816529501
-1
-1
-1
-1
760629422
-1
-1
-1
-1
945067178
764521711
-1
-1
-1
529858121
-1
-1
-1
-1
800427106
-1
-1
-1
-1
-1
-1
-1
-1
-1
-1
-1
-1
-1
-1
965403426
-1
-1
-1
-1
-1
-1
-1
807555770
-1
-1
-1
777790000
-1
974779610
-1
-1
886208196
-1
837345354
-1
-1
-1
-1
-1
-1
867952519
783495466
893454391
830366960
764521711
-1
-1
986422897
-1
783495466
-1
-1
-1
-1
901362258
-1
671457925
-1
-1
-1
-1
-1
888770494
-1
650132351
886208196
774519679
-1
-1
-1
-1
885741953
-1
-1
-1
-1
-1
-1
979945166
-1
-1
-1
-1
-1
-1
938751583
923510435
-1
-1
980611053
893454391
986422897
-1
686266296
-1
878669588
-1
770090930
-1
-1
-1
-1
926765976
698972461
878622317
-1
-1
-1
-1
-1
-1
-1
-1
-1
-1
727725971
894603831
-1
-1
-1
-1
-1
-1
-1
969802277
-1
-1
-1
-1
-1
-1
-1
-1
-1
-1
-1
755660305
-1
-1
822229931
-1
-1
-1
-1
-1
-1
-1
-1
-1
-1
-1
-1
-1
856106462
-1
764521711
945067178
862970292
-1
-1
-1
-1
-1
-1
-1
-1
-1
-1
942561322
876788673
-1
-1
-1
-1
-1
-1
-1
799701116
-1
-1
-1
-1
-1
876788673
793980196
-1
933857377
-1
-1
-1
-1
-1
-1
944550538
-1
-1
-1
-1
-1
-1
-1
-1
-1
-1
-1
-1
-1
801199806
-1
893782107
-1
-1
984853922
-1
-1
781133105
-1
-1
-1
-1
-1
-1
-1
-1
-1
-1
-1
912514742
-1
-1
930362356
-1
876788673
-1
-1
-1
-1
-1
-1
-1
-1
-1
-1
-1
-1
971445246
-1
-1
-1
-1
916158415
-1
-1
-1
-1
-1
-1
900192691
-1
-1
-1
-1
-1
783495466
-1
692768913
986422897
926660963
962759521
-1
-1
-1
926765976
-1
-1
857654338
-1
-1
-1
957441003
858997488
-1
-1
-1
-1
-1
769782126
708001044
-1
909248472
-1
-1
-1
942645328
-1
-1
-1
920383683
-1
-1
-1
-1
-1
-1
-1
-1
925676247
-1
988288132
-1
909797669
-1
857147465
671457925
-1
-1
-1
-1
-1
957301658
948500839
764521711
-1
-1
894603831
-1
857147465
-1
-1
-1
-1
-1
-1
-1
-1
-1
951381626
-1
-1
-1
-1
909248472
-1
956897724
-1
-1
920464100
676633795
-1
963487603
-1
926765976
-1
846638996
-1
-1
-1
-1
-1
-1
916158415
-1
-1
945067178
-1
-1
-1
-1
-1
-1
-1
958772882
-1
-1
-1
-1
-1
-1
-1
943021058
-1
901178462
-1
-1
-1
771807676
-1
-1
-1
-1
-1
-1
830974850
-1
-1
-1
-1
762563378
904887144
876788673
801199806
-1
-1
-1
-1
-1
-1
913807823
-1
-1
-1
855697761
786322517
-1
939786197
-1
894603831
-1
894603831
-1
986422897
939857190
822229931
830974850
-1
-1
-1
-1
-1
-1
-1
-1
-1
921216116
-1
912556308
-1
-1
-1
-1
-1
-1
-1
-1
-1
-1
-1
-1
958315535
-1
698661833
-1
-1
-1
-1
-1
-1
-1
-1
-1
-1
965667891
-1
-1
-1
762563378
-1
939371477
-1
-1
-1
-1
-1
-1
-1
-1
-1
-1
-1
-1
-1
-1
883228270
-1
-1
-1
913941012
899011050
-1
-1
-1
-1
846638996
-1
905395381
957441003
-1
-1
-1
-1
-1
-1
-1
-1
904372840
-1
-1
-1
920797362
-1
964966634
845879432
-1
842678666
952976974
909248472
-1
-1
-1
-1
-1
-1
982585188
-1
970663780
-1
-1
-1
955108768
-1
984853922
-1
-1
664433229
-1
-1
-1
980611053
-1
-1
-1
888770494
-1
-1
-1
-1
913807823
-1
-1
-1
-1
832246841
-1
-1
-1
-1
-1
-1
888294289
-1
-1
942336335
-1
-1
-1
-1
-1
-1
932183866
-1
-1
-1
-1
-1
-1
-1
742489698
-1
-1
-1
927967409
935366944
-1
-1
-1
-1
-1
-1
-1
-1
-1
-1
958772882
-1
-1
-1
-1
-1
-1
550890579
-1
986422897
-1
-1
-1
894603831
-1
335678662
818137141
-1
-1
-1
946695567
-1
-1
789463821
663272181
-1
-1
-1
-1
917733748
863069146
-1
784098879
-1
-1
931081989
-1
-1
-1
-1
-1
-1
934440862
-1
-1
-1
-1
-1
-1
-1
-1
-1
-1
930403800
-1
-1
-1
-1
984135586
-1
-1
762563378
-1
969818877
893518717
-1
-1
-1
838335607
975643908
947688528
-1
762563378
-1
-1
-1
-1
-1
-1
-1
-1
964966634
-1
-1
878622317
793085114
876788673
-1
938912596
848739747
-1
-1
-1
-1
-1
-1
-1
905926959
762563378
876788673
-1
-1
-1
-1
664433229
-1
-1
-1
-1
-1
817658288
965320644
-1
-1
965320644
857147465
-1
-1
-1
-1
-1
-1
-1
-1
-1
-1
806941216
-1
-1
-1
-1
-1
857559498
-1
-1
757868030
894603831
-1
900923175
964263911
-1
-1
-1
-1
-1
-1
888770494
-1
-1
894603831
-1
-1
899240018
916834791
-1
455890994
-1
909248472
-1
-1
-1
-1
-1
-1
-1
980117804
-1
938751583
-1
957441003
945067178
-1
802755910
-1
-1
-1
-1
-1
747714747
911569558
-1
-1
867952519
-1
-1
-1
-1
916158415
-1
945067178
-1
-1
-1
-1
-1
-1
-1
837345354
923772766
-1
762563378
-1
956441758
-1
-1
962830419
-1
-1
-1
-1
876788673
-1
-1
-1
-1
868090962
944098721
-1
-1
857846951
-1
-1
-1
-1
-1
-1
-1
-1
-1
-1
760701095
684089830
-1
927502714
-1
-1
-1
788873381
-1
-1
-1
-1
760701095
-1
948171702
-1
-1
-1
-1
-1
969802277
904421916
-1
-1
-1
964606261
-1
-1
-1
-1
-1
918309640
930474458
-1
-1
-1
907452543
-1
-1
-1
-1
-1
-1
830732638
-1
-1
-1
-1
971445246
-1
-1
-1
-1
710201469
-1
909797669
-1
-1
-1
721841333
-1
912833117
-1
-1
-1
-1
-1
945067178
-1
-1
-1
-1
-1
878622317
-1
-1
-1
-1
-1
916158415
-1
750436507
-1
-1
-1
-1
-1
-1
-1
-1
-1
-1
984135586
665043682
-1
957441003
943715388
938063656
-1
808140769
-1
-1
784347193
-1
-1
935314979
-1
-1
930474458
808140769
-1
-1
-1
-1
-1
920797362
760701095
-1
974901713
-1
-1
-1
-1
-1
-1
-1
926765976
-1
-1
926765976
-1
859081878
-1
-1
-1
-1
843147550
926765976
943893119
-1
-1
-1
855700365
-1
916158415
964263911
-1
-1
801199806
-1
-1
-1
-1
-1
980180055
-1
808221971
-1
-1
-1
801199806
-1
-1
-1
-1
-1
-1
-1
-1
-1
-1
894603831
-1
-1
-1
-1
683668778
-1
-1
-1
-1
-1
758151507
-1
-1
-1
-1
-1
671457925
779179342
-1
-1
955434381
-1
926765976
860226782
-1
926765976
-1
754674611
-1
-1
-1
-1
-1
-1
-1
795064877
-1
-1
-1
-1
-1
-1
-1
-1
-1
909259438
-1
957441003
-1
727725971
984135586
-1
-1
-1
-1
937591081
-1
-1
-1
787028998
891505801
-1
925840313
-1
-1
-1
-1
-1
-1
-1
-1
-1
963487603
-1
-1
-1
-1
-1
-1
-1
-1
889245573
-1
962759521
856260974
-1
971445246
-1
-1
-1
-1
893466787
971948575
-1
688578037
-1
-1
-1
945067178
-1
-1
690565762
-1
-1
-1
-1
-1
-1
-1
-1
-1
-1
986422897
-1
-1
-1
-1
-1
-1
-1
842017220
-1
789463821
-1
821358396
-1
957441003
589133617
-1
-1
-1
980611053
934507629
916834791
-1
-1
-1
-1
-1
928812660
-1
-1
-1
-1
-1
-1
-1
-1
-1
-1
-1
-1
876788673
795301725
838593002
-1
959983933
-1
926765976
863615292
-1
-1
-1
856388839
-1
-1
-1
-1
-1
-1
-1
-1
-1
-1
-1
-1
-1
664433229
-1
-1
870321442
-1
945067178
-1
-1
710201469
926765976
-1
857307882
-1
820377789
664433229
920464100
-1
-1
-1
-1
-1
916834791
-1
505055556
-1
-1
844093897
-1
-1
-1
-1
963487603
-1
957441003
-1
755807559
-1
428003895
971058729
-1
914257390
860975898
-1
-1
-1
-1
-1
752019230
934774072
-1
-1
-1
-1
-1
-1
966762197
887064955
-1
-1
-1
954765500
-1
-1
-1
943273040
-1
-1
-1
-1
-1
-1
916158415
-1
-1
-1
-1
760701095
-1
-1
-1
-1
-1
-1
923115462
986422897
644751611
-1
-1
-1
-1
-1
-1
-1
986422897
-1
-1
-1
-1
-1
-1
-1
-1
-1
-1
980611053
-1
-1
748406284
-1
671951717
-1
-1
925533656
938751583
-1
-1
-1
644751611
932154480
-1
-1
-1
-1
-1
-1
897548659
-1
-1
-1
-1
-1
-1
-1
-1
814573536
-1
-1
-1
-1
-1
-1
985492226
-1
-1
-1
948955080
394847203
-1
-1
-1
-1
-1
-1
-1
957441003
-1
-1
984135586
-1
-1
-1
-1
-1
-1
883411198
-1
-1
967577280
-1
-1
-1
-1
-1
-1
857307882
-1
-1
-1
968373990
-1
-1
-1
-1
-1
857147465
-1
888770494
926765976
-1
-1
-1
-1
-1
-1
-1
-1
-1
-1
945067178
-1
933391302
860382854
-1
-1
-1
826338101
-1
-1
-1
-1
-1
-1
-1
-1
957441003
-1
-1
-1
-1
-1
-1
-1
-1
920873975
-1
-1
979763111
-1
-1
856260974
-1
-1
981760358
-1
913248768
-1
-1
-1
-1
-1
-1
-1
-1
-1
964540856
-1
951381626
975437937
-1
427369043
976633773
-1
-1
-1
-1
-1
-1
833022238
-1
-1
907064182
-1
-1
-1
-1
-1
-1
926765976
-1
-1
657666242
762563378
-1
945067178
-1
-1
-1
-1
-1
-1
-1
871813622
-1
-1
-1
-1
-1
912722665
-1
-1
-1
-1
-1
-1
-1
723023604
947570691
-1
-1
-1
-1
-1
-1
840127017
-1
-1
-1
888770494
-1
-1
914047223
-1
931922545
-1
-1
-1
-1
-1
-1
-1
762563378
925597371
-1
-1
933391302
-1
664433229
-1
961521216
-1
-1
-1
-1
876306718
-1
565311384
-1
-1
727725971
-1
665043682
781133105
-1
-1
-1
-1
927463407
-1
-1
-1
915050682
-1
713096952
-1
-1
-1
807555770
-1
-1
-1
-1
905283532
-1
-1
-1
-1
-1
-1
-1
-1
-1
-1
723181244
-1
-1
-1
-1
739927795
-1
-1
-1
-1
822229931
-1
795639211
-1
-1
-1
-1
876788673
-1
-1
-1
984853922
-1
-1
-1
-1
-1
875646581
-1
794019992
885018993
-1
-1
-1
-1
955694740
833022238
894603831
912722665
-1
-1
845735085
-1
-1
856260974
-1
-1
-1
-1
-1
-1
-1
724950224
838593002
-1
935492778
-1
800427106
-1
-1
-1
-1
986422897
-1
-1
-1
-1
-1
-1
-1
-1
-1
-1
-1
-1
877268466
-1
904372840
-1
-1
-1
-1
-1
-1
-1
735857134
-1
-1
-1
-1
717525455
-1
-1
826055559
-1
830974850
-1
-1
715433768
-1
853185870
-1
916567221
-1
-1
-1
893518717
-1
916834791
762563378
-1
-1
-1
957441003
-1
826055559
-1
-1
-1
-1
-1
-1
-1
-1
-1
-1
-1
-1
-1
-1
923772766
-1
-1
957441003
-1
-1
338792587
-1
-1
-1
-1
-1
-1
-1
-1
836243316
845522654
-1
-1
-1
-1
873837435
-1
-1
957441003
-1
-1
865457696
-1
-1
-1
-1
890928718
-1
-1
-1
-1
-1
-1
-1
-1
-1
-1
-1
-1
-1
933391302
-1
-1
880240669
-1
764521711
-1
-1
-1
698972461
-1
-1
-1
-1
-1
-1
-1
-1
-1
881710993
-1
-1
-1
974779610
-1
-1
881710993
-1
762563378
-1
-1
504652363
-1
717943674
-1
970366553
-1
-1
-1
-1
-1
-1
-1
-1
-1
758270484
-1
924975614
926765976
952976974
-1
-1
-1
598516593
-1
-1
-1
-1
-1
986422897
-1
-1
-1
-1
926765976
664433229
-1
-1
-1
659322641
-1
-1
-1
-1
857587119
-1
-1
-1
-1
-1
-1
-1
723023604
-1
-1
762563378
-1
-1
808140769
-1
787187085
-1
-1
-1
-1
-1
-1
938912596
-1
-1
-1
-1
-1
-1
-1
-1
-1
-1
-1
799296782
-1
-1
-1
-1
913248768
-1
-1
-1
-1
-1
-1
-1
-1
-1
-1
690565762
-1
-1
-1
-1
-1
717828090
-1
-1
-1
-1
774942272
-1
867952519
988288132
-1
-1
962299779
-1
-1
-1
-1
986750038
-1
-1
-1
-1
-1
-1
-1
938751583
-1
-1
-1
-1
980611053
955404374
926765976
-1
-1
-1
-1
-1
-1
707582493
-1
877553825
-1
723023604
-1
909248472
-1
-1
-1
728395931
-1
-1
807555770
-1
915050682
-1
-1
-1
-1
-1
-1
-1
828405720
-1
-1
-1
-1
-1
-1
-1
-1
-1
751311519
-1
823338145
700246295
889024627
904372840
-1
-1
773355828
916834791
-1
-1
-1
-1
-1
951179583
-1
913807823
-1
-1
580684007
-1
-1
-1
-1
-1
-1
-1
-1
-1
-1
-1
-1
-1
-1
-1
-1
-1
957441003
-1
-1
-1
-1
-1
781133105
-1
-1
664433229
-1
-1
873566883
-1
-1
-1
-1
-1
-1
954353339
-1
-1
-1
-1
-1
877553825
561469315
-1
-1
-1
-1
-1
986422897
938721308
787835630
532082558
-1
676835549
-1
-1
-1
-1
-1
-1
799695416
657947787
-1
-1
-1
-1
-1
-1
-1
808221971
-1
-1
-1
-1
-1
915050682
-1
-1
-1
-1
-1
-1
-1
-1
920873975
941912991
-1
804486447
-1
881710993
-1
983086350
-1
986422897
-1
-1
-1
-1
-1
-1
-1
867952519
894603831
-1
-1
-1
-1
909248472
-1
-1
964263911
-1
909248472
910506154
-1
922150847
-1
916834791
837492473
894603831
909564915
-1
-1
-1
-1
-1
-1
867952519
-1
-1
717477701
-1
-1
916567221
-1
805336958
871327262
930474458
-1
-1
-1
-1
-1
-1
-1
-1
-1
-1
-1
-1
-1
845879432
-1
-1
-1
-1
-1
-1
-1
-1
-1
795064877
-1
-1
-1
-1
-1
890926247
760629422
-1
-1
-1
904845768
-1
-1
-1
-1
-1
-1
-1
-1
-1
-1
-1
-1
-1
-1
-1
963487603
833184766
-1
-1
920364507
-1
665043682
-1
-1
948955080
-1
-1
-1
-1
-1
945067178
-1
894603831
-1
-1
-1
-1
-1
-1
-1
-1
-1
-1
984853922
-1
-1
684654384
694156931
-1
-1
-1
-1
-1
894061892
-1
-1
-1
-1
-1
-1
-1
961119292
-1
-1
-1
-1
-1
-1
-1
-1
-1
-1
-1
-1
984853922
-1
-1
-1
-1
-1
-1
-1
-1
-1
-1
974779610
781321731
-1
-1
-1
-1
-1
-1
-1
-1
-1
-1
861523883
-1
-1
-1
-1
-1
986422897
-1
913807823
771970637
-1
-1
-1
-1
-1
-1
-1
-1
-1
-1
-1
-1
-1
-1
-1
-1
-1
-1
-1
698972461
-1
-1
-1
-1
-1
-1
-1
-1
-1
-1
-1
-1
818137141
-1
-1
-1
-1
-1
-1
-1
-1
-1
-1
714850249
-1
-1
970424845
-1
-1
-1
-1
-1
-1
-1
690565762
830974850
909797669
-1
-1
-1
-1
-1
-1
993479919
-1
-1
807555770
-1
-1
865457696
918272150
-1
-1
-1
930815504
909463369
-1
-1
-1
-1
-1
-1
-1
957441003
-1
893324522
-1
-1
-1
-1
-1
-1
-1
735395044
947518068
-1
-1
-1
-1
-1
778461488
-1
-1
980611053
-1
-1
-1
-1
-1
-1
-1
-1
-1
-1
-1
959455105
-1
770108379
-1
-1
-1
-1
-1
-1
957441003
-1
-1
-1
-1
690565762
-1
-1
680595944
-1
-1
-1
-1
-1
-1
-1
790144570
-1
-1
-1
786322517
-1
856260974
-1
-1
-1
-1
-1
-1
-1
-1
-1
-1
-1
-1
749900841
-1
888770494
-1
-1
-1
-1
-1
-1
745730742
-1
-1
-1
-1
926765976
-1
-1
-1
-1
767066797
754628945
-1
937519901
785043128
-1
-1
984853922
-1
711786004
-1
-1
-1
-1
945067178
950958793
962470642
-1
846638996
848697628
752583890
980611053
804259410
-1
427369043
-1
-1
771618466
934910716
945067178
-1
-1
986422897
877437070
925904121
762563378
-1
-1
-1
-1
986422897
-1
-1
-1
-1
965667891
-1
-1
-1
-1
-1
866189697
-1
-1
-1
-1
-1
802755910
-1
-1
-1
-1
705127462
-1
-1
663272181
811732413
-1
-1
-1
723023604
-1
-1
-1
-1
-1
-1
-1
-1
-1
-1
-1
-1
909248472
-1
708604119
-1
839629037
-1
-1
-1
957441003
-1
-1
-1
-1
922090561
-1
755811253
-1
-1
-1
-1
-1
-1
-1
-1
-1
-1
-1
-1
-1
-1
-1
-1
-1
-1
-1
-1
-1
-1
-1
-1
-1
957441003
-1
831714003
751165856
-1
-1
-1
-1
-1
-1
653329223
861495137
-1
-1
-1
-1
-1
926765976
915050682
-1
-1
-1
-1
-1
-1
-1
762563378
998093146
-1
-1
-1
-1
-1
-1
-1
-1
-1
-1
-1
878622317
-1
632715026
-1
-1
931081989
-1
-1
-1
-1
-1
-1
-1
-1
-1
-1
-1
-1
-1
945067178
980611053
-1
-1
-1
945067178
-1
808221971
893518717
-1
876670593
-1
895208252
-1
-1
-1
-1
-1
-1
-1
-1
-1
-1
874240039
-1
-1
-1
-1
-1
512342894
956103327
-1
773355828
707582493
-1
938751583
-1
-1
930474458
664433229
-1
-1
-1
-1
-1
-1
-1
-1
-1
-1
986422897
-1
-1
-1
-1
760701095
899240018
-1
-1
-1
881710993
-1
916158415
-1
962650403
-1
-1
-1
-1
-1
-1
-1
985492226
882026911
-1
-1
-1
-1
984135586
-1
-1
-1
-1
-1
-1
-1
-1
908023209
812162455
-1
984953847
-1
888782749
876788673
-1
-1
-1
-1
-1
-1
916137009
656595818
-1
-1
786687882
-1
-1
-1
-1
-1
-1
-1
-1
957441003
-1
-1
-1
-1
898581790
951457853
-1
-1
-1
814573536
-1
-1
-1
-1
-1
-1
-1
-1
-1
-1
-1
-1
-1
-1
-1
899240018
-1
-1
-1
-1
925533656
-1
-1
-1
877365531
-1
-1
-1
-1
-1
-1
-1
838593002
-1
893518717
657907675
820460681
-1
-1
-1
-1
-1
-1
-1
916158415
-1
-1
-1
-1
-1
-1
962650403
914047223
942200945
-1
909248472
-1
-1
-1
-1
-1
971445246
-1
-1
-1
-1
-1
932183866
-1
-1
963487603
-1
-1
-1
-1
-1
-1
-1
-1
665043682
-1
-1
-1
-1
-1
-1
979830827
-1
-1
-1
980611053
-1
-1
-1
858725136
-1
-1
-1
-1
880811659
-1
-1
-1
-1
-1
-1
931081989
845735085
802755910
-1
-1
-1
-1
-1
743903930
-1
-1
-1
-1
-1
-1
-1
-1
-1
-1
814502465
920873975
-1
-1
998878790
-1
-1
-1
802755910
-1
671457925
-1
-1
-1
-1
-1
845735085
699956486
-1
-1
945067178
-1
-1
-1
-1
781133105
-1
-1
980611053
396633741
-1
-1
-1
771828015
-1
-1
-1
887806213
914047223
-1
-1
-1
-1
-1
-1
-1
988288132
-1
-1
-1
-1
-1
826338101
837345354
-1
-1
747527130
-1
-1
802755910
-1
-1
-1
-1
-1
-1
933305526
-1
986422897
-1
945067178
857147465
-1
-1
920464100
-1
-1
964966634
-1
933857377
-1
-1
-1
-1
757262939
-1
-1
-1
899240018
-1
-1
-1
-1
979723770
-1
-1
-1
-1
563301542
-1
-1
-1
-1
869288215
-1
-1
-1
-1
826338101
-1
-1
771861102
899240018
-1
-1
-1
-1
804486447
-1
-1
-1
-1
-1
-1
-1
-1
-1
851245581
-1
-1
-1
931081989
725629042
-1
-1
898055152
-1
-1
-1
-1
-1
-1
-1
-1
945067178
-1
-1
-1
-1
-1
-1
916834791
885018993
-1
-1
-1
-1
-1
-1
940333246
-1
-1
-1
-1
-1
-1
-1
664433229
909248472
-1
971445246
-1
-1
-1
802755910
-1
930474458
-1
-1
-1
-1
-1
-1
970657937
-1
-1
-1
-1
-1
815544381
822229931
-1
-1
-1
-1
-1
-1
-1
-1
-1
-1
-1
-1
-1
-1
-1
-1
-1
-1
-1
770137486
-1
-1
935314979
-1
980611053
-1
917733748
-1
-1
-1
-1
909248472
-1
-1
-1
-1
938402104
-1
-1
-1
-1
-1
920873975
-1
-1
-1
-1
-1
-1
-1
-1
-1
-1
-1
898714322
-1
892522989
980611053
699956486
-1
-1
-1
-1
-1
975308596
-1
-1
880811659
-1
-1
-1
-1
834072689
898055152
-1
-1
-1
-1
-1
-1
-1
-1
-1
-1
-1
-1
-1
-1
814573536
857147465
648129252
-1
664433229
-1
-1
-1
-1
-1
-1
-1
-1
891272309
-1
-1
-1
-1
-1
-1
-1
-1
-1
-1
970054576
-1
871975787
974533164
-1
-1
-1
-1
-1
-1
-1
962830419
888770494
-1
-1
-1
826055559
962830419
904954724
-1
-1
-1
938751583
945067178
-1
-1
-1
-1
762563378
957441003
-1
948113528
-1
-1
-1
971058729
-1
-1
-1
923772766
-1
916158415
845735085
833767010
-1
-1
-1
-1
938751583
-1
840320493
-1
962830419
-1
807555770
760701095
-1
957441003
-1
984254294
767506330
-1
-1
834615419
911569558
-1
-1
-1
-1
-1
-1
-1
-1
-1
-1
-1
762563378
-1
-1
-1
-1
-1
-1
-1
-1
-1
-1
-1
-1
956928287
-1
-1
-1
-1
-1
-1
-1
-1
794507325
-1
811938015
-1
-1
-1
802755910
747714747
-1
-1
-1
-1
878622317
921189754
-1
853897190
-1
-1
-1
-1
-1
-1
-1
820860109
-1
-1
928098366
-1
-1
-1
-1
752817450
-1
-1
-1
974779610
-1
911684671
-1
-1
-1
-1
-1
-1
683233756
-1
-1
987768722
673058501
-1
980611053
-1
-1
-1
964263911
876788673
878622317
-1
664433229
-1
-1
915050682
-1
760701095
-1
694156931
-1
-1
-1
-1
-1
-1
-1
-1
964263911
-1
-1
-1
826338101
-1
-1
987775371
-1
-1
-1
-1
-1
833022238
-1
-1
-1
-1
-1
953732267
-1
840260744
-1
-1
-1
-1
690565762
-1
964263911
945067178
-1
-1
-1
-1
-1
888770494
-1
-1
-1
-1
-1
-1
-1
-1
873837435
-1
-1
859583492
-1
-1
-1
998878790
-1
-1
562040759
799496833
-1
934109164
-1
-1
-1
-1
-1
-1
-1
-1
-1
-1
988288132
957441003
665043682
916158415
-1
-1
-1
966866793
-1
-1
-1
925774612
964263911
-1
-1
-1
944258517
752817450
-1
-1
-1
-1
-1
-1
-1
916834791
577918953
-1
-1
-1
-1
-1
-1
-1
-1
756737502
776219739
-1
-1
781133105
878622317
-1
-1
-1
-1
-1
-1
925597371
-1
-1
-1
-1
-1
-1
705982756
-1
-1
844835518
705372316
-1
-1
-1
-1
916158415
-1
713963553
-1
663272181
-1
-1
-1
-1
934109164
-1
-1
-1
-1
-1
-1
-1
957441003
-1
-1
-1
-1
739042675
912833117
-1
-1
-1
-1
-1
-1
-1
-1
-1
957441003
-1
915992543
-1
920797362
485833992
-1
-1
964263911
-1
-1
-1
-1
986422897
-1
-1
-1
966895382
-1
-1
-1
-1
-1
659139702
953172758
-1
-1
762563378
-1
-1
934490944
-1
-1
-1
-1
-1
-1
-1
-1
-1
-1
833767010
799701116
-1
-1
-1
964719138
-1
-1
-1
-1
-1
-1
727725971
878622317
-1
-1
-1
906204709
-1
-1
909248472
-1
986422897
-1
986535356
-1
781133105
-1
971445246
-1
-1
-1
-1
926765976
-1
-1
-1
-1
-1
-1
-1
-1
-1
-1
945067178
893782107
-1
-1
916567221
-1
844283756
-1
-1
-1
684654384
-1
-1
774115774
838335607
-1
-1
-1
980611053
953742469
-1
-1
-1
-1
579954951
-1
-1
-1
980611053
549861135
-1
-1
-1
936417426
-1
894603831
-1
877266672
-1
-1
-1
799695416
-1
-1
980611053
-1
881710993
-1
-1
-1
-1
-1
-1
-1
-1
-1
980611053
889846192
880811659
664433229
-1
-1
-1
-1
938962822
878111384
-1
816021756
-1
954000161
546384287
-1
-1
-1
-1
-1
970054576
-1
-1
-1
-1
-1
-1
-1
-1
-1
773181093
-1
963487603
-1
-1
-1
957441003
-1
-1
-1
-1
-1
-1
-1
-1
-1
556310820
-1
-1
986535356
-1
-1
-1
-1
873993485
-1
-1
762563378
-1
-1
-1
-1
767114132
-1
-1
-1
986422897
893466787
-1
-1
-1
-1
944890235
-1
762563378
816208837
865457696
-1
-1
-1
-1
-1
-1
-1
-1
-1
656241888
-1
-1
-1
-1
-1
-1
-1
-1
-1
-1
-1
-1
-1
-1
-1
-1
-1
-1
-1
862970292
-1
-1
-1
702160096
-1
-1
-1
-1
-1
840320493
-1
-1
864970895
-1
-1
-1
-1
-1
-1
-1
904845768
-1
663272181
952976974
-1
-1
-1
-1
-1
-1
644751611
-1
774048914
-1
-1
-1
772250242
-1
-1
-1
895208252
980611053
-1
574987773
-1
895711111
-1
-1
833022238
965320644
724606133
-1
-1
-1
-1
-1
-1
-1
-1
-1
-1
-1
-1
-1
-1
-1
916158415
-1
-1
-1
986422897
680487935
578753898
-1
-1
-1
957441003
-1
-1
-1
-1
878622317
-1
-1
-1
-1
-1
-1
884076004
-1
-1
-1
-1
-1
-1
-1
952976974
-1
-1
-1
-1
779974877
-1
-1
765347774
891279135
-1
-1
-1
-1
-1
-1
-1
981760358
-1
-1
-1
-1
-1
781133105
-1
-1
-1
-1
-1
-1
-1
-1
-1
926765976
737123487
-1
-1
986422897
-1
672698837
-1
-1
-1
957441003
838593002
923772766
-1
758270484
-1
-1
916158415
-1
-1
881710993
-1
-1
-1
-1
-1
-1
-1
980611053
-1
-1
-1
-1
924975614
804771012
-1
773607388
-1
-1
-1
-1
-1
799319934
-1
-1
-1
-1
-1
894603831
-1
-1
728774316
988793836
-1
-1
861523883
-1
-1
-1
-1
-1
838112964
-1
-1
638023318
-1
-1
-1
-1
-1
-1
-1
878622317
768780637
-1
814573536
-1
-1
-1
-1
-1
-1
-1
-1
948637736
-1
664433229
-1
-1
-1
-1
926765976
-1
-1
-1
-1
957441003
-1
-1
-1
-1
-1
931081989
-1
-1
-1
-1
766987033
-1
922093920
-1
-1
-1
-1
916834791
-1
-1
-1
-1
-1
902883162
916834791
807555770
-1
-1
808140769
-1
-1
-1
-1
962830419
-1
-1
-1
-1
869529008
894603831
-1
-1
-1
677919489
-1
-1
-1
-1
965749646
923709591
987768722
-1
-1
-1
895208252
-1
-1
-1
-1
-1
-1
-1
-1
-1
909248472
-1
-1
-1
-1
-1
860382854
857307882
744492318
-1
-1
-1
-1
-1
-1
-1
-1
-1
-1
-1
-1
842712089
915709822
-1
-1
-1
-1
-1
-1
-1
984853922
-1
-1
849377704
909248472
950552271
-1
-1
-1
-1
-1
-1
753489774
954064394
-1
-1
-1
-1
-1
916158415
-1
933305526
816208837
-1
964263911
-1
-1
-1
-1
-1
-1
-1
-1
-1
-1
760701095
-1
-1
-1
886208196
-1
-1
-1
885444894
-1
802755910
-1
-1
-1
869148212
-1
-1
-1
-1
963487603
929526217
-1
-1
-1
-1
909248472
-1
845879432
-1
-1
906204709
-1
-1
-1
-1
-1
-1
-1
-1
-1
-1
-1
-1
854213709
-1
-1
-1
-1
-1
-1
-1
-1
-1
-1
-1
963487603
-1
-1
891116467
-1
-1
-1
867527549
-1
-1
909248472
-1
-1
-1
-1
-1
-1
-1
-1
-1
-1
-1
-1
-1
921218620
-1
-1
-1
-1
916834791
-1
-1
952976974
-1
-1
-1
-1
-1
822229931
-1
-1
-1
-1
-1
-1
-1
-1
-1
-1
-1
764521711
-1
876788673
981107364
-1
-1
-1
-1
-1
-1
-1
-1
-1
-1
-1
-1
-1
-1
-1
-1
793916462
-1
804133220
-1
-1
-1
856012072
-1
-1
-1
-1
-1
-1
-1
909248472
-1
945124793
-1
-1
-1
-1
-1
-1
720215822
-1
-1
-1
804486447
-1
-1
-1
-1
-1
-1
929526217
-1
-1
-1
-1
-1
-1
-1
-1
-1
-1
-1
-1
941051815
929526217
-1
-1
896962677
-1
-1
875827407
762667957
-1
-1
-1
-1
-1
-1
-1
876788673
-1
-1
-1
795301725
784098879
-1
-1
-1
-1
-1
-1
-1
-1
-1
-1
-1
-1
-1
-1
-1
-1
-1
-1
-1
-1
980611053
-1
-1
-1
-1
-1
863069146
885802502
832485329
-1
892522989
-1
-1
-1
-1
-1
-1
-1
-1
-1
-1
-1
-1
773758569
962650403
-1
-1
975437937
-1
-1
684654384
-1
-1
-1
-1
-1
-1
-1
-1
-1
904372840
-1
-1
-1
915050682
973895676
-1
891116467
-1
932579190
-1
-1
-1
-1
-1
-1
943826034
986422897
-1
894061892
-1
-1
-1
-1
-1
-1
808140769
-1
-1
-1
-1
-1
-1
802473837
-1
-1
-1
-1
808140769
-1
781133105
-1
888770494
-1
-1
985492226
-1
-1
-1
-1
-1
-1
-1
-1
-1
-1
-1
-1
808608062
881710993
-1
-1
-1
-1
771574840
-1
975308596
-1
-1
-1
-1
-1
-1
-1
-1
-1
-1
-1
-1
898910887
961119292
-1
-1
977924799
-1
-1
-1
881090806
-1
-1
-1
-1
-1
-1
909797669
-1
-1
-1
881090806
-1
-1
690565762
-1
-1
795064877
944104459
-1
771574840
-1
-1
964516055
-1
-1
-1
-1
-1
-1
-1
-1
873833439
926765976
956897724
771828015
-1
888770494
-1
-1
-1
-1
945067178
-1
-1
-1
-1
-1
-1
-1
-1
-1
-1
-1
-1
-1
-1
-1
819717665
910495193
-1
801149814
-1
-1
926765976
922090561
-1
-1
-1
-1
-1
-1
980611053
-1
-1
974779610
-1
820307212
809924202
916158415
-1
942336335
-1
954980976
-1
762563378
-1
894603831
-1
723023604
727725971
847063743
-1
-1
894356535
768099370
-1
-1
-1
-1
940102273
-1
-1
893518717
886281087
-1
-1
-1
-1
-1
-1
-1
-1
-1
957441003
-1
-1
-1
957441003
-1
-1
-1
-1
-1
-1
863069146
-1
-1
748437392
844283756
-1
-1
771828015
-1
-1
-1
-1
-1
-1
929547948
857147465
-1
-1
-1
709576109
-1
-1
-1
-1
-1
-1
-1
-1
980611053
964263911
-1
-1
-1
-1
957441003
680469926
-1
-1
-1
-1
-1
-1
-1
-1
-1
854301398
-1
876788673
-1
-1
-1
-1
-1
-1
-1
-1
-1
-1
904845768
-1
979763111
931081989
-1
-1
-1
-1
-1
-1
980439727
-1
-1
-1
-1
-1
-1
-1
-1
-1
-1
939690047
789408303
-1
-1
-1
-1
-1
853456343
-1
-1
-1
-1
-1
-1
-1
-1
-1
-1
-1
-1
909248472
899240018
-1
-1
-1
-1
960780814
-1
986422897
-1
-1
-1
-1
-1
727725971
-1
-1
-1
-1
-1
921216116
-1
857147465
-1
-1
-1
-1
-1
-1
-1
838335607
938531067
-1
-1
-1
-1
-1
-1
-1
832678390
814229085
-1
-1
-1
-1
-1
-1
874240039
-1
-1
923510435
-1
-1
-1
806941216
762563378
-1
-1
894603831
-1
-1
-1
-1
917839677
963487603
-1
-1
909248472
-1
875407366
831714003
868987990
-1
902526818
-1
-1
891116467
920873975
781133105
-1
-1
917733748
807555770
-1
-1
980611053
-1
-1
893782107
-1
-1
-1
-1
-1
-1
-1
831607844
-1
-1
961128187
866438035
-1
962650403
-1
893782107
924020892
-1
-1
-1
899011050
-1
950713456
-1
-1
-1
774077428
-1
-1
888770494
-1
771302904
-1
-1
-1
-1
-1
980611053
-1
-1
902407261
-1
-1
663272181
-1
-1
986422897
-1
-1
-1
931081989
-1
-1
-1
889846192
-1
-1
665043682
-1
-1
-1
-1
804486447
872479837
-1
-1
945067178
886208196
-1
804331862
-1
-1
-1
950129384
926765976
-1
939690047
-1
-1
783909191
-1
889973037
-1
-1
-1
-1
-1
-1
-1
-1
986422897
-1
784098879
-1
-1
-1
-1
-1
-1
903903539
668126315
-1
-1
-1
-1
-1
993450958
878622317
893782107
-1
-1
926765976
-1
-1
-1
-1
-1
807555770
-1
-1
892341075
-1
-1
-1
-1
-1
985492226
-1
723023604
-1
789463821
-1
-1
-1
-1
747714747
909248472
-1
-1
831463041
-1
-1
-1
-1
-1
-1
-1
938912596
781133105
-1
-1
-1
-1
-1
-1
-1
-1
-1
-1
889245573
-1
-1
-1
-1
-1
933305526
926765976
-1
-1
-1
-1
885741953
781133105
811732413
-1
788566412
889245573
794427618
-1
-1
-1
-1
-1
-1
-1
826338101
-1
-1
784347193
-1
-1
-1
494801731
-1
-1
945067178
-1
-1
980611053
-1
957441003
-1
-1
-1
971441424
-1
-1
-1
-1
934407692
-1
-1
-1
-1
764904417
871813622
-1
-1
-1
-1
501425391
-1
893871454
876788673
-1
-1
-1
-1
-1
-1
916158415
-1
845735085
-1
663272181
-1
-1
926765976
-1
-1
-1
-1
-1
-1
-1
731210252
-1
-1
-1
-1
-1
-1
-1
882243099
-1
-1
948955080
-1
-1
-1
-1
-1
-1
-1
-1
-1
-1
-1
-1
-1
-1
986422897
-1
-1
-1
894603831
-1
-1
-1
-1
-1
-1
-1
-1
-1
-1
-1
851996794
-1
-1
-1
-1
845735085
-1
-1
760225328
916158415
-1
-1
-1
-1
-1
-1
-1
-1
-1
-1
963487603
-1
-1
-1
933305526
-1
-1
-1
-1
-1
-1
-1
-1
-1
-1
-1
-1
-1
-1
752583890
804331862
-1
-1
-1
-1
-1
942336335
-1
-1
762563378
-1
-1
-1
-1
-1
888770494
-1
881710993
890702533
-1
-1
-1
938751583
975308596
-1
574987773
-1
917763662
-1
-1
-1
764521711
916834791
712008013
-1
909248472
-1
-1
-1
-1
-1
-1
-1
-1
-1
-1
766987033
-1
863530106
-1
913807823
-1
-1
-1
-1
967523296
764521711
-1
-1
-1
948010975
945067178
-1
-1
-1
909072800
-1
-1
-1
-1
-1
-1
-1
-1
-1
875571975
986750038
-1
-1
-1
-1
973895676
-1
762563378
-1
-1
828005550
-1
-1
-1
-1
867952519
916834791
-1
822229931
-1
-1
-1
993479919
-1
-1
-1
957673773
922090561
-1
-1
760701095
-1
945067178
-1
-1
964263911
-1
-1
-1
-1
-1
-1
-1
-1
-1
-1
-1
-1
-1
890926247
-1
826338101
-1
-1
-1
955434381
977399542
-1
-1
-1
925597371
-1
891473717
805275104
-1
-1
-1
-1
-1
-1
-1
-1
-1
-1
-1
-1
-1
855671965
-1
-1
-1
-1
-1
-1
-1
-1
876788673
-1
877365531
-1
-1
837615310
-1
-1
-1
957441003
-1
-1
-1
-1
-1
-1
-1
-1
-1
938354129
-1
-1
-1
-1
-1
-1
-1
915050682
-1
845735085
-1
-1
-1
-1
852340424
-1
986422897
-1
-1
-1
-1
-1
933391302
-1
-1
-1
-1
822229931
-1
-1
-1
-1
-1
-1
-1
-1
-1
-1
-1
-1
-1
-1
-1
-1
-1
-1
-1
-1
699956486
736635370
878622317
-1
-1
893424647
-1
934204269
-1
-1
-1
-1
-1
855700365
-1
-1
-1
-1
-1
-1
-1
-1
764521711
964606261
-1
-1
-1
-1
-1
-1
-1
926765976
-1
822229931
-1
-1
-1
-1
-1
-1
-1
-1
-1
950649542
891737178
-1
-1
-1
903903539
-1
972654210
-1
-1
-1
986422897
-1
-1
899240018
-1
-1
-1
-1
-1
-1
-1
-1
-1
-1
-1
-1
-1
-1
-1
-1
971441424
-1
-1
883319184
-1
698905066
-1
-1
-1
-1
-1
-1
-1
-1
-1
-1
-1
980572492
827437978
-1
-1
-1
807182628
-1
-1
-1
-1
-1
-1
768099370
-1
-1
-1
-1
-1
893466787
801199806
-1
-1
-1
-1
-1
-1
-1
-1
-1
-1
-1
-1
-1
945067178
-1
-1
-1
945067178
-1
969802277
-1
-1
-1
838335607
-1
-1
948955080
-1
-1
-1
870058140
986422897
675686688
901178462
-1
934109164
914047223
-1
-1
-1
-1
-1
964263911
-1
-1
-1
-1
921152595
-1
-1
926765976
-1
-1
-1
666954011
721841333
-1
-1
-1
-1
-1
-1
-1
-1
828170228
-1
-1
-1
904421916
-1
836547930
-1
-1
-1
-1
-1
-1
957441003
762563378
-1
939371477
728774316
-1
-1
-1
971445246
-1
-1
-1
-1
-1
-1
-1
-1
-1
-1
638155459
-1
962511174
793537162
-1
-1
-1
-1
-1
882527244
-1
-1
-1
-1
-1
-1
-1
791346266
-1
-1
926765976
-1
-1
-1
671457925
-1
-1
-1
-1
-1
-1
-1
-1
-1
676742526
-1
-1
-1
-1
-1
-1
964966634
986535356
-1
801199806
-1
-1
-1
-1
-1
-1
-1
-1
-1
-1
875827407
-1
-1
861892866
909248472
-1
-1
-1
-1
-1
-1
-1
931081989
-1
-1
-1
-1
-1
903575946
875818701
-1
833114848
683233756
-1
-1
909248472
945067178
-1
-1
847809480
889771172
800427106
771574840
-1
-1
-1
-1
-1
-1
-1
-1
-1
830974850
-1
-1
-1
-1
-1
-1
-1
909248472
964606261
935314979
-1
-1
-1
-1
-1
-1
-1
909797669
-1
893518717
-1
-1
-1
934524648
-1
-1
-1
900192691
-1
-1
899240018
-1
-1
974901713
-1
898714322
-1
-1
-1
-1
-1
915050682
-1
-1
-1
-1
-1
899240018
-1
-1
971445246
-1
-1
-1
-1
957441003
-1
-1
-1
-1
-1
-1
-1
-1
-1
-1
-1
727725971
-1
-1
-1
900015063
-1
-1
-1
-1
-1
762667957
-1
-1
-1
-1
-1
-1
-1
-1
664433229
-1
-1
-1
-1
-1
-1
-1
-1
893518717
902997335
-1
945067178
-1
-1
-1
-1
-1
-1
-1
-1
-1
913807823
710201469
-1
-1
-1
-1
-1
-1
925597371
-1
926765976
-1
-1
-1
-1
931825206
986744220
820054128
-1
-1
-1
-1
-1
-1
773491931
-1
-1
-1
-1
-1
889372984
-1
-1
-1
945067178
-1
-1
-1
-1
-1
-1
723023604
-1
-1
-1
-1
888770494
-1
-1
-1
-1
-1
-1
-1
915050682
-1
783495466
-1
-1
-1
-1
-1
-1
-1
-1
-1
-1
-1
-1
-1
-1
-1
-1
-1
-1
952976974
-1
-1
721841333
-1
-1
-1
-1
-1
-1
793681500
-1
-1
-1
-1
929228624
-1
826851085
-1
944050213
-1
980611053
-1
-1
-1
945067178
-1
956431509
-1
-1
912431455
971445246
-1
948650748
-1
-1
-1
-1
-1
891313719
-1
-1
792654518
-1
-1
-1
-1
-1
-1
-1
995751662
867381245
758151507
925904121
-1
-1
-1
944050213
-1
-1
-1
-1
924975614
-1
-1
-1
-1
-1
837345354
-1
760701095
974901713
-1
-1
795972420
-1
-1
909463369
-1
-1
-1
-1
-1
-1
-1
-1
771574840
-1
-1
-1
-1
-1
805385566
906192688
-1
-1
-1
-1
-1
-1
733501677
-1
-1
-1
910506154
822229931
-1
-1
-1
-1
-1
-1
-1
-1
906905664
933277102
958772882
922792897
-1
-1
663272181
-1
-1
548267455
-1
-1
-1
-1
-1
-1
886208196
-1
-1
-1
923772766
762563378
-1
-1
-1
-1
804331862
986422897
-1
-1
-1
-1
-1
-1
-1
-1
-1
-1
-1
-1
-1
840126181
801653298
984853922
-1
893518717
-1
-1
-1
-1
-1
771828015
-1
-1
-1
-1
-1
-1
-1
-1
-1
-1
868205940
-1
-1
-1
-1
-1
-1
720097131
-1
952976974
-1
-1
-1
-1
-1
-1
-1
-1
-1
-1
965320644
-1
-1
-1
-1
698661833
781133105
-1
926765976
-1
-1
914047223
-1
984135586
878622317
760701095
-1
-1
963487603
-1
-1
-1
705075214
773355828
-1
-1
-1
-1
826055559
-1
-1
-1
-1
802755910
-1
-1
-1
-1
557349230
942561322
929977435
-1
-1
-1
-1
-1
-1
-1
-1
-1
-1
752817450
-1
909248472
826338101
-1
-1
-1
-1
-1
-1
979723770
-1
-1
-1
-1
-1
-1
-1
694156931
-1
-1
896962677
-1
951381626
-1
-1
-1
-1
-1
-1
686951847
-1
836547930
-1
816208837
-1
-1
939690047
-1
998878790
-1
624811509
-1
-1
-1
-1
-1
-1
960022092
-1
-1
-1
868110334
-1
-1
-1
-1
-1
904845768
-1
-1
839010311
-1
-1
-1
-1
-1
-1
-1
771828015
-1
-1
795064877
690565762
-1
-1
-1
-1
-1
-1
-1
716650410
-1
-1
-1
-1
-1
859495058
-1
-1
-1
-1
-1
926765976
-1
799496833
971445246
-1
-1
-1
957441003
-1
-1
-1
-1
764521711
-1
-1
-1
-1
-1
-1
957441003
-1
-1
-1
-1
-1
-1
-1
-1
868090962
-1
687489724
974779610
-1
-1
-1
-1
-1
-1
962299779
964263911
-1
-1
-1
-1
-1
-1
-1
-1
-1
-1
859583492
-1
-1
754468435
-1
856260974
-1
-1
-1
-1
-1
-1
-1
-1
810648855
977850344
-1
-1
-1
-1
-1
-1
-1
-1
-1
-1
-1
980611053
-1
-1
-1
-1
-1
-1
-1
944098333
-1
-1
-1
-1
-1
-1
-1
-1
499080529
-1
945527214
-1
-1
-1
969802277
-1
-1
-1
-1
-1
665043682
-1
899677047
-1
-1
867471396
-1
-1
-1
-1
-1
956897724
939690047
986422897
-1
-1
-1
853246188
-1
986422897
-1
710201469
-1
822240397
-1
-1
-1
925533656
-1
-1
-1
-1
-1
-1
854213709
-1
-1
-1
664433229
878622317
917733748
-1
-1
-1
-1
-1
-1
-1
-1
-1
-1
-1
-1
-1
-1
-1
-1
-1
912722665
-1
975308596
-1
962830419
-1
-1
-1
-1
-1
926765976
-1
957441003
945067178
886208196
916158415
-1
-1
-1
-1
-1
-1
-1
-1
-1
-1
-1
-1
754238194
-1
-1
690565762
904372840
-1
914047223
-1
-1
-1
-1
909248472
584902389
831463041
904421916
-1
865169057
-1
-1
921398792
-1
781133105
852157759
-1
-1
531050717
795064877
933857377
-1
-1
-1
934407692
-1
-1
-1
-1
-1
-1
926765976
-1
-1
-1
986422897
-1
-1
854439738
-1
-1
-1
-1
-1
-1
-1
-1
-1
-1
-1
-1
-1
-1
-1
-1
766752913
860887630
986422897
-1
-1
894137223
-1
-1
-1
-1
-1
-1
-1
-1
-1
-1
-1
-1
-1
-1
942336335
-1
957441003
-1
-1
-1
-1
916834791
957441003
-1
-1
933391302
-1
899181955
-1
-1
-1
-1
-1
-1
-1
-1
-1
-1
-1
-1
-1
-1
-1
-1
-1
-1
671951717
880811659
-1
-1
-1
-1
-1
-1
-1
-1
-1
-1
-1
428003895
-1
-1
-1
-1
912944087
934910716
930474458
963664659
-1
-1
-1
-1
-1
878622317
-1
840252689
-1
-1
584902389
-1
913807823
-1
-1
-1
-1
-1
-1
-1
-1
-1
-1
-1
893466787
-1
710201469
-1
-1
-1
-1
727725971
-1
-1
957896314
-1
-1
831607844
909248472
-1
-1
-1
-1
-1
909248472
-1
-1
-1
-1
364562963
932033925
723393995
-1
993450958
-1
-1
-1
-1
-1
-1
-1
-1
-1
-1
915748273
-1
-1
762563378
923115462
-1
-1
-1
966895382
764521711
-1
-1
-1
-1
-1
-1
-1
-1
-1
-1
926765976
-1
-1
-1
-1
781133105
-1
875404163
-1
-1
-1
-1
-1
-1
-1
-1
-1
-1
-1
-1
-1
-1
-1
-1
-1
-1
-1
-1
-1
-1
-1
-1
980611053
-1
887265907
-1
-1
903527302
-1
-1
938912596
-1
914384227
-1
-1
-1
-1
-1
-1
-1
-1
-1
-1
-1
923772766
-1
-1
962830419
-1
888660665
-1
-1
-1
-1
-1
-1
-1
-1
-1
-1
617448000
-1
918309640
-1
-1
-1
-1
-1
-1
-1
-1
-1
-1
-1
-1
904845768
889846192
-1
-1
-1
915050682
-1
-1
965320644
836002000
905427428
856983215
-1
-1
-1
-1
-1
-1
-1
909248472
-1
-1
-1
-1
-1
-1
-1
-1
-1
890631915
938633538
-1
-1
-1
865789155
886208196
952976974
801946047
-1
-1
-1
804486447
952976974
-1
-1
-1
-1
762563378
988288132
-1
-1
-1
-1
-1
564291138
-1
-1
972654210
-1
-1
-1
-1
986422897
-1
-1
-1
964263911
717828090
-1
-1
826338101
-1
820413652
-1
-1
849736737
778246766
-1
962830419
-1
971058729
964263911
862970292
-1
-1
-1
-1
-1
-1
-1
-1
-1
-1
-1
933391302
-1
-1
-1
-1
-1
-1
-1
-1
-1
-1
-1
-1
750922836
-1
746922838
-1
888770494
-1
-1
-1
-1
-1
-1
920797362
-1
985492226
894603831
-1
-1
-1
807555770
846499715
876788673
802755910
-1
795959388
-1
-1
-1
-1
-1
-1
-1
881090806
-1
-1
890958791
-1
-1
-1
-1
-1
-1
-1
-1
630000711
-1
-1
-1
-1
-1
-1
-1
-1
-1
-1
857147465
-1
-1
-1
-1
-1
984853922
878622317
-1
-1
-1
-1
-1
-1
-1
-1
-1
760701095
-1
-1
845735085
-1
-1
-1
-1
-1
-1
-1
-1
771574840
-1
-1
938751583
-1
891645159
-1
-1
-1
-1
-1
-1
-1
-1
-1
-1
963487603
-1
-1
-1
-1
-1
964263911
-1
936744724
-1
-1
938751583
-1
-1
926765976
795064877
-1
693167469
-1
664433229
-1
-1
-1
-1
845735085
-1
-1
-1
957441003
-1
826055559
-1
948771006
861892866
876788673
-1
-1
-1
899240018
652625586
-1
986422897
924975614
926765976
985492226
-1
-1
-1
-1
959657755
-1
-1
-1
-1
-1
-1
-1
-1
-1
-1
-1
-1
-1
-1
-1
-1
-1
888770494
-1
-1
889347302
957441003
-1
-1
816529501
-1
-1
-1
980611053
-1
844835518
-1
929526217
-1
-1
-1
-1
896725729
986422897
-1
-1
-1
-1
-1
-1
-1
871975787
-1
-1
951381626
863714422
781133105
-1
-1
-1
-1
-1
-1
-1
945067178
-1
789463821
-1
-1
-1
-1
-1
-1
-1
-1
-1
-1
-1
-1
-1
-1
980611053
-1
-1
-1
-1
-1
-1
-1
-1
-1
-1
-1
808140769
-1
591330917
-1
-1
-1
-1
-1
-1
-1
-1
952976974
664433229
816063908
800427106
833022238
808140769
-1
625768238
991019782
-1
-1
-1
916834791
945067178
-1
-1
-1
-1
-1
-1
-1
-1
781133105
-1
-1
808576136
-1
-1
-1
-1
584902389
-1
-1
-1
-1
-1
-1
-1
-1
-1
-1
-1
-1
-1
-1
-1
-1
-1
-1
-1
899608305
957441003
964263911
-1
-1
930474458
786322517
-1
893454391
-1
-1
-1
427369043
-1
852340424
965667891
-1
-1
-1
-1
-1
-1
-1
830974850
556310820
-1
-1
-1
-1
933857377
-1
804331862
-1
-1
-1
-1
-1
-1
-1
-1
988288132
-1
-1
-1
-1
867471396
-1
-1
-1
698685372
-1
-1
-1
891505801
912833117
-1
964263911
-1
886828214
840320493
-1
943893119
-1
-1
816021756
-1
-1
-1
780391163
-1
-1
-1
-1
-1
-1
-1
-1
939786197
-1
-1
-1
-1
-1
-1
-1
-1
-1
-1
-1
-1
822139852
-1
-1
-1
-1
-1
-1
-1
914047223
957441003
-1
-1
-1
-1
-1
-1
-1
-1
963786580
-1
954798276
-1
-1
-1
-1
-1
803179006
-1
-1
831070426
-1
-1
821358396
-1
-1
-1
-1
-1
-1
-1
909797669
-1
918792161
-1
799695416
-1
-1
-1
-1
-1
-1
945067178
934507629
-1
-1
-1
-1
878622317
912556308
-1
-1
-1
-1
-1
-1
-1
974779610
-1
842712089
-1
-1
-1
962830419
-1
-1
-1
895208252
-1
913995315
-1
-1
716315246
998878790
-1
-1
-1
-1
-1
-1
-1
-1
-1
625601775
779048797
-1
-1
-1
-1
878197906
980611053
-1
-1
762563378
-1
-1
-1
938354129
933798956
-1
-1
964966634
-1
-1
-1
-1
-1
-1
949832717
-1
-1
956897724
957002185
664433229
-1
926765976
-1
-1
-1
-1
-1
895208252
-1
926765976
-1
876788673
-1
945067178
-1
957441003
952596796
-1
-1
-1
-1
933305526
-1
698972461
807555770
-1
926765976
-1
-1
764521711
957441003
973895676
945067178
-1
833767010
-1
700545350
-1
-1
886208196
-1
871975787
-1
-1
826055559
-1
-1
-1
781133105
971445246
-1
-1
-1
957441003
-1
-1
-1
945067178
931166239
-1
-1
-1
-1
-1
916158415
-1
-1
760368295
-1
-1
-1
-1
-1
899240018
-1
-1
-1
-1
-1
-1
881710993
-1
-1
985492226
-1
-1
654202155
-1
-1
-1
-1
-1
-1
-1
-1
812907025
-1
-1
986422897
-1
-1
-1
-1
986422897
-1
-1
-1
-1
-1
-1
-1
917085482
-1
-1
-1
-1
-1
-1
-1
-1
-1
-1
886281087
-1
-1
-1
-1
954980976
-1
-1
945067178
889024627
909378917
875571975
-1
-1
857147465
-1
710201469
-1
722319852
-1
-1
-1
-1
-1
942336335
-1
619737982
-1
-1
940102273
-1
-1
-1
-1
-1
-1
-1
-1
-1
-1
-1
-1
-1
-1
-1
-1
970839980
-1
-1
-1
-1
-1
-1
-1
951381626
-1
-1
-1
-1
-1
854439738
856260974
-1
-1
-1
-1
-1
-1
-1
938751583
-1
-1
-1
-1
-1
-1
-1
-1
836547930
-1
-1
-1
-1
-1
807555770
876788673
-1
-1
-1
-1
-1
876788673
795064877
-1
-1
762563378
-1
856260974
-1
-1
466900511
-1
683233756
-1
-1
-1
-1
917733748
764521711
-1
-1
963811412
-1
867952519
0
-1
691633477
-1
-1
-1
-1
957441003
-1
944098721
-1
-1
-1
-1
830974850
-1
-1
-1
868090962
-1
-1
-1
845735085
-1
-1
911708082
984853922
-1
-1
-1
-1
-1
-1
-1
-1
-1
909248472
-1
-1
573846229
-1
963786580
-1
-1
-1
912722665
-1
-1
-1
-1
-1
-1
-1
-1
-1
931081989
945067178
-1
-1
-1
-1
-1
-1
-1
-1
-1
-1
-1
-1
-1
938354129
943893119
-1
-1
-1
-1
-1
-1
-1
-1
-1
-1
-1
986422897
917733748
-1
-1
762563378
-1
-1
-1
942336335
-1
945067178
-1
-1
-1
926765976
-1
-1
-1
-1
-1
895208252
-1
-1
-1
804022913
-1
-1
-1
822229931
-1
-1
-1
-1
-1
-1
-1
-1
-1
-1
945067178
-1
-1
828170228
-1
-1
-1
-1
-1
-1
-1
-1
-1
-1
-1
-1
758151507
-1
-1
-1
-1
-1
-1
-1
781133105
957441003
-1
-1
-1
-1
-1
-1
-1
-1
-1
-1
760701095
-1
926765976
-1
-1
-1
-1
-1
-1
909248472
926660963
-1
-1
957441003
-1
-1
-1
-1
801495125
989624373
-1
-1
-1
945067178
-1
-1
665043682
698972461
-1
-1
984853922
-1
-1
986422897
-1
-1
-1
-1
747714747
962830419
-1
-1
-1
-1
-1
-1
-1
857147465
-1
-1
837345354
742633464
-1
770090930
-1
986422897
-1
664433229
869529008
-1
-1
-1
-1
865682482
865682482
-1
-1
-1
762563378
-1
-1
945067178
-1
-1
-1
-1
-1
-1
808140769
-1
910506154
927502901
-1
-1
-1
-1
-1
915144577
-1
678774241
-1
-1
-1
857147465
-1
-1
-1
-1
-1
882067958
-1
-1
664433229
-1
801199806
971058729
-1
690565762
-1
-1
-1
964516055
-1
-1
-1
-1
-1
-1
-1
-1
-1
-1
876788673
-1
-1
962830419
-1
-1
-1
-1
-1
-1
893782107
-1
-1
-1
-1
876352024
909248472
819395489
-1
-1
-1
772562460
-1
556072673
-1
-1
-1
-1
-1
-1
-1
-1
-1
-1
-1
-1
-1
974779610
-1
-1
929526217
878622317
-1
-1
-1
-1
-1
-1
967337261
-1
926765976
-1
-1
-1
-1
-1
-1
-1
-1
-1
-1
-1
-1
-1
-1
-1
991530852
-1
-1
-1
974901713
-1
-1
837345354
-1
878622317
-1
-1
-1
938751583
-1
-1
945067178
-1
-1
-1
801199806
-1
-1
-1
-1
-1
-1
961119292
332720329
-1
986422897
773355828
-1
-1
-1
-1
-1
-1
-1
-1
-1
-1
762563378
-1
-1
-1
-1
-1
-1
-1
-1
-1
-1
-1
-1
762563378
-1
-1
-1
816529501
-1
-1
-1
-1
802755910
-1
-1
910495193
-1
-1
-1
889846192
-1
-1
949832717
-1
-1
806941216
802206572
-1
-1
-1
795064877
-1
694156931
721841333
-1
-1
-1
-1
926765976
-1
668473979
-1
865682482
739195544
-1
-1
-1
-1
-1
894603831
-1
-1
895208252
-1
-1
853897190
-1
857147465
938751583
-1
-1
-1
-1
723023604
-1
-1
881710993
-1
-1
-1
-1
-1
-1
-1
833327097
-1
-1
-1
-1
-1
-1
-1
893466787
-1
916834791
-1
801199806
-1
-1
816529501
-1
-1
978901003
-1
-1
-1
974901713
-1
-1
-1
-1
-1
-1
-1
-1
-1
-1
-1
-1
-1
-1
-1
-1
-1
823338145
-1
652625586
-1
-1
-1
920873975
-1
-1
-1
-1
-1
762563378
-1
-1
-1
826338101
-1
867381245
-1
-1
-1
762563378
-1
-1
-1
729168470
-1
-1
-1
-1
-1
-1
-1
857307882
-1
-1
664433229
-1
-1
-1
-1
915274979
-1
961119292
980572492
-1
-1
-1
833022238
-1
820111087
-1
914047223
781133105
931081989
-1
-1
898214659
-1
-1
879056561
-1
-1
984853922
938354129
-1
789463821
-1
933305526
821358396
783495466
-1
-1
-1
971445246
964966634
-1
909248472
-1
-1
-1
644751611
952976974
727725971
-1
-1
-1
-1
-1
876788673
-1
-1
-1
-1
895534947
-1
-1
933623337
-1
-1
-1
688578037
-1
-1
863069146
-1
-1
969802277
-1
-1
926765976
948422879
-1
982989891
-1
944098721
-1
-1
-1
842626205
-1
-1
-1
-1
945067178
-1
-1
-1
-1
888770494
-1
-1
-1
-1
-1
-1
-1
-1
-1
971445246
-1
770125915
817683407
-1
-1
916158415
-1
752583890
875571975
-1
-1
-1
-1
-1
-1
-1
-1
503168022
-1
-1
-1
-1
-1
-1
-1
917733748
-1
-1
-1
918242382
844093897
887806213
-1
-1
-1
-1
-1
-1
923115462
-1
-1
804712582
-1
-1
-1
-1
-1
671457925
-1
-1
-1
-1
-1
816917888
-1
-1
-1
-1
-1
-1
-1
-1
-1
-1
-1
-1
808140769
-1
-1
-1
888770494
-1
-1
977132764
813389491
-1
-1
-1
-1
-1
-1
-1
-1
-1
-1
-1
-1
-1
840709835
-1
-1
993479919
-1
-1
917763662
-1
-1
-1
-1
-1
808140769
-1
-1
-1
-1
-1
844093897
-1
-1
-1
-1
740184083
-1
-1
-1
-1
-1
-1
-1
782672455
-1
-1
934204269
900923175
916527831
-1
-1
-1
-1
909248472
366766473
-1
781133105
-1
-1
793512017
-1
-1
-1
-1
-1
-1
-1
-1
550890579
-1
-1
-1
721841333
-1
-1
-1
-1
-1
-1
-1
885018993
-1
-1
-1
-1
-1
-1
-1
925597371
-1
860975898
-1
980828179
-1
-1
-1
-1
-1
-1
874240039
-1
-1
-1
-1
969802277
-1
-1
-1
922161995
933903747
727725971
277924105
-1
-1
-1
-1
-1
-1
-1
-1
-1
-1
-1
822229931
-1
-1
959691695
-1
-1
-1
-1
-1
878622317
-1
664433229
893454391
-1
-1
-1
-1
-1
-1
663272181
-1
-1
967820996
-1
-1
965320644
-1
-1
789463821
977850344
-1
838593002
903903539
893384437
-1
-1
-1
-1
989624373
-1
-1
-1
-1
-1
-1
-1
-1
-1
-1
912944087
-1
-1
-1
890928718
-1
-1
-1
916158415
-1
964606261
-1
-1
845735085
-1
-1
-1
-1
965667891
-1
-1
-1
-1
-1
-1
-1
771828015
-1
926765976
-1
-1
-1
-1
-1
-1
-1
-1
-1
-1
-1
-1
-1
-1
-1
917733748
-1
-1
840260744
-1
-1
984612870
-1
-1
-1
971410728
-1
-1
-1
756737502
488002407
-1
-1
-1
-1
-1
915050682
-1
-1
812907025
-1
870641050
-1
-1
926765976
-1
-1
909248472
-1
762563378
808140769
861892866
-1
-1
-1
-1
-1
-1
-1
-1
944970581
-1
920464100
-1
-1
-1
-1
-1
-1
-1
-1
-1
807555770
963721049
703312110
-1
-1
-1
-1
945067178
-1
-1
-1
-1
-1
-1
-1
-1
-1
-1
938912596
800427106
-1
-1
910648771
-1
953929009
-1
-1
-1
767066797
-1
-1
907116179
-1
-1
957441003
-1
-1
721841333
-1
964263911
982488607
-1
-1
677433638
894603831
760701095
-1
-1
-1
-1
-1
-1
694156931
-1
957441003
567142141
-1
-1
-1
-1
283900109
-1
-1
-1
-1
-1
985492226
845735085
-1
-1
-1
-1
891505801
822229931
-1
-1
945527214
-1
-1
-1
-1
-1
-1
-1
-1
-1
596109633
945067178
-1
837345354
-1
-1
-1
-1
807555770
-1
429374706
-1
-1
-1
-1
909248472
-1
-1
-1
931081989
945067178
-1
-1
-1
-1
-1
-1
950485992
-1
-1
-1
-1
901707023
-1
-1
878622317
726622678
971445246
-1
-1
-1
-1
-1
-1
-1
-1
-1
934407692
-1
-1
-1
-1
-1
893782107
971445246
712975978
-1
-1
-1
911684671
916158415
791422278
-1
-1
-1
-1
-1
-1
-1
826055559
-1
-1
-1
-1
-1
-1
-1
934507629
-1
742489698
-1
-1
-1
-1
875543329
-1
-1
-1
-1
-1
-1
-1
-1
-1
-1
-1
-1
812214246
-1
-1
880240669
-1
893782107
-1
971445246
786322517
-1
-1
-1
-1
-1
-1
993479919
706101287
-1
-1
957315384
-1
690565762
-1
945067178
-1
942336335
-1
971445246
-1
-1
-1
-1
-1
-1
-1
944949574
-1
986422897
-1
-1
-1
-1
-1
-1
-1
-1
-1
-1
873837435
-1
-1
713096952
-1
-1
-1
-1
-1
888770494
-1
960015628
875571975
-1
-1
-1
-1
876094024
-1
-1
821079991
926765976
-1
-1
793665573
-1
928098366
-1
-1
-1
926765976
926765976
980611053
-1
-1
895767813
-1
876788673
-1
-1
-1
-1
-1
-1
-1
-1
856656365
-1
-1
888770494
-1
745730742
-1
868143147
-1
956757626
-1
-1
-1
-1
-1
-1
-1
-1
-1
-1
938751583
954381161
-1
-1
-1
-1
-1
-1
-1
-1
915144577
-1
-1
-1
-1
-1
-1
-1
-1
-1
-1
-1
-1
-1
-1
-1
950485992
-1
-1
-1
-1
-1
938751583
-1
952328272
-1
-1
-1
-1
-1
-1
-1
683233756
-1
-1
-1
-1
830910832
-1
-1
938751583
-1
-1
807555770
916567221
-1
-1
-1
923909155
-1
-1
-1
876788673
-1
-1
876788673
-1
-1
801663852
971445246
-1
774942272
-1
-1
-1
-1
-1
899240018
-1
909248472
-1
826055559
-1
814857595
-1
-1
-1
-1
684654384
722319852
-1
-1
-1
-1
-1
938751583
-1
-1
-1
-1
-1
-1
-1
916834791
781133105
706652102
988806150
-1
-1
-1
-1
916834791
-1
-1
-1
-1
-1
964966634
-1
-1
-1
-1
-1
-1
-1
855671965
-1
671457925
721841333
-1
-1
-1
-1
-1
-1
-1
-1
880811659
-1
-1
-1
-1
-1
945067178
-1
-1
804331862
950485992
-1
-1
935726177
717525455
-1
-1
-1
-1
945067178
948771006
-1
-1
-1
-1
886828214
-1
-1
-1
-1
-1
-1
-1
-1
-1
-1
-1
876788673
-1
-1
-1
-1
-1
-1
-1
966866793
-1
-1
760701095
-1
760701095
-1
-1
-1
-1
671457925
-1
-1
-1
906204709
-1
876788673
-1
-1
938929689
-1
-1
966630250
-1
-1
-1
-1
944104459
-1
-1
-1
-1
962830419
-1
-1
803777034
-1
-1
-1
-1
951381626
712008013
-1
-1
-1
335066575
-1
-1
-1
-1
-1
-1
-1
-1
-1
-1
950552271
-1
913834443
925904121
-1
-1
-1
-1
-1
-1
-1
-1
-1
-1
-1
-1
-1
-1
742489698
-1
-1
-1
-1
-1
455274884
781133105
-1
-1
-1
-1
-1
957441003
762563378
859495058
-1
-1
764521711
-1
-1
978648040
831070426
-1
-1
-1
-1
-1
-1
-1
-1
-1
771828015
-1
-1
856260974
-1
-1
-1
-1
-1
870892770
-1
-1
-1
-1
-1
802755910
-1
-1
980611053
875571975
-1
979723770
863322101
-1
926765976
-1
-1
-1
-1
-1
827656796
-1
-1
893454391
-1
-1
-1
942336335
-1
886208196
878622317
-1
-1
-1
-1
-1
-1
859047000
-1
-1
-1
-1
-1
-1
676872963
-1
-1
-1
-1
-1
-1
979830827
-1
833022238
882018402
917733748
-1
-1
844093897
-1
770090930
-1
-1
952976974
993479919
906582073
-1
-1
-1
-1
-1
-1
909844603
-1
-1
744915303
926765976
-1
931081989
699956486
694156931
899295539
-1
-1
-1
801899650
-1
-1
-1
-1
-1
-1
-1
-1
-1
-1
-1
-1
-1
-1
762538710
-1
-1
-1
803482920
-1
-1
935039423
-1
914516773
-1
-1
-1
-1
-1
-1
916567221
-1
-1
-1
-1
781133105
-1
-1
-1
-1
-1
-1
-1
-1
945067178
-1
-1
886828214
-1
771581016
-1
-1
804569050
-1
-1
-1
-1
-1
-1
901178462
-1
-1
-1
-1
-1
-1
960780814
794019992
986422897
849377704
886269410
-1
710201469
-1
-1
-1
-1
-1
980611053
-1
-1
851972287
-1
-1
-1
802755910
-1
914047223
-1
-1
986422897
-1
920464100
-1
903355562
938751583
-1
-1
-1
-1
-1
944104459
-1
986535356
-1
-1
-1
827656796
-1
-1
-1
-1
-1
-1
-1
-1
-1
-1
969802277
-1
941810808
-1
980611053
857147465
-1
-1
865682482
-1
-1
-1
876788673
-1
-1
-1
-1
-1
-1
-1
905437211
-1
762563378
-1
-1
945067178
980611053
-1
-1
-1
-1
-1
-1
922742755
-1
-1
-1
-1
-1
-1
-1
-1
-1
-1
-1
888770494
-1
868090962
-1
-1
-1
-1
-1
-1
-1
-1
681239270
-1
-1
-1
918155610
-1
-1
-1
-1
-1
-1
-1
839731217
-1
-1
-1
945067178
-1
-1
893782107
-1
938929689
914047223
-1
-1
781133105
-1
-1
-1
-1
-1
-1
-1
-1
-1
-1
-1
-1
549198606
-1
-1
-1
986422897
-1
893454391
452734521
-1
945527214
-1
-1
861757392
-1
-1
-1
-1
-1
899240018
-1
-1
-1
945067178
-1
-1
876788673
-1
-1
-1
-1
-1
915050682
899240018
-1
-1
-1
723023604
966866793
920797362
954381161
-1
816208837
-1
-1
-1
-1
-1
-1
-1
-1
943131176
-1
-1
-1
-1
-1
-1
758921559
-1
-1
-1
-1
-1
-1
-1
390279460
-1
-1
-1
-1
-1
-1
-1
-1
-1
-1
-1
-1
988288132
-1
898714322
-1
-1
513874663
-1
-1
-1
-1
-1
-1
862970292
-1
-1
-1
-1
-1
899240018
-1
878622317
811732413
-1
-1
-1
-1
964263911
876788673
-1
-1
-1
-1
826055559
-1
-1
-1
-1
-1
-1
-1
-1
-1
-1
-1
-1
-1
-1
-1
866438035
-1
-1
875818701
-1
-1
-1
-1
-1
680027477
-1
-1
-1
-1
781133105
-1
875571975
-1
-1
-1
-1
-1
664433229
-1
915748273
-1
980611053
-1
-1
722184474
-1
-1
760701095
-1
-1
-1
984135586
-1
-1
-1
762082859
-1
-1
844835518
-1
-1
923510435
957441003
-1
-1
-1
-1
-1
-1
-1
-1
-1
-1
-1
868633654
-1
-1
926765976
-1
468906653
798998894
-1
-1
-1
831463041
945067178
-1
-1
-1
-1
-1
-1
-1
-1
-1
-1
-1
807555770
926765976
-1
-1
-1
-1
-1
-1
980611053
-1
-1
-1
-1
-1
-1
-1
-1
-1
-1
-1
-1
945067178
-1
657227344
-1
-1
-1
-1
-1
-1
-1
-1
-1
-1
770166725
945067178
-1
917733748
-1
-1
-1
-1
-1
875818701
-1
-1
-1
745423895
-1
-1
-1
-1
894061892
-1
-1
541473580
-1
914047223
-1
886208196
664433229
-1
-1
-1
792654518
-1
-1
-1
-1
-1
-1
-1
-1
586936767
-1
946506232
-1
-1
926765976
770090930
914047223
919139201
-1
-1
975954804
-1
821160168
914974749
-1
-1
-1
-1
-1
-1
-1
-1
-1
-1
940102273
-1
-1
830857755
909248472
-1
683233756
-1
-1
781284633
-1
-1
-1
986699700
-1
-1
-1
-1
-1
-1
-1
951179583
888770494
740184083
-1
-1
-1
-1
-1
-1
-1
-1
922792897
-1
-1
-1
945067178
-1
-1
-1
-1
898214659
-1
-1
-1
-1
-1
859940098
-1
902407261
-1
-1
970366553
-1
-1
986422897
-1
-1
-1
-1
-1
-1
-1
-1
957441003
-1
-1
-1
-1
801199806
-1
-1
-1
909248472
-1
-1
-1
943715388
916158415
713963553
-1
845735085
-1
-1
781133105
-1
-1
-1
-1
-1
-1
771894085
-1
-1
876788673
-1
-1
-1
-1
900757414
-1
811423325
-1
-1
762563378
-1
-1
-1
-1
-1
781133105
-1
-1
-1
-1
-1
804331862
870197215
957441003
811197107
-1
-1
-1
-1
-1
-1
-1
852157759
-1
-1
837345354
-1
-1
875571975
-1
-1
-1
-1
-1
-1
-1
-1
-1
-1
-1
-1
-1
-1
-1
-1
-1
-1
-1
-1
723023604
-1
874240039
861403150
-1
-1
-1
764521711
-1
-1
-1
864970895
-1
-1
-1
945067178
910506154
930474458
979763111
-1
-1
-1
-1
-1
-1
-1
-1
-1
-1
-1
-1
-1
-1
-1
984135586
-1
-1
-1
-1
-1
932091405
-1
-1
-1
-1
783495466
893466787
-1
-1
917733748
-1
-1
945067178
-1
-1
760701095
-1
-1
902621593
-1
-1
-1
-1
-1
-1
-1
-1
-1
-1
949868925
-1
-1
-1
-1
-1
-1
798723738
-1
-1
836547930
-1
-1
845735085
-1
-1
762563378
-1
-1
-1
-1
-1
-1
-1
-1
870226429
972324427
953675128
-1
-1
-1
974901713
-1
-1
-1
-1
-1
-1
-1
-1
-1
-1
-1
-1
867952519
-1
-1
-1
938934328
762563378
-1
-1
-1
-1
-1
-1
-1
-1
-1
-1
-1
-1
-1
-1
964263911
-1
-1
-1
760701095
-1
-1
-1
-1
-1
-1
-1
-1
762563378
-1
918432889
-1
-1
-1
-1
-1
-1
923909155
972962046
-1
-1
-1
-1
-1
880711126
-1
-1
-1
-1
876788673
894603831
-1
-1
826055559
922821531
-1
-1
-1
916834791
-1
-1
867952519
-1
931081989
-1
-1
-1
-1
-1
-1
-1
-1
-1
965667891
696639121
938325512
-1
980611053
-1
-1
-1
-1
-1
-1
-1
958918249
-1
-1
-1
-1
-1
-1
-1
-1
-1
979995808
875827407
934563085
-1
-1
-1
874240039
715241775
-1
721841333
781133105
826338101
-1
818417120
-1
964263911
-1
-1
963487603
652625586
-1
-1
-1
-1
876788673
888770494
-1
-1
-1
-1
-1
-1
-1
-1
-1
-1
-1
-1
-1
-1
-1
964263911
956431509
-1
673081640
-1
-1
-1
-1
-1
-1
867952519
-1
-1
781321731
948649478
933305526
-1
-1
933857377
-1
-1
-1
881710993
-1
-1
-1
-1
906601091
-1
856106462
764790406
-1
-1
-1
-1
-1
931081989
-1
945067178
-1
710137692
-1
845735085
953490115
-1
-1
-1
-1
-1
-1
945067178
757233729
794507325
-1
-1
-1
-1
652625586
-1
-1
-1
-1
-1
-1
-1
998093146
-1
-1
-1
-1
-1
-1
-1
-1
944915790
-1
-1
-1
-1
-1
965320644
832202171
-1
-1
944890235
-1
-1
-1
-1
-1
-1
-1
-1
-1
938912596
-1
-1
-1
871540686
-1
-1
-1
866526427
929387888
-1
-1
-1
-1
-1
-1
-1
-1
-1
870321442
-1
-1
-1
-1
-1
-1
973895676
-1
-1
-1
-1
957441003
986422897
-1
-1
-1
-1
-1
856106462
872275879
-1
-1
-1
284310243
-1
-1
-1
-1
-1
784098879
-1
-1
-1
-1
915144577
876788673
-1
-1
-1
-1
-1
-1
-1
-1
-1
-1
-1
-1
-1
-1
-1
-1
-1
-1
-1
-1
-1
-1
-1
-1
-1
713963553
974901713
911924925
-1
881710993
-1
-1
912833117
-1
-1
-1
-1
-1
820111087
-1
-1
-1
-1
-1
-1
-1
-1
-1
-1
-1
-1
-1
-1
-1
-1
-1
781133105
-1
-1
893466787
-1
-1
-1
-1
-1
-1
-1
-1
-1
913718510
-1
-1
925154404
-1
-1
-1
-1
965320644
980611053
855590511
593219871
878622317
895208252
-1
690565762
964966634
886208196
-1
916834791
-1
-1
985492226
-1
-1
-1
984853922
-1
-1
-1
-1
801199806
-1
-1
-1
-1
-1
-1
-1
-1
-1
957441003
-1
-1
-1
878622317
-1
-1
-1
-1
-1
-1
-1
-1
-1
-1
-1
-1
-1
-1
-1
762563378
926765976
-1
802755910
-1
-1
-1
-1
-1
-1
-1
-1
895208252
-1
881090806
-1
-1
-1
-1
-1
-1
-1
-1
926888196
945067178
-1
-1
-1
-1
-1
-1
-1
781133105
-1
632953379
-1
926765976
-1
-1
-1
807555770
807555770
-1
-1
-1
-1
-1
-1
946506232
935946795
-1
-1
-1
-1
-1
-1
695745776
-1
-1
-1
-1
-1
-1
945067178
-1
-1
856260974
-1
-1
-1
-1
-1
-1
-1
-1
-1
-1
-1
974901713
-1
-1
-1
-1
-1
917733748
713274776
-1
762563378
-1
605463383
-1
-1
-1
-1
-1
-1
-1
-1
-1
-1
792105158
-1
-1
807555770
-1
968520505
928098366
-1
-1
-1
-1
-1
-1
938751583
-1
574284721
-1
-1
837345354
-1
781133105
916158415
-1
926765976
-1
-1
816529501
-1
-1
-1
907111799
926765976
-1
781133105
-1
-1
982208253
942336335
664433229
-1
-1
833711512
877268466
-1
-1
899240018
-1
-1
-1
-1
878622317
-1
-1
-1
845735085
-1
-1
-1
756737502
-1
-1
-1
-1
887561626
-1
-1
-1
939802167
-1
-1
-1
-1
-1
-1
694156931
-1
-1
-1
-1
945067178
-1
-1
-1
-1
984135586
-1
-1
-1
-1
-1
-1
938751583
914974749
-1
964263911
804918488
-1
-1
-1
-1
962979727
-1
-1
885018993
762538710
-1
851156496
794458352
-1
-1
-1
-1
931645649
-1
-1
-1
-1
965320644
-1
-1
-1
-1
952976974
-1
965320644
963487603
-1
980611053
926765976
750436507
-1
-1
-1
721841333
-1
-1
-1
830974850
-1
-1
-1
-1
-1
-1
-1
-1
718882020
-1
-1
-1
-1
-1
758270484
-1
-1
938751583
760701095
-1
867952519
985492226
957441003
785261174
-1
-1
894603831
937264628
-1
-1
-1
-1
-1
-1
-1
-1
865457696
-1
-1
-1
957441003
-1
-1
-1
-1
-1
-1
-1
943478859
720215822
893454391
971445246
-1
962830419
-1
834278861
-1
-1
-1
944104459
-1
-1
-1
812162455
-1
-1
-1
-1
894603831
-1
-1
-1
-1
787187085
-1
988288132
980611053
-1
888770494
-1
-1
-1
798998894
-1
-1
-1
915144577
-1
-1
-1
936417426
-1
-1
-1
-1
825758673
890926247
-1
902407261
-1
-1
-1
-1
-1
931081989
-1
-1
945067178
-1
-1
-1
945067178
-1
-1
888770494
957441003
-1
762563378
-1
831070426
-1
-1
-1
873993485
894603831
-1
-1
938354129
851692410
-1
-1
965320644
-1
721841333
843598752
787287035
-1
-1
-1
-1
958618986
928844946
957441003
802755910
-1
-1
428003895
-1
-1
-1
-1
-1
970839980
876788673
-1
-1
-1
-1
801199806
944423160
-1
-1
-1
698391462
-1
-1
926765976
-1
-1
-1
-1
-1
-1
-1
869529008
-1
-1
891116467
-1
-1
-1
-1
-1
-1
743459179
-1
-1
899240018
945067178
-1
-1
-1
813389491
913718510
-1
-1
-1
-1
-1
-1
-1
-1
-1
-1
-1
-1
-1
980611053
856260974
-1
-1
-1
876788673
-1
-1
979830827
-1
-1
-1
-1
-1
-1
916834791
-1
-1
-1
-1
-1
-1
-1
-1
-1
-1
-1
771581016
-1
-1
-1
-1
902883162
735395044
-1
920206386
839731217
-1
797465587
-1
-1
-1
-1
-1
903903539
-1
851972287
-1
-1
-1
-1
-1
-1
945067178
-1
801199806
881710993
-1
-1
-1
-1
-1
944915790
974779610
831463041
-1
-1
980611053
-1
-1
914516773
-1
-1
863069146
-1
-1
-1
-1
-1
926765976
-1
-1
-1
845735085
-1
913315264
957441003
-1
781133105
878622317
-1
-1
-1
-1
-1
-1
986422897
-1
760701095
-1
-1
-1
-1
-1
-1
970832191
-1
-1
-1
909248472
-1
-1
881090806
-1
-1
830857755
-1
-1
-1
-1
-1
-1
916834791
-1
-1
-1
-1
-1
913718510
-1
-1
-1
-1
-1
-1
-1
-1
-1
-1
-1
801199806
945273948
-1
-1
-1
-1
-1
-1
-1
-1
-1
826055559
-1
926790528
-1
-1
908558816
-1
-1
-1
-1
-1
-1
805045199
-1
-1
-1
-1
926765976
-1
-1
-1
926765976
-1
-1
-1
-1
-1
-1
-1
-1
-1
-1
909248472
879806569
-1
843909598
589380448
-1
-1
921116624
-1
-1
-1
-1
-1
-1
-1
-1
-1
-1
980611053
-1
-1
-1
778331424
789463821
-1
-1
-1
-1
-1
-1
798998894
830974850
-1
945067178
-1
845735085
-1
684836958
-1
-1
-1
-1
-1
-1
-1
-1
-1
831070426
-1
-1
-1
-1
-1
-1
-1
946377834
-1
-1
867634312
933976473
957441003
-1
943893119
988288132
-1
899240018
-1
-1
-1
-1
-1
-1
-1
-1
-1
980611053
986750038
-1
-1
-1
-1
-1
-1
-1
-1
-1
698972461
-1
886208196
-1
-1
-1
-1
966630250
-1
-1
-1
-1
-1
-1
-1
-1
-1
-1
-1
-1
-1
-1
-1
-1
-1
-1
-1
-1
-1
-1
-1
-1
-1
-1
-1
-1
-1
-1
836199143
-1
-1
-1
-1
-1
852340424
672292706
-1
-1
-1
-1
-1
962511174
-1
657227344
711279801
-1
-1
-1
-1
-1
-1
-1
-1
-1
-1
-1
-1
-1
-1
-1
-1
-1
-1
903292713
-1
-1
920464100
-1
-1
-1
817535274
-1
986422897
884549880
-1
-1
-1
996662095
876788673
-1
-1
-1
-1
-1
-1
-1
723023604
-1
707582493
-1
-1
-1
665043682
-1
-1
-1
-1
-1
-1
-1
-1
-1
-1
760701095
-1
-1
986422897
845879432
-1
849173590
-1
984853922
-1
-1
-1
-1
-1
-1
-1
-1
-1
916834791
967039514
878622317
762563378
-1
-1
-1
-1
-1
-1
-1
-1
-1
-1
866516992
-1
-1
926765976
975437937
-1
882222900
-1
-1
-1
-1
886269410
-1
-1
519499932
-1
786322517
-1
-1
-1
-1
971441424
-1
-1
-1
-1
-1
-1
748324321
-1
-1
954381161
-1
-1
-1
-1
-1
-1
-1
-1
-1
-1
739361330
-1
-1
918272150
-1
893518717
824693377
-1
-1
-1
886208196
872052216
-1
-1
-1
-1
-1
-1
-1
-1
929900389
-1
804331862
954765500
-1
-1
-1
-1
-1
-1
904845768
-1
945273948
-1
982864015
-1
985492226
-1
-1
-1
-1
-1
-1
-1
-1
-1
-1
-1
-1
-1
-1
-1
926765976
-1
957441003
-1
-1
946506232
986535356
-1
-1
986422897
-1
986422897
857147465
-1
922090561
-1
-1
-1
831463041
-1
-1
-1
-1
-1
-1
-1
980611053
-1
-1
-1
-1
-1
-1
-1
-1
-1
889808679
-1
-1
-1
-1
-1
-1
-1
-1
-1
690565762
941810808
-1
-1
895208252
-1
-1
-1
-1
875818701
-1
-1
-1
-1
-1
-1
-1
-1
971058729
801199806
-1
-1
-1
781133105
-1
-1
904845768
-1
-1
-1
-1
-1
-1
958772882
-1
-1
-1
916567221
653329223
-1
-1
-1
-1
-1
-1
-1
-1
801939255
-1
-1
836074519
-1
968729150
-1
-1
-1
-1
-1
-1
-1
926888196
-1
831714003
-1
-1
-1
778656528
-1
-1
-1
-1
-1
-1
-1
895882222
-1
776091837
-1
-1
-1
-1
-1
-1
-1
935314979
899240018
-1
-1
-1
-1
-1
-1
-1
876788673
-1
-1
-1
-1
-1
857147465
-1
-1
-1
986422897
-1
-1
837909811
-1
644751611
-1
-1
-1
-1
-1
-1
-1
-1
-1
-1
800427106
-1
900837212
-1
-1
-1
-1
771574840
-1
-1
801199806
915748273
926765976
-1
-1
-1
-1
-1
-1
784347193
-1
-1
802755910
-1
807555770
-1
-1
989598538
-1
-1
-1
-1
875571975
-1
974779610
-1
-1
-1
-1
-1
-1
-1
-1
-1
804331862
875571975
-1
-1
-1
719870219
973861327
-1
805275104
-1
-1
826338101
-1
-1
-1
-1
988288132
-1
914047223
-1
933305526
-1
-1
-1
-1
-1
-1
-1
-1
934407692
-1
920464100
-1
945524090
-1
-1
867634312
-1
-1
792654518
-1
-1
-1
-1
-1
-1
-1
-1
-1
760701095
-1
923772766
930034239
894603831
963811412
-1
-1
-1
665043682
-1
843147550
-1
-1
943893119
-1
-1
-1
-1
-1
-1
-1
-1
980611053
-1
-1
-1
-1
-1
-1
-1
922090561
-1
-1
-1
-1
-1
-1
-1
868090962
-1
-1
888770494
-1
-1
-1
-1
-1
-1
-1
974779610
-1
-1
-1
625245887
-1
-1
-1
-1
-1
-1
-1
-1
-1
-1
845735085
826338101
-1
-1
878197906
-1
-1
883336934
-1
-1
-1
-1
-1
-1
826055559
-1
-1
-1
-1
-1
980611053
-1
-1
-1
-1
-1
-1
-1
-1
-1
-1
916834791
-1
871975787
653329223
-1
-1
-1
-1
-1
-1
-1
-1
-1
-1
-1
-1
-1
-1
-1
-1
-1
-1
-1
-1
863069146
778793315
-1
-1
-1
-1
916834791
966525058
988288132
-1
-1
-1
-1
-1
-1
-1
-1
-1
-1
758270484
-1
-1
-1
-1
-1
-1
-1
-1
804331862
-1
-1
-1
-1
-1
938751583
944098721
837909811
914384227
-1
-1
826055559
-1
-1
-1
894603831
-1
-1
-1
-1
956897724
-1
-1
878622317
-1
866189697
-1
-1
875543329
-1
-1
-1
-1
656576029
-1
-1
920464100
-1
-1
-1
-1
923709591
984644660
-1
-1
-1
-1
-1
-1
913699529
945067178
-1
698718214
-1
798998894
-1
-1
-1
-1
-1
396698465
933391302
-1
-1
-1
-1
986422897
-1
-1
-1
-1
-1
664433229
-1
-1
-1
-1
-1
-1
-1
870661538
-1
808221971
826055559
854898075
-1
-1
762563378
-1
-1
-1
858997488
-1
971445246
-1
-1
-1
-1
-1
-1
-1
-1
-1
-1
-1
-1
-1
-1
-1
-1
-1
-1
-1
-1
-1
945067178
665043682
-1
979830827
-1
698661833
868220109
980611053
888770494
979763111
-1
-1
-1
-1
664433229
-1
-1
-1
-1
-1
-1
880240669
-1
-1
-1
-1
-1
-1
-1
-1
865682482
-1
-1
-1
-1
-1
-1
-1
-1
-1
-1
-1
-1
-1
-1
987326820
-1
-1
-1
-1
-1
-1
-1
945067178
-1
494801731
-1
-1
-1
-1
672473899
-1
-1
-1
-1
-1
-1
-1
-1
-1
-1
-1
-1
-1
-1
-1
-1
-1
-1
-1
-1
960334670
-1
-1
-1
933305526
-1
908558816
-1
-1
-1
-1
-1
980611053
751258037
-1
-1
926765976
-1
-1
-1
-1
-1
942306470
-1
-1
-1
-1
-1
945067178
-1
-1
-1
-1
-1
888770494
680361802
-1
-1
-1
804486447
910400155
920931194
-1
-1
957441003
869406620
-1
971445246
-1
-1
-1
-1
-1
799496833
-1
777790000
974901713
-1
-1
-1
-1
834995900
-1
909248472
-1
913958437
-1
867634312
-1
-1
747714747
903903539
-1
989181920
-1
-1
-1
-1
926843462
642295649
-1
-1
-1
-1
-1
-1
802755910
-1
-1
-1
962830419
-1
-1
-1
912833117
-1
-1
-1
888770494
-1
916834791
986699700
-1
-1
762563378
-1
893466787
-1
-1
-1
-1
-1
-1
-1
-1
-1
-1
-1
-1
-1
-1
-1
-1
-1
-1
-1
-1
-1
-1
-1
963487603
916834791
-1
-1
663272181
988288132
-1
-1
-1
-1
644751611
-1
-1
-1
-1
-1
956897724
-1
874215910
-1
-1
802755910
-1
-1
-1
778331424
-1
-1
984853922
913854245
-1
-1
-1
826055559
-1
-1
-1
-1
-1
806941216
874240039
-1
-1
-1
-1
-1
-1
-1
-1
-1
-1
-1
-1
-1
-1
-1
-1
-1
-1
942436005
880051408
766577507
-1
923772766
-1
-1
984135586
-1
-1
957315384
-1
-1
-1
-1
708001044
-1
-1
-1
-1
-1
-1
-1
-1
862970292
-1
-1
-1
-1
760701095
-1
-1
-1
-1
-1
-1
-1
-1
898581790
-1
-1
-1
-1
-1
-1
-1
904887144
700889824
-1
909690418
-1
820307212
-1
925154404
938751583
-1
964606261
831463041
-1
-1
974901713
-1
-1
-1
-1
-1
-1
-1
-1
-1
-1
703782712
-1
849736737
-1
-1
-1
-1
-1
-1
-1
-1
-1
-1
-1
-1
-1
-1
-1
-1
-1
-1
-1
-1
-1
-1
-1
-1
-1
-1
894049730
-1
893210805
-1
-1
-1
-1
-1
826055559
-1
-1
-1
-1
-1
-1
914516773
-1
-1
-1
-1
-1
-1
933976473
-1
-1
904845768
615735646
632839846
-1
-1
-1
-1
-1
-1
909248472
-1
-1
-1
-1
-1
-1
-1
802755910
861892866
-1
-1
-1
866516992
926765976
-1
-1
-1
945067178
-1
821902536
-1
-1
923947750
-1
-1
-1
-1
-1
-1
-1
-1
-1
939786197
-1
-1
-1
-1
-1
-1
957441003
-1
804331862
-1
-1
-1
-1
-1
804569050
-1
-1
-1
-1
-1
945067178
-1
917733748
-1
-1
-1
-1
-1
-1
-1
-1
-1
-1
804331862
-1
-1
-1
969802277
-1
-1
-1
852157759
-1
-1
-1
-1
860975898
886455275
-1
-1
920464100
-1
-1
-1
-1
-1
-1
-1
-1
762563378
-1
804331862
-1
-1
-1
-1
-1
813946678
-1
-1
-1
-1
-1
-1
-1
-1
812907025
-1
876788673
-1
851972287
-1
938751583
-1
-1
-1
-1
926765976
-1
826055559
683233756
-1
714458283
-1
-1
909248472
-1
-1
-1
-1
-1
-1
906582073
-1
-1
-1
-1
-1
793537162
808140769
-1
882018402
-1
-1
-1
-1
-1
771828015
-1
-1
967362423
-1
-1
-1
-1
-1
-1
-1
-1
-1
-1
-1
926765976
-1
894603831
-1
-1
-1
889372984
-1
-1
-1
-1
924975614
-1
-1
795972420
841828365
957441003
-1
-1
762563378
-1
-1
-1
-1
-1
-1
-1
-1
-1
915050682
-1
-1
945067178
-1
644751611
827858435
-1
-1
-1
-1
622582952
-1
-1
926790528
945067178
593219871
-1
-1
-1
912556308
-1
-1
-1
-1
-1
-1
-1
-1
-1
-1
980611053
-1
916158415
-1
888770494
979830827
-1
-1
-1
-1
-1
-1
-1
-1
-1
-1
-1
-1
723023604
-1
-1
-1
840126181
-1
-1
703730988
926765976
-1
942336335
-1
-1
887090379
785043128
-1
-1
-1
-1
-1
-1
-1
-1
-1
-1
-1
-1
-1
-1
-1
-1
826055559
980828179
-1
-1
-1
-1
-1
966525058
971441424
-1
908306005
-1
-1
759127923
-1
-1
-1
980572492
-1
948955080
-1
-1
-1
-1
-1
933857377
-1
-1
-1
694156931
-1
893466787
-1
-1
-1
-1
-1
-1
-1
-1
-1
945067178
-1
-1
895767813
-1
-1
-1
957441003
-1
-1
949868925
-1
-1
-1
-1
-1
-1
822229931
-1
-1
-1
-1
-1
-1
-1
925597371
977590081
863265460
-1
-1
-1
-1
-1
-1
-1
-1
-1
683233756
-1
-1
-1
-1
-1
943893119
-1
-1
740184083
-1
-1
-1
-1
958918249
785261174
-1
-1
-1
-1
857070001
-1
-1
-1
-1
821358396
762563378
-1
-1
-1
-1
-1
-1
-1
926281714
984354386
-1
-1
-1
926765976
923772766
-1
-1
-1
-1
-1
-1
-1
721841333
-1
-1
-1
-1
-1
-1
875672561
-1
-1
-1
-1
-1
980611053
-1
-1
-1
-1
-1
-1
890926247
905655931
-1
-1
-1
-1
-1
856260974
-1
-1
964263911
-1
-1
878622317
-1
-1
-1
-1
-1
-1
657227344
-1
-1
-1
-1
764521711
-1
-1
-1
-1
-1
735921145
-1
-1
-1
608920214
-1
-1
-1
-1
-1
-1
-1
-1
-1
-1
-1
-1
-1
-1
-1
-1
-1
-1
-1
875571975
-1
-1
-1
-1
902031261
-1
-1
-1
-1
936417426
902407261
980611053
593219871
-1
-1
-1
-1
904926692
-1
893782107
-1
800427106
-1
-1
-1
-1
-1
951381626
-1
-1
-1
-1
-1
-1
764521711
-1
-1
878622317
-1
-1
-1
-1
-1
748406284
-1
-1
-1
870977871
-1
-1
857070001
808140769
-1
-1
-1
984853922
986422897
762563378
-1
-1
-1
-1
-1
-1
-1
-1
939786197
-1
926765976
-1
-1
-1
857639340
-1
-1
783495466
781321731
-1
-1
691633477
-1
-1
-1
-1
-1
811197107
-1
-1
-1
-1
-1
850890482
-1
833022238
948955080
-1
-1
834687901
-1
721841333
-1
-1
799496833
909248472
-1
-1
-1
-1
833022238
-1
-1
833767010
-1
-1
-1
-1
-1
-1
860436106
-1
770090930
-1
-1
913738459
-1
947570691
-1
644751611
-1
-1
-1
-1
-1
-1
938912596
-1
-1
-1
-1
-1
-1
-1
-1
-1
-1
-1
-1
-1
727725971
-1
866107953
-1
-1
-1
-1
-1
-1
-1
-1
-1
-1
-1
941235156
-1
-1
-1
-1
-1
-1
814229085
-1
-1
-1
-1
-1
-1
-1
876788673
-1
-1
918512071
-1
-1
-1
-1
-1
-1
-1
-1
-1
-1
-1
842154548
-1
-1
-1
-1
-1
-1
-1
-1
-1
-1
858997488
-1
-1
-1
-1
-1
-1
-1
-1
-1
-1
-1
-1
-1
-1
-1
954353339
957441003
-1
-1
-1
971663891
-1
947886120
753238629
-1
-1
-1
-1
-1
-1
-1
-1
-1
-1
-1
-1
-1
944050213
-1
-1
-1
-1
-1
-1
-1
-1
957441003
818570970
971445246
814857595
-1
-1
845735085
-1
940102273
-1
942561322
-1
-1
-1
-1
-1
-1
-1
-1
-1
-1
-1
-1
-1
-1
