745655135
657196159
931577003
697623014
-1
976265791
524380754
673374098
531522088
-1
582046636
736086159
776176651
-1
-1
-1
835811116
913152712
-1
588728503
-1
754948236
953455451
672360381
-1
793380325
647522021
632282928
763036344
572404915
-1
646787823
-1
570967712
957843108
908548898
592848981
-1
-1
718118013
806737180
720274249
668784852
569373594
568910917
564961974
-1
-1
787843649
644377965
969890228
-1
813123299
-1
668404064
768478321
619537959
791526656
892915459
756792516
898630827
929437770
647522021
758540813
947105511
-1
730255826
-1
705772663
-1
-1
-1
-1
955842338
-1
615331109
646787823
-1
826166372
777516425
-1
882279752
706762304
768478321
-1
-1
932417813
-1
-1
-1
-1
-1
709909257
-1
-1
798840701
977776566
760094375
809490840
-1
908548898
-1
-1
868729162
997905714
563748741
829721218
901392564
-1
-1
815656590
598868213
694605829
-1
539985618
-1
793072766
538466117
-1
624396516
-1
-1
-1
-1
-1
925790407
-1
834124895
832175572
-1
679269715
-1
847484195
777456118
818264703
611076455
-1
916555198
538466117
947481185
-1
635108444
580788265
801283313
629910779
928644159
937715432
643952973
552967684
804562202
-1
-1
646787823
-1
-1
-1
-1
716658827
888515064
557570986
-1
725913759
-1
531522088
857195744
647283016
-1
555624726
-1
633715289
881471174
901392564
856951735
871948833
-1
-1
736021490
-1
989193764
-1
771402669
892553475
607142321
-1
745459943
876982589
657231575
538466117
666722111
595862408
-1
721876789
-1
-1
623699536
-1
876528620
757956148
733069874
615573688
821874049
-1
534835058
559573702
-1
-1
-1
580235356
761966513
615796014
759381603
674543577
534835058
607246510
-1
-1
881477938
960865381
967734775
848499790
-1
-1
746314271
-1
815746442
508676421
919623597
559056329
635257547
-1
684776430
-1
-1
-1
661685509
890264789
756792516
837119442
896367242
764094076
603305531
575700209
916611340
701011868
759397776
686630134
785740249
996890018
-1
-1
-1
964774942
703470149
777335570
966376037
-1
754044460
-1
972578802
-1
-1
-1
580235356
717637332
-1
845785511
-1
669880993
994116584
642432397
761395924
723887611
716815549
556098781
556098781
857438224
-1
707704171
-1
832175572
765050603
955904513
567539659
-1
645427591
-1
842619902
-1
-1
882177086
-1
-1
-1
775203482
580788265
-1
871046957
810387116
572100963
-1
736227961
568513776
-1
644377965
-1
-1
-1
857438224
-1
732814748
-1
952385899
616519022
-1
922763132
-1
744195650
647985693
781730613
772267552
654443192
565024488
633715289
611621860
759397776
837649784
639942208
-1
-1
758531100
608704894
641096349
901392564
659806945
905746568
-1
714277868
836263571
761966513
-1
847127525
-1
818872274
698464695
749825939
792573505
802465328
650012203
-1
-1
-1
760908425
566676542
765360677
605752300
-1
872975114
643195610
935116385
568513776
-1
674703727
988174014
949369473
-1
908548898
705502966
643072162
-1
629584524
-1
-1
539985618
-1
801468944
-1
-1
705667254
-1
505403168
707620693
-1
641990060
909169355
-1
809128795
723147833
-1
997245790
584642743
764692597
823087973
696084542
-1
890264789
-1
619537959
789043059
-1
571561373
-1
-1
-1
955501196
-1
958954645
-1
890264789
-1
-1
571686653
604176749
841965802
602797755
619583484
882081001
-1
793120585
909665893
956662335
511737720
-1
587704214
-1
-1
-1
-1
-1
725913759
901434315
597095092
-1
721372271
674172752
-1
753768463
-1
737008432
-1
-1
845161690
-1
582963289
707149629
695776273
954664752
926268415
607246510
591133010
841211585
745655135
-1
-1
-1
-1
699207781
696115142
-1
546890952
-1
-1
747951772
969570588
-1
-1
715977814
780446762
-1
-1
-1
833141819
563617812
556098781
957317398
657231575
863579806
794878273
741140238
673198154
-1
-1
621545078
806396001
769344720
692307114
-1
-1
547607985
-1
888020985
-1
871008502
642980211
-1
556098781
-1
757133704
-1
-1
879555758
841211585
674335276
-1
-1
893237076
-1
628990064
-1
717637332
871008502
686927254
931824886
644992853
720512252
-1
-1
801468944
705789661
556098781
936404081
538466117
-1
563617812
721939240
-1
-1
-1
-1
705661709
756697369
612043926
572565559
594363534
669851420
845219187
892742698
-1
765271919
849127131
539985618
-1
-1
-1
842118596
664297246
843824380
622929983
810108129
-1
-1
811254702
741569220
-1
-1
555624726
-1
578857794
-1
693906319
-1
-1
643195610
741465582
744956817
892553475
704374985
627453377
813291334
713401840
929135266
-1
-1
-1
-1
987734489
-1
-1
-1
636640663
756739496
-1
538466117
915068792
977925298
860804136
761901282
-1
-1
739392205
980513277
-1
732378736
810108129
642980211
643984002
-1
902126172
-1
709157311
591133010
981331911
689059373
655969268
704970673
863642051
-1
-1
-1
786273275
893229123
806396001
604176749
678577580
808052638
921452607
751308526
-1
674353847
806092070
837087565
599022429
986201392
689059373
611256702
604176749
-1
-1
-1
641236661
760886177
633366414
668555549
808771878
626785663
774727230
872863638
-1
767290981
-1
-1
-1
668755883
788831080
673731325
876174791
620019057
901392564
-1
677405328
840176739
855921419
648649705
-1
849127131
853220420
898549851
850951850
660112130
-1
819800905
-1
928617504
-1
819854293
660112130
505403168
765198260
-1
555624726
-1
608127100
792573505
663948045
702987908
-1
728863986
639573679
865134679
716334733
-1
-1
628990064
938008456
617756888
855491556
-1
663414440
-1
874877863
746667016
980309530
883614281
-1
813592934
947328517
-1
641236661
-1
641236661
935116385
766828215
-1
572838703
966376037
-1
-1
-1
633317227
628725887
-1
-1
726361913
-1
-1
-1
831021361
546411192
824934106
628150828
-1
813980190
980607054
699510042
-1
-1
677456460
931121293
741352103
874976450
896367242
-1
-1
755320333
794196331
-1
642980211
677456460
-1
-1
655719974
563617812
-1
699207781
820114540
-1
-1
-1
571533785
-1
-1
563748741
-1
978120901
634114960
593241364
-1
832175572
595965786
841459736
864747509
-1
-1
603305531
831021361
-1
957500630
-1
726672376
-1
-1
-1
-1
840374400
594004305
-1
715193094
782362485
823131905
-1
874877863
817777084
-1
600390057
947481185
745538442
831631788
649591351
831120143
576981247
-1
860246119
703470149
688717949
542850699
656669897
-1
-1
-1
941149626
656238659
-1
573738622
856360640
987597158
919573556
-1
-1
-1
-1
826543768
-1
736345033
633149518
714820389
907794226
808594915
-1
726050596
813972206
-1
-1
752502497
-1
625631478
-1
857618592
857438224
796117746
604176749
-1
984517958
-1
-1
538117397
690052032
-1
-1
967155491
829820166
804342529
795578980
-1
571686653
561719822
-1
-1
-1
823131905
595854085
-1
804272600
-1
890264789
622539743
686186409
-1
-1
815633680
689811960
660112130
773468233
860869561
984517958
767944953
984517958
-1
643442915
-1
586988946
665126980
-1
611076455
677456460
631850624
563278319
-1
808771878
-1
-1
945776571
-1
-1
-1
870542655
-1
894547161
-1
902505093
521967555
630313609
723887611
-1
909665893
-1
838968665
862427535
931824886
952385899
669686277
955501196
624396516
881817523
773596280
638127776
-1
-1
836228747
-1
795887320
-1
-1
589811971
829820166
630188809
-1
663462046
-1
615181830
887027303
-1
923170334
774241023
992976585
754948236
-1
-1
-1
589304487
919303712
681736076
-1
966376037
-1
614170715
-1
-1
745655135
805644269
-1
-1
-1
666761874
865927603
892553475
978056432
774300247
935610992
960570849
-1
-1
657453934
-1
649765168
650380363
890811046
-1
612298493
931121293
767449828
563617812
619537959
808771878
-1
563617812
-1
-1
546411192
881477938
826705046
783947321
-1
647283016
-1
-1
761553480
-1
555624726
648406548
-1
-1
-1
659806945
869096801
854009788
919303712
563617812
759397776
-1
-1
774300247
665270486
-1
855229332
-1
630313609
949369473
727689542
-1
-1
972115443
-1
-1
910846221
-1
-1
658009363
-1
801297913
983409194
-1
589304487
784744101
647926934
586988946
-1
588996121
643195610
-1
-1
711684661
-1
556098781
-1
617242875
990006593
637523260
-1
-1
561620432
583688334
-1
-1
-1
564613338
600351069
978810130
831214524
928406082
-1
794605980
848244387
777917780
-1
-1
625631478
728925007
654571456
672291984
706184430
877478306
-1
-1
667574180
639942208
-1
913944484
-1
608175178
822541244
608704894
-1
721372271
673731325
555624726
800382269
-1
-1
986405246
838716299
928333064
917539176
679954496
-1
633149518
815127541
-1
555635327
-1
613638849
-1
597303695
-1
670789683
721827749
549210200
563617812
-1
991536156
896119206
673198154
900445775
678393870
821015205
-1
-1
761553480
-1
575744124
-1
586781829
-1
-1
681849110
-1
672554080
882529931
868879231
825207701
557032500
-1
709215137
631439067
977565390
728345001
746667016
683755672
-1
638127776
-1
785094404
571561373
573723047
684329009
-1
651564761
883567610
549210200
-1
-1
841211585
960865381
794196331
963358073
-1
-1
-1
685070176
-1
-1
626453817
-1
611186277
718118013
663414440
616405393
712020182
969890228
789609149
756680213
546411192
691665507
-1
-1
-1
738405278
-1
872975114
877577238
-1
689059373
549210200
891543860
995312586
766339836
-1
821811855
675821707
928483736
-1
542850699
-1
559056329
857438224
-1
-1
908105376
874447233
-1
753739456
556196616
835539873
788831080
-1
-1
-1
545190523
978120901
-1
652292429
571686653
798840701
832340235
-1
631451277
512297226
734451189
756792516
686186409
684557140
598470858
572100963
732798000
-1
-1
865927603
622592880
686474773
891857446
848945008
-1
-1
807551596
721773777
950561168
890751295
555084433
566676542
673374098
960278607
571845626
673566883
563617812
-1
-1
-1
702066003
799260837
-1
-1
-1
752740725
-1
-1
935791799
642980211
928644159
607142321
-1
-1
-1
-1
-1
-1
-1
960696486
699510042
871046957
542850699
833141819
-1
941486401
-1
755678137
-1
922662263
580668272
-1
763419955
721876789
933581664
-1
586988946
-1
893619094
916555198
622277021
606530147
724602534
681844798
824598891
686477380
756708001
853920388
551401248
-1
689059373
751308526
935403412
617756888
812344852
967830148
933624035
571686653
846865406
587728237
932417813
-1
-1
930473114
721876789
-1
-1
-1
542850699
913507612
-1
952830336
578857794
944500393
834955735
652312315
-1
-1
909595310
692455018
744182132
-1
777335570
873001945
655065556
862262773
813504612
613637713
896103735
510598496
827530024
660140820
-1
956509459
603189501
542850699
711699889
793072766
756792516
-1
-1
613638849
749825939
-1
552967684
659904010
657532981
659806945
788895228
660434553
-1
-1
850016942
-1
597006847
-1
803402169
812882776
-1
925813381
539985618
871948833
600237569
796588619
936268079
-1
-1
812882776
-1
-1
715977814
538466117
665548893
814516159
571686653
572100963
841211585
702434518
-1
-1
720920035
558342511
-1
-1
-1
731337460
-1
757455305
785740249
-1
-1
565024488
751449549
623410745
-1
778630030
572565559
966607330
928644159
882312604
545190523
549210200
-1
707240713
-1
927070762
561620432
837972951
865597425
854789608
561620432
677405328
745459943
677405328
-1
639077311
896731143
-1
721532726
838606710
-1
720935150
888020985
891543860
-1
881699938
862726706
726298864
899403156
998624714
720442721
856767637
786583150
576937981
-1
580668272
792521953
-1
733662556
779124670
901392564
605277350
846000480
-1
637845279
956426940
651266456
781208671
-1
-1
-1
736086159
-1
512839413
542850699
677456460
-1
689059373
845219187
618016722
756491998
862336966
703470149
-1
-1
843425893
565528923
851006643
-1
-1
599287098
-1
-1
784546563
-1
732378736
587728237
659904010
901392564
790917775
632770553
-1
800120785
721876789
597106776
944413342
-1
-1
-1
741569220
-1
-1
591133010
-1
556409303
759397776
696115142
-1
-1
921652917
616716122
846000480
-1
857438224
815184172
870019190
955756163
-1
756472072
-1
660049182
-1
984953225
-1
705789661
998514760
663101987
-1
-1
881477938
726361913
-1
905819988
695776273
829820166
-1
-1
722793952
613638849
777335570
-1
-1
-1
542850699
551401248
-1
-1
618529228
871276142
746456497
728925007
605277350
940451746
812168671
-1
884184486
-1
-1
618709130
-1
-1
-1
776094585
643195610
-1
-1
674291827
556098781
557032500
630313609
970704249
789940183
-1
752446109
949369473
726159462
845219187
619688664
-1
-1
564776165
929345168
658906743
605277350
-1
-1
827430430
618016722
-1
800474704
-1
893237076
671114887
-1
-1
549210200
625214781
894168940
542850699
659904010
596704585
868729162
-1
596704585
-1
897567319
-1
-1
977776566
-1
896644536
563748741
678176490
640209827
-1
-1
616716122
-1
658906743
599287098
-1
-1
817464428
-1
629048753
851187828
-1
688085442
637523260
-1
-1
756140609
680943957
789940183
955501196
-1
-1
-1
-1
703374862
659806945
704663944
-1
898406578
-1
628879106
744956817
673731325
770352424
641023213
-1
653488833
-1
-1
-1
649726395
879492042
695305013
-1
833474905
-1
895937338
-1
-1
-1
-1
-1
549210200
632681566
665266897
-1
648480801
743282869
556098781
659904010
597406092
-1
-1
789609149
813328411
755485092
535177078
743167557
660894935
629815151
663402587
-1
969498378
881833763
872190702
-1
-1
-1
-1
-1
-1
-1
907751292
850471587
885989360
709909257
610928527
-1
564613338
916139761
642432397
-1
-1
979835113
-1
926228954
984798914
613637713
-1
557032500
666848409
-1
-1
-1
907776949
-1
739575027
-1
892553475
957805296
628879106
987180365
556196616
-1
874357364
726361913
-1
-1
571786636
890264789
-1
772849481
937559228
-1
994713466
314550850
557032500
-1
912640311
766339836
712020182
597413672
-1
-1
749825939
823486138
-1
-1
921125848
-1
-1
978810130
556098781
642980211
876681180
580200000
736435996
-1
925959942
929437770
561620432
548919691
869476319
712020182
896367242
987997453
-1
566676542
829820166
673541399
996890018
-1
734413729
-1
711114741
659904010
817254068
-1
564252499
640209827
773401352
765561189
753739456
591336698
-1
598382977
656238659
632849463
-1
-1
-1
851962160
591749746
781184713
-1
-1
424541652
690250971
873001945
-1
889331515
563748741
695305013
695992002
940793031
-1
604599021
-1
-1
-1
750060289
613638849
959588383
669213673
589610873
650117876
-1
965407716
888755139
784900304
-1
-1
802728231
606867113
-1
751494940
674723202
890264789
756981315
787501065
-1
-1
-1
958626982
-1
-1
980309530
-1
603622109
576914658
811715478
779736870
656238659
586988946
-1
890562905
555084433
676830991
765358649
689702123
575115800
883567610
775312042
-1
-1
895991780
-1
-1
-1
898406578
827351795
880117058
-1
-1
756708001
538466117
-1
538443126
811158276
721722509
-1
-1
-1
834124895
735485491
881699938
-1
931577003
580788265
641990060
-1
747450131
795382438
555084433
545980421
853920388
-1
-1
690263880
-1
686927254
827341244
525988542
583623905
-1
605538900
-1
669062828
571845626
-1
-1
583938754
-1
-1
-1
772849481
-1
804486307
957500630
827689853
633034401
-1
921570775
-1
744211449
901392564
808887549
962902392
-1
916139761
-1
-1
577180175
981630700
809981059
-1
-1
896731143
555084433
684776430
891325859
690751027
779736870
-1
-1
-1
856923983
642980211
824934106
-1
735485491
-1
888529070
943613018
822381958
718436993
-1
886396849
822381958
-1
-1
538466117
788054061
761553480
-1
-1
-1
672554080
-1
853265260
-1
896119206
-1
-1
790658653
689197897
-1
-1
747766561
555084433
549152214
654404177
-1
635673541
752446109
-1
-1
809373075
794605980
-1
692169271
-1
802075025
-1
-1
-1
646522819
785951715
924874786
-1
626785663
646522819
878283204
-1
-1
898826308
749848173
689112876
-1
826543768
597303695
-1
818477676
629631742
-1
772849481
606407717
777335570
640849580
605542698
-1
785740249
697815369
816656400
695305013
704663944
677034325
911964354
656238659
591133010
711873160
-1
938008456
-1
832529127
-1
760094375
665266897
555084433
555084433
985386959
566676542
561620432
876948929
-1
-1
558388792
652312315
835580169
-1
878663245
889097021
846217562
-1
-1
-1
966254186
851237943
-1
-1
715271028
652159215
626062043
587157672
-1
841211585
738405278
-1
646522819
-1
598394050
-1
563767140
778348267
-1
-1
854009788
881944571
783914121
-1
907987021
-1
994405534
-1
-1
563767140
-1
-1
-1
957500630
540756501
987180365
772511154
-1
663402587
-1
-1
992678130
591133010
822266246
-1
726997267
-1
992976585
-1
586397427
560342350
775794239
-1
-1
645100962
808771878
827351795
925774723
752446109
622952364
767718140
-1
826199747
-1
-1
-1
494369713
848244387
985871632
-1
606407717
898165596
705411853
844838756
-1
631098212
622561597
575115800
598868213
871046957
-1
978810130
940826975
978920888
-1
979835113
-1
952990329
650117876
747367027
792312121
827689853
616405393
-1
629048753
847127525
854009788
596704585
705723794
-1
-1
615264730
779736870
-1
766339836
631451277
775446586
888083526
779328901
831021361
-1
791757489
-1
726843065
783714110
-1
923300383
-1
684776430
705807363
957511129
571903645
615331109
-1
567958309
-1
-1
-1
611076455
899274043
494996117
851962160
647283016
-1
889277672
910768815
494996117
993649507
537846389
811032799
865927603
709893698
663460329
-1
-1
832103797
-1
690751027
-1
779328901
721113808
-1
-1
719870398
622561597
606432331
-1
939968767
854797352
952159260
-1
646522819
723887611
-1
597006847
822266246
754948236
-1
-1
600635276
-1
816861368
973591146
763036344
-1
800502393
689423523
-1
757079885
-1
-1
-1
728788855
-1
-1
629048753
563617812
663948045
-1
-1
-1
984517958
686186409
672554080
772268892
-1
-1
-1
752740725
-1
712876321
-1
-1
967871881
887121806
579724048
598868213
-1
999093767
825374415
687558999
-1
709032296
-1
-1
599287098
983063405
931577003
-1
-1
827689853
741569220
722793952
558493449
629555272
-1
555084433
653742653
-1
646522819
-1
-1
564613338
-1
-1
-1
750060289
646522819
-1
-1
-1
917284698
800474704
-1
-1
-1
893237076
591133010
-1
896367242
525988542
-1
568225620
-1
-1
610768154
988780301
827689853
615331109
760026805
571845626
861304716
553191434
-1
673541399
735485491
-1
-1
912512167
571614811
607851658
-1
721372271
575727105
764094076
684776430
572404915
832175572
-1
-1
689702123
643687590
-1
659904010
647283016
-1
561620432
762859261
-1
563767140
886398217
674703727
-1
611051579
-1
881699938
990006593
663750005
646592954
933581664
-1
-1
555084433
-1
597006847
642980211
743167557
709670745
881396276
586988946
804562202
923920722
-1
726050596
801559521
874877863
-1
633149518
631098212
-1
-1
538443126
-1
-1
826484041
-1
691319691
-1
832175572
-1
-1
580803521
954664752
-1
-1
772849481
-1
-1
862262773
855491556
704970673
963298752
741459159
-1
-1
-1
-1
591133010
572573989
790658653
687384298
555084433
694783632
-1
-1
966376037
726005606
980012665
-1
-1
-1
727742604
970704249
938776815
665770073
-1
-1
746456497
884205058
-1
690263880
780192767
-1
-1
-1
-1
989193764
996890018
704663944
542043656
621748030
709893698
-1
882021317
-1
-1
871046957
602517511
874976450
828476959
627453377
788857138
-1
-1
786236432
-1
823131905
733326476
-1
892061992
-1
952619283
-1
563748741
704256593
-1
-1
-1
721532726
737097932
613638849
726005606
990889975
701557599
770352424
709670745
576478861
-1
676055748
826008898
-1
583717896
976265791
996094758
858247128
-1
-1
949847164
586327393
-1
-1
680867067
-1
902126172
625284776
-1
621258067
-1
767625152
798310820
825131990
-1
-1
550105305
690637493
-1
776094585
677427794
637755932
566676542
764094076
663948045
647115224
698994409
726143127
568266748
623934732
579144726
-1
956426940
721042656
944106750
-1
985340773
534835058
-1
902701710
962675210
758938401
629048753
-1
563767140
801297913
998438449
669213673
-1
888515064
612472125
715733949
547607985
-1
-1
-1
-1
-1
-1
546411192
534835058
999988046
753739456
587157672
-1
745029717
910598598
812139272
537664543
762859261
-1
-1
-1
-1
-1
-1
761553480
886030040
631835844
597095092
-1
-1
652759999
813291334
-1
-1
-1
780756616
790220264
983063405
757133704
529783731
733662556
871446484
642980211
812139272
687545007
-1
-1
705807363
622929983
935177838
-1
876681180
-1
-1
-1
722793952
-1
-1
619583484
916464983
563767140
662899941
627453377
798500194
725913759
643952973
-1
649684054
756680213
876906669
711131443
-1
-1
886030040
-1
598382977
610928527
775446586
-1
-1
-1
592062977
-1
598382977
703012477
-1
804486307
756981315
-1
648480801
866468965
-1
993051996
585706002
709909257
-1
985386959
-1
561620432
642158193
668663874
681371261
786273275
819480988
597095092
736086159
730467573
726050596
-1
-1
-1
862336966
635673541
655065556
519587180
925801263
699946823
564776165
-1
886398217
939968767
-1
586755125
-1
-1
637188824
948197873
727892674
687384298
-1
774300247
616716122
944500393
657778705
-1
847268879
-1
572573989
922605907
947458154
573972015
707187753
675821707
-1
564213406
756909764
752785478
737558782
-1
-1
-1
-1
629048753
767625152
681729099
791464142
860804136
716305709
817464428
838824699
-1
945787423
596704585
571561373
-1
665270486
824603108
750060289
-1
597006847
947458154
640196495
-1
-1
591133010
872066482
646522819
-1
722362847
595965786
698763485
-1
-1
592848981
914013711
774300247
723338846
628458843
-1
860804136
680943957
672554080
646592954
596704585
646592954
746199442
736086159
610768154
575596004
545190523
-1
-1
817866251
944681228
-1
-1
632645160
954664752
736207095
790147660
-1
965476546
641096349
646522819
895937338
816782364
-1
-1
-1
947481185
582672240
-1
700021696
733326476
602930075
663101987
995312586
-1
-1
-1
-1
884184486
900994829
613638849
893922386
893619094
687384298
-1
638844014
-1
585908408
596704585
796183536
780756616
902417022
-1
928085054
917365909
-1
965407716
-1
-1
-1
-1
-1
663800409
-1
-1
-1
564613338
-1
763106555
-1
869013803
-1
798565813
741569220
686477380
563767140
720413031
-1
-1
558799527
889358284
856923983
595965786
-1
761553480
-1
549133603
949573227
-1
597150535
957843108
-1
-1
625553158
881833763
-1
649726395
-1
-1
-1
-1
916347219
779736870
773858949
810108129
950449593
-1
855491556
799517898
-1
-1
977565390
-1
913507612
-1
-1
991317477
673541399
775821421
-1
754948236
813870964
-1
-1
-1
-1
736049775
-1
-1
-1
-1
687753922
-1
660140820
-1
683671549
845219187
-1
876111311
-1
804486307
928905803
-1
-1
620142577
-1
893420513
750060289
-1
783794110
765494491
722793952
-1
767449828
616856937
820459143
791818046
592062977
545190523
-1
682785879
929437770
-1
-1
994405534
-1
654571456
-1
881699938
820956759
-1
918060938
-1
-1
572565559
850016942
-1
616519022
-1
-1
-1
-1
-1
625553158
-1
884918672
903085802
880143340
-1
801283313
606311229
-1
-1
-1
600310899
-1
645920894
732377946
649684054
790478422
642158193
-1
-1
-1
-1
-1
645829579
-1
936912277
882120341
723357637
760843496
551356729
-1
-1
-1
-1
-1
-1
782120796
-1
794856960
641707005
-1
646522819
949369473
548919691
564887346
564613338
-1
870197227
-1
-1
-1
918435472
-1
638766035
891325859
-1
-1
640209827
853995134
597006847
767041509
-1
-1
690856131
655256802
-1
-1
631439067
-1
605827605
-1
-1
655065556
694819621
926228954
723321438
659020756
651564761
-1
592062977
-1
-1
867029468
694323507
825105217
873001945
616519022
-1
-1
-1
797183598
563426703
-1
-1
-1
-1
-1
597150535
-1
-1
620305027
795365649
-1
731270737
672554080
687559097
-1
702152180
-1
633549350
-1
-1
-1
614955893
-1
731127147
690002722
939968767
695711632
817848994
760094375
-1
-1
993042667
621258067
882081001
999988046
653488833
-1
-1
-1
777516425
-1
572573989
-1
900258808
987180365
709215137
839418282
932417813
648480801
771713027
583938754
811715478
673116238
962675210
-1
845256584
638333004
784407403
612043926
604048877
-1
563617812
743282869
-1
575727105
756680213
598382977
695711632
-1
-1
946408933
722362847
723700112
949573227
797183598
-1
899118423
687292899
-1
-1
972563133
641513721
996475352
560125815
760886177
825663549
831729812
718742203
-1
-1
-1
611256702
695305013
-1
-1
736086159
980012665
-1
752502497
696132468
640209827
-1
-1
929135266
640209827
684635815
-1
556409303
-1
793676738
592062977
665655394
-1
872190702
530221498
797183598
639077311
991204432
660434553
759381603
-1
886030040
-1
-1
702014963
-1
832103797
770645685
811759808
970399069
747285628
886153791
777171159
563278319
-1
592062977
779328901
-1
-1
791133795
651564761
836228747
946856136
763825044
-1
-1
-1
986122167
-1
709032296
927501743
695788970
668762772
-1
-1
823131905
646522819
715271028
-1
-1
702522435
705807363
-1
728925007
-1
705807363
-1
-1
-1
610768154
550300897
886053757
646442446
-1
-1
-1
848149103
-1
881477938
586397427
-1
661991616
-1
-1
-1
-1
816378590
663462046
721718600
578701979
562250205
447521174
-1
-1
940793031
-1
680867067
969419693
842118596
770236889
549210200
-1
-1
673566883
854009788
-1
603305531
886030040
690726587
972819184
928905803
687384298
913062663
572838703
-1
760094375
710433609
-1
787843649
591080028
-1
831574850
646287414
-1
761553480
-1
548919691
994405534
-1
711621640
928644159
-1
-1
-1
-1
-1
943703380
549210200
709800651
709909257
818264703
-1
-1
809373075
-1
695305013
-1
-1
723887611
707620693
-1
832175572
645868157
972115443
876174791
-1
-1
-1
757079885
-1
742180214
549210200
-1
-1
819037147
825010361
-1
655954295
-1
954236119
-1
792376655
549221511
-1
597006847
655954295
-1
779736870
-1
698025199
560125815
-1
673580594
-1
744956817
-1
865670542
782391357
560125815
751700429
751449549
550300897
-1
882177086
777456118
607728144
668784852
-1
724972697
643264509
-1
855491556
637600507
797183598
834273479
917539176
823131905
616405393
871046957
568469690
987597158
771934192
-1
-1
956509459
813174905
761580938
808771878
569537808
-1
752604324
657046497
998889482
949916804
-1
-1
-1
-1
637600507
739052907
888621625
580539652
579724048
731648350
938968548
784744101
893420513
798840701
552882100
-1
718118013
-1
593620057
739981063
-1
756317090
902480319
694323507
640209827
737097932
996270289
820956759
814516159
718321022
573723047
881699938
542850699
665126980
546429503
-1
863579806
-1
-1
-1
-1
689680506
870384403
695305013
690751027
696997784
560125815
813432684
-1
597006847
560125815
672114898
855491556
-1
540756501
-1
-1
902126172
723321438
625111647
-1
805485385
728925007
707652118
925813381
-1
806804680
942516143
-1
-1
-1
903719807
922662263
814516159
659904010
690751027
-1
853995134
616716122
507626933
917365909
-1
639077311
549221511
578810984
801227452
629715100
933624035
-1
-1
-1
-1
610928527
991322128
672114898
922459606
-1
948197873
549210200
580575291
683531656
564887346
944888852
-1
560125815
590401651
907776949
-1
-1
-1
698025199
-1
656258883
-1
835608827
709670745
549210200
781176211
-1
-1
-1
963868830
860804136
-1
-1
-1
749825939
678989707
-1
656117506
-1
697563325
967600617
628150828
834952022
-1
641377832
758656166
-1
687384298
857995821
-1
979680501
726050596
-1
-1
620615945
-1
644016787
765561189
570501967
838374454
787860794
930499367
866075947
867748364
-1
691665507
-1
-1
775533960
696222469
563617812
888020985
-1
938163692
938358541
-1
-1
708621511
-1
-1
663800409
-1
-1
-1
-1
909417782
563426703
629631742
926268415
-1
881817523
747650279
564776165
659020756
576913990
748942921
845219187
-1
694605829
-1
-1
855491556
-1
-1
761899505
792573505
620142577
818932142
-1
855394346
703208388
-1
-1
982740895
729869170
716305709
-1
-1
876982589
548394511
563617812
-1
-1
-1
-1
734723884
-1
-1
720413031
-1
837822178
-1
-1
-1
775446586
673566883
978920888
-1
568035847
718240836
-1
812882776
777456118
-1
812865035
606867113
584018585
654235221
946408933
632441797
663414440
640891905
726672376
650117876
-1
718240836
727896507
902417022
-1
597406092
669328762
556196616
653742653
793072766
-1
547411450
752604324
-1
-1
560125815
-1
871023703
-1
596309379
837822178
812882776
830177494
828855069
556237072
-1
-1
-1
752958637
-1
-1
632470758
865744771
736049775
-1
-1
-1
-1
-1
717414631
997800394
-1
754044460
826008898
-1
-1
784717508
884750519
550367040
-1
-1
-1
-1
-1
-1
568266748
556237072
-1
427313031
-1
-1
-1
832340235
-1
548394511
-1
605338336
960696486
-1
980309530
663101987
697815369
835098108
-1
878643928
-1
-1
663460329
834528109
-1
-1
979488520
922662263
-1
-1
900258808
748415560
597852268
-1
-1
-1
-1
-1
-1
-1
659904010
603189501
-1
931333129
752740725
-1
669851420
765271919
698025199
606407717
-1
883567610
-1
707620693
831574850
748624879
665655394
879555758
798265580
-1
-1
972115443
507626933
788940660
773858949
556237072
814394967
-1
560292012
-1
-1
634555756
736070255
-1
938008456
850753382
-1
757335002
916462429
707620693
772849481
606407717
-1
721773777
780799120
799839018
993469100
-1
870197227
-1
898406578
527752219
583938754
615070923
-1
-1
736688356
933624035
640891905
787860794
685085056
-1
627060332
801748708
640891905
-1
-1
933243120
-1
640209827
594892717
-1
868879231
640209827
-1
659904010
657763894
-1
806396001
-1
-1
550105305
753025813
756522998
-1
665201903
-1
764692597
917284698
646287414
-1
-1
-1
-1
-1
851338732
783914121
735650436
-1
779328901
-1
647115224
636640663
635605447
-1
779744170
932289751
720442721
681371261
721961943
-1
-1
783914121
-1
-1
580910002
591726179
823087973
617756888
636991337
726672376
-1
556196616
-1
-1
-1
946046683
-1
556237072
767625152
711385281
-1
605518967
-1
672706448
951038115
629048753
-1
950355999
726672376
-1
636640663
591726179
556237072
571561373
709032296
752451157
-1
610768154
-1
-1
753025813
-1
-1
652056051
818691806
-1
900344291
631242387
818264703
-1
702989200
568266748
560125815
721773777
496223468
939199917
978454889
851187828
792077781
598382977
633317227
-1
827203165
653214216
596605633
963777852
659020756
694605829
662579651
-1
-1
-1
-1
653742653
974720164
672706448
569373594
611256702
-1
998624714
655896860
751826604
752901087
788873171
983031053
877154964
867795776
790377057
-1
750060289
-1
-1
690751027
725308603
577652088
805797308
629048753
-1
-1
783914121
656534668
562689608
832175572
584018585
-1
-1
805713837
653759587
687475422
674685418
971515257
-1
618326048
560125815
-1
560125815
833178322
-1
584640955
988695670
-1
756861253
647115224
-1
756861253
-1
783914121
-1
900445775
-1
-1
-1
831271516
823131905
589725080
962725836
556237072
-1
563617812
-1
-1
-1
798565813
591133010
589725080
825374415
813291334
606867113
-1
894063562
810229650
746805878
647115224
-1
672706448
-1
-1
-1
555607297
-1
962902392
-1
-1
655065556
744666305
-1
858450469
974751086
826930254
-1
-1
872190702
-1
610546649
815633680
851466658
907751292
780756616
775523823
853807778
522491356
842732714
-1
995934901
750060289
723890729
-1
813432684
-1
861418725
892504224
-1
-1
-1
811004157
-1
-1
818477676
768351829
704256593
999988046
-1
589725080
569373594
631439067
-1
-1
792573505
733495821
831450340
897460727
-1
-1
810158347
732315564
-1
744946450
545414059
-1
540756501
897567412
-1
700091280
926761755
883567610
-1
-1
930473114
-1
846693187
-1
650380363
-1
522491356
768696264
560465944
-1
779302091
943590426
984517958
-1
880143340
560465944
-1
918790233
623335401
972803618
820956759
-1
-1
983063405
-1
-1
-1
709215137
813174905
-1
-1
726672376
826930254
-1
890751295
930473114
738051538
-1
539985618
909112299
-1
556237072
-1
715381882
-1
563278319
606867113
-1
-1
-1
686186409
-1
522491356
667819098
-1
726050596
-1
-1
-1
-1
-1
829820166
741569220
892958218
896644536
-1
712170994
793072766
-1
560125815
-1
-1
684841194
556237072
733703268
950561168
947463667
794080671
-1
686475683
-1
629314006
639077311
861798020
900258808
580910002
831286538
-1
-1
-1
733326476
933501589
545980421
618854341
577836585
616716122
632539728
-1
-1
744956817
-1
-1
788831080
710368474
-1
983903239
972066488
-1
673374098
-1
898826308
709670745
551683818
-1
726731524
886030040
777456118
685070176
540756501
894310545
672706448
706714245
705818169
556409303
347242532
-1
895552820
912080015
-1
558493449
845721422
-1
-1
571908127
606407717
794693939
-1
-1
-1
-1
-1
610768154
-1
616856937
639077311
778813863
733326476
-1
892553475
563278319
997800394
657558542
792131008
-1
-1
560465944
801559521
744520596
795365649
-1
621920097
768747829
751266280
578701979
-1
-1
786273275
654235221
780756616
613728359
628879106
631759546
586988946
613083170
937491567
-1
621822493
880585333
891859308
657046497
733489806
683813392
-1
981331911
657763894
709670745
832764281
752446109
917284698
-1
-1
770663709
-1
642158193
-1
646522819
583167696
-1
-1
892958218
-1
-1
944106750
933569952
-1
-1
702213736
547411450
-1
691319691
-1
-1
-1
718048453
723887611
-1
733326476
-1
718240836
-1
564498113
659020756
989119287
-1
-1
587909736
641990060
-1
826067635
-1
-1
-1
652292429
913152712
-1
-1
-1
-1
-1
873184360
934410113
940451746
802496353
992509476
535294546
933501589
727023824
640891905
578701979
-1
-1
-1
819737907
616519022
842644063
-1
525988542
522491356
-1
881477938
560465944
632770553
856214235
732015497
586111347
751266280
665548893
680943957
808882787
561793804
-1
826067635
642954952
600390057
742745372
764692597
-1
-1
-1
-1
799260837
-1
-1
-1
613204403
-1
-1
930473114
834508589
640196495
999004796
728977020
-1
-1
797183598
742649351
751266280
970704249
-1
893229123
817043062
852839312
608691386
846000480
-1
863579806
-1
778202779
742418218
821216600
868536381
986291406
974087837
-1
-1
592474307
729367916
-1
-1
-1
556237072
760377477
-1
785596393
730963087
-1
-1
-1
956509459
758680514
799839018
-1
556237072
643442915
-1
794382199
-1
-1
801227452
616716122
-1
763906693
851187828
960090985
-1
550300897
669609974
933422671
789906310
-1
852839312
800382269
560465944
-1
680728514
983106204
-1
707620693
892958218
705772663
890751295
-1
720261446
-1
775446586
-1
892915459
575709472
955756163
794856960
-1
-1
632470758
759381603
-1
854009788
778348267
522491356
721961943
779180575
973337054
-1
586988946
819687070
639378136
579437078
770860614
993319244
-1
-1
-1
919573556
-1
-1
-1
733326476
-1
-1
-1
794196331
615796014
-1
750060289
821216600
750060289
-1
-1
-1
-1
784779340
-1
-1
577836585
-1
552549848
995411767
634605279
-1
-1
682949287
-1
935299352
526701733
-1
923498024
758815289
930270542
-1
-1
647510755
-1
-1
-1
-1
591730871
827689853
-1
697444678
997840177
569373594
646592954
751036006
-1
765585541
-1
977565390
552027998
-1
-1
638766035
-1
-1
870151704
713933425
640891905
848945008
999402346
737423815
835828867
729489953
872359587
833178322
701310609
851187828
-1
633091285
-1
626091547
752451157
779736870
697077520
-1
584018585
607851658
938776815
683671549
787481993
-1
-1
989829107
897567412
843624417
768747829
709800651
589975504
642219680
750985503
801468944
758815289
609504750
552549848
-1
-1
825207701
826550457
962902392
-1
663151197
-1
777366758
632900043
-1
-1
956868645
707784992
615331109
928644159
-1
-1
-1
737097932
-1
868879231
-1
910261943
551683818
579437078
-1
-1
746667016
-1
685843048
-1
807205588
616716122
556196616
573080986
-1
-1
-1
511750371
-1
752604324
875812074
930473114
-1
-1
944888852
874235196
-1
677426099
622257865
-1
895991780
923595852
-1
851237943
760026805
-1
869883132
550300897
-1
-1
907869732
-1
-1
-1
-1
-1
921652917
615796014
-1
750060289
606432331
904977212
642158193
717265892
-1
-1
825207701
759381603
-1
-1
-1
-1
-1
712020182
678195960
786273275
652159215
621920097
-1
-1
615796014
913237893
-1
701908548
819737907
770711887
-1
-1
591133010
-1
799573013
-1
-1
585908408
735278690
754240701
-1
802754306
-1
790478422
-1
692307114
802667375
733326476
-1
630092666
-1
-1
612156455
642432397
623027482
-1
872134987
960696486
-1
-1
522491356
-1
685357064
-1
864182035
-1
711557124
-1
621920097
-1
799878699
790564235
721075403
957843108
711873160
643687590
899891185
-1
-1
-1
691319691
685030592
-1
702066003
747951772
819687070
-1
-1
560465944
711385281
-1
747951772
-1
-1
-1
616716122
744520596
550300897
633218656
890699950
-1
-1
-1
809851409
627060332
771934192
606407717
742465273
-1
-1
553520603
-1
-1
-1
709800651
844838756
-1
635673541
746621878
-1
-1
-1
-1
723890729
825009342
970873936
649396992
745029717
-1
823131905
545980421
-1
851187828
-1
539985618
597906596
-1
-1
-1
-1
763766598
784900304
-1
882081001
-1
-1
631072990
978120901
595125081
-1
569373594
611501346
579724048
757590301
633170834
631596477
813860863
669686277
704202506
804684363
-1
-1
-1
850997753
-1
560465944
886727263
-1
-1
684635815
560465944
-1
597906596
665452628
864747509
605542698
-1
-1
754044460
930270542
896192625
629631742
751266280
-1
639786361
547607985
549210200
-1
-1
705083919
-1
966026789
999099416
926268415
522491356
706205280
-1
-1
-1
-1
913507612
-1
592597232
851237943
863579806
801392640
813504789
957317398
-1
-1
881477938
932417813
970704249
665126980
629584524
616214794
862336966
-1
-1
-1
890459696
939968767
-1
547411450
851187828
-1
791706419
-1
603189501
-1
763098154
705661709
-1
-1
-1
-1
892958218
569373594
740298795
-1
723482738
598382977
-1
522491356
640891905
617180091
639378136
826930254
-1
802754306
-1
-1
560465944
594363534
945322493
-1
668552251
-1
-1
714277868
606407717
987345661
963298752
633686047
715977814
-1
831975404
716403529
861304716
-1
-1
825582581
-1
602250647
550105305
653742653
776521687
-1
640891905
-1
836031464
560465944
-1
-1
-1
970468842
-1
-1
620233245
-1
951871741
912080015
-1
-1
-1
-1
839803047
923595852
830205170
783714110
-1
669609974
901937372
-1
956640471
672373930
-1
607175600
647510755
695821630
-1
872134987
-1
897574260
685407062
903142827
646522819
998313056
-1
707016513
-1
-1
925597015
995312586
-1
639077311
715977814
-1
878031362
675647404
633218656
772511154
-1
898630827
765198260
870542655
-1
549210200
654113422
511076391
961648901
641096349
-1
-1
-1
-1
-1
684635815
-1
-1
710818815
959588383
546429503
-1
987779805
599097888
603200744
-1
936273517
-1
636535370
705807363
705266426
972592985
-1
788255898
-1
-1
-1
723073203
603185852
806804680
637845279
765358649
834952022
-1
704458588
584100129
-1
-1
-1
903719807
-1
959588383
687292899
900994829
737097932
794196331
824934106
-1
980410427
715381882
839324582
792131008
598868213
-1
560465944
729210176
616716122
611621860
-1
887115396
939968767
820114540
736267371
864097461
-1
-1
-1
605338336
-1
650117876
717414631
629584524
825182676
-1
589347344
-1
680943957
668552251
580910002
949369473
757133704
978810130
586781829
723073203
-1
-1
780848675
712170994
672114898
804694412
535397745
-1
-1
-1
-1
-1
757133704
888353070
707620693
-1
-1
545980421
-1
767041509
896367242
700090783
596358561
777335570
725571685
-1
879555758
-1
-1
-1
-1
797183598
-1
-1
978447780
-1
697563325
-1
898826308
774300247
-1
913095439
775523823
-1
-1
539774493
851237943
-1
774300247
-1
709874193
818477676
795602854
587770427
537846389
-1
-1
700709688
725620200
992532733
772636533
897567412
-1
-1
709215137
726395133
-1
763825044
-1
553296494
793072766
694954168
560465944
635613825
889331515
-1
-1
-1
868729162
-1
-1
650407687
-1
631072990
560465944
-1
839324582
-1
640891905
791464142
863579806
543760161
-1
707784992
818264703
978810130
709394829
868927060
-1
545980421
-1
986507442
-1
-1
685597165
-1
-1
-1
934365400
650789402
-1
-1
709394829
793063926
-1
694605829
-1
-1
689680506
-1
958078547
703305082
993042667
-1
723390955
520602477
-1
939968767
832677274
972380483
791954655
557829983
935338216
777335570
651854437
-1
-1
611501346
682785879
555607297
-1
949847164
579624890
867029468
-1
876681180
697563325
761689716
690587275
-1
-1
702100107
-1
790377057
902126172
698229002
999396682
-1
-1
869388572
660112130
-1
-1
769344720
599287098
-1
-1
492655176
-1
719666322
631297280
615796014
667621232
-1
748815375
689423523
616716122
795431213
641025747
494097957
-1
678588230
926266983
-1
-1
897567412
-1
-1
-1
-1
-1
963868830
-1
984405954
626788787
637523260
-1
-1
724972697
709175227
763419955
944039834
538466117
977776566
684635815
539774493
853563917
814516159
531747471
922446878
899891185
998454528
629564382
540756501
938533312
-1
757590301
833178322
925813381
629048753
-1
711566909
978810130
-1
996630985
690587275
564776165
716403529
946639565
883567610
891857446
-1
668968368
900258808
817254068
640196495
611501346
-1
659622734
-1
846000480
581117150
993051996
-1
-1
-1
-1
802650420
947463667
-1
560125815
-1
594401934
-1
629048753
845430735
911379203
997800394
792573505
-1
628827512
808825078
-1
942817905
941766986
584100129
657919147
729210176
831975404
551683818
687384298
-1
-1
744636740
-1
886935532
549120413
-1
560125815
711385281
977565390
760553200
794693939
602449732
566943776
-1
794856960
788746699
-1
-1
877086682
768876847
-1
684635815
749825939
-1
981261197
-1
663900620
744520596
-1
-1
-1
752740725
-1
867931163
-1
863977897
935600797
-1
793072766
606186377
-1
-1
792131008
660112130
-1
759557880
-1
962627487
-1
754415681
-1
-1
889374455
-1
604677478
924738499
-1
-1
-1
591133010
-1
803053438
-1
723357637
849127131
633218656
-1
-1
637600507
-1
-1
649857789
818477676
-1
647155890
792157316
860869561
709800651
-1
974087837
879780300
598382977
-1
706205280
639378136
959588383
792376655
923300383
723519900
-1
-1
638766035
626091547
-1
-1
725129729
813056116
720018084
712053090
-1
936503579
855093827
715036804
980358656
-1
797036965
682665479
563278319
728977020
877570272
767408575
-1
-1
-1
802754306
-1
722016332
861210032
547411450
-1
717801928
892504224
-1
-1
-1
-1
586397427
867748364
750060289
-1
834332952
-1
913237893
-1
-1
-1
867747919
674484548
-1
998313056
-1
-1
-1
871046957
726658502
-1
632304973
-1
-1
893838271
-1
958954645
888643688
998624714
978679758
615796014
-1
841118249
-1
-1
560125815
-1
886396849
932417813
-1
785167348
840816952
560465944
978120901
-1
-1
-1
682110581
616214794
-1
-1
-1
889486520
711557124
-1
-1
715036804
-1
677098637
-1
527005585
550105305
605622804
737097932
813056116
531747471
931118735
720413031
-1
-1
-1
-1
692455018
-1
-1
741105447
-1
720413031
804522616
-1
957500630
843530515
978120901
-1
806007622
545190523
746480771
-1
938519040
-1
-1
958286198
-1
-1
646287414
671303258
-1
703305082
-1
669092010
578701979
-1
834952022
643763756
596850325
815746442
994405534
-1
785094404
811004157
804694412
-1
617756888
688717949
600635276
712047154
827630549
776071904
800130617
742180214
-1
679596436
-1
810917946
-1
-1
611256702
-1
-1
507346327
-1
-1
916206827
553530597
937491567
-1
-1
-1
-1
-1
-1
-1
-1
-1
-1
637523260
910001435
683813392
-1
605338336
673541399
866168290
709800651
720413031
-1
633686047
957500630
622061798
-1
710818815
-1
756985596
904451230
665996108
-1
611327865
-1
-1
750475320
531747471
-1
-1
624339683
554447028
802496353
593558382
-1
498914032
921452607
752451157
-1
-1
-1
870384403
553530597
990006593
615796014
-1
-1
721532726
820956759
646287414
822466467
801468944
760026805
903449070
906811267
645505762
-1
620721090
-1
595430102
672706448
785167348
672050893
-1
-1
527005585
852668924
-1
-1
-1
752740725
706205280
-1
-1
720314249
-1
577836585
957310906
-1
-1
783884377
583623905
881477938
926737468
813328411
677098637
786531702
-1
-1
-1
575287874
-1
735650436
594954490
933624035
724972697
-1
808771878
806396001
741667225
737423815
-1
697563325
-1
-1
681736076
801748708
844129731
-1
665201903
928483736
-1
574582303
847484195
622679545
815746442
711621640
-1
633366414
733010149
832278880
-1
622727320
-1
-1
874877863
904759802
-1
834925826
-1
-1
-1
-1
-1
733326476
871046957
-1
795647912
633686047
588683687
-1
721066405
711526693
828291652
-1
629048753
874357364
599097888
583728465
606407717
659904010
603305531
-1
757426569
617640711
784546563
896192625
880143340
-1
702522435
-1
-1
836228747
978056432
-1
819687070
-1
626091547
-1
-1
-1
-1
817812419
-1
718501406
-1
-1
722793952
624914592
-1
914013711
893237076
-1
868879231
609432319
777456118
558462161
801748708
-1
-1
-1
578701979
-1
-1
945054708
-1
-1
577836585
953455451
-1
817777084
744182132
898549851
691991418
705083919
602797755
-1
756697369
549120413
632470758
-1
-1
657205559
699844076
-1
602217186
-1
-1
848620970
-1
-1
881477938
653759587
749825939
721532726
671303258
583728465
-1
756140609
687558999
718321022
715321972
782687583
709800651
-1
753341373
798471457
737125365
707016513
709800651
639956557
899891185
-1
712170994
874877863
527005585
-1
858287327
-1
-1
575287874
940215534
697563325
806396001
945787423
-1
540756501
867131107
-1
-1
908105376
786224430
729367916
605518967
657046497
-1
-1
596605633
632523571
835204363
746667016
715977814
-1
757876663
-1
736813438
494097957
-1
-1
-1
746480771
720466151
-1
-1
-1
-1
735018835
972066488
-1
715977814
647115224
937491567
-1
926737468
898826308
-1
-1
640780557
-1
-1
815184172
870542655
-1
-1
-1
650789402
-1
583728465
702989200
-1
862023283
723700112
641611599
732049765
847940343
-1
720314249
-1
-1
962902392
626788787
748170458
802496353
629564382
947463667
974676260
761899505
-1
501690311
647013653
945378000
694605829
583623905
-1
-1
954664752
-1
-1
850751941
-1
781176211
-1
644896233
-1
629048753
539774493
672114898
781247716
673374098
-1
-1
879351476
-1
562250205
891857446
893746838
724284582
-1
592597232
-1
980513277
-1
527005585
-1
-1
557854217
-1
-1
-1
-1
602217186
-1
606407717
985386959
624743723
857618592
783714110
639378136
657763894
728925007
710818815
-1
-1
839257590
-1
672399154
841717105
879780300
-1
-1
768096546
539774493
569613573
539774493
-1
672399154
-1
744946450
684635815
659904010
-1
-1
-1
-1
-1
672399154
801468944
-1
-1
644080915
977530470
756909764
-1
586781829
601627933
-1
805966338
-1
488330817
-1
744399179
-1
703455332
840816952
735616903
825374415
532911995
-1
931118735
-1
-1
777941381
-1
892915459
737097932
-1
-1
828684720
932182835
947128715
937663184
966920745
-1
839318325
617640711
629584524
813972206
731048141
649469689
-1
717414631
635699473
-1
806203441
776176651
944212119
812882776
791818046
-1
726050596
611076455
683671549
526808163
978810130
725571685
697444678
650764892
754021348
-1
531360667
-1
617640711
844842145
-1
-1
-1
-1
628927557
839324582
844858500
925801263
505508000
985340773
810108075
940202686
586755125
665126980
819687070
672399154
770621811
-1
-1
-1
558462161
774300247
733703268
763766598
669483802
945776571
938533312
889374455
919047393
715036804
-1
545980421
978810130
-1
-1
-1
531360667
744520596
553772051
642980211
638050692
702213736
672399154
633218656
-1
-1
855482448
706826820
511750371
-1
966920745
-1
-1
-1
-1
973766164
-1
848543173
653214216
-1
807479234
771579094
-1
-1
-1
719870398
-1
655065556
639077311
842732714
-1
751815944
978050349
984517958
-1
-1
-1
855287220
725571685
640891905
828684720
-1
659904010
994103599
911379203
720413031
-1
783027358
640849580
990006593
-1
689197897
517707215
709315154
717414631
848620970
-1
-1
972012626
837891870
828291652
889486520
751815944
831021361
-1
-1
691991418
605338336
999396682
728788855
921506910
-1
677053303
-1
696360043
-1
659904010
-1
-1
740675082
-1
738721436
547411450
-1
978296623
539774493
582672240
684841194
790377057
874877863
-1
603189501
634182655
-1
-1
-1
-1
780848675
565869394
-1
-1
834099829
916139761
-1
632173216
-1
867795776
569537808
633686047
649726395
846217562
586740087
978278820
-1
-1
-1
638050692
823131905
916139761
649469689
-1
625584288
930473114
791802878
-1
-1
-1
539985618
-1
741680151
760676801
744647374
640209827
-1
617640711
-1
-1
645483878
752446109
760202589
724333857
-1
-1
-1
-1
851364659
-1
721042656
580910002
602797755
771430648
984405954
-1
623566711
676938045
551699036
722793952
665995082
555843399
913237893
768529953
711557124
-1
906260917
-1
-1
757068190
790003438
711557124
-1
813972206
700453096
-1
758680514
618976343
709032296
880143340
580539652
933624035
-1
-1
633471087
-1
974751086
652544121
-1
556196616
-1
861612120
-1
-1
759397776
534458591
873001945
-1
594892717
949369473
676144135
-1
802292498
-1
770621811
724482656
933624035
527497064
-1
558493449
726731524
716403529
709175227
-1
832652333
935788710
832564624
763866612
807038611
-1
976360612
578701979
893420513
-1
824721243
930473114
-1
936503579
605614581
-1
-1
-1
743878398
578701979
528670175
883679662
547411450
874791815
936226281
786273275
608789845
-1
573593764
549152214
657404946
-1
-1
706714245
-1
586781829
751826604
-1
521967555
865353880
-1
757426569
755678137
795725961
-1
-1
-1
752707428
598868213
761689716
551356729
-1
-1
798656415
986275230
898165596
640849580
709893698
-1
558462161
880143340
-1
-1
959619138
-1
733703268
678345986
-1
-1
633317227
-1
693641403
631439067
629555272
742953531
930270542
665408164
936273517
-1
711385281
-1
-1
-1
-1
947458154
-1
-1
-1
989193764
-1
754186531
690751027
-1
-1
545190523
659904010
620250509
-1
504856257
568503439
-1
-1
-1
872134987
-1
986122167
660112130
690410642
922459606
-1
895552820
-1
701051750
777516425
547411450
576981247
654571456
734858390
589874169
682110581
976360612
-1
-1
511076391
659637622
-1
-1
539985618
-1
554447028
640849580
798840701
759894500
646787823
-1
-1
995879220
662272623
744069966
-1
693666767
705807363
-1
-1
-1
-1
-1
792978620
-1
815633680
797270383
913625871
539985618
-1
688848131
625994839
603185852
-1
672173091
-1
814320876
595893028
-1
620031079
604007783
-1
634605279
-1
659363314
659904010
-1
-1
749825939
831271516
-1
-1
597852268
-1
738226688
702310274
710822112
620721090
972563133
897460727
637711802
-1
680688649
595216386
899164167
-1
672173091
-1
-1
876111311
-1
689197897
488330817
749766822
-1
820956759
626091547
720413031
-1
893420513
641318631
652675595
-1
-1
892455458
-1
938163692
-1
-1
549120413
-1
837149492
711385281
827880096
-1
-1
-1
721372271
687558999
-1
-1
938071687
722793952
813328411
577214475
911223782
685860545
-1
-1
751994849
-1
775509841
732049765
-1
702213736
850753382
669901646
811437806
944172183
989829107
868536381
673374098
586802188
707620693
-1
693650835
606407717
736267371
577652088
731921891
648649705
832764281
610254137
987255669
732015497
886030040
-1
856043231
-1
857777805
-1
918942072
708621511
669908625
880143340
897548997
-1
886396849
709175227
-1
436404253
949261910
-1
-1
936384220
709394829
886807766
999988046
596605633
634102078
-1
-1
684635815
-1
665995082
769039609
-1
-1
691126733
774300247
786301771
760094375
578701979
-1
-1
940215534
654971587
605338336
-1
-1
-1
-1
659904010
929437770
663800409
558314365
-1
-1
-1
-1
948269686
970399069
852054513
-1
757426159
611621860
572788032
-1
735278690
697815369
687384298
583988247
817372199
970227494
-1
-1
-1
587704214
-1
892553475
938163692
860804136
584640955
947481185
989642108
-1
545190523
578701979
916462429
949420682
777025630
-1
639857112
735095732
833178322
986761712
793072766
620233245
-1
-1
786224430
-1
715036804
-1
795323771
-1
891859308
579260594
672114898
738721436
901937372
834952022
-1
744636740
674658687
-1
864182035
-1
806396001
-1
871561443
582672240
-1
557854217
856704291
718240836
820956759
-1
938358541
681315496
-1
724284582
823131905
782171929
-1
992532733
931605949
722793952
773596280
659835705
-1
944013106
-1
737423815
754021348
843530515
714277868
833178322
804562202
983063405
-1
602930075
-1
645505762
723321438
-1
974751086
677391265
658576172
-1
942151609
778365517
681863085
799839018
-1
700679746
557854217
948197873
881477938
756140609
709893698
-1
710818815
754021348
926737468
596327088
738721436
-1
-1
-1
-1
720324290
749825939
925184377
528773307
663462046
892553475
641096349
557854217
-1
744520596
870542655
816371870
697815369
539985618
-1
831120143
821216600
857195744
879492042
-1
691665507
648649705
790377057
642980211
-1
-1
928644159
843530515
851187828
-1
965476546
-1
972012626
-1
847484195
-1
788940660
871948600
-1
622837167
-1
676144135
-1
-1
606867113
832564624
-1
819687070
809261538
725571685
654768164
646787823
-1
691753884
755665542
-1
754021348
-1
-1
-1
666448920
-1
-1
586582856
689197897
926247538
936273517
-1
604853254
754021348
588663702
926228954
557854217
811055487
-1
869883132
691496958
549210200
725103659
832677274
916139761
682111395
658576172
556196616
707704462
-1
957310906
-1
518918557
997245790
-1
-1
880143340
641392913
-1
839324582
760377477
-1
831975404
-1
-1
-1
723147833
891207228
638050692
672841200
-1
684635815
-1
692015548
976360612
763699758
-1
-1
-1
966584588
761580938
678577580
606407717
-1
938358541
-1
-1
746846720
-1
-1
678429933
642219680
-1
779328901
-1
937491567
845256584
-1
929108464
956905030
-1
892061992
672114898
809694219
-1
836051126
625325622
944106750
707620693
-1
833085163
-1
868879231
-1
-1
649802539
599097888
765561189
-1
600522454
871023703
786931236
864340502
723147833
835012353
814516159
-1
891031525
-1
631596477
631525227
-1
974087837
591730871
871948600
-1
655065556
-1
991861011
922662263
756852835
709175227
578701979
-1
657264744
892553475
545190523
812139272
-1
605827605
531360667
829590049
896644536
876104741
-1
559925346
678261688
765050603
744647374
-1
778630030
545019714
913507612
-1
871276142
600310899
933243120
569613573
768478321
712053090
709893698
947463667
-1
992509476
-1
-1
-1
943974772
548570831
-1
723887611
871617493
947155265
-1
-1
673198154
926761755
751266280
-1
896119206
-1
809694219
-1
556409303
-1
-1
893746838
641611599
973735517
-1
765218373
727742604
842034586
-1
862336966
-1
-1
702310274
599097888
558493449
-1
606044556
987255669
549120413
-1
-1
798838697
799066892
639378136
559925346
-1
633218656
856704291
980513277
626091547
758297532
549120413
828684720
896644536
654404177
-1
599287098
741569220
-1
681315496
986507442
-1
879031680
751994849
720413031
676144135
709215137
755665542
-1
883774311
606407717
-1
676144135
568469690
777399867
564585067
715381882
703949004
912080015
864340502
928852623
-1
672114898
941572875
986122167
-1
606407717
598868213
547436971
978810130
-1
551686152
-1
-1
-1
536877398
568372805
-1
813972206
864011204
582672240
-1
947463667
969918528
-1
-1
-1
-1
811438873
539385640
822995915
779744170
587909736
-1
686075199
-1
753341373
980513277
564960062
-1
709032296
882120341
-1
801468944
890821571
-1
731598639
955904513
545019714
953455451
-1
539774493
-1
774459895
-1
557805305
-1
723980328
949573227
658211934
-1
-1
712244492
-1
833872874
617640711
602930075
674106982
866168290
659313564
985319471
957508723
673116238
931333129
-1
801392640
-1
717265892
980513277
-1
-1
980990014
-1
832652333
-1
984517958
665408164
919288180
998438449
-1
-1
700728646
-1
939968767
526884363
-1
-1
891859308
606407717
587909736
-1
-1
958954645
-1
693894727
751758164
-1
746667016
518918557
639378136
650789402
767449828
976360612
775821421
710369227
880143340
-1
-1
743302626
875609078
997840177
552484850
556110848
-1
-1
549120413
665446410
722007718
874877863
744932222
786036157
717265892
659904010
-1
-1
792036816
-1
620877526
-1
707016513
710929829
-1
-1
551699036
914013711
-1
842034586
635673541
624743723
900994829
913095439
642219680
619587139
801857438
607246510
-1
745207573
-1
-1
-1
801468944
808882787
-1
564585067
556409303
600522454
556409303
668762772
858682502
-1
-1
-1
587704214
970227494
-1
-1
549152214
633317227
625284776
-1
821015205
986507442
-1
-1
562250205
-1
718240836
-1
-1
715901150
658211934
594924363
-1
-1
-1
841729283
910837372
825942577
-1
964322804
-1
631136978
965665101
707033956
702310274
874877863
636640663
826930254
531131623
741667225
-1
659904010
689197897
577652088
962902392
-1
880585333
797183598
639378136
978810130
-1
678615345
567215623
940215534
678429933
660112130
751449549
803158153
860538547
933501589
-1
-1
-1
606186377
930473114
624914592
684191786
788982646
587909736
827450422
559649262
756140609
-1
883567610
542163695
735278690
994422540
969585448
661870364
923498024
-1
-1
-1
-1
890459696
725571685
665201903
560445299
-1
-1
634605279
884348977
587909736
-1
515013774
998250758
-1
676144135
854467710
649469689
902126172
582672240
889342553
746667016
978050349
-1
885960658
723321438
-1
-1
-1
557854217
-1
775205127
-1
767404259
690746951
859939016
957500630
845256584
639437648
856624901
623566711
709670745
606646415
658211934
654768164
578701979
-1
711385281
-1
559925346
758680514
-1
-1
926284878
987255669
612156455
-1
-1
-1
732184722
849166780
834508589
931118735
808882787
-1
-1
-1
855099841
745117483
832564624
706079536
770621811
-1
-1
616519022
-1
-1
681863085
702066003
-1
-1
927226308
661364746
637845279
641096349
-1
-1
697563325
863579806
511076391
790664307
655440555
746667016
728925007
-1
844842145
661148051
807479234
-1
944443771
680688649
976308665
886030040
-1
655926448
661160415
658211934
-1
804562202
816371870
652115321
792376655
702452867
732184722
890674854
740875804
-1
913507612
596605633
608785162
563767140
-1
-1
941794354
827630549
658211934
-1
-1
930270542
649857789
896367242
681315496
694605829
-1
-1
744520596
680154229
984953225
633034401
625284776
668552251
-1
-1
640196495
933624035
-1
745921905
999402346
-1
-1
749825939
754021348
845256584
797056904
970227494
-1
-1
602471111
596605633
974751086
583623905
-1
-1
-1
794794696
-1
620031079
-1
-1
847484195
689197897
-1
556938743
721442950
792376655
699510042
-1
-1
602930075
-1
756697369
613638849
725606986
-1
688016187
-1
620031079
876475767
-1
676144135
980607054
549152214
868879231
-1
-1
760377477
-1
942800725
892958218
-1
-1
855491556
-1
679568321
582672240
775509841
760704211
-1
-1
883614281
-1
654971587
709215137
649684054
-1
876475767
-1
-1
917613656
526884363
-1
680688649
-1
-1
-1
579624890
606407717
-1
981199264
573732386
-1
748624879
608789845
-1
839324582
-1
-1
771539487
699422491
871948600
629910779
689702123
-1
-1
-1
-1
882056651
-1
709670745
983031053
741680151
815656590
688848131
-1
600522454
776521687
725122047
750985503
-1
-1
-1
813291334
899891185
-1
-1
785400381
545019714
753025813
679905008
-1
-1
873931680
688016187
-1
-1
738429212
872359587
731248179
-1
791802878
715321972
-1
720314249
-1
957843108
633034401
-1
781878155
936226281
546564123
797270383
919579850
-1
947458154
942817905
-1
792482776
832961827
686186409
726267132
724972697
-1
757789815
760094375
-1
560292012
712053090
638333004
-1
909112299
867795776
935788710
978454889
854949672
839418282
855287220
-1
-1
854039236
931359020
620721090
884660708
-1
-1
-1
617640711
-1
971355393
754100533
743302626
643442915
-1
-1
-1
886030040
786905548
881471174
631525227
-1
615758589
588398967
-1
-1
710390295
697815369
670414084
831975404
641377832
958954645
-1
646442446
726989330
626091547
787186244
794054596
-1
-1
-1
747789136
-1
648806539
-1
-1
-1
545019714
594954490
-1
-1
-1
827689853
926987858
889653489
866360519
-1
735095732
733326476
658211934
596605633
649765168
-1
-1
881965575
-1
882982487
891992916
673198154
592408430
-1
-1
-1
726413278
-1
-1
721876789
741513370
681823541
-1
706079536
-1
-1
-1
-1
-1
-1
845721422
785094404
604838100
-1
-1
563767140
946397310
818796336
874791815
658576172
610254137
-1
658211934
652312315
959115024
902058807
-1
906811267
732133554
846217562
763419955
693650835
-1
560634324
-1
996890018
874877863
-1
-1
587909736
881965575
-1
928934663
-1
705807363
693894727
594363534
710822112
-1
-1
656117506
-1
-1
983063405
-1
585706002
706714245
646685733
865625319
606407717
-1
-1
-1
870384403
787501065
819687070
-1
936710723
-1
-1
-1
-1
-1
656020160
572838703
760193966
-1
-1
-1
-1
967513569
903142827
-1
-1
-1
634699488
-1
631596477
-1
762204953
827689853
-1
994467646
934410113
-1
785400381
860462961
843982580
744946450
948765174
712053090
-1
741810626
588642613
-1
854039236
-1
873931680
549120413
845256584
-1
863220988
569933133
-1
720466151
967830148
749511601
625284776
524150303
668552251
563767140
795647912
926371676
-1
-1
858247128
797183598
-1
623566711
620721090
-1
594954490
876746132
-1
831271516
690240225
834099829
940202686
652312315
709175227
964469132
-1
864737382
-1
950561168
962627487
-1
786273275
-1
902417022
545410405
815013871
756109309
-1
-1
-1
815639176
-1
549152214
833539214
977644358
579724048
-1
-1
-1
709670745
-1
-1
641096349
-1
728560489
-1
720466151
895724536
-1
952931915
-1
-1
624788279
-1
725598828
-1
648406548
-1
793785534
926247538
626956841
545019714
-1
606407717
-1
-1
704216325
688713190
774545256
881699938
659020756
621589255
-1
818387894
571903645
-1
610254137
-1
586062069
558314365
660820867
745117483
991317477
-1
-1
960781001
755914528
-1
-1
958286198
623773500
938358541
567455034
-1
-1
-1
665408164
-1
782232432
726267132
970399069
711163476
952035744
910837372
933501589
822995915
-1
882081001
-1
602217186
898826308
-1
-1
-1
807135574
776176651
-1
977565390
-1
-1
706079536
801468944
-1
-1
-1
978810130
611501346
720413031
-1
-1
901434315
720925120
-1
-1
549120413
-1
919047393
-1
-1
660707837
769039609
687558999
-1
672173091
899891185
662272623
-1
610254137
763699758
654386462
622457257
563767140
-1
680493864
946397310
-1
749345741
-1
-1
622411036
657131948
766190552
-1
689680506
582563934
-1
760007089
652312315
725635369
905666793
703949004
-1
676144135
728123067
606407717
-1
606407717
-1
542163695
-1
-1
709874193
621589255
545019714
-1
779328901
657074450
846217562
899106180
663460329
-1
-1
765218373
672706448
755674679
949254225
578902229
-1
585604057
720973789
702152180
916794888
673198154
-1
573738622
640196495
940670893
-1
-1
944013106
-1
649765168
-1
-1
941710421
-1
617756888
757722183
855491556
769344720
-1
-1
673198154
-1
983063405
929102114
-1
549120413
533358345
582563934
827630549
871505802
-1
-1
-1
-1
784453158
-1
652312315
626956841
552549848
836778012
692433368
558799527
639857112
-1
-1
-1
639378136
605622804
-1
-1
594954490
910984980
697815369
840816952
-1
797000587
757426159
-1
-1
-1
-1
654571456
832961827
-1
-1
-1
792157316
-1
535728371
680943957
622061798
692307114
-1
-1
100017990
819076733
-1
620721090
-1
-1
549152214
635716632
678615345
545019714
507971965
813328411
-1
-1
-1
603189501
674128264
846758586
938776815
676319293
777335570
-1
868536381
628927557
-1
606407717
587458916
796353442
759557880
-1
644080915
-1
785951715
746667016
565778176
-1
838374053
658382425
798294498
938771505
798500194
-1
921312308
721164205
596605633
801283313
686727903
615314020
-1
555607297
728560489
745117483
743103836
552549848
889342553
909665893
775794239
760202589
594954490
622837167
832247548
967513569
-1
557854217
928333064
545019714
623699536
-1
790664307
674723202
927226308
717265892
-1
-1
896877445
-1
810449363
990970374
-1
908105376
672399154
-1
-1
-1
-1
577293551
549120413
-1
545019714
810449363
638289159
-1
757590301
-1
-1
854236635
641096349
-1
-1
606407717
858287327
952035744
594954490
-1
981084563
864182035
726672376
691126733
621589255
853807778
738051538
-1
-1
754021348
827203165
706952758
713768275
563767140
994741735
-1
661048864
664171177
549152214
565778176
899891185
549152214
922662263
-1
-1
934187107
738721436
737097932
783591813
963298752
692820989
545980421
681736076
545019714
-1
989642108
689197897
760704211
723522748
985340773
938519040
616519022
-1
507971965
-1
739537477
778365517
616189069
505437735
-1
-1
923300383
-1
690182484
-1
985871632
-1
828684720
892061992
-1
752446109
-1
-1
660112130
665548893
736435996
633034401
582563934
606646415
-1
709175227
-1
-1
910674144
-1
-1
-1
-1
-1
792875826
949916804
804522616
-1
705710973
-1
549152214
817715457
676464082
575727105
733010149
771430648
866360519
-1
-1
952990329
808882787
-1
-1
-1
-1
602471111
902126172
863977897
683813392
-1
-1
-1
700919893
-1
-1
785400381
784453158
713768275
-1
-1
676938045
970468842
806396001
868879231
-1
841226906
-1
573732386
-1
880143340
760026805
586397427
768747829
821811855
735650436
894189871
-1
720669906
817464428
-1
998313056
754186531
930469212
-1
740298795
577293551
804684363
687384298
629079067
945787423
-1
-1
788873171
579724048
-1
-1
555231301
799052391
-1
-1
842732714
752707428
727896507
938776815
638289159
-1
563767140
-1
-1
963658519
991861011
809694219
-1
-1
-1
617640711
556938743
549120413
742477197
-1
-1
-1
-1
573732386
-1
636640663
-1
-1
-1
-1
-1
-1
626956841
813328411
-1
865353880
977565390
-1
-1
814092553
756792516
921452607
560179316
-1
683550226
763098154
-1
704724892
855093827
674827200
-1
723073203
644080915
700453096
690002722
675418953
912080015
929985810
977565390
918673207
-1
568537545
545190523
-1
903825242
-1
507971965
881699938
639956557
811004157
684841194
-1
868120103
622929983
660820867
715675033
577293551
-1
581804282
-1
-1
-1
733010149
938519040
635642835
-1
569373594
568266748
-1
947119141
680294585
766099203
582563934
714277868
633170834
856360640
587909736
907751292
732715767
714339674
-1
-1
973766164
515035209
626956841
-1
-1
692433368
770019200
683550226
-1
-1
909223974
-1
893520413
-1
918673207
620721090
606407717
657131948
-1
-1
-1
-1
850713917
605355525
-1
800183371
-1
560179316
-1
893420513
808882787
-1
923498024
866303739
-1
806396001
-1
-1
630626604
632420769
774300247
-1
-1
-1
756909764
710929829
936181103
683193442
758680514
797036965
631072990
-1
631136978
935338216
899164167
547411450
-1
560445299
730157358
-1
-1
545190523
-1
-1
-1
-1
-1
888353070
936384220
850751941
751266280
698221038
-1
774300247
783301461
-1
-1
-1
636640663
755665542
-1
-1
815260648
746846720
-1
669686277
720261446
733941126
676138113
802650420
-1
-1
-1
-1
-1
910837372
-1
922957803
768295274
824934106
-1
886755933
814092553
826008898
791802878
-1
-1
999099416
676998233
769459840
863579806
849223344
-1
948197873
783301461
758680514
804403801
760704211
664665659
-1
-1
-1
560179316
947560941
686075199
804328695
712612470
-1
882210679
-1
-1
846758586
-1
940583128
904704531
581211044
-1
526884363
690731544
-1
-1
-1
-1
696997784
-1
-1
-1
-1
-1
-1
631451277
-1
-1
727788709
-1
886030040
-1
892958218
645505762
784493362
821015205
756680213
665201903
-1
591730871
715284629
819687070
-1
-1
785580460
916139761
-1
919896129
556591670
828855069
925801263
-1
-1
-1
811004157
695753176
-1
-1
-1
814773365
-1
-1
-1
-1
-1
910261943
935579375
816874501
-1
-1
723073203
-1
-1
629314006
763825044
738051538
-1
-1
746185714
684841194
-1
641377832
661364746
587704214
835244140
681736076
832961827
575727105
-1
-1
563767140
875290028
735287406
832064412
562250205
808771878
935857943
732184722
-1
-1
746456497
-1
-1
725103659
-1
554447028
-1
-1
-1
-1
757956148
790003438
-1
664743235
936273517
-1
594363534
-1
661364746
969890228
-1
-1
861967052
-1
777294635
640304184
926987858
705772663
-1
944985396
814516159
611501346
545019714
-1
794856960
526884363
737097932
-1
832247548
800380031
986683688
590441917
-1
-1
813328411
746667016
639419872
640769384
831271516
654768164
933624035
606867113
560179316
873931680
-1
606407717
777516425
-1
892061992
619537959
598868213
779302091
-1
763909282
-1
589874169
-1
698859476
-1
-1
618547100
-1
792131008
-1
-1
798021015
743103836
944013106
665408164
624339683
-1
890562905
-1
856936330
-1
642108291
931333129
557805305
930473114
969918528
603826777
-1
752451157
-1
-1
-1
-1
656117506
621589255
-1
868879231
-1
-1
-1
-1
-1
904759802
621589255
-1
-1
-1
-1
989181439
-1
626956841
760704211
846071423
-1
-1
-1
778462284
-1
-1
-1
-1
-1
-1
-1
-1
862523166
-1
-1
-1
837972951
-1
550934613
-1
898406578
526884363
526343545
925597015
720261446
841226906
-1
-1
814516159
545190523
631596477
620721090
-1
751233732
-1
947560941
-1
682772348
-1
914830479
566342648
813592934
585604057
-1
934187107
549210200
641096349
709874193
801559521
818796336
802887926
761580938
-1
-1
678429933
777881994
641377832
-1
-1
522902583
756708001
634297111
660894935
756680213
-1
-1
569373594
976924670
913625871
910837372
-1
663640579
946408933
956426940
800072787
-1
-1
940583128
-1
582046636
655440555
758622768
668663874
939968767
823184426
837149492
-1
861304716
893237076
998438449
-1
675418953
658382425
751901932
708349386
-1
959162681
-1
679060956
-1
-1
858247128
-1
781685780
-1
-1
-1
674111600
720403849
-1
741810626
741667225
-1
-1
919288180
560634324
910837372
-1
-1
810449363
-1
695753176
-1
709965403
-1
-1
619870854
-1
744399179
701356719
-1
893237076
-1
-1
799878699
832541726
872134987
692917719
926247538
972592985
579624890
-1
642108291
-1
-1
954664752
752604324
-1
-1
768349425
-1
560465944
-1
-1
710857079
657486729
891309241
802215429
718286600
720865002
924738499
935338216
592474307
-1
890674854
741810626
633218656
584372199
671959257
-1
808594915
890751295
810832171
-1
673198154
643984002
539774493
778630030
676138113
952619283
-1
962902392
-1
964469132
549210200
777335570
808771878
992532733
825663549
939068012
719648573
754948236
665270486
737205240
749511601
-1
542197754
570656647
757590301
855287220
-1
864182035
925813381
674685418
-1
956426940
628927557
947560941
728925007
690052032
733069874
753025813
676319293
679905008
755665542
850867138
-1
871289880
560465944
757335002
967687817
808491431
-1
-1
686630134
880143340
845273962
616459838
-1
910837372
-1
-1
827689853
-1
756708001
930473114
882120341
997245790
-1
822263121
773454501
616405393
868536381
-1
757452819
665752140
-1
627706563
700055165
870542655
-1
808771878
-1
970879025
-1
814870922
-1
896367242
560342350
-1
970399069
994713466
-1
-1
596093916
626956841
672399154
-1
768747829
949916804
936239806
-1
737097932
631525227
557854217
-1
-1
607356561
708349386
762693707
809304656
-1
-1
744686774
831936408
598955996
-1
851006643
580788265
656648219
-1
680745487
655896860
741678432
-1
554447028
-1
889342553
821015205
569933133
654768164
745117483
632539728
733010149
889342553
612156455
787843649
752446109
-1
-1
610254137
-1
938747264
931118735
628723965
797875179
-1
-1
-1
721066405
-1
-1
-1
-1
856470702
558314365
-1
845430735
-1
-1
-1
-1
729946617
-1
782391357
-1
-1
-1
713435830
-1
758469709
-1
964801821
-1
-1
-1
890697054
-1
856360640
718723717
970704249
728066983
697400932
736352180
912080015
848066886
618470120
572788032
778127088
-1
-1
582563934
847095414
-1
876748661
-1
927052865
-1
928716516
705336505
935579375
595031471
948088858
-1
-1
-1
819687070
-1
-1
-1
-1
875812074
-1
773454501
781978142
-1
-1
-1
662754196
773401352
-1
967830148
600351069
778348267
583988247
718286600
911223782
-1
-1
726997267
-1
-1
-1
-1
882886301
669062828
628927557
708192566
-1
-1
710760714
698859476
810449363
-1
676138113
-1
586740087
724972697
-1
-1
602217186
756852835
873442165
744706217
-1
583167696
560445299
826930254
-1
713933425
745451504
634623094
-1
-1
-1
678099018
792698756
918194816
644080915
718501406
-1
-1
748170458
-1
860804136
759557880
904684776
842732714
993319244
-1
-1
676138113
821295977
480402381
-1
-1
891103358
-1
-1
-1
766287962
-1
-1
816164490
764692597
-1
916139761
813369701
642108291
-1
594456301
904704531
-1
-1
-1
736435996
784411331
0
705667254
-1
591726179
-1
727165279
957500630
613357128
583167696
806203441
698859476
-1
946856136
748624879
719648573
605322233
-1
991536156
-1
709893698
954022319
845273962
-1
526884363
905743236
-1
-1
762749556
-1
-1
529798672
574684886
-1
-1
-1
-1
877143044
681925021
890562905
674106982
-1
809694219
615331109
-1
-1
560445299
560445299
682110581
999093767
-1
668552251
679596436
751266280
-1
-1
-1
582046636
850817110
798656415
886807766
761580938
995312586
660820867
732304303
615331109
558314365
679596436
-1
803976225
844603863
687249984
754186531
963375105
904759802
-1
980513277
-1
-1
619870854
918942072
-1
814516159
-1
745921905
639857112
794693939
846758586
728066983
951666199
-1
551880889
827351795
-1
-1
684565137
737097932
-1
715734002
775203482
-1
664743235
712876321
-1
-1
676144135
-1
750193701
970704249
843530515
710760714
-1
-1
721939240
773454501
-1
526884363
-1
802496353
798500194
730157358
587909736
-1
-1
929849234
-1
-1
-1
893838271
-1
582672240
976360612
619441788
938470870
582046636
556938743
786224430
586062069
850867138
-1
-1
-1
-1
529143407
690182484
-1
619870854
753341373
849477412
952943062
893619094
712612470
-1
617640711
761901282
987255226
-1
728925007
884750519
624914592
947481185
660820867
556409303
763865566
-1
790664307
600351069
639857112
-1
-1
780416974
629079067
668784852
928716516
-1
749825939
600351069
623107776
619870854
-1
632900043
-1
542197754
891774779
569373594
825131990
871207322
922460448
878670781
872190702
855793600
-1
886396849
-1
-1
-1
-1
560634324
575709472
848945008
684808098
709175227
718240836
688085442
998438449
-1
-1
-1
720387311
815746442
909885172
913710339
-1
-1
610840569
-1
572089434
926371676
972012626
757590301
658156717
745117483
813328411
645829579
668100811
716599717
558314365
-1
768529953
-1
641377832
770711887
560634324
891273459
826543768
894138031
821295977
-1
865765344
716873229
618988420
660112130
751758164
-1
-1
-1
-1
-1
666219440
582563934
669908625
598382977
-1
-1
-1
557854217
777041949
896420142
-1
904759802
-1
759992663
586062069
-1
-1
-1
728787931
-1
833474905
640849580
674111600
887315578
-1
-1
-1
757452819
-1
601494314
668100811
529783731
785400381
706496928
-1
619870854
845751998
848786615
813525681
728787931
913625871
970399069
930276500
687818556
705142212
770695217
660707837
832340235
665752140
672114898
-1
868536381
884038874
893237076
-1
-1
665408164
-1
708855954
-1
-1
-1
600351069
-1
-1
-1
735095732
-1
-1
549120413
813328411
-1
-1
952159260
-1
649469689
802075025
-1
866088994
585670272
-1
588663702
719648573
-1
582046636
987255669
-1
-1
709175227
963865647
-1
708260836
-1
-1
-1
-1
771713027
-1
616459838
-1
662467328
564866376
665408164
582046636
-1
851187828
-1
-1
952931915
731237012
-1
-1
871948600
-1
-1
-1
758540813
-1
961526107
715734002
739848447
-1
-1
641061166
848620970
693326323
-1
-1
-1
710760714
740488527
952159260
711557124
-1
773741099
983031053
-1
-1
936239806
873442165
882120341
980309530
621258249
709315154
-1
558155906
-1
650117876
725835731
834925826
786484530
678429933
558493449
-1
924738499
702434518
-1
611501346
-1
-1
736049775
792131008
751036006
-1
665408164
-1
792412525
964780544
748815375
929102114
-1
950561168
-1
-1
-1
-1
-1
755739611
-1
-1
-1
545980421
-1
-1
797183598
609504750
542923555
881034787
-1
711801486
-1
759557880
616270799
-1
907751292
-1
616270799
756852835
-1
-1
728925007
-1
-1
-1
600351069
600563298
-1
-1
616459838
-1
-1
-1
993051996
-1
862650875
642108291
865927603
600563298
709670745
610254137
957843108
886755933
761318990
582563934
770711887
631136978
-1
-1
909223974
548570831
-1
839388928
646229309
894189871
792280192
-1
899164167
690390588
600351069
-1
-1
545190523
-1
893520413
-1
775655761
735684308
710760714
702189197
541677464
789906310
-1
700021696
-1
-1
994438755
785400381
-1
737407116
778462284
876475767
792304272
905743236
905666793
-1
845273962
583167696
891031525
612043926
-1
571047654
739269027
681736076
888523460
665752140
675289003
-1
-1
747854197
718501406
656117506
-1
-1
729367916
-1
-1
-1
710760714
-1
672114898
881471174
-1
613083170
-1
-1
936226281
782687583
595776749
-1
-1
-1
833267913
921811399
-1
542197754
664650020
-1
-1
766287962
599396287
-1
529143407
-1
622837167
-1
642108291
564866376
756909764
778688064
719648573
-1
-1
618988420
732400679
-1
554447028
919243571
-1
588663702
-1
725571685
-1
732372823
883824535
645505762
-1
-1
-1
542197754
996116152
775446586
-1
863977897
-1
550665570
996890018
864179927
-1
644085582
-1
-1
652886436
549486459
617640711
-1
-1
-1
555231301
611192141
552027998
-1
950767190
-1
-1
-1
808771878
-1
724485115
678559849
664743235
-1
956409184
-1
802887926
626178726
-1
-1
-1
804809387
-1
768264785
703384571
664316034
-1
942151609
549152214
925801263
-1
904759802
840816952
904704531
687094015
-1
-1
-1
-1
-1
-1
692307114
952159260
963298752
553520603
772636533
898630827
693326323
757452819
849289497
-1
659815978
-1
-1
710760714
637901202
-1
588663702
-1
-1
786402440
709670745
-1
-1
660080732
-1
-1
664189695
621258067
983063405
752958637
892061992
616270799
722016332
628927557
553191434
873890207
558314365
-1
794616962
676016466
919903151
937491567
610254137
564960062
-1
-1
-1
884013338
599565078
-1
960865381
606867113
728787931
-1
-1
-1
-1
710929829
817777084
945787423
611192141
864179927
-1
-1
-1
-1
524150303
-1
-1
665548893
515013774
866088994
-1
792131008
744228775
966898168
736375175
904759802
904284052
664189695
932417813
791802878
-1
-1
-1
549152214
703305082
719648573
949050365
832677274
911379203
655440555
802650420
549486459
-1
-1
912372259
-1
542071818
690390588
-1
-1
656117506
825131990
745117483
-1
798555944
660894935
-1
832746279
-1
-1
832677274
558462161
689567805
-1
-1
545190523
542197754
709175227
-1
779328901
626178726
807551596
-1
848066886
621250605
678345986
562250205
564866376
731048141
542071818
611361268
771883010
792412525
878670781
-1
680222643
-1
696107378
-1
621258067
875290028
663460329
752707428
-1
873442165
802887926
571990830
-1
-1
542197754
675647404
-1
682111395
896866471
-1
906751903
850689046
998250758
-1
912199184
623642990
678429933
-1
701614970
-1
727742604
-1
-1
623107776
-1
-1
819480988
-1
812882776
720973789
665201903
-1
781685780
723519900
688016187
-1
588663702
778630030
794195529
-1
611916428
-1
763419955
-1
-1
-1
664743235
545190523
677357991
932417813
-1
-1
-1
615210320
-1
-1
590441917
-1
-1
928483736
545190523
515013774
721442950
890751295
802887926
-1
760094375
808491431
999004796
-1
-1
631136978
732866568
834693053
694521893
-1
606867113
-1
-1
713435830
-1
749825939
937227986
702641815
621435502
645868157
855216392
-1
931577003
997035346
691437389
770695217
692845923
886030040
728925007
-1
624914592
723519900
822995915
555607297
786484530
-1
767404259
-1
-1
709175227
-1
-1
-1
972592985
600635276
683371788
701614970
674128264
728925007
637610582
736375175
720466151
