407872909
-1
313433797
291846936
441939244
313433797
192349392
345562069
441939244
329499893
329499893
259560629
407872909
259560629
77479480
567292950
52775777
259560629
270978212
329499893
486333348
100723716
486333348
313433797
192349392
411884067
329499893
313433797
313433797
443946163
443946163
399672659
329499893
291846936
-1
291846936
-1
247698032
466962874
413473179
52501063
435317373
192349392
68036359
466962874
-1
519798199
357393349
464676057
43404247
329499893
549905559
413473179
401330232
