819062528
-1
-1
928622288
-1
-1
883546866
-1
-1
680105860
641572998
641309024
766955079
611125491
926467386
683287894
-1
-1
-1
727603695
600811943
585650039
706357451
575005620
744334180
880700641
589687623
653081524
615686196
727661130
-1
705830215
720120908
782876353
679527470
-1
-1
-1
747188013
800829766
912384232
800829766
769757885
706122101
800829766
-1
-1
761361524
856315419
-1
571034602
-1
-1
832444754
693197351
-1
-1
960523312
-1
-1
694868813
-1
-1
574255498
769886531
-1
673433530
590246909
802405429
988297856
-1
-1
751107119
615775334
679289924
760710371
-1
-1
783023288
832783149
664951636
-1
749538092
931873478
802986987
557847463
793903313
-1
949156576
-1
633158178
661391449
-1
-1
627668231
923230227
720120908
-1
645931177
-1
623905402
-1
916859121
-1
746114415
633867063
-1
-1
-1
602791423
673908563
-1
-1
863765574
887164163
614898142
-1
590857966
-1
958767639
673908563
801112687
789057895
866261232
904349899
-1
-1
829824072
994127062
-1
615686196
-1
918100474
699082498
920119782
659592316
-1
747770933
-1
-1
731200905
837671833
561886650
-1
768222562
826085812
569117363
805408209
-1
-1
897130058
680747378
-1
731902315
-1
565309051
590246909
-1
-1
-1
555308370
-1
560313109
764654670
-1
-1
617626227
634446483
-1
-1
-1
633878877
635608645
695275074
815772807
-1
-1
-1
697994584
611125491
-1
-1
793729981
620148618
932467526
-1
760335551
691117407
805207940
981234957
956318114
-1
724938484
557847463
867746193
843638163
-1
977781149
646914347
920826552
-1
-1
-1
687036903
559888803
-1
-1
-1
861636587
-1
-1
-1
-1
891567013
555308370
-1
973254707
852614345
-1
911994408
-1
-1
-1
-1
557847463
806068439
741004478
-1
750998849
952713455
-1
-1
633867063
937136387
760340726
951278343
863838402
-1
770379840
838304336
753859942
-1
568747611
-1
-1
615131370
660402158
788178321
765972606
557847463
845382446
-1
653669643
-1
-1
985447160
610751154
654074462
747853149
-1
-1
565485367
943008399
-1
871325051
-1
973583257
-1
969531675
840240200
814612529
-1
-1
994035811
912384232
-1
761121332
935826046
-1
717358551
639307413
608067966
-1
728221920
566563881
-1
-1
-1
-1
-1
891265686
714325602
938181470
847122941
-1
-1
724319293
613331672
624132510
984976905
617626227
833160887
912321930
772174995
985447160
-1
-1
766955079
662009272
737677143
-1
590246909
555308370
-1
615713378
839036357
928042658
623905402
765082517
-1
781976642
942492709
993691310
685692322
561803930
971092352
993691310
931873478
750979579
-1
-1
923230227
-1
938065231
753372368
624132510
758704625
560313109
-1
539688603
573339239
809052568
978898147
-1
794035887
-1
565309051
-1
-1
-1
-1
997573745
-1
861439760
-1
-1
-1
-1
655292830
554489142
640341417
766024258
-1
682457248
547464014
931990200
793903313
676485083
983272956
769919488
804262050
-1
894175101
-1
587909191
658605407
609972900
901469495
773385292
627067153
685707175
726079564
-1
727147568
946360770
492476063
868862772
634446483
-1
-1
726218904
-1
909058322
-1
883259193
987178813
-1
942017734
-1
820490863
-1
-1
666498552
777245651
656300884
992177243
710784438
578715606
557847463
-1
847216529
687036903
-1
915572448
-1
848418056
908694225
565309051
-1
623905402
-1
595218167
846614576
877173018
787562097
-1
919352570
953314697
557847463
-1
927670299
939921495
680747378
906827639
-1
664712330
836010927
935826046
579559075
814350133
-1
985383023
-1
673433530
920608885
664355671
617626227
610934209
-1
-1
-1
-1
792727803
-1
672533340
664089578
-1
-1
-1
597628804
-1
806531721
931105253
-1
908523044
714813617
588371840
-1
-1
-1
861439760
-1
-1
-1
-1
-1
625925705
602668395
813900902
564233648
675002286
-1
735435741
-1
792727803
951380064
908900606
792948091
755931747
955420839
-1
-1
635206405
697373979
-1
894908235
-1
-1
-1
600811943
-1
703078114
641742371
589687623
731195052
683603133
787481864
794035887
698061601
763653428
-1
633566042
-1
939655121
-1
-1
633867063
-1
-1
559888803
-1
871344769
-1
931105253
-1
680819663
796022803
555916496
603299531
528170969
-1
678584094
987178813
717367898
-1
-1
942492709
680001842
866261232
627441252
-1
-1
619058736
850216459
766796226
-1
744924227
-1
-1
840018577
-1
590041020
-1
-1
795590914
927442093
784779380
773630922
742836856
827114580
-1
-1
617626227
-1
-1
885418793
-1
559888803
597725858
679341058
680387810
-1
-1
-1
-1
-1
997508458
756683068
614476431
807162176
613824024
750998849
808544664
-1
603788354
956614960
-1
910731958
921834934
652674383
-1
690383160
679589401
686253891
-1
871502382
805856417
-1
-1
598185080
980468489
687816393
611125491
685707175
-1
720120908
787562097
-1
623905402
-1
639818196
707189720
724843747
656529234
-1
674452116
561886650
778196279
-1
-1
803106059
685269706
-1
-1
590246909
-1
-1
-1
-1
932467526
750632512
878761820
552708036
-1
620355347
873038557
724356713
769919488
-1
856927980
-1
-1
723429742
-1
854264779
932819369
-1
871325051
559888803
-1
-1
565309051
655254727
658828319
970451047
-1
-1
804258442
557847463
617626227
-1
655292830
725555789
-1
-1
-1
-1
555916496
618036334
-1
555308370
-1
-1
-1
557847463
-1
820367531
694970092
680105860
555864648
653081524
960259854
-1
-1
598505394
924989871
-1
-1
601664757
570394541
858005141
959125103
590857966
745193176
829648808
561803930
975795329
607162699
920890054
-1
839718246
659907262
561886650
-1
-1
-1
-1
665945956
669800220
557847463
657878041
-1
-1
957723847
961638077
-1
-1
598444997
823978479
736808727
898770375
559419714
932819369
565309051
713113321
-1
929772781
560313109
590246909
854994409
606025249
-1
-1
-1
672524640
768995932
793903313
873038557
588371840
-1
880484188
766587192
934888162
854495620
955931380
595467141
778569132
-1
969413751
978554707
744960898
-1
909491453
641572998
-1
846614576
986743011
617626227
899178464
-1
-1
860466987
-1
960007083
915637880
557847463
-1
872074146
-1
857940711
-1
-1
-1
906293438
-1
-1
579561654
-1
619918198
741004478
697892548
844299806
547464014
642072240
816151045
649900710
940957199
-1
-1
717367898
-1
557847463
-1
918141160
835991261
-1
569160162
-1
959955441
777616570
781507482
962127039
565309051
766955079
804357928
-1
633867063
720120908
-1
-1
693085381
756683068
-1
-1
-1
695900715
-1
-1
-1
996379388
802701880
894630307
-1
565485367
565309051
575915152
937136387
870842703
-1
-1
-1
-1
815345713
-1
615686196
792761490
-1
-1
742119576
786498751
-1
-1
-1
-1
747022918
674452116
559888803
751107119
734529152
-1
630925045
742875282
866801865
777279183
-1
666498552
646914347
-1
939655121
704068027
821053047
-1
796169252
-1
-1
-1
-1
816103008
706500144
866537460
-1
687036903
-1
633447200
895772613
978218457
-1
796022803
-1
719270725
598217488
763596744
667320617
-1
673862782
939901179
-1
-1
682353826
864884377
950060837
-1
959125103
-1
-1
678458700
-1
576490449
-1
-1
-1
729632529
883078069
-1
-1
760340726
843530731
-1
694416212
819708595
-1
805408209
-1
866801865
904349899
539688603
725625166
-1
926768607
875671765
969384119
561344395
-1
832009730
766955079
969194510
823110855
-1
609566197
-1
-1
766024258
568703040
633515870
-1
561886650
887164163
-1
718525960
679485483
555308370
673433530
-1
-1
569160162
691164721
784779380
866537460
-1
811155430
812492781
-1
-1
-1
604282082
855447529
-1
607175328
650700642
-1
865336587
672524640
705563746
-1
-1
-1
-1
772174995
761756441
775076625
719173438
789057895
928622288
-1
796022803
-1
740773460
-1
560313109
630042464
820199482
650079422
657878041
834801691
-1
-1
841722822
-1
797084264
-1
874994726
653081524
-1
588371840
-1
729737189
751594433
661428492
728011667
-1
633867063
-1
590246909
-1
-1
-1
645592645
555308370
-1
-1
939655121
-1
946055515
633566042
-1
-1
-1
-1
-1
-1
-1
996379388
-1
-1
-1
741004478
-1
900932135
848418056
617626227
962127039
-1
615686196
772042132
958346254
-1
718525960
-1
883132442
745906889
861439760
-1
-1
759900153
967297504
-1
761121332
547094273
-1
-1
-1
-1
-1
-1
-1
757187931
-1
-1
586579487
835734189
-1
569160162
591415628
-1
915637880
-1
862069813
-1
997468306
796689932
900680317
702962789
-1
685213664
-1
659907262
-1
806531721
958346254
759383151
-1
-1
758704625
560313109
-1
-1
721700333
-1
-1
924886416
611266694
801229687
-1
656300884
719270725
673433530
680105860
-1
793311257
638469256
608649676
732682465
-1
947448901
-1
-1
956143671
588473540
653547768
577605636
864884377
682947615
-1
994127062
856712170
-1
703398521
-1
-1
746644427
-1
633867063
-1
-1
894908235
768140842
544853546
625925705
730193651
-1
598196809
-1
769153595
-1
641572998
685083050
630676893
916859121
798361546
-1
-1
-1
840240200
617626227
-1
842435181
740773460
621001064
-1
854211208
763653428
-1
742119576
772862300
-1
619556444
664090626
888815235
-1
954480174
-1
845568234
-1
623414574
-1
-1
750248072
657025599
695275074
-1
610934209
-1
-1
768995932
-1
617955396
764929718
-1
-1
686253891
-1
-1
-1
962851968
763653428
800823582
-1
-1
609697888
-1
-1
676370169
611125491
999467033
-1
933341837
986292985
583737213
881695224
576346319
-1
753223855
-1
915637880
-1
747853149
986168998
757678895
824696985
-1
-1
663315039
787562097
623905402
955782100
-1
615775334
-1
-1
849340893
-1
961939055
559888803
662009272
588469705
716618293
976851382
677663688
758704625
782578186
633566042
544734480
-1
839069078
662009272
-1
617626227
617710168
924885280
742836856
-1
965637263
673861589
-1
662009272
705563746
985383023
963593359
846614576
-1
946055515
902106026
-1
694418870
-1
-1
608067966
785743879
778541509
853678797
-1
-1
-1
701186767
713113321
-1
655292830
-1
559888803
-1
685707175
819708595
604587376
590246909
881861752
557847463
841219717
909491453
997508458
576457927
-1
-1
-1
906299253
880484188
-1
-1
-1
906816206
931873478
843192946
-1
-1
634558592
826672348
716841228
591295256
-1
-1
-1
679289924
846566608
-1
-1
927442093
801192863
615686196
646364384
821269228
858602349
560313109
718525960
-1
605427881
935539177
716618293
562630778
840089255
812378282
902314535
556495618
-1
802584164
-1
-1
-1
586103503
-1
696608531
826447746
-1
659703778
732416252
894489818
-1
772174995
608649676
954888214
753223855
875193628
-1
-1
587915021
-1
919301076
608067966
916580287
-1
617626227
590857966
708631617
-1
868191807
590857966
782876353
882980373
999501047
827624279
628531816
-1
-1
-1
-1
661213484
725617577
-1
-1
730159283
559888803
726246876
717367898
652952678
-1
873075754
851038027
934888162
623139634
707189720
676645294
825789380
-1
897678991
-1
957807250
-1
760558288
-1
965151602
791778766
-1
717367898
-1
605028982
865336587
733914222
-1
555916496
638469256
-1
662009272
-1
-1
669800220
926301353
924741788
-1
712738720
-1
-1
633878877
-1
-1
-1
724356713
662009272
633878877
901586959
600811943
662009272
579559075
588473540
-1
-1
-1
664089578
891922840
806697297
703342676
894509299
-1
652067595
-1
-1
673908563
610464628
-1
-1
-1
-1
-1
-1
-1
579559075
-1
639764331
609566197
615686196
766024258
695294928
569160162
603498495
868191807
573339239
587915021
-1
664489011
626746019
617710168
657025599
-1
-1
-1
-1
637935510
-1
969214157
593813267
792948091
705605541
-1
561803930
-1
682947615
-1
713976411
654588609
654074462
-1
-1
582776353
-1
-1
932848792
-1
725190098
876168277
761463176
619918198
675002286
761765943
608649676
860656845
656555192
-1
-1
945956553
817392516
-1
686556755
991159736
653081524
-1
668629016
720120908
698620878
-1
930319400
-1
617626227
915473116
882960262
-1
710784438
673433530
588371840
-1
-1
852255366
744960898
895975406
638469256
565309051
605510571
570394541
-1
-1
-1
881754033
-1
-1
-1
-1
653669643
972195171
-1
861728376
687036903
-1
-1
633867063
635506235
-1
-1
633158178
949156576
-1
579559075
-1
-1
942945304
608067966
849344860
-1
975197003
-1
-1
915822471
-1
609972900
871723362
-1
-1
-1
-1
-1
892857100
-1
902282323
-1
590246909
-1
684139765
565485367
631514116
-1
700868593
-1
872074146
-1
-1
-1
-1
-1
613343491
-1
-1
687036903
680747378
-1
-1
-1
-1
-1
-1
-1
-1
620148618
-1
-1
-1
798458439
-1
658849088
661505776
-1
-1
958720033
775238429
-1
731483762
796022803
634957750
-1
750621035
590857966
784348886
851558018
638469256
800829766
611859731
623139634
593813267
559888803
796689932
-1
-1
-1
739880337
775010111
928622288
792503122
583737213
662009272
722217223
980386941
575005620
-1
660402158
870685496
-1
876590733
924989871
-1
587915021
901469495
-1
800215651
-1
555308370
-1
719270725
572454727
-1
597725858
597718778
855744879
-1
761765943
-1
833278127
740721568
561803930
930734724
789057895
-1
746385683
-1
966103505
905428392
595910105
-1
661391449
-1
687036903
-1
-1
686649492
750632512
587915021
575915152
633158178
-1
633878877
-1
-1
-1
701172901
688954646
-1
945385030
-1
971443566
871344769
855890265
-1
575915152
601445789
768995932
-1
684448355
990041001
627067153
764874981
624132510
991057901
860466987
-1
820199482
-1
-1
-1
602276575
-1
598505394
648221181
575915152
784348886
-1
793903313
906827639
741004478
646914347
742910581
658354012
673861589
630676893
-1
673433530
-1
439606697
-1
632017076
684139765
795755347
-1
606630220
804918645
741004478
848874900
666344551
758704625
-1
804650075
-1
-1
957476998
951380064
638469256
866537460
-1
569160162
765082517
-1
-1
-1
940718634
-1
539688603
-1
633878877
986743011
785743879
627687677
605562432
-1
-1
730511901
-1
875732307
719270725
-1
770215814
992866490
-1
-1
-1
565309051
716618293
975445598
-1
-1
561803930
966743201
-1
-1
665534354
788010934
842745582
-1
792175716
606025249
555308370
970382537
579371014
853678797
-1
919991322
-1
-1
-1
866755932
911273366
-1
866261232
858884401
860368915
-1
646914347
-1
-1
-1
-1
-1
-1
838042093
-1
810286059
-1
-1
561886650
920294432
-1
-1
814350133
-1
-1
835734189
695275074
694476600
-1
-1
710234461
559888803
586579487
-1
662009272
986743011
-1
-1
-1
-1
948606054
565309051
701088102
800829766
761121332
-1
-1
-1
-1
633867063
769153595
629141717
673461408
742119576
714813617
565309051
-1
-1
669800220
-1
634466839
944578451
712897486
608416740
-1
705676712
-1
631158003
782876353
951278343
-1
673862782
808359993
907627818
894908235
555308370
-1
814373900
604587376
885892978
-1
729979799
741203583
-1
-1
-1
570394541
815352228
715698317
652459086
-1
-1
-1
619556444
-1
-1
781783479
-1
602710421
753859942
590857966
872074146
-1
928622288
570394541
804445226
565309051
879562154
638469256
-1
560313109
-1
-1
661391449
724908818
-1
961394315
579559075
555864648
963567638
798926110
666498552
638469256
-1
-1
695900715
-1
931949693
-1
-1
967610483
-1
-1
657025599
804471393
555308370
-1
822333072
-1
957723847
-1
701399168
-1
638469256
606025249
-1
-1
747171881
555308370
-1
671883986
811485716
-1
935539177
-1
690758313
674600822
868191807
528170969
-1
-1
646914347
683321361
730810864
-1
-1
-1
751154678
814612529
634466839
768788641
-1
-1
-1
-1
718525960
766024258
964659518
947575729
-1
680191835
-1
-1
915418590
809509383
-1
-1
986292985
-1
-1
950721243
-1
555308370
555308370
735120006
775076625
724356713
566625544
-1
989104536
807210494
642336098
902446182
-1
980805943
777790438
922387359
-1
742297447
-1
-1
-1
811155430
641572998
764490438
851038027
538395589
-1
705563746
587915021
923230227
801958920
555916496
-1
575005620
804534114
-1
820490863
672558645
-1
751107119
810286059
728271353
772776030
828406079
673862782
652306290
-1
950721243
-1
633736968
-1
-1
-1
667320617
828274400
853678797
-1
608758361
672685721
-1
794035887
880811680
674600822
889982449
651313126
684691638
586459872
-1
820571338
557847463
892072934
-1
727877793
859744088
819120399
-1
-1
-1
-1
587915021
764490438
-1
705563746
610934209
784829057
-1
557847463
-1
927442093
646914347
-1
-1
-1
-1
637229339
760335551
689576372
-1
933341837
638469256
826456377
920294432
651426952
880725437
814612529
-1
-1
826315471
678903819
560313109
-1
-1
693909797
862223414
-1
-1
555308370
645649743
694476600
-1
-1
805408209
817383904
989184732
624458282
-1
892857100
-1
-1
950136528
678751409
572942561
814612529
-1
927012733
-1
789263991
736409063
987837957
-1
701679539
-1
-1
-1
662009272
815345713
-1
824966473
837998222
961940830
-1
731200905
679071131
742119576
-1
579559075
-1
950136528
673433530
-1
773677966
-1
-1
-1
590246909
735398512
878661955
602668395
604157545
-1
950422749
717367898
-1
889837586
768082613
-1
918141160
932467526
885418793
746114415
544734480
670019228
889784081
-1
827488706
617626227
700875047
749762850
-1
-1
-1
744334180
759383151
835028508
-1
676370169
633867063
669800220
807162176
731025663
942492709
-1
-1
713113321
-1
-1
-1
-1
604129442
687036903
-1
-1
701810811
590857966
-1
-1
792434650
698696493
-1
557847463
918468704
-1
652210335
-1
734529152
772765679
-1
781961858
576346319
-1
933341837
587915021
-1
641742371
-1
703741820
-1
-1
950721243
-1
678584094
-1
950136528
751484288
680968575
-1
-1
901469495
727147568
970506092
716901817
-1
623905402
-1
-1
804357928
694476600
-1
745246678
-1
814612529
939655121
659592316
875671765
831288470
-1
826949557
-1
-1
562189664
-1
-1
557847463
663210592
-1
-1
-1
617626227
892064993
602710421
555864648
918100474
-1
910352502
598876424
-1
615828062
866261232
-1
-1
565309051
978218457
-1
-1
576485697
642072240
-1
809264545
716310997
-1
-1
-1
843901849
624822308
-1
-1
906816206
-1
894908235
701172901
943012818
742297447
944623861
801636496
-1
-1
807162176
552708036
557847463
681707993
560132553
724938484
611104565
-1
844124848
884359918
787086573
924421501
574255498
870998789
835991261
842270239
-1
876168277
720120908
605427881
744334180
683287894
698163628
808544664
986292985
-1
-1
879562154
820233955
-1
994859493
-1
522562397
-1
722217223
583237402
729353853
716618293
-1
-1
822333072
617626227
781507482
633476673
758704625
-1
-1
908953091
557847463
680747378
882718424
758704625
-1
611396975
715452978
-1
722667386
644710650
798926110
559888803
-1
608157213
557847463
-1
557847463
728842644
633878877
741004478
-1
633566042
-1
729143859
588473540
-1
-1
-1
-1
653669643
702578003
-1
700330183
554489142
-1
-1
555308370
-1
641959292
-1
550775041
987038432
-1
-1
953672294
-1
782578186
887867072
722576958
-1
777731899
907627818
-1
981149301
943419374
832771187
824464144
624132510
806531721
566563881
958346254
-1
-1
619556444
-1
679527470
608758361
779376966
823978479
-1
565309051
749774571
744343516
555308370
-1
667320617
660402158
724356713
-1
728071177
-1
974595597
-1
-1
558509675
956431848
555916496
-1
-1
-1
-1
858884401
-1
-1
-1
862174633
-1
-1
782876353
966079836
554489142
990858669
638533237
801229687
938978901
594390635
942492709
709922493
829648808
600884564
855447529
641243400
785635069
800975301
983099202
891853936
536997573
954819179
830763400
555308370
641227483
608067966
-1
-1
665673231
868739053
565309051
707345100
802405429
756352639
-1
-1
673433530
969388844
-1
565485367
-1
685707175
-1
-1
854385767
-1
878771858
-1
-1
-1
-1
633566042
-1
-1
904101284
555308370
947067132
890887192
-1
-1
615125942
-1
608416740
680105860
858404683
582395340
-1
-1
861279802
570572230
888815235
-1
555308370
915473116
621565930
666589617
-1
899176410
679485483
761882243
713113321
837582322
911917157
852832941
828132314
-1
597933661
934962693
696983507
560797207
781961858
793729981
-1
-1
-1
760335551
-1
-1
811727908
791216163
-1
-1
887164163
672524640
730810864
562053589
608932366
-1
554012735
-1
811155430
972519991
862174633
-1
972316430
-1
623905402
905129374
748044193
-1
763653428
879288492
-1
-1
-1
-1
-1
769252459
-1
721074306
-1
724951747
808279208
-1
992716164
784779380
682212107
-1
912384232
698061601
-1
575005620
561344395
824710331
-1
695275074
-1
700552122
-1
555035686
756203283
720120908
-1
751853980
697746669
555308370
-1
905952131
-1
587915021
-1
806699360
-1
641354173
646914347
-1
673112017
-1
646914347
858005141
615686196
731200905
587915021
559888803
-1
744348207
704446629
565309051
694476600
690786788
730193651
-1
-1
906299253
955815241
643786623
864988615
555916496
-1
625275515
850257109
611102242
582341136
909575964
-1
591415628
663743517
-1
886443515
798016781
-1
-1
923491161
-1
-1
931873478
-1
624458282
754126078
-1
-1
-1
-1
988651970
608769670
659703778
999458863
638533237
701172901
705605541
557847463
745883953
-1
-1
835734189
-1
-1
583482363
720120908
-1
774034429
-1
672533340
-1
-1
-1
-1
656555192
928595378
769886531
733914222
938492093
855766406
740373295
-1
-1
812378282
977076004
-1
862174633
855564084
750621035
973671704
680968575
-1
772862300
952713455
789057895
790716514
586579487
756683068
598505394
-1
765082517
781507482
-1
595218167
954226974
704054638
559888803
-1
773630922
-1
568131492
-1
911994408
796169252
593813267
722012418
555308370
858005141
554489142
-1
680747378
566563881
590246909
672685721
560313109
-1
649328846
-1
858005141
868862772
-1
721015761
-1
890940317
699442038
-1
-1
-1
634446483
915418590
619918198
806190929
-1
560313109
621565930
-1
757210920
-1
789263991
974955612
679687346
773800433
945385030
-1
753859942
-1
-1
755090530
-1
664712330
790516113
-1
555308370
-1
-1
-1
657878041
781961858
777790438
782876353
939677431
696274282
-1
797926543
-1
-1
929045193
729737189
614728327
889747094
677013621
539688603
616599486
-1
862582114
565309051
801229687
606025249
731200905
825032841
-1
781507482
858005141
902481301
684691638
582341136
756683068
-1
-1
-1
971849077
662009272
742875282
718534612
880985915
-1
858947883
-1
-1
-1
691164721
922913583
997573745
914183786
-1
587915021
902481301
-1
565485367
605028982
-1
-1
-1
866755932
587909191
-1
590917791
764929718
-1
944623861
585260458
973079800
-1
-1
638469256
-1
-1
642427200
-1
933341837
663210592
-1
-1
-1
555308370
-1
-1
713113321
-1
617626227
845382446
-1
678598871
749191421
-1
-1
680105860
-1
-1
-1
988043006
-1
-1
947583086
649328846
-1
854311017
835141335
-1
-1
662752583
959031040
732457703
922755873
-1
559888803
697892548
701810811
946055515
-1
555308370
782731721
787481864
-1
845441891
868191807
-1
873695331
-1
682947615
-1
-1
-1
-1
587915021
686649492
868739053
655751494
-1
598505394
690435644
-1
864822219
571985050
-1
-1
-1
656555192
860466987
-1
973583257
907684961
961939055
723140497
-1
673861589
-1
915363572
-1
617626227
856951697
-1
-1
834183915
729353853
806531721
-1
555308370
-1
978218457
-1
606025249
555916496
565354512
-1
844244707
751107119
999203653
876970323
802584164
680819663
-1
679485483
750998849
575915152
830763400
965798368
706500144
731483762
-1
924421501
891922840
-1
695275074
-1
851431331
977311631
-1
603726274
922913583
856243360
-1
800169551
611125491
-1
559888803
-1
-1
885767034
707450909
-1
600884564
860466987
-1
-1
-1
-1
-1
713113321
666655210
859904903
-1
600481824
601219659
772776030
694418870
-1
-1
-1
837788283
657982723
-1
-1
773677966
-1
706727026
909154347
735398512
-1
916476573
-1
539688603
-1
750212058
763653428
-1
-1
-1
760829197
976440264
860466987
909652106
853271594
754493076
555916496
920539253
724356713
-1
808544664
-1
721074306
-1
633867063
-1
717367898
946360770
-1
652459086
-1
-1
560313109
862443779
-1
761463176
-1
785943722
-1
601377821
683287894
633867063
791369119
687036903
-1
-1
-1
751567255
526804246
847122941
-1
-1
-1
-1
633158178
895975406
989300954
-1
924989871
-1
557847463
783063699
-1
680105860
973583257
-1
657025599
668560001
-1
-1
-1
-1
-1
664664964
923619962
-1
765082517
730159283
578715606
-1
745883953
810210564
605700768
-1
-1
-1
598719184
864074679
908523044
745504593
809694744
653081524
816103008
984976905
-1
-1
666566836
-1
-1
-1
712738720
676645294
751107119
744960898
945259237
878577771
638469256
732756733
575915152
-1
973785068
633878877
807162176
840240200
-1
-1
848630856
877115878
563894915
935491015
760829197
757678895
-1
679289924
656555192
667644456
676370169
841571006
-1
-1
860620135
680747378
918238610
-1
824710331
-1
569098237
579559075
-1
-1
615808958
-1
770279261
720120908
-1
872618087
771286947
-1
724938484
603788354
705676712
-1
-1
-1
638469256
811155430
-1
-1
806531721
608067966
678804134
633736968
633867063
-1
649328846
683727845
794035887
552075667
702674216
922387359
687036903
-1
-1
902282323
581505304
598196809
-1
706122101
-1
-1
-1
-1
639764331
927710642
-1
560313109
-1
-1
938087712
703466771
611666663
-1
-1
714325602
831645491
966575936
673433530
560313109
773471105
-1
861634167
-1
722012418
-1
801958920
-1
-1
686586102
635220851
690108849
-1
-1
-1
744343516
559419714
-1
965582465
719270725
-1
650430518
-1
886904908
761336982
-1
-1
-1
-1
718722472
553546190
698163628
-1
744348207
845934649
927670299
927442093
-1
828243028
665243041
891922840
768348783
988033266
892897800
-1
643839523
789057895
793157686
-1
820490863
882718424
877506963
-1
800614324
705563746
991057901
559888803
950721243
632647887
870685496
-1
-1
598282569
857772200
-1
761756441
-1
-1
810286059
-1
573339239
-1
-1
746385683
906827639
792310522
590246909
590857966
700027523
608157213
665945956
-1
-1
-1
813082487
694684284
-1
681281046
-1
768995932
673433530
857772200
720535177
-1
859424169
729737189
824710331
900904552
-1
882035132
904925141
-1
-1
892897800
842073652
645649743
-1
659703226
565309051
771960957
-1
755127255
869707591
651426952
982473987
932467526
-1
570394541
940902349
555308370
-1
-1
656715330
-1
-1
536997573
-1
673112017
646471483
633878877
887502460
765758673
587915021
782303789
-1
587770846
992787495
840089255
789434129
-1
-1
-1
-1
864005580
-1
747072419
876590733
-1
-1
638469256
-1
729737189
-1
-1
561803930
997573745
-1
-1
-1
-1
592983640
796169252
-1
-1
-1
840240200
789393501
-1
586579487
956143671
799578231
781976642
740858214
601664757
680747378
-1
-1
750632512
-1
-1
-1
713113321
924989871
-1
-1
582416834
815352228
-1
722217223
606025249
690786788
590246909
951380064
783381898
615686196
-1
-1
793044268
-1
833377138
-1
920628789
-1
-1
605752846
728413465
727816341
628531816
-1
-1
853678797
957825898
-1
-1
939850157
-1
-1
969388844
744503316
-1
-1
-1
561803930
672524640
928595378
859924650
-1
-1
588469705
-1
-1
-1
-1
559888803
555308370
912579763
961302409
850762078
582776353
690973318
981432409
-1
-1
761765943
993594625
719270725
699880217
677034859
862443779
719606725
595894751
-1
734752808
-1
887830647
-1
793595350
683727845
848831348
988657696
776615912
-1
-1
952713455
-1
-1
583737213
694970092
813900902
587909191
-1
615686196
-1
638469256
-1
952979430
783957150
-1
698061601
960523312
703741820
-1
969413751
727488870
712738720
-1
840018577
785427803
693197351
-1
778906048
-1
-1
-1
611859731
-1
714301949
792727803
-1
-1
-1
637229339
983736645
685707175
-1
-1
601326896
603299531
-1
611859731
691164721
992383551
698163628
824710331
612497999
-1
981149301
555864648
724938484
550775041
-1
573339239
838817471
669800220
-1
554489142
883132442
764888256
933274816
858005141
707453943
-1
554489142
887164163
885139503
-1
918468704
916398293
827114580
-1
656300884
883807723
-1
633515870
812377547
-1
-1
631158003
848418056
-1
585650039
-1
835141335
-1
753372368
725961178
675441761
-1
662009272
597718778
818483492
676370169
757678895
687036903
-1
822333072
555916496
-1
-1
691938656
-1
-1
747853149
677280265
623905402
729632529
565309051
613639542
892897800
560313109
-1
625133121
753859942
680001842
721642753
705605541
-1
928281954
922387359
-1
731954009
-1
784779380
946055515
-1
643155718
-1
855447529
-1
-1
932893653
-1
-1
-1
734075013
642268678
-1
952713455
-1
989300954
757187931
-1
652459086
928140799
-1
809091482
-1
-1
555308370
791216163
555864648
-1
-1
528848275
786498751
758704625
823978479
659569850
761361524
-1
-1
617626227
559888803
-1
679589401
623905402
701172901
747022918
712715446
847122941
-1
-1
712715446
634446483
727877793
649779650
-1
-1
664712330
843192946
656555192
-1
626746019
708631617
742119576
539688603
-1
611859731
783381898
677703374
819120399
-1
915572448
815983734
-1
550775041
605028982
-1
710234461
-1
-1
-1
692072821
675887246
947448901
-1
615686196
-1
614898142
818052888
888856841
864499314
559888803
656555192
-1
-1
652459086
-1
791677190
703418527
633878877
646283287
617626227
807332826
-1
-1
729737189
-1
633566042
835734189
-1
599408836
602710421
-1
705605541
683096418
-1
656300884
967127565
-1
-1
748169160
691164721
-1
639818196
-1
-1
758704625
565309051
828132314
-1
-1
-1
-1
538395589
703418527
797030670
732534056
700027523
804258442
576710975
-1
649328846
-1
-1
-1
-1
-1
-1
-1
-1
-1
793862654
-1
761882243
611104565
687036903
739065597
590246909
-1
-1
-1
-1
706106441
-1
615686196
-1
-1
944623861
882309177
-1
568050051
673433530
-1
587915021
-1
-1
-1
969590683
-1
673862782
900705152
703741820
916974637
721700333
908694225
683321361
-1
-1
-1
617626227
697892548
-1
-1
-1
-1
610555420
814612529
618776041
-1
-1
969413751
565309051
-1
782876353
-1
971558210
977076004
986292985
-1
-1
-1
-1
579559075
565309051
604356746
-1
664090626
-1
762569402
831645491
999501047
-1
716813941
555916496
557847463
-1
-1
908523044
584651612
638469256
-1
699442038
753771190
909117064
-1
-1
923230227
904312062
758704625
714813617
-1
-1
638469256
-1
-1
942736717
-1
569160162
-1
686177722
600481824
620355347
836627179
760558288
812825294
-1
-1
699055486
559888803
695900715
909652106
573339239
852518442
-1
777245651
623139634
717367898
881359396
744334180
-1
561803930
-1
-1
913535017
-1
-1
-1
-1
920294432
690337584
587909191
-1
917457131
958288567
-1
-1
555308370
605028982
855890265
559888803
823681975
-1
559888803
900932135
-1
-1
-1
886443515
923349415
-1
-1
653669643
-1
-1
-1
602710421
918468704
911909524
628078946
655292830
-1
-1
877978915
840018577
751065366
-1
962113027
819120399
821172361
-1
881861752
633867063
-1
770379840
-1
985553288
608067966
863765574
837968493
-1
769307146
946206532
-1
-1
624132510
-1
-1
882559475
-1
-1
923230227
-1
-1
781507482
-1
-1
814612529
588371840
712738720
774908273
824710331
-1
557847463
-1
978681819
-1
579432404
-1
-1
804918645
-1
680105860
893691772
-1
-1
945259237
554489142
765268725
-1
-1
-1
647694597
940718634
-1
912067015
799266618
787172566
748026287
680747378
878771858
952829464
-1
944706893
682947615
-1
928622288
652459086
-1
729737189
590246909
621103583
813925696
629632324
-1
555864648
723537780
833373459
632834870
666170747
-1
-1
-1
682926681
556495618
666589617
789936803
-1
757210920
-1
-1
-1
-1
892064993
747188013
-1
-1
611859731
693085381
943008399
750998849
630599941
565485367
615875938
560313109
583737213
-1
-1
606357360
-1
767592967
916059648
715626180
939853190
683321361
-1
742875282
955953757
787562097
988043006
-1
742119576
845934649
-1
785743879
775279283
641742371
555864648
619918198
797133958
986480020
590246909
767156982
-1
-1
-1
996521070
720120908
776182024
769919488
649779650
713976411
814612529
-1
913241836
-1
722136262
724356713
-1
659731101
962127039
-1
-1
778740909
813900902
-1
897660782
696811735
608932366
-1
712738720
589687623
845934649
747834868
-1
585650039
-1
988415081
-1
806531721
735398512
-1
722075837
750432683
762139226
-1
988651970
592780157
842379317
-1
-1
-1
717367898
787562097
-1
-1
972718925
-1
917572676
-1
823734283
-1
631158003
-1
724938484
-1
555308370
-1
588371840
674600822
915269159
-1
-1
-1
891059961
928076377
693909797
-1
-1
-1
938924264
834578769
977641138
-1
-1
755370648
-1
789876682
666589617
704958440
659592316
704068027
698213611
713914116
798837448
-1
-1
-1
-1
-1
-1
942756649
-1
787481864
-1
951380064
805485490
587915021
652306290
675002286
922387359
-1
-1
744503316
769307146
555134659
-1
660820629
-1
846566608
-1
769252459
-1
-1
970382537
-1
-1
-1
-1
-1
-1
957043527
956956314
602664457
796022803
-1
939655121
714301949
-1
928622288
557847463
555864648
988125769
950126560
717367898
-1
559888803
729311979
766955079
642726892
-1
-1
610536433
889982449
-1
717426695
621103583
728011667
653081524
835734189
559888803
-1
824966473
762997152
-1
605028982
-1
693133846
680105860
-1
-1
-1
-1
914713020
529989597
-1
622259645
586295665
-1
-1
-1
-1
561886650
-1
-1
583737213
571760790
-1
-1
799551011
-1
606025249
999203653
979744338
-1
944623861
555308370
-1
668316355
-1
831288470
931990200
-1
-1
798926110
801229687
-1
824908382
743569679
855447529
-1
836627179
722012418
-1
615125942
623139634
881989865
654074462
875671765
555308370
-1
-1
555916496
685707175
640341417
-1
-1
772776030
710568459
-1
-1
725190098
724356713
855149615
-1
-1
-1
566198699
587915021
973756735
-1
-1
969388844
-1
-1
871723362
-1
-1
923230227
955918144
905129374
519074182
617626227
906206030
555308370
623905402
894630307
697373979
822242548
611125491
987514982
739065597
649779650
855447529
970382537
815128042
605028982
940957199
561886650
796022803
837998222
611104565
951380064
699442038
634712580
-1
875760766
703466771
642268678
685269706
669800220
-1
-1
855149615
-1
845661537
741004478
707189720
879015633
589687623
791778766
883487334
789876682
-1
-1
635166024
-1
703878297
986743011
603726274
673433530
943347582
897660782
673433530
687036903
-1
754973913
-1
-1
741637826
612832616
-1
-1
561803930
640862881
811155430
555308370
-1
-1
560313109
762179069
590246909
-1
701679539
575915152
787731589
-1
-1
557847463
742119576
-1
-1
853271594
605147814
-1
-1
667796450
-1
765564275
980372856
-1
613314879
973583257
-1
804165935
-1
-1
-1
846566608
686177722
-1
707864065
-1
-1
-1
724938484
-1
780079667
983702366
-1
784779380
-1
665673231
604334264
859466296
-1
872190140
-1
758704625
-1
-1
-1
-1
-1
557847463
555916496
-1
646914347
734569161
908900606
708766849
-1
722576958
868846011
812375667
-1
587915021
-1
-1
606357360
-1
-1
-1
639764331
631986348
778460908
855979104
766024258
747188013
686253891
-1
-1
655776735
-1
587915021
673861589
801112687
672776125
-1
976472716
885418793
-1
586103503
-1
559888803
673433530
917928125
-1
892857100
-1
590246909
836627179
-1
-1
678458700
806697297
562189664
687036903
808448997
687036903
762549068
-1
771960957
-1
-1
915418590
-1
767375623
-1
680747378
565309051
-1
536577778
-1
-1
-1
837582322
870685496
590041020
935491015
754473510
625275515
770927310
604356746
648814747
-1
561886650
-1
-1
744334180
-1
552708036
-1
710234461
952159362
-1
-1
703244748
-1
677280265
-1
-1
835028508
990808412
669773833
957545523
750959443
-1
845441891
590857966
927012733
986518740
-1
-1
853182925
-1
-1
746385683
686902588
-1
772776030
-1
576485697
728037036
719270725
-1
766587192
859177873
727603695
591415628
715698317
928281954
892272426
791216163
793959004
-1
-1
529376908
794035887
932467526
993594625
-1
573339239
825311444
555916496
712738720
-1
939850157
854495620
803831097
927862438
576485697
686342459
720120908
-1
-1
590246909
760818824
-1
-1
837671833
-1
591415628
-1
896521731
805856417
605028982
717367898
764654670
962113027
740773460
911909524
801646012
656555192
-1
609410130
590857966
603788354
642336098
-1
-1
808359993
619032113
-1
835734189
-1
573897543
631514116
570394541
-1
-1
-1
806531721
-1
-1
946206532
-1
729737189
851558018
766194483
739984289
-1
840648053
-1
-1
796022803
-1
735333524
870685496
932819369
685269706
-1
760340726
-1
605797467
881021630
560313109
860769575
815128042
635220851
617626227
-1
850453967
-1
-1
797926543
557847463
-1
-1
555308370
656555192
977641138
886372821
994987393
-1
924666909
-1
555308370
-1
-1
994127062
901955837
909117064
-1
826085812
-1
753458460
932819369
842293393
862413391
733955588
751556606
-1
534240386
-1
744348207
-1
724356713
945385030
574648460
-1
-1
-1
848828467
555308370
623139634
799266618
-1
586579487
815345730
641309024
-1
718525960
-1
679289924
-1
576346319
712738720
-1
811727908
-1
715698317
-1
957807250
600884564
742867922
-1
724718398
-1
-1
765422257
-1
902446182
758704625
-1
888856841
642072240
-1
754253957
970382537
-1
738127635
744945787
573339239
-1
653343357
-1
702578003
679289924
653343357
939729397
-1
789876682
-1
-1
-1
-1
565309051
-1
843888209
982276977
-1
963420595
767539217
840701458
-1
766955079
904312062
-1
746114415
-1
-1
782876353
-1
-1
796301774
-1
821428938
554489142
-1
802701880
782303789
600811943
878931339
717367898
931873478
931873478
-1
-1
947575729
993691310
807332826
653081524
573897543
934962693
906202531
569117363
-1
923619962
-1
877537194
-1
765761364
-1
635506235
555035686
791216163
557847463
-1
616148199
796022803
988033266
560313109
875019813
696811735
860466987
-1
969194510
666170747
864822219
685707175
888856841
-1
802405429
906293438
793157686
765564275
-1
-1
-1
768381131
-1
855564084
792761490
-1
-1
539688603
-1
559888803
-1
833756807
-1
-1
-1
679881562
819708595
-1
-1
751484288
679289924
606025249
867356376
801649591
-1
-1
-1
937819074
-1
969384119
-1
-1
559888803
-1
961940830
947448901
-1
-1
-1
615125942
554489142
-1
-1
987837957
-1
673909415
-1
-1
-1
-1
891112728
-1
566563881
757210920
-1
649328846
555864648
764929718
-1
654768701
-1
-1
-1
-1
-1
-1
687036903
-1
-1
-1
-1
-1
608758361
-1
634558592
-1
680747378
-1
775394664
772776030
683321361
-1
-1
778906048
938924264
651423995
660402158
-1
597718778
-1
-1
-1
923230227
883487334
-1
565309051
622259645
-1
655292830
912377580
698061601
610934209
-1
-1
-1
782876353
-1
632647887
-1
-1
-1
807603850
-1
-1
726748914
883572700
-1
-1
956318114
557847463
-1
587915021
664951636
786498751
575915152
296392180
855766406
771960957
789711697
707450909
672810857
-1
606630220
581459730
-1
-1
764466415
-1
-1
-1
-1
926268884
-1
-1
856243360
765758673
765859367
-1
-1
702846815
-1
759383151
804357928
-1
-1
721015761
811727908
-1
602710421
-1
837671833
-1
825311444
791216163
947800566
682947615
-1
-1
-1
624822308
-1
-1
783381898
657025599
-1
583737213
582776353
590775728
606411045
598761219
-1
631158003
-1
598444997
988323056
590024205
-1
663315039
604356746
-1
680105860
-1
860466987
-1
-1
872074146
728842644
555308370
742836856
-1
565309051
744503316
-1
590041020
828848520
-1
878761820
974955612
612817606
810286059
717367898
-1
805856417
610059221
654448963
603726274
820199482
565485367
-1
742119576
792727803
947800566
607162699
-1
-1
975197003
627260262
-1
781507482
991161308
917035023
930700725
-1
-1
835753568
-1
636446704
-1
-1
-1
569160162
-1
-1
845063232
886166310
-1
765651128
962113027
892147684
-1
607437854
-1
-1
-1
715626180
-1
-1
927710642
616412218
892045838
-1
736860919
-1
-1
-1
922913583
-1
-1
-1
733948852
618121708
787562097
-1
617945883
539688603
926301353
912067015
678458700
-1
769307146
720206803
-1
899176410
680747378
805685565
-1
575915152
757035143
741004478
719270725
-1
571574561
-1
-1
-1
-1
851038027
-1
893691772
588371840
-1
555916496
716618293
-1
851177854
958767639
-1
923491161
932819369
-1
956143671
694476600
633566042
906293438
836033580
-1
-1
814385839
-1
608758361
557566113
980665425
661213484
557847463
-1
-1
-1
723140497
560313109
-1
-1
565309051
920539253
898968840
781507482
619918198
-1
787562097
841722822
792902242
-1
800823582
-1
-1
959353373
558963151
-1
-1
-1
-1
-1
-1
-1
555308370
-1
638469256
-1
736311669
780721908
806418821
611104565
560313109
864036497
801229687
689587562
-1
714325602
-1
-1
615686196
554489142
-1
-1
833339722
676485083
-1
-1
861634167
709248750
908523044
766365888
618662980
761361524
-1
638469256
751154678
986743011
835734189
654372618
760710371
744348207
-1
720987594
864717339
669211157
751107119
973583257
838817471
-1
-1
654074462
701493253
-1
960259854
829004918
-1
691164721
573339239
587915021
835734189
757453789
-1
736409063
991813685
-1
-1
-1
724843747
680105860
-1
696811735
754253957
-1
-1
606411045
862443779
583720417
-1
646914347
-1
-1
-1
780640694
-1
559419714
639756901
-1
-1
819120399
819120399
-1
753295070
-1
777245651
796288434
896347721
-1
590041020
-1
685707175
766955079
915473116
668560574
-1
659685593
653081524
-1
672685721
988657696
754297121
565309051
-1
766365888
683287894
-1
650521408
578715606
876590733
617626227
662456577
-1
837582322
943419374
-1
-1
-1
640862881
-1
745193176
626746019
587915021
-1
615686196
600237528
617626227
-1
590041020
-1
843901849
-1
772174995
830351352
712236799
-1
555308370
703418527
624458282
746644427
-1
-1
-1
555308370
559888803
617626227
702962789
791161790
-1
-1
704446629
880757753
-1
-1
-1
-1
638084090
-1
978599626
557847463
639764331
756683068
-1
917727824
605147814
-1
-1
559888803
-1
638445369
808095959
-1
776124737
800829766
937145610
880811680
716901817
555916496
823978479
796301774
-1
-1
740858214
868846011
674452116
722136262
-1
854617371
-1
695275074
782303789
766365888
866755932
576490449
528848275
920767289
-1
972861142
781961858
977641138
-1
630676893
-1
874612825
565485367
672558645
942492709
898968840
832009730
-1
670309579
560313109
-1
937145610
-1
813224643
716618293
-1
-1
734569161
869707591
567164008
785743879
555864648
869857676
-1
-1
762139226
651656698
721015761
883259193
680460946
-1
686342459
710234461
-1
-1
625569357
831314723
653230931
-1
-1
561886650
625275515
635506235
716867540
824070737
-1
950126560
615535017
702578003
654228377
942477115
761756441
-1
-1
856660457
-1
559888803
712236799
807162176
-1
950721243
667004285
734752808
753771190
-1
643475257
615535017
920628789
557847463
758704625
590246909
-1
-1
-1
554489142
908523044
-1
-1
792781988
662009272
-1
931105253
856243360
717817307
742297447
611666663
-1
895228504
-1
581459730
754253957
-1
780941860
950721243
-1
799008328
679881562
769307146
-1
-1
911319572
687036903
883487334
742836856
965151602
-1
-1
720120908
615686196
915572448
-1
941615577
763351906
699726825
555308370
698061601
-1
912256151
593813267
630676893
680819663
780941860
992095677
856243360
860968688
584651612
-1
978056668
744334180
719270725
-1
837998222
-1
-1
672849464
-1
-1
804230917
603788354
633566042
565309051
-1
-1
-1
892897800
763653428
965798368
-1
-1
952828328
814612529
824710331
-1
969413751
-1
-1
550775041
591415628
-1
714813617
-1
-1
705004051
619556444
-1
950721243
916580287
847122941
898968840
808328696
550775041
-1
-1
-1
985221723
752444168
803112237
-1
719173438
-1
680747378
-1
758704625
-1
889706779
819120399
-1
742837526
718525960
-1
-1
665924989
-1
870685496
731483762
-1
-1
971092352
617626227
671957062
-1
-1
664489011
-1
673433530
-1
557847463
948691248
-1
-1
606638122
-1
967430662
855890265
814350133
679589401
-1
-1
-1
579559075
694476600
644710650
988043006
981143467
668629016
806230626
902549706
-1
868442042
-1
851431331
772776030
-1
-1
831164567
538395589
-1
-1
991129661
625814605
-1
864717339
814612529
-1
669800220
-1
717358551
-1
841536834
991161308
762549068
-1
-1
990858669
-1
-1
-1
-1
801595493
855890265
781961858
-1
825032841
968419076
-1
755127255
757678895
600811943
-1
-1
776182024
-1
898770375
555916496
946055515
788276747
-1
820180329
889784081
818985373
-1
-1
583737213
854495620
818985373
-1
-1
640862881
973671704
559888803
-1
-1
751526507
787481864
867144623
-1
-1
555308370
712715446
944578451
-1
-1
-1
-1
748118745
784779380
935826046
818470439
614580053
630464173
863466132
-1
900680317
557847463
783381898
706727026
776615912
930319400
-1
836033580
656555192
-1
-1
863838402
805269044
569160162
999501047
638469256
640862881
-1
653669643
743311027
651426952
680819663
-1
-1
-1
-1
-1
766955079
826315471
-1
-1
-1
-1
-1
815128042
967705796
829648808
662009272
-1
911909524
608067966
838286418
569160162
-1
955782100
763653428
-1
637935510
-1
608067966
-1
-1
-1
-1
950126560
767927602
717358551
840648053
-1
951380064
-1
528848275
-1
-1
633566042
-1
-1
582776353
740773460
958636428
603788354
-1
-1
854211208
-1
923230227
-1
-1
641572998
756002419
772765679
595610371
-1
-1
566563881
988402841
670447393
695275074
851859280
-1
740750709
-1
583737213
-1
808544664
-1
928622288
724356713
827488706
728271353
733955588
660402158
-1
-1
-1
-1
-1
-1
-1
635506235
806531721
-1
846614576
-1
-1
874263157
-1
-1
583361277
-1
-1
-1
769252459
633867063
724938484
845934649
884268290
897583211
-1
-1
674452116
678274219
-1
769252459
617626227
-1
972487081
817520497
826085812
798926110
648742309
824004624
635220851
717367898
-1
687816393
653343357
602710421
772174995
668629016
-1
900639316
797030670
-1
-1
662009272
-1
-1
922163795
718525960
-1
931949693
-1
800215651
866537460
766955079
808628643
979744338
703418527
-1
-1
610550962
-1
-1
-1
932330967
655292830
579559075
-1
-1
734752808
757678895
522562397
843208701
-1
-1
-1
693853565
806531721
587915021
-1
-1
663315039
-1
784537060
-1
804918645
625381086
855447529
-1
708282177
991129661
769838718
633878877
879562154
579559075
630676893
877978915
-1
-1
-1
824696985
685083050
633566042
-1
633736968
849340893
-1
-1
785743879
720120908
-1
773677966
-1
651313126
555308370
-1
-1
684831935
942017734
631514116
749557814
-1
-1
713113321
-1
762569402
-1
951380064
976472716
617626227
662009272
-1
-1
-1
764881838
-1
-1
-1
962127039
829093762
579154984
990108773
-1
-1
974087215
931105253
662009272
-1
-1
-1
-1
617626227
-1
777616570
-1
819120399
633566042
786498751
-1
985447160
-1
-1
905129374
565309051
653343357
-1
-1
826085812
833377138
797084264
698696493
-1
828628046
770278564
855564084
539688603
-1
561344395
741004478
899176410
868846011
720120908
801229687
-1
783809967
581459730
-1
868675343
-1
565309051
-1
-1
-1
-1
703418527
600811943
891465380
559573033
666170747
-1
-1
673862782
-1
-1
804258442
-1
986168998
971558210
673416201
-1
757678895
585945482
-1
697772399
924421501
818281051
861728376
763525925
830763400
-1
-1
539688603
593813267
-1
926522592
685083050
555916496
-1
695275074
660820629
724356713
-1
977200912
718121464
790506866
-1
-1
557847463
555308370
782876353
598196809
792948091
-1
892272426
-1
-1
848828467
-1
601445789
-1
673433530
-1
-1
568747611
754253957
760710371
912377580
872286132
717367898
555916496
791778766
816146034
567164008
631158003
555308370
720987594
742837526
-1
-1
930592459
677034859
565309051
-1
772776030
559888803
875671765
-1
839544010
-1
608067966
-1
941029673
-1
740858214
659443678
868865480
-1
-1
928494203
-1
652459086
668560001
-1
605399073
868191807
754253957
615686196
631158003
846902911
615686196
-1
-1
729311979
707189720
691023266
986743011
983702366
960523312
579559075
824966473
-1
-1
-1
791216163
705563746
617626227
918468704
575893993
557847463
654768701
-1
621565930
-1
846817969
783023288
-1
-1
786498751
-1
-1
998119586
837582322
-1
-1
559888803
818470439
569160162
701088102
613343491
918568613
791216163
623905402
-1
652306290
-1
753372368
855564084
-1
-1
-1
-1
861439760
791161790
927710642
862582114
-1
-1
-1
855890265
634446483
-1
972718925
-1
686365847
-1
-1
-1
-1
874263157
819120399
617626227
712897486
773800433
611104565
933274816
739919860
899452515
716618293
-1
-1
797494440
631514116
-1
820490863
917164561
-1
-1
-1
557847463
613343491
-1
725617577
698061601
865336587
983702366
-1
737531427
-1
888181690
828243028
958346254
-1
-1
676645294
687036903
-1
-1
-1
760854467
615686196
-1
-1
740773460
544734480
926797141
668629016
927290355
631514116
759309037
823978479
625814605
-1
-1
620148618
-1
-1
632530792
-1
923619962
899871914
782876353
-1
873575130
559888803
-1
-1
568505204
761830526
555916496
-1
608067966
-1
-1
-1
-1
-1
570394541
587915021
-1
967577481
653348660
639764331
-1
908694225
668629016
716310997
696450508
555308370
-1
576490449
-1
627986373
871325051
942492709
-1
610555420
559888803
718473213
778570995
-1
954888214
-1
-1
587915021
832557336
831545811
957948225
-1
-1
852832941
-1
-1
-1
687036903
-1
-1
-1
923158544
887164163
712715446
805310350
759383151
-1
-1
-1
662009272
806531721
951278343
868846011
943917908
676485083
950422749
590246909
735819153
-1
-1
639764331
-1
661726076
-1
565485367
-1
-1
619952296
-1
565309051
915473116
-1
808448997
613314879
-1
905428392
761756441
-1
631158003
610555420
-1
912756569
-1
-1
574243894
709689241
852580976
-1
-1
816103008
-1
676370169
806230626
-1
-1
772042132
796169252
-1
642427200
920294432
705563746
598196809
583737213
-1
595547902
712738720
-1
565309051
912579763
941615577
-1
-1
-1
554489142
-1
555308370
785635069
-1
-1
780640694
661726076
770715392
638469256
-1
566563881
557847463
915363572
-1
605028982
831164567
557847463
923619962
638469256
682457248
907627818
623905402
608758361
605830447
870842703
983272956
-1
-1
907627818
646914347
-1
607243891
-1
929045193
-1
-1
-1
818985373
-1
610997313
759309037
820180329
-1
-1
971558210
-1
-1
772776030
609972900
669850502
721074306
-1
-1
-1
-1
565309051
850939609
538395589
560313109
-1
633867063
-1
-1
-1
-1
557847463
790881172
-1
-1
-1
-1
630676893
928820820
977017798
726748914
913535017
596833691
763527750
570081495
797084264
-1
-1
823978479
-1
634446483
-1
-1
729353853
557847463
539688603
626746019
883572700
638469256
-1
941029673
713113321
-1
-1
-1
823989365
762153510
-1
557847463
553383893
958218821
-1
818483492
737294701
-1
903010367
705563746
767586604
-1
943008399
573968752
-1
744348207
-1
728011667
674600822
555916496
744316950
-1
-1
731200905
761756441
686316792
926301353
-1
843192946
-1
777133330
633867063
-1
539688603
727488870
750632512
-1
-1
705563746
875678945
627441252
732457703
565485367
-1
522300948
-1
750920382
565309051
-1
-1
604334264
805856417
-1
858005141
623139634
685707175
579559075
-1
676645294
534240386
822242548
-1
619952296
623858489
598505394
-1
-1
954480174
900705152
-1
917311854
617626227
704958440
819120399
777133330
784779380
615125942
882309177
-1
-1
-1
923158544
569160162
-1
976916217
642072240
615686196
652459086
-1
864199784
692585373
-1
-1
-1
954888214
555308370
698696493
-1
-1
-1
690578624
-1
-1
611104565
-1
608425904
874419160
-1
633867063
927442093
783149670
-1
587915021
544734480
652925538
-1
-1
927290355
920539253
557847463
-1
845934649
874263157
-1
990928269
687036903
796169252
-1
915637880
722477665
-1
868145077
-1
-1
846614576
816531723
637844621
-1
-1
923230227
-1
829824072
731200905
-1
789057895
849340893
662009272
715626180
608067966
696450508
591167233
-1
911273366
-1
667881537
709922493
576003866
607243891
565309051
579559075
635719391
886139647
623905402
561803930
717367898
943008399
-1
-1
782578186
744334180
883720099
-1
600811943
730511901
608758361
807332826
559888803
678751409
680105860
760341228
692585373
680387810
-1
579559075
854385767
741004478
-1
-1
-1
-1
-1
604282082
-1
871964998
-1
804357928
-1
854495620
826456377
801192863
718525960
801636496
559888803
557847463
-1
786498751
600811943
657025599
610934209
-1
-1
781961858
-1
805856417
792948091
-1
642072240
-1
940718634
750275462
595218167
-1
869707591
-1
809509383
950126560
-1
-1
656555192
-1
709018087
973079800
-1
555308370
-1
930812597
930592459
891705908
861577413
834183915
586579487
754297121
-1
991995715
-1
958446415
845934649
853678797
623139634
-1
568946578
-1
-1
760854467
801112687
703418527
-1
-1
705004051
772776030
-1
-1
994127062
-1
-1
741004478
615736401
715626180
-1
587915021
-1
810721625
758704625
613314879
726218904
-1
-1
-1
-1
575005620
-1
597628804
-1
812570821
555308370
751853980
-1
-1
-1
-1
779057416
561803930
-1
-1
830763400
835028508
638469256
962113027
-1
615125942
765082517
-1
-1
659537680
-1
732614457
863230532
-1
-1
583361277
-1
792948091
702674216
943347582
753372368
-1
565309051
624458282
-1
-1
613824024
-1
687036903
590246909
-1
851052779
687036903
-1
621565930
982583020
586295665
873219459
694684284
978056668
755176518
-1
944623861
-1
927442093
943419374
-1
637935510
882035132
771960957
996379388
669850502
680747378
-1
687036903
891922840
-1
-1
981883993
-1
-1
694416212
595218167
669800220
-1
-1
673862782
565309051
619556444
-1
-1
-1
-1
986128962
-1
687036903
754126078
815352228
-1
-1
769307146
555864648
783023288
826672348
806873495
-1
-1
795674244
633158178
673433530
708961411
635318956
-1
-1
891853936
-1
-1
-1
-1
-1
-1
842435181
-1
-1
-1
713113321
591295256
909491453
-1
646364384
935130701
-1
-1
-1
638469256
-1
928042658
-1
-1
-1
-1
617626227
-1
-1
641572998
-1
-1
-1
623905402
-1
617626227
840018577
689576372
985463472
756433897
818573281
881531985
-1
797084264
639094311
-1
987619884
-1
-1
-1
-1
653669643
-1
993770427
778633357
-1
855890265
-1
915363572
918141160
-1
-1
980386941
887667702
-1
-1
-1
-1
804357928
939655121
641572998
-1
-1
742875282
805856417
666566836
-1
-1
-1
797133958
-1
620355347
854385767
-1
-1
-1
966743201
559888803
846614576
721015761
-1
-1
974473105
562189664
-1
653081524
631986348
757187931
862069813
669211157
606025249
-1
-1
-1
917572676
807603850
939853190
905894022
-1
-1
-1
832885146
714813617
560313109
714461917
695227447
835991261
-1
942017734
-1
635517591
-1
672849464
-1
-1
565309051
-1
726079564
-1
815772807
-1
642336098
-1
-1
-1
768140842
608067966
902282323
884451171
-1
-1
-1
-1
686177722
-1
-1
809264545
638469256
559419714
-1
-1
579382215
565485367
-1
-1
652459086
636446704
873038557
870774001
922200359
-1
686253891
758704625
-1
838042093
653343357
-1
721842573
-1
-1
579382215
652804381
560098066
876891503
-1
-1
-1
924666909
715868839
659703226
-1
815772807
-1
-1
798016781
908685675
-1
-1
585650039
781267738
-1
609972900
826085812
-1
766955079
-1
731977065
928732821
852255366
-1
951100178
975445598
-1
598196809
-1
-1
-1
878771858
783857673
649335270
-1
760710371
735398512
751587541
-1
900650302
555308370
815340495
-1
-1
815128042
579559075
664489011
708197208
-1
967577481
-1
633867063
-1
841536834
537134407
928281954
-1
-1
956645018
826899767
-1
-1
767375623
817249316
-1
575005620
808263386
750998849
792761490
-1
-1
-1
559888803
-1
801649591
699042792
829648808
-1
748586178
877978915
835028508
-1
994035811
791161790
960007083
-1
-1
873575130
603788354
733610120
-1
-1
-1
-1
-1
715868839
831693716
565485367
-1
753834965
-1
720120908
611125491
955815241
-1
-1
931793952
997974660
818470439
617710168
677034859
705605541
755509591
566563881
-1
664489011
-1
-1
741004478
917788121
-1
951380064
-1
772776030
679071131
-1
-1
741004478
794570060
870842703
784779380
-1
681475083
-1
-1
555308370
779872869
837671833
571034602
913535017
758704625
-1
-1
859180766
821797376
595547902
-1
-1
-1
977641138
-1
827150401
690973318
889982449
-1
954888214
915363572
656300884
-1
685707175
587915021
611125491
-1
-1
694619330
-1
-1
798926110
-1
-1
765651128
855890265
-1
971092352
-1
-1
680819663
-1
968419076
-1
663315039
-1
969531675
922913583
703418527
-1
908900606
555308370
962111554
707189720
705563746
-1
-1
855013397
-1
640341417
668629016
828406079
994127062
-1
724318292
835734189
-1
881503605
-1
-1
665534354
-1
-1
994859493
758582109
-1
734529152
902446182
-1
-1
619556444
-1
-1
-1
-1
936814104
825789380
950721243
-1
642072240
-1
-1
-1
-1
855890265
-1
796022803
611125491
-1
557847463
638469256
698256996
587915021
652210335
-1
837671833
711964236
664605543
-1
832885146
-1
675002286
-1
-1
866315929
680105860
-1
615686196
-1
-1
-1
590041020
657845219
617626227
731200905
751107119
559888803
-1
823978479
633867063
626855674
-1
681475570
758704625
-1
-1
-1
-1
737853724
708766849
-1
977294673
-1
557847463
517204286
633867063
691938656
805401020
658828319
633867063
724498723
832557336
814612529
-1
-1
557847463
784779380
836010927
906206030
633878877
987038432
555916496
827488706
680819663
590041020
-1
680747378
868846011
880985915
662009272
712738720
552708036
849340893
744334180
599986256
-1
538395589
565485367
697772399
-1
608758361
889747094
-1
869650193
-1
615686196
773471105
662009272
900932135
655292830
850883640
939901179
721642753
-1
980805943
625814605
-1
-1
-1
849613803
590917791
562189664
590041020
-1
573968752
624132510
-1
769307146
-1
735732688
803112237
-1
-1
-1
-1
957948225
733956997
557847463
-1
661213484
-1
789057895
-1
-1
-1
590041020
590041020
947448901
613314879
-1
972069162
-1
-1
633867063
697373979
680387810
904925141
602664457
-1
835734189
694684284
835746123
-1
731200905
751107119
-1
588473540
-1
969413751
-1
765268725
945385030
686764344
-1
605700768
-1
-1
753859942
-1
-1
917788121
-1
-1
-1
-1
-1
685269706
789876682
880202088
777869643
-1
-1
595286442
579559075
784992054
991129661
608067966
-1
-1
-1
-1
-1
555864648
794035887
792902242
-1
751484288
947448901
-1
581459730
-1
-1
907955547
548992104
775076625
-1
-1
758582109
575915152
-1
-1
840089255
718121464
715037072
781267738
907684961
717367898
744334180
837734078
-1
-1
-1
699444193
972861142
828243028
991445963
685074342
702436665
875625498
799008328
943718772
-1
967430662
608067966
961473410
706469369
730245030
586579487
634957750
676275657
-1
841432059
769919488
579559075
664090626
565485367
-1
590857966
595610371
687036903
-1
-1
-1
-1
-1
662009272
718722472
-1
-1
997573745
853678797
920628789
-1
-1
555308370
883572700
-1
-1
959111940
-1
799008328
-1
585589316
557847463
-1
-1
-1
691390285
-1
-1
915363572
955815241
-1
784829057
835991261
981883993
961394315
-1
634446483
962127039
647994872
971443566
-1
683287894
-1
835028508
555864648
-1
761463176
891922840
789936803
865336587
663315039
657025599
-1
-1
694476600
-1
880326593
-1
659592316
652306290
958218821
-1
860466987
750432683
623139634
570132236
814385839
914991475
966490263
-1
966322882
-1
-1
806531721
575915152
642336098
623905402
978625281
-1
-1
649328846
553383893
555308370
729737189
594580768
747834868
-1
712738720
-1
-1
948606054
-1
-1
862069813
613190725
-1
-1
-1
945385030
-1
669317336
804063607
658828319
-1
-1
615775334
868145077
-1
691164721
944623861
615535017
590246909
657816340
-1
953672294
682353826
-1
780200361
-1
708197208
652067595
-1
754768276
811829111
-1
-1
-1
-1
611104565
555308370
-1
801112687
661391449
555864648
-1
633878877
-1
-1
-1
-1
824696985
848831348
-1
-1
603788354
849340893
-1
773385292
-1
-1
633867063
-1
-1
611104565
-1
653669643
923349415
-1
-1
705605541
881503605
664489011
588371840
-1
-1
-1
-1
-1
-1
758692454
798926110
-1
848874900
587628886
845934649
687816393
-1
-1
727147568
-1
680835219
-1
829824072
940419871
-1
-1
806531721
583737213
716618293
887796258
-1
674600822
-1
766587192
899452515
-1
-1
866254596
-1
569160162
-1
902549706
979780866
922643261
-1
-1
-1
610555420
943718772
-1
911009534
841278384
633867063
922163795
720120908
-1
940844870
796169252
566563881
590246909
731200905
659685593
-1
-1
757187931
896509530
617626227
980468489
994035811
-1
555308370
687036903
-1
-1
651045401
928494203
-1
-1
725625166
-1
585919970
-1
603510967
796169252
-1
-1
-1
-1
610751154
-1
-1
-1
-1
-1
-1
-1
-1
-1
-1
764351581
-1
-1
-1
826064471
554489142
760829197
787562097
-1
677363141
606025249
-1
817684640
-1
-1
599408836
-1
-1
703741820
-1
894630307
677034859
-1
-1
687036903
838817471
786498751
694416212
-1
-1
-1
796169252
783381898
651906607
534240386
873575130
716176358
983736645
862582114
-1
-1
-1
873458494
-1
763596744
-1
-1
-1
863726196
714813617
918302644
-1
948991426
-1
-1
-1
670979438
769375424
-1
-1
739374526
565485367
-1
940419871
805401020
-1
608157213
675501334
664089578
634822687
746644427
768441848
-1
615686196
-1
-1
884268290
855013397
954888214
709018087
785743879
-1
703418527
-1
679881562
-1
634484667
-1
655292830
719660065
-1
-1
882960262
594580768
-1
633867063
626746019
796301774
826456377
882035132
-1
781961858
793903313
-1
999612918
-1
691390285
781561542
617710168
680747378
819708595
-1
677034859
887164163
638469256
855890265
850453967
-1
683727845
-1
614542408
-1
-1
561886650
-1
818483492
959403540
-1
555916496
781561542
775076625
768995932
856243360
875095222
-1
-1
697892548
-1
-1
-1
817392516
-1
641572998
883132442
847122941
-1
-1
-1
-1
887919351
751107119
754253957
555308370
719270725
638533237
752233441
639764331
758704625
694167568
-1
800829766
-1
900932135
958218821
595218167
-1
871325051
899871914
562418031
640862881
-1
-1
609410130
680105860
-1
808544664
772078992
-1
917457131
-1
668629016
712715446
-1
555308370
-1
-1
-1
555864648
819120399
628531816
906293438
742246312
-1
860466987
-1
701629100
907534285
777245651
-1
-1
657878041
-1
753458460
608649676
656555192
577605636
-1
645649743
590246909
-1
-1
-1
728058903
744348207
836010927
712462634
992977278
966743201
660402158
-1
579559075
760340726
-1
-1
-1
-1
890887192
662277226
957806501
984535322
-1
590775728
672685721
937221631
832885146
901469495
868145077
728362799
947583086
-1
-1
-1
559888803
590246909
805207940
-1
989886015
-1
791216163
-1
845382446
570394541
944623861
652306290
900650302
-1
-1
868675343
-1
639764331
889982449
-1
694476600
723429742
-1
590041020
714217441
706727026
538395589
678458700
679881562
-1
904312062
879288492
699442038
762569402
638469256
692134046
-1
-1
566597210
751107119
622259645
-1
992177243
-1
625569357
791161790
-1
617626227
682947615
-1
-1
617626227
724319293
623905402
-1
619772433
847122941
668629016
931105253
633878877
834183915
-1
719496423
-1
650430518
-1
-1
713293357
741635493
-1
608067966
-1
605028982
-1
611396975
814162646
735398512
806609073
554489142
922643261
879953058
555308370
976801297
606357360
946690426
843192946
-1
725555789
966188448
-1
775394664
943008399
587915021
-1
633566042
561886650
894908235
763653428
890881138
719270725
573339239
578407329
709267635
-1
-1
697994584
-1
-1
827114580
895456005
-1
560313109
-1
-1
778740909
-1
826085812
888815235
633867063
-1
868442042
706727026
-1
-1
638469256
693853565
928622288
679485483
935826046
600811943
719270725
680747378
674600822
854994409
587915021
579559075
820233955
977076004
-1
838304336
724938484
637795077
-1
-1
-1
-1
608067966
713976411
995252785
743569679
555916496
-1
-1
633867063
-1
968865082
-1
880725437
862443779
-1
557847463
720120908
-1
724356713
947164187
-1
695836022
819120399
909718885
-1
639307413
800169551
563528600
841931747
911273366
958346254
691164721
817392516
-1
579559075
555308370
775292854
957807250
836010927
-1
872618087
612497999
767539217
-1
-1
902162170
707189720
691492686
641742371
920539253
855447529
-1
565309051
-1
-1
-1
-1
-1
-1
658333344
-1
-1
-1
560313109
608067966
-1
753771190
598688488
701493253
600884564
784348886
-1
585650039
696450508
760340726
-1
632647887
-1
-1
-1
-1
-1
633878877
673861589
680692638
701892151
-1
-1
941117944
928595378
745883953
776389182
597718778
566563881
849340893
-1
-1
-1
602668395
617626227
557847463
848630856
876970323
784348886
781961858
667004285
916217295
-1
-1
-1
661213484
-1
-1
744503316
-1
-1
-1
-1
566563881
569098237
866537460
895975406
812377547
-1
559888803
-1
566563881
715626180
922387359
721107053
-1
680747378
944623861
-1
-1
-1
663315039
575915152
933341837
740858214
885767034
639764331
-1
-1
915997750
742910581
761756441
859924650
892897800
-1
633878877
666707482
-1
579807119
-1
760710371
684691638
-1
-1
793157686
-1
683287894
-1
-1
-1
-1
989437816
-1
717367898
789057895
-1
-1
596458789
-1
-1
-1
555308370
948606054
574223636
580974416
758704625
931990200
741004478
764888256
933341837
730511901
743082677
-1
-1
-1
-1
801112687
642072240
-1
-1
673861589
631514116
555308370
-1
575915152
789519887
754768276
926534350
747770933
806364781
996379388
741004478
-1
584651612
-1
-1
-1
823978479
750998849
-1
-1
801229687
615736401
817392516
721424388
723027246
-1
-1
-1
751107119
933341837
701629100
615131370
-1
757187931
713976411
-1
-1
559888803
-1
685269706
953672294
-1
-1
807210494
-1
885418793
-1
663315039
562189664
769252459
813082487
880202088
696450508
846902911
823989365
-1
-1
740630117
-1
-1
-1
-1
557847463
678751409
-1
-1
955918144
-1
-1
932467526
-1
958430221
-1
-1
561803930
561886650
881989865
986480020
732534056
-1
629037454
756624432
555916496
633867063
-1
646283287
-1
862443779
588371840
-1
-1
555308370
882035132
602279156
699442038
804445226
778196279
606630220
637795077
-1
-1
701679539
938492093
-1
824710331
555916496
-1
-1
752546941
761463176
653343357
985945003
-1
960513059
892272426
844299806
-1
-1
791677190
-1
-1
-1
-1
-1
-1
651426952
-1
-1
926009928
-1
794035887
-1
707189720
595139581
960818451
948054635
673433530
892434232
-1
761270343
886139647
634446483
868846011
-1
956956314
598196809
750621035
868862772
673433530
-1
536577778
928622288
-1
705243378
-1
738033921
-1
991801452
718121464
-1
572454727
615686196
876986479
-1
-1
557847463
828274400
799416902
987837957
732653083
605028982
-1
-1
638576194
768995932
594604538
940640174
973104423
923619962
-1
988657696
619058736
990479453
-1
693909797
698696493
722477665
664489011
565309051
-1
-1
-1
-1
-1
883132442
662009272
555308370
750621035
866537460
-1
555916496
891853936
601219659
-1
617091117
956318114
-1
-1
-1
-1
868862772
-1
617626227
633867063
-1
742246312
-1
672776125
-1
942492709
529376908
-1
717433280
-1
595467141
-1
-1
913999468
757187931
891845320
749517529
679687346
742875282
585945482
718525960
704636394
-1
848874900
987514982
719968607
915363572
656555192
922913583
633867063
-1
-1
-1
561803930
884359918
-1
583737213
-1
698061601
-1
-1
-1
895975406
-1
615736401
-1
901789440
766955079
-1
573339239
-1
891406595
752043555
-1
623905402
662009272
665534354
-1
-1
-1
634346585
653547768
958346254
-1
826949557
696668245
561803930
760829197
876501038
835321556
793903313
974160450
763653428
-1
538395589
958218821
762102914
653547768
970395892
700552122
-1
-1
-1
-1
-1
707453943
687036903
-1
801636496
724718398
-1
797030670
561803930
-1
670447393
-1
-1
838286418
-1
808628643
960513059
-1
623905402
-1
827488706
822008565
-1
729353853
701172901
724356713
559419714
-1
846789489
633566042
924989871
880484188
-1
-1
-1
632647887
772174995
610555420
833142295
-1
820233955
559419714
855564084
-1
-1
751944113
559888803
673908563
789057895
966079836
555308370
-1
561803930
-1
-1
-1
685083050
-1
-1
-1
-1
937282545
615125942
-1
777245651
679341058
-1
669800220
-1
695205349
762139226
-1
641243400
930319400
754297121
569160162
-1
-1
662009272
-1
739374526
-1
-1
598196809
810286059
-1
967577481
662284046
-1
579559075
887164163
583737213
894859792
796169252
994672890
625275515
-1
-1
994035811
700027523
941615577
-1
-1
861634167
600480889
-1
763653428
-1
926797141
-1
-1
-1
621103583
663210592
557847463
-1
882035132
-1
789263991
-1
838817471
-1
607243891
-1
-1
-1
702024133
665673231
-1
993691310
754297121
655292830
895772613
598196809
-1
-1
769252459
678458700
889784081
-1
-1
743569679
638469256
673909415
743651263
-1
777245651
652306290
-1
814612529
-1
645254413
-1
-1
-1
878761820
955815241
772862300
994649384
-1
-1
-1
-1
-1
841902108
-1
-1
-1
-1
-1
-1
708766849
555864648
709267635
-1
-1
-1
769919488
-1
599986256
-1
-1
-1
632647887
579154984
-1
-1
-1
-1
895975406
-1
862582114
-1
-1
807332826
713113321
-1
805310350
-1
855890265
-1
769307146
559419714
797030670
993394793
-1
735732688
567164008
943931823
839544010
-1
-1
917164561
-1
-1
888181690
685707175
768222562
-1
-1
649328846
-1
868865480
792761490
639094311
631611619
637935510
-1
872286132
653669643
-1
-1
733955588
906202531
-1
914991475
-1
878761820
988323056
-1
703741820
662009272
687036903
562189664
-1
955288597
722136262
-1
656715330
-1
687036903
-1
789057895
915418590
886166310
964426503
694684284
633878877
575915152
-1
-1
999612918
-1
822242548
950126560
565485367
-1
970382537
604216155
651939790
754253957
657025599
-1
895488854
633867063
-1
-1
-1
-1
824464144
701399168
736860919
-1
-1
892921605
603299531
557847463
-1
-1
704054638
898968840
874263157
-1
700330183
702962789
877115878
-1
870685496
872471203
-1
855564084
-1
555916496
649779650
-1
-1
712738720
-1
-1
898017954
590246909
794265039
-1
-1
958346254
605147814
660164662
727147568
-1
595218167
-1
650521408
-1
-1
657878041
943008399
662009272
944623861
766955079
-1
-1
-1
897443253
799578231
-1
800614324
699442038
638083999
-1
-1
798926110
680819663
-1
-1
946055515
-1
-1
611347228
795674244
-1
-1
701172901
-1
555308370
956614960
-1
-1
811727908
702578003
641354173
875671765
561886650
-1
669800220
959977933
638229578
-1
897583211
585650039
605510571
854385767
703825078
917457131
829716641
617626227
561803930
656305853
-1
760829197
841219717
569160162
-1
683321361
-1
-1
699444193
808544664
-1
-1
-1
804258442
818470439
-1
-1
559419714
709451715
-1
617710168
-1
569160162
-1
-1
570394541
559888803
606411045
805408209
-1
575915152
-1
-1
538395589
918104609
-1
761361524
597628804
778849593
769307146
-1
-1
979780866
-1
834183915
753458460
923619962
-1
718525960
-1
-1
934888162
694476600
-1
-1
688196737
881695224
-1
-1
735651193
942017734
615535017
680747378
979442081
681475570
557847463
941117944
939729397
941615577
941012270
-1
-1
641354173
769252459
-1
896509530
-1
-1
693909797
-1
-1
784992054
-1
806162781
638469256
652952678
-1
-1
914991475
723537780
-1
583737213
804124700
697746669
-1
-1
654074462
600811943
-1
-1
-1
721015761
-1
-1
-1
-1
-1
-1
583737213
-1
909575964
787562097
-1
855890265
-1
568747611
702962789
-1
-1
925623732
760818824
793761503
680747378
-1
637229339
615686196
605028982
-1
943209527
619918198
544853546
657025599
-1
-1
611347228
595610371
-1
-1
-1
598196809
875019813
724318292
-1
567386806
878771858
781507482
684139765
896964984
570394541
927483655
670125249
687036903
-1
707345100
-1
-1
593269028
-1
-1
-1
-1
858532319
821269228
667320617
555916496
973583257
557847463
766365888
-1
630287935
847122941
969413751
738149396
-1
-1
-1
721107053
-1
559888803
-1
-1
902481301
-1
652498348
555864648
703418527
-1
-1
-1
567654939
-1
-1
957948225
-1
-1
638469256
-1
983597762
826949557
565309051
-1
-1
991057901
991057901
585650039
701679539
772776030
742119576
-1
-1
891705908
-1
-1
988415081
720120908
-1
762179069
758704625
-1
598196809
-1
947707613
555916496
-1
848418056
-1
800829766
789057895
724356713
845441891
-1
722136062
653547768
755931747
689576372
526703633
732416252
808359993
-1
837671833
868739053
785943722
-1
-1
717367898
806124773
559888803
-1
555308370
894103399
653669643
-1
722136262
-1
800823582
575893993
-1
559888803
890411025
557929532
660402158
638469256
-1
575915152
-1
557847463
962113027
805401020
638469256
-1
680747378
719496423
656529234
-1
555308370
-1
-1
-1
929860647
-1
712715446
-1
855149615
841278384
783381898
860968688
-1
806609073
984535322
714147944
783857673
740373295
-1
-1
824464144
-1
608649676
625814605
789876682
687036903
612497999
940902349
-1
-1
-1
990479453
-1
896964984
955582658
-1
-1
-1
-1
796022803
582776353
796999175
804357928
661505776
750587502
-1
557847463
731195052
929772781
923619962
682457248
920539253
920539253
760854467
685345985
952713455
703078114
-1
799008328
605907893
989104536
695275074
617626227
-1
-1
950136528
796169252
672685721
-1
881695224
648742309
791369119
829093762
964426503
679289924
611104565
-1
-1
892857100
-1
-1
617626227
758704625
-1
915363572
931105253
-1
722075837
892272426
863772211
960007083
717358551
727816341
565485367
536997573
-1
802732705
-1
895975406
947575729
797084264
-1
-1
-1
716054876
-1
633566042
662009272
-1
-1
845934649
-1
-1
801543549
669800220
-1
-1
599408836
619952296
562779796
699261576
-1
-1
-1
832885146
728842644
898411578
-1
-1
-1
-1
-1
-1
631158003
687036903
687036903
914991475
-1
813224643
-1
-1
-1
783063699
669800220
900705152
866261232
694416212
-1
-1
723301953
559888803
986128962
875625498
705830215
555308370
-1
631158003
793903313
772776030
-1
-1
-1
-1
-1
-1
554489142
-1
-1
868865480
565309051
-1
-1
-1
-1
937819074
800286017
792434650
-1
-1
-1
882718424
-1
588473540
-1
935826046
560275954
-1
555308370
-1
785635069
919243541
587915021
599408836
-1
854311017
-1
680835219
731483762
609972900
-1
729737189
811829111
685213664
880811680
-1
605700768
714813617
891705908
758704625
-1
600811943
-1
-1
717358551
806808870
-1
686316792
595467141
-1
544734480
703418527
724361329
570394541
623139634
-1
653669643
673433530
620355347
836033580
-1
808628643
611347228
759383151
-1
958346254
-1
-1
554489142
801229687
-1
657982723
-1
653547768
647816759
-1
703418527
653081524
672533340
604282082
656529234
-1
-1
545435036
588473540
-1
924421501
-1
-1
667889051
766955079
-1
720120908
-1
685269706
-1
-1
-1
573339239
-1
586459872
-1
-1
599408836
766955079
-1
-1
-1
-1
585650039
557847463
967714260
617710168
958430221
789057895
967435420
793790989
701172901
786481876
826456377
558783382
554489142
-1
-1
-1
-1
617710168
781507482
611104565
-1
719173438
-1
987178813
831545811
-1
605028982
751107119
561886650
693909797
687036903
783957150
570394541
-1
649593907
-1
-1
-1
965582465
722064606
686764344
713113321
869707591
792948091
932819369
805401020
-1
-1
683321361
818483492
-1
664489011
841278384
561803930
-1
680747378
-1
634446483
638853934
693085381
836376142
799551011
942452438
607437854
873038557
-1
866261232
715626180
-1
902446182
575915152
-1
760335551
923491161
-1
-1
611104565
-1
994859493
708766849
939921495
766024258
577605636
-1
949749788
-1
-1
879562154
579559075
-1
-1
638469256
-1
930700725
557847463
590917791
776615912
915473116
842435181
-1
678458700
837968493
-1
762569402
-1
762569402
-1
-1
945385030
570394541
679775772
639818196
888181690
732534056
878888807
955815241
932848792
638469256
-1
642072240
874263157
633878877
757678895
-1
586459872
-1
597534227
624458282
759309037
964256402
915473116
778633357
676110962
891853936
561886650
-1
-1
-1
-1
615686196
-1
-1
-1
-1
892897800
-1
-1
-1
759900153
792310522
789057895
-1
815352228
588252824
-1
950227495
-1
614044657
684139765
587915021
-1
751484288
719388834
-1
-1
-1
-1
561803930
881861752
-1
695836022
-1
768995932
954233539
674600822
956614960
642336098
758704625
-1
675002286
615686196
887667702
-1
935491015
849613803
-1
-1
835734189
-1
-1
-1
760335551
881587828
-1
588371840
759869311
929860647
648742309
721074306
598196809
-1
561886650
-1
-1
-1
801275300
637334235
610536433
-1
916580287
-1
997573745
-1
552708036
-1
921834934
744316950
664712330
783381898
620355347
760340726
-1
-1
878888807
652459086
978056668
-1
-1
778949259
623905402
854385767
705563746
891922840
-1
-1
631158003
-1
562189664
668560091
700215695
-1
555134659
-1
626034656
810286059
588371840
677663688
-1
680001842
-1
-1
584201899
-1
-1
-1
720120908
934962693
835991261
760335551
823978479
590857966
-1
590246909
716054876
687036903
-1
633867063
727603695
818985373
687036903
804063607
559888803
-1
683321361
717358551
831645491
-1
858005141
630042464
647994872
741004478
641354173
680819663
-1
826672348
585650039
-1
-1
751587541
977076004
-1
-1
-1
-1
740981533
555308370
-1
-1
-1
917788121
742119576
654074462
-1
615686196
981883993
-1
971558210
561803930
610550962
731200905
-1
574677144
582341136
878761820
624458282
-1
852220436
891010474
-1
883078069
-1
673433530
653081524
987178813
-1
656555192
585945482
-1
-1
-1
-1
849340893
976472716
555864648
578715606
877115878
-1
714813617
668629016
772078992
-1
750998849
620355347
-1
-1
679289924
-1
733462410
800286017
-1
-1
-1
-1
-1
772776030
749557814
677663688
-1
858005141
607437854
608157213
-1
-1
727877793
987178813
834578769
625823244
586459872
-1
560313109
851958001
680819663
-1
-1
661213484
715626180
-1
-1
647937166
956614960
825202397
889747094
-1
-1
565309051
-1
-1
673862782
868191807
-1
-1
-1
-1
694416212
588371840
993691310
723537780
743904847
646364384
752233441
682947615
702962789
754253957
-1
705125793
623905402
-1
589742208
679289924
857015555
-1
-1
-1
-1
806068439
633878877
-1
539688603
-1
982583020
-1
-1
885879315
794035887
-1
-1
685707175
615598781
561803930
-1
838524544
914991475
973079800
844244707
702962789
900932135
656300884
-1
555916496
-1
760710371
-1
850158378
632597569
756986678
583737213
706106441
873219459
930700725
575915152
672533340
617091117
593813267
-1
928622288
936814104
-1
961302409
-1
628862796
-1
712715446
854311017
991801452
654074462
-1
832557336
806873495
821172361
917457131
729979799
539688603
812375667
593327139
-1
777869643
886443515
864822219
-1
555308370
611125491
891922840
700330183
