737378221
980430615
-1
718719861
-1
861135153
933789529
756848171
-1
600603795
792936017
998928217
632121865
681997212
-1
-1
-1
-1
-1
535480391
-1
683823538
611737523
803786038
763677860
-1
-1
599032173
800539541
825172586
800813136
-1
865107621
997624120
637256275
-1
-1
-1
535480391
-1
911006099
659061279
610386641
-1
689531394
782069144
659342463
712776954
937358635
671088850
-1
705200367
962555729
-1
566043129
-1
671088850
-1
-1
-1
961908221
653974661
627672812
-1
777841900
790441787
941613773
737419571
708793191
-1
-1
761093558
861253393
610386641
882933333
606165647
681997212
883323305
-1
516111631
897463339
981993666
-1
-1
594355956
718719861
-1
950765238
720019429
-1
801685824
598560255
946926564
699705690
-1
811196587
-1
759417894
724893446
754077159
999849510
550984126
819392277
869694082
-1
960903596
593609656
616683600
-1
761531306
685704594
-1
-1
678488090
747098423
-1
-1
828216025
-1
750308705
643518118
703412909
-1
565482030
-1
637101194
680744707
835774831
-1
871304580
875481020
657922699
-1
-1
-1
791800849
910661907
674166515
533432205
-1
-1
-1
598560255
-1
762354446
781952503
768184106
729355088
765920379
-1
623098635
643328408
-1
972811365
712751149
-1
-1
779669024
-1
-1
946926564
-1
698451965
-1
-1
963270142
-1
-1
531087570
678036972
693303655
599117689
630207088
821289954
940423294
-1
585562203
618205242
-1
738954274
-1
899477451
990804774
762337967
-1
782743158
946670295
618888290
920600176
950757263
659342463
-1
-1
710392579
922158701
767474225
929826875
-1
599117689
-1
613384204
-1
-1
683823538
948280975
-1
-1
-1
544954714
-1
900418669
817050440
657922699
723934308
697605081
-1
657630973
580628185
682271565
721393428
-1
682763755
-1
-1
755540183
659342463
799076510
695958576
704466109
-1
755590186
539403529
-1
-1
663571469
-1
575446282
608239630
707440074
844939207
-1
860689261
793479789
599117689
694486951
-1
580195504
752912744
-1
-1
521836353
709227325
664141506
664141506
732397810
544954714
-1
-1
742595228
812908021
869367771
-1
603025368
-1
707114630
812062477
566043129
854179568
590025414
-1
842769581
643792656
850129383
618985918
831182922
646819547
-1
800418548
-1
799314964
-1
723252085
590025414
873411384
-1
766556598
-1
682690943
628840310
850932936
904849725
594355956
-1
-1
739741583
-1
599117689
-1
763421460
-1
594355956
754797181
893340161
-1
878653157
-1
580555967
731347014
-1
675774237
866910127
969270548
-1
-1
531084315
-1
841195361
-1
-1
897262800
-1
758667129
-1
-1
674166515
-1
595950005
945691420
578420922
632689010
663584848
553946385
585538158
574303081
958444318
887042560
-1
559316891
-1
-1
626243449
-1
801384689
986370378
664375359
846084450
-1
-1
658362505
-1
815386024
758305542
914307067
707542651
623678769
630207088
673670452
743314592
-1
992645093
603181453
891502612
724893446
-1
813621350
637608411
640050622
623682442
675624956
-1
-1
782991014
685376973
754391301
-1
-1
965981650
660520176
930996127
-1
572849012
-1
-1
766351181
633952067
932673911
853238282
963550491
530024988
-1
736562712
800426961
585451829
742786820
831685714
774797749
984335169
717325627
537242092
589591698
775451629
-1
-1
887788960
-1
853599884
860131227
615601977
735703141
720154298
684272091
-1
-1
-1
922550088
958096249
706034076
848633700
966814262
-1
-1
-1
738087680
522105304
-1
731347014
748841352
612024156
727651443
-1
576346620
791254000
636746747
984577191
807186069
-1
837205594
583002684
-1
713352480
925563585
-1
753739865
791402957
-1
-1
774797749
695958576
714726981
656186546
-1
-1
-1
712742137
851789083
-1
-1
612530653
575920107
472254965
-1
708215734
970316708
836403649
534324929
760856522
-1
-1
585562203
687375153
630207088
783535059
708843860
708215734
962392289
-1
861219495
848515999
910349001
796223971
-1
-1
-1
591178205
-1
-1
-1
-1
833193630
-1
-1
817375094
922275441
786509198
580555967
-1
-1
-1
-1
675340351
947325900
686531922
-1
-1
810958604
-1
901470242
-1
836246470
802698101
-1
706385746
642152985
475495717
514810537
-1
873705968
-1
784090576
776768505
-1
-1
599032173
-1
534324929
664422917
-1
694486951
-1
851793415
588013130
607667614
806042204
920660649
844213956
968004407
-1
-1
573206294
-1
810402151
816399751
-1
643518118
-1
-1
-1
-1
-1
865732042
-1
-1
848515999
618205242
-1
-1
847777657
954874009
653653149
815972269
882933333
-1
-1
-1
815386024
884109388
-1
981635682
929295034
-1
-1
782106818
983032760
-1
-1
-1
585562203
617800006
634089335
-1
805624763
-1
-1
-1
871222451
780490866
970316708
634578888
789393758
-1
766989088
754753187
-1
996393288
-1
-1
634089335
-1
986791491
807332315
-1
-1
-1
-1
-1
907861268
638828307
-1
605371909
-1
-1
707956519
-1
640320824
865732042
514810537
809802560
-1
855797388
698451965
-1
690472297
-1
-1
-1
634952749
-1
-1
597335604
-1
-1
-1
-1
986505739
-1
-1
565569023
-1
719809366
792556527
752785913
657836972
878650881
845360117
726054548
920603572
904853385
797198481
-1
583996834
-1
-1
875600335
-1
640320824
-1
-1
848961772
-1
-1
-1
723316994
533737629
550005756
530257770
724893446
-1
-1
803763542
675624956
939053935
927607489
841195361
-1
511936131
-1
660520176
802698101
628840310
904583258
724415212
-1
558023150
-1
-1
625562741
746646152
591016866
-1
659361219
958096249
-1
722680285
-1
795549628
-1
-1
-1
772055479
947493082
868562998
-1
608239630
588013130
947493082
999849510
732541207
683067649
848946453
-1
786402981
964264497
-1
-1
668331152
-1
702858514
878591070
842976098
668366771
927859316
-1
514810537
726601535
578803236
610386641
-1
603428066
810539255
790154339
679222204
-1
473969679
624577482
675340351
980532979
710308275
-1
847657433
612413373
668040845
-1
665493225
-1
893340161
-1
637101194
635649236
873820349
731717159
723298157
793859942
568309509
732101667
-1
708790070
828316105
-1
591652216
-1
956191566
742835937
558023150
754797181
698737357
-1
-1
790043899
595026628
695924124
-1
-1
-1
708215734
770660051
-1
977185321
941613773
740330601
893759835
-1
-1
-1
884224984
-1
839922895
-1
806012326
562748169
737473722
-1
-1
714457429
742595228
568309509
566043129
689966531
931808050
717144707
852169823
878653157
-1
-1
761531306
617800006
683673237
-1
883583838
-1
-1
909454395
-1
-1
710993518
836533522
-1
-1
-1
-1
870209148
710915494
-1
589578953
943745722
-1
990089595
558417766
689001385
977194121
-1
787485054
913933528
544954714
-1
-1
684304108
587431921
587431921
-1
-1
737473722
667877362
-1
723590458
898338187
544954714
-1
904853385
-1
693822242
-1
739662840
810871799
-1
-1
499446007
915929757
634315865
-1
568309509
-1
769664903
-1
778606439
881093529
626368203
-1
717246796
875600335
660520176
-1
821329137
961304993
769078606
549506351
-1
-1
801685824
743548014
-1
-1
685242841
-1
717144707
816824885
810958604
962438890
652254620
-1
-1
881294355
-1
742835937
-1
936247454
861253393
803763542
580195504
842699031
-1
814765920
847777657
723807363
660463233
-1
680454219
-1
962903530
842544190
737541091
660287421
-1
884224984
657590228
608785587
933650450
736283754
-1
-1
757097067
711090096
-1
-1
894016327
772365452
611748264
-1
826438346
986370378
689169701
-1
944922674
939215521
605283028
811196587
802407569
713352480
592692702
-1
585105754
-1
566043129
746258142
660520176
585562203
533824286
939367194
804752447
-1
619583713
-1
-1
867375557
-1
878650881
528950304
767971948
-1
693117896
-1
-1
924698960
-1
802698101
660520176
985377140
812908021
870677833
801685824
870021011
670236430
-1
-1
538900609
900552207
711090096
-1
684304108
-1
-1
954844220
646507508
699705690
852296650
853599884
917294419
630855686
-1
-1
739006338
936637918
580555967
707456108
867504479
-1
922645042
-1
899037974
497875271
-1
-1
789107095
-1
-1
848978445
-1
686668089
-1
873411384
696079245
878816323
-1
807705847
922645042
742997843
587431921
812844805
902652883
851789083
573206294
-1
-1
-1
-1
617781735
962903530
535351943
-1
-1
544954714
686531922
885673264
-1
676156270
-1
615719774
-1
620294235
687169751
748632976
-1
-1
-1
-1
978456754
625562741
926955973
863545513
844213956
646507508
652254620
572289193
656710894
-1
-1
674416199
-1
847657433
-1
-1
610386641
628309246
671088850
791744781
921074204
731153996
-1
857754557
-1
-1
695966325
682271565
766347544
514365965
-1
859454336
607070890
844110744
622307686
695703468
555735856
968018041
-1
964378584
590025414
873411384
568309509
-1
968004407
910560882
591300348
730253924
719373172
-1
-1
-1
-1
710392579
828198230
-1
-1
829300573
-1
-1
592692702
-1
538900609
554609146
821544391
-1
926955973
589591698
826438346
714167900
-1
-1
-1
-1
584976973
591178205
-1
-1
-1
710308275
617945104
-1
-1
-1
709933515
681997212
-1
-1
966572196
-1
652837536
589591698
-1
-1
781072329
-1
618023064
574303081
-1
-1
-1
-1
-1
-1
-1
818394146
903291929
863792600
918677937
574303081
938001226
937088072
916948280
660520176
683972716
590025414
823772066
505129389
754077159
597696001
811308504
-1
710484770
-1
748380588
-1
888118763
639992776
766631009
-1
584298721
653353422
-1
-1
-1
-1
-1
705200367
-1
-1
-1
-1
699450819
728780883
-1
797848454
-1
-1
-1
945167622
568309509
711202584
884725969
659342463
549506351
642933173
-1
648709746
940753378
617349899
671088850
621507549
-1
896048106
633114161
799314964
-1
-1
653353422
744216744
911804286
634089335
-1
816717938
-1
864077665
989998166
874896364
829292771
-1
779936440
962601346
589977401
-1
-1
891498382
-1
809176245
602570154
628309246
672142304
697999809
-1
920908821
867498904
934681857
554656880
-1
964603842
-1
768607298
838353690
670654393
931485550
-1
-1
865078986
614858531
881235076
750289295
841195361
-1
817225136
-1
-1
-1
-1
941613773
712124473
683823538
646507508
-1
567878280
842277446
658952478
-1
-1
-1
553411755
535044811
647139000
978723881
-1
662382468
640320824
-1
668355926
555796413
-1
429767406
947979458
-1
769489191
614858531
-1
659614940
-1
644507975
583890769
-1
829375032
883986865
-1
-1
844939207
942079606
553837104
628309246
-1
605371909
-1
-1
818946751
-1
-1
866574204
860067268
566758887
-1
-1
589417904
841195361
744145222
-1
676911408
-1
-1
-1
912168204
791196027
884067985
-1
-1
-1
775451629
873411384
841393286
-1
745052334
-1
-1
-1
940105426
694527668
848633700
-1
-1
-1
-1
-1
-1
814765920
766990100
642876478
878888797
729102386
869694082
-1
894498955
-1
892218910
-1
707822011
772285704
907996097
814167640
-1
617800006
927595652
-1
-1
740934439
-1
705111082
-1
671181019
-1
706449081
-1
-1
-1
675530563
-1
708161457
946251818
660520176
-1
907996097
-1
581727667
-1
879666155
-1
-1
652837536
-1
965334544
535044811
787485054
690882413
621476333
-1
-1
-1
-1
0
835774831
589591698
673982275
817131605
-1
933527518
633229156
788437579
872974951
-1
833074217
963853165
897345373
690269360
947799093
841887047
782991014
-1
964260114
897217375
687744181
671088850
-1
689437364
775464434
844655827
-1
-1
917100158
535480391
853337081
823794769
810126434
852050595
589591698
-1
828351305
689437364
730656874
823096911
755204074
-1
-1
658952478
-1
-1
591664789
-1
568309509
779669024
658952478
759417894
-1
754797181
516872752
-1
-1
800246404
562879921
562879921
535480391
-1
708215734
-1
-1
671842716
691987461
779669024
817215466
660463233
-1
634089335
562879921
-1
-1
711090096
646507508
-1
947799093
958854355
546368451
-1
-1
750354753
-1
-1
745933235
653353422
925343352
-1
-1
511936131
687169751
994111170
686668089
653353422
-1
-1
823772066
915292253
-1
535044811
940680141
-1
660520176
592692702
663571469
-1
-1
958197084
-1
813602197
-1
527746726
640320824
699450819
-1
711090096
898610733
608669153
710915494
878650881
692949215
608051747
944108471
643424639
511383265
771310425
597497326
728464316
748469078
-1
986703518
745052334
808749323
929169865
-1
-1
671859959
893589059
852224646
563759050
731153996
-1
-1
699848407
-1
635181698
-1
837054220
-1
658952478
-1
956016135
-1
580195504
-1
578591411
-1
-1
689119409
665328668
-1
781351165
681199769
-1
779972732
-1
-1
795801446
626747234
554656880
771310425
-1
-1
624806509
849112711
-1
-1
653353422
875600335
690455345
-1
936703918
737743233
774797749
789051502
-1
668280094
689646319
587431921
652671884
986587758
-1
-1
-1
-1
-1
584976973
-1
695641899
763677860
-1
615719774
-1
-1
635914825
985529655
796178910
646507508
649102750
-1
-1
502920180
955253073
675340351
-1
729102386
561575243
771310425
789393758
803753542
-1
943965792
617945104
628874605
-1
553837104
822778231
655668686
682050114
945223321
-1
658952478
583002684
589591698
-1
535044811
741777197
689646319
699450819
647207941
923401459
619897396
556317567
907996097
731362891
941332257
660811561
-1
843100330
-1
635649236
-1
-1
867498904
671644167
511936131
-1
797405733
860657191
-1
-1
723997049
723252085
-1
972811365
755204074
802529645
925688935
-1
752885270
768184106
760833612
535480391
915458805
746100056
609904443
566043129
-1
-1
662141686
723445039
766631009
848417480
831417889
975940095
781586821
639272944
-1
-1
893759835
801219502
764240879
544954714
783593597
771132033
-1
-1
891376455
-1
731434036
936703918
731717159
-1
632743195
911514888
861135153
704059760
789333272
-1
589591698
-1
947475559
621730151
-1
844110744
925462659
983458834
810402151
-1
-1
-1
803753542
-1
522738652
597497326
964603842
932931947
748839959
-1
-1
-1
881693925
719558596
590025414
608467344
-1
799746595
813602197
775236923
-1
-1
605007914
671181019
750103786
839422916
708215734
687294182
-1
-1
-1
633899311
-1
909447222
-1
944148798
-1
641625852
-1
662141686
675340351
-1
727274990
695729056
781045705
744150035
652671884
-1
-1
915929757
659383386
-1
668355926
816824885
966119660
918263976
828042992
723020404
-1
797848454
-1
733083900
945977823
952338838
791800849
-1
589977401
686413009
770645880
-1
737245105
554997964
688317928
-1
-1
729591998
-1
-1
-1
-1
-1
-1
535480391
-1
704059760
-1
-1
765920379
689531394
839731859
743719793
-1
900363192
665328668
-1
-1
-1
-1
740330601
-1
975381430
797627795
-1
-1
918677937
-1
738330017
-1
785302364
941195993
-1
761531306
-1
-1
-1
733632090
860067268
-1
522738652
-1
908924199
684346388
687169751
-1
-1
777126083
737245105
897345373
568479662
-1
870021011
592433920
530884655
859454336
836738652
640050622
-1
-1
-1
698176767
-1
663584848
515608043
-1
588013130
928192491
-1
-1
904583258
-1
678488090
-1
846037055
-1
943794972
609872561
622950418
-1
653293308
-1
712462921
689531394
906836890
-1
932461945
688226599
745655577
563759050
754797181
656186546
691965852
663749512
709933515
636449856
-1
-1
839922895
-1
760833612
-1
-1
-1
566464133
883323305
908694239
682690943
628874605
584021309
-1
650975320
-1
593338298
-1
818497472
-1
528810580
-1
664141506
-1
696079245
770614918
-1
-1
873411384
799984981
-1
-1
-1
913933528
-1
699746812
589484654
-1
931501225
839422916
888118763
605371909
-1
660520176
602889485
-1
702645138
-1
-1
785302364
906359757
-1
663749512
-1
676156270
530257770
662141686
653974661
687294182
-1
523449591
-1
541257062
767372696
677115595
-1
-1
-1
893387564
533824286
-1
698409539
-1
800246404
830591482
680095842
688317928
874512924
674902078
842965867
-1
911339020
878591070
-1
636342330
-1
-1
818224382
710786530
-1
746646152
677433790
633839729
657600243
-1
650975320
554656880
-1
701048656
649102750
-1
642876478
657349075
764240879
970282537
549506351
639081457
864949920
-1
-1
945977823
583105107
810126434
-1
-1
589591698
-1
-1
725505596
879666155
635164782
-1
-1
574195094
-1
-1
997431028
-1
-1
933770090
542219353
-1
747863949
792846292
-1
-1
681997212
715310156
659061279
-1
644507975
739323200
848978445
-1
-1
840454904
873751217
779936440
666892322
562880506
988347810
961304993
-1
747863949
-1
-1
-1
-1
-1
-1
-1
729859686
744168611
533546497
-1
-1
811336320
-1
731717159
905360534
780105374
855797388
752156463
-1
802529645
-1
756715287
-1
570808662
705123718
-1
725505596
768184106
679633229
-1
581727667
723162432
700714197
-1
-1
847777657
893759835
650975320
-1
687294182
951331045
-1
-1
696440048
-1
-1
-1
985835326
818497472
549379031
587390611
-1
-1
809176245
684346388
-1
592433920
590025414
-1
-1
-1
-1
881235076
-1
695966325
-1
708843860
-1
-1
-1
592692702
527680803
981375039
799008418
697936649
829977743
897463339
773510838
800246404
659614940
769489191
-1
-1
-1
756012529
-1
821673964
810126434
-1
-1
957184791
779646852
842965867
932836164
563759050
955542407
-1
521666258
-1
544752465
660520176
544752465
-1
-1
717272314
571571285
666892322
791402957
-1
710345878
884067985
-1
-1
-1
-1
-1
599032173
961214587
-1
-1
-1
-1
983458834
922550088
-1
-1
592692702
938985678
687294182
943136118
578591411
-1
705713234
-1
-1
617098431
891563180
595950005
771310425
-1
-1
-1
-1
-1
-1
540372791
-1
894951115
-1
614540878
-1
625521081
-1
958854355
689908960
592959911
546075777
980532979
-1
758491219
991814210
649921967
-1
-1
-1
845177178
696079245
900831491
841195361
739856015
-1
693834043
-1
-1
-1
-1
848633700
956488348
687294182
768184106
538355950
682271565
788554030
842878728
-1
728377684
-1
-1
839922895
869711602
906095530
-1
-1
897217375
-1
683626469
651574854
945684380
-1
-1
-1
887573831
724893446
-1
605283028
881294355
-1
964378584
779508816
586309490
671819183
-1
-1
598898990
-1
628309246
800246404
-1
-1
685489296
590025414
848978445
965422187
810539255
695729056
-1
643439415
738262217
830575433
-1
-1
-1
655123585
660520176
-1
-1
967360402
541216816
574596028
-1
-1
546075777
669530429
785916891
884224984
597497326
617796308
864077665
-1
739441496
708662459
745195607
708650149
873411384
994313848
-1
593337811
595848700
-1
605371909
-1
972496893
742987879
772285704
931728211
-1
693327818
815602161
566043129
762919539
-1
800246404
-1
835774831
828348038
-1
-1
925563585
897262800
-1
689169701
-1
626344614
-1
-1
-1
723934308
-1
-1
652691682
737245105
522738652
796178910
-1
-1
784340686
742997843
743314592
794566319
839922895
659210800
-1
608912813
-1
-1
768180341
-1
-1
736562712
-1
589484654
600336042
-1
-1
916433585
660898692
460592323
775035852
657630973
-1
649102750
-1
-1
626344614
743745035
733902254
-1
-1
708215734
-1
959893403
-1
659342463
852296650
999247403
962330518
-1
510206004
657600243
649102750
830619679
696102829
-1
904849725
734379225
744150035
688317928
550984126
738629134
659342463
780490866
723162432
634315865
723298157
-1
-1
984189420
-1
-1
527746726
-1
-1
617796308
508811532
537908861
-1
689119409
771108639
-1
929295034
-1
617800006
694486951
614540878
-1
747185825
662382468
787443087
-1
878816323
617800006
810981268
708183997
754093059
-1
-1
-1
943965792
794058625
598719688
724114585
-1
714929320
801725214
544752465
889148454
-1
632743195
782743158
-1
700714197
-1
-1
-1
786850675
-1
-1
-1
860689261
-1
-1
-1
-1
698512497
708215734
797461189
706187105
689119409
725373923
613384204
546075777
-1
-1
741777197
945637377
-1
605223275
965150459
586729586
678036972
-1
626344614
-1
-1
517640227
926242179
-1
-1
-1
904493401
794942988
967794711
930146243
554656880
-1
636425199
657600243
-1
515733788
-1
665476304
-1
893387564
-1
-1
823096911
879666155
743314592
738629134
-1
691850105
-1
705713234
-1
602534451
520856133
685585591
598719688
542445509
779936440
533824286
730494835
636284025
653353422
-1
689531394
781045705
-1
644507975
920908821
-1
829034090
847683601
589417904
854586633
728251323
-1
789685037
-1
-1
689966531
724893446
778654648
583002684
786850675
642669603
-1
982799990
750798440
-1
-1
599850086
522738652
-1
522738652
-1
902679984
657972964
-1
-1
584021309
583002684
596169722
-1
767300290
611855247
-1
874512924
-1
-1
660520176
-1
599238637
739323200
-1
633114161
-1
504536954
-1
749027387
629722908
856458653
542445509
716761093
848633700
830759697
945977823
-1
915347149
-1
888442958
694486951
-1
-1
638365538
-1
794058625
-1
-1
934671630
660928264
767156410
579287704
-1
726050857
598969048
-1
-1
-1
771310425
-1
835102211
-1
829292771
626344614
-1
671509773
-1
927859316
-1
618985918
785865001
-1
943745722
-1
-1
630207088
-1
565331555
616108756
544752465
642264118
663571469
660520176
-1
-1
642669603
628302383
-1
785310178
565331555
943965792
-1
-1
-1
786088671
743548014
857754557
721705297
494953961
660520176
-1
728464316
921049040
693355617
-1
714568598
-1
546075777
630141690
-1
-1
599032173
-1
625880306
-1
740934439
553837104
592637707
686959004
581634053
939714584
708215734
-1
-1
609992866
945705469
-1
591970770
623098635
-1
810402151
-1
-1
660520176
646971226
-1
-1
-1
-1
-1
-1
717492932
648097986
898438549
-1
-1
-1
986370378
-1
632778008
710340843
553837104
933281901
-1
-1
-1
644902269
801219502
620269401
657195231
754797181
-1
-1
-1
777126083
-1
538608712
660520176
-1
-1
-1
695729056
877811484
723590458
745052334
-1
794942988
-1
723934308
-1
-1
-1
616108756
-1
644902269
892354501
946164416
-1
527330155
-1
-1
579287704
610386641
-1
797420402
535039711
648263384
602889485
744168611
548562040
847777657
917807938
-1
-1
799314964
731650040
686015986
791402957
-1
-1
720154298
738629134
-1
-1
784340686
677176225
-1
587471632
914307067
-1
-1
684346388
817437098
-1
918700357
508811532
739856015
-1
660520176
662382468
-1
-1
608239630
-1
772055479
966782555
905502587
983028820
-1
622270134
587421077
884857194
717272314
-1
-1
659337606
825933535
877187031
653653149
688317928
968015844
562880506
686668089
-1
-1
620258008
-1
-1
-1
939549050
-1
657600243
-1
623678769
930934256
639081457
789813070
895350248
800618544
-1
565569023
904853385
662382468
745877355
565331555
-1
-1
697481817
626965970
607428104
900363192
-1
899688963
662382468
-1
740934439
685297045
627106362
-1
-1
587571910
853120576
-1
-1
-1
937358635
739832105
-1
805123412
-1
944734979
737541091
-1
909447222
710942397
611855247
-1
979699447
757208818
720154298
681997212
903863214
743548014
-1
781534976
-1
678057699
-1
731403860
865732042
-1
660520176
-1
981941143
-1
547000653
-1
673158936
600603795
742997843
567374313
784090576
716761093
-1
-1
-1
-1
746258142
-1
651574854
549506351
941613773
795119819
535599877
701846254
911514888
-1
550984126
535480391
-1
661351702
-1
-1
-1
940753378
670236430
923401459
-1
687169751
955405208
-1
-1
831692970
-1
721705297
-1
630855686
-1
681111918
-1
686735307
610782660
-1
720154298
706993275
709761065
791402957
899882559
-1
-1
618628544
945691420
587471632
708215734
-1
-1
-1
612919603
527680803
747488900
565569023
-1
747411484
658952478
897262800
801771301
596637739
-1
-1
754568406
-1
665923812
-1
767372696
-1
761093558
-1
-1
693897451
565569023
-1
811119842
888442958
908518542
-1
-1
755204074
685297045
671509773
-1
685466309
-1
613927082
532922334
588013130
-1
718719861
-1
718241741
865732042
-1
630346965
-1
-1
613595184
-1
737332574
-1
562880506
-1
653089240
695320577
-1
-1
634034715
780012203
694527668
-1
-1
-1
791800849
731153996
554656880
752879674
663749512
535480391
571114032
961214587
927607489
589484654
887411625
668141050
925170175
-1
931485550
596637739
683244851
-1
-1
568309509
589484654
-1
794731521
831192156
-1
-1
632743195
700982575
-1
891502612
-1
-1
660893641
687169751
573252713
589417904
754607245
916433585
598969048
935804727
685297045
-1
646431958
-1
-1
765343367
-1
635649236
-1
532315808
807928262
601403735
658952478
758905168
-1
839574191
744058808
-1
-1
972101352
971234482
858457668
832019195
888159196
785707653
-1
669255976
-1
553837104
-1
-1
580195504
644014564
714457429
924587491
943866030
-1
-1
912825993
754797181
-1
-1
744150035
720916565
782743158
810402151
910349001
535480391
-1
-1
708664302
-1
649102750
549255729
542445509
762439471
507790892
533824286
-1
-1
762919539
-1
979024906
833193630
-1
940423294
710681927
709057677
658952478
722680285
847777657
809802560
-1
680744707
723934308
839922895
-1
-1
589484654
723217266
-1
-1
805678884
-1
-1
723934308
723934308
-1
584298721
772024491
660893641
588343490
781072329
589484654
695320577
857968324
652205319
-1
494132236
773719738
704268767
-1
533824286
567878280
-1
756396094
875600335
686737852
-1
662382468
807739340
671859959
813315155
-1
683823538
946683916
842277446
800546348
-1
904957964
658952478
-1
803473072
630207088
731153996
839922895
878888797
-1
-1
-1
708849031
668141050
744145222
878591070
680436157
-1
508811532
964164474
-1
839574191
794566319
797848454
-1
730042877
525919441
701357471
-1
-1
641625852
878239949
-1
626552174
900170969
-1
673158936
685572954
-1
931501225
756968271
-1
566464133
695685549
-1
641625852
706120063
-1
585643039
905098931
595026628
659342463
587421077
-1
739409513
665333438
986621608
902679984
672090595
904893572
999136044
853120576
572912306
-1
-1
660520176
-1
-1
760856522
-1
-1
706229494
975766378
-1
839183111
-1
-1
-1
-1
508811532
695014730
598378505
878653157
718241741
613293538
620865719
-1
527680803
732541207
543124289
866172525
-1
-1
-1
-1
651574854
-1
-1
547511486
668141050
-1
-1
585643039
658952478
848777445
851834582
-1
-1
613135342
970034145
847777657
-1
-1
620946474
947475559
843240667
577387116
587760308
509966237
756254759
660520176
-1
630460804
-1
508811532
664484943
-1
922308852
890711145
861253393
-1
744058808
-1
-1
-1
589417904
-1
695974149
695685549
546122167
533824286
-1
873067228
-1
-1
822778231
-1
627391877
635184404
770992483
658952478
705200367
776417270
701924122
748085395
589977401
745531238
-1
511793235
680509785
927859316
-1
-1
723298157
720154298
-1
693834043
753605382
-1
639081457
769519554
653076251
914747399
884504159
650551889
-1
910349001
632689010
691644425
663749512
-1
-1
609957381
744654435
825933535
-1
-1
705718222
-1
811089500
-1
-1
-1
-1
-1
731805748
547511486
773532080
580195504
941613773
723298157
982799990
679902715
742200404
611855247
746646152
-1
825046297
800996495
817050440
-1
683067649
-1
-1
830521979
-1
836443896
925462659
-1
858891132
747469679
-1
-1
761358029
918760186
-1
778704078
695958576
-1
679902715
-1
573252713
-1
-1
-1
-1
610782660
-1
668141050
-1
648993869
788325380
565569023
789393758
814178254
813213044
567331738
-1
816919597
687375153
702858514
687375153
941613773
-1
979699447
948950044
632236959
652837536
-1
908518542
908694239
632236959
599032173
909233935
-1
960903596
-1
942989411
848488142
823794769
647139000
-1
-1
833685088
695974149
-1
608729484
-1
-1
764368368
-1
995055684
941706084
-1
-1
704979075
-1
-1
535480391
-1
-1
831233804
707741424
-1
838508654
800418548
823719096
-1
910560882
472254965
-1
-1
-1
662300007
682690943
941827530
903631080
816444168
-1
657600243
508811532
-1
-1
-1
-1
-1
-1
-1
653076251
-1
920385999
683043880
660893641
730815780
666996514
-1
717755251
674439126
608307612
695974149
-1
989254984
887788960
646010069
-1
-1
-1
809878794
-1
848633700
891010917
653076251
-1
750289295
-1
707409010
952042826
-1
869668941
-1
801632302
661588443
-1
742997843
733093828
986370378
-1
671644167
-1
-1
641625852
612919603
-1
783198706
-1
-1
-1
-1
917826036
620258008
662382468
714525079
685297045
-1
-1
815127879
796907142
892974074
584744117
823727602
778654648
743745035
-1
533824286
-1
836559431
656935195
887063968
957764136
574452181
572752984
-1
-1
532315808
828348038
-1
964169796
580195504
813106633
731403860
648097986
642876478
940608005
695641899
649102750
527289957
971339687
-1
888357477
-1
-1
-1
-1
628169595
640012757
-1
859001337
-1
-1
-1
877453016
-1
-1
581387466
-1
-1
-1
589977401
-1
843624310
-1
553837104
657600243
953441024
-1
652171764
-1
-1
-1
731717159
-1
731153996
-1
549783426
-1
-1
-1
843109059
778406419
-1
568774138
-1
980532979
623134599
-1
632121865
617089514
716761093
-1
686131665
826438346
750109288
544954714
578420922
-1
876010088
877829395
-1
881507541
687169751
964164474
-1
641625852
660246003
800092412
583957396
725476922
599850086
608239630
-1
688317928
-1
-1
-1
632236959
888118763
649102750
-1
748085395
-1
-1
691644425
801518819
649778181
561852087
853081006
611087795
657600243
807377950
587471632
560712983
728230250
730656874
-1
-1
547000653
989254984
588013130
823096911
668330403
-1
-1
996393288
-1
-1
992928922
-1
544954714
-1
785707653
-1
587321791
809637072
649102750
-1
583957396
838508654
-1
744058808
820584148
-1
973218416
-1
621026819
560094342
959744441
847777657
632849892
508811532
-1
-1
-1
740934439
739372502
791800849
740339486
565569023
-1
749021868
840153377
-1
899882559
-1
984189420
706816886
633002485
-1
702826407
760675545
775035852
840153377
743599964
549506351
-1
-1
983598626
-1
-1
788356785
641666435
683823538
709986969
-1
909350542
844351443
695104027
723298157
-1
-1
848538428
741514940
-1
721450852
694527668
704979075
581727667
979699447
957080981
689554550
802411603
692820127
621026819
-1
-1
-1
-1
750597390
770992483
-1
798848998
728230250
508811532
-1
527680803
781543216
-1
-1
581387466
628914441
817900817
664484943
511936131
679779358
553753675
-1
924774062
804618182
758487028
603246574
-1
-1
-1
958854355
704268767
576228802
920715914
731717159
-1
535480391
802407569
872974951
-1
877829395
765221155
581727667
590025414
632849892
689045943
-1
854179568
790154339
789107095
848777445
735905074
899477451
664375359
717923524
732517971
-1
695104027
744150035
701924122
-1
-1
-1
700982575
-1
-1
-1
-1
944667022
-1
-1
678658098
-1
-1
641625852
546075777
-1
876010088
708849031
-1
-1
-1
768238653
-1
740934439
652181320
-1
-1
-1
557432928
797405733
-1
718684033
672252701
-1
805624763
-1
692820127
-1
780226257
-1
932613534
623084211
-1
-1
873049627
799746595
660520176
-1
-1
797686332
-1
671181019
-1
-1
771938873
959971861
-1
655601711
-1
952761827
920950174
934671630
-1
-1
652956350
759417894
-1
633002485
-1
579287704
-1
961214587
660520176
565180839
838991870
-1
660520176
715045167
-1
764240879
685585591
583105107
660893641
-1
-1
985377140
868499805
-1
-1
-1
740502695
-1
-1
632689010
804752447
897717392
657203434
-1
769163523
885015026
625335312
-1
897262800
576228802
702238280
655955621
-1
703481937
819369416
743922363
724293966
836666165
-1
791800849
835102211
-1
681021451
553946385
842878728
-1
829551221
726205646
899688963
593239007
-1
791229714
635873847
-1
713492487
875481020
710308275
977185321
-1
-1
884067985
878653157
-1
891010917
528813862
789979151
648993869
686479998
731650040
-1
742566812
-1
-1
587421077
978302647
915347149
-1
668330403
-1
611087795
804618182
692949215
941613773
888118763
-1
827181670
823772066
-1
-1
594485464
843109059
736372817
566758887
700116008
-1
941827530
773532080
810402151
-1
817869437
-1
-1
-1
787235919
572415365
-1
535480391
-1
671644167
618985918
662382468
657195231
-1
759417894
673147245
-1
619783549
671509773
609931954
740152640
-1
878591070
714166944
-1
653755704
814167640
802529645
-1
-1
-1
797461189
910778870
695974149
971782689
737614185
646971226
711856744
892974074
-1
630207088
954003857
560094342
876813521
-1
725799100
-1
-1
723934308
660893641
976216026
-1
598898990
707741424
512422819
863545513
941827530
621026819
-1
878816323
-1
685585591
537274531
735905074
749021868
-1
575986744
-1
700765025
-1
-1
941191547
630327489
-1
801632302
-1
-1
708874439
912010891
660246003
924698960
-1
-1
-1
694527668
763117827
-1
716761093
537274531
737743233
701093711
767757871
-1
915292253
657590228
668141050
722227707
884356746
740934439
-1
-1
-1
780758532
-1
-1
695974149
661260424
-1
-1
660520176
-1
-1
812898627
992645093
-1
515608043
980988781
927610977
738629134
740628075
-1
791800849
-1
910349001
576228802
-1
689119409
935804727
942837269
868686130
751558306
800559846
702826407
-1
582059559
779508816
-1
-1
-1
-1
580195504
986703518
893309952
945637377
994111170
-1
-1
762919539
-1
528701350
-1
809656743
-1
714468586
717755251
826176535
-1
-1
529973360
620258008
-1
576228802
689333292
-1
-1
784743605
710993518
840153377
767372696
-1
587421077
861478505
794566319
-1
-1
-1
553946385
-1
748085395
728251323
-1
-1
897345373
927859316
-1
-1
-1
695014730
490532684
558023150
688729481
984309932
787485054
672281485
-1
-1
-1
-1
-1
695926171
-1
-1
527680803
-1
589417904
-1
-1
-1
543153183
-1
542445509
-1
775035852
-1
-1
534222399
515608043
-1
756254759
635873847
515608043
624410219
884081031
831233804
674408576
676122647
-1
581387466
954076654
716761093
-1
-1
642264118
-1
-1
872594396
-1
783171292
877829395
-1
-1
695685549
-1
547511486
-1
-1
568108623
-1
918700357
863375895
-1
-1
-1
-1
527680803
705718222
-1
-1
-1
638265356
860067268
663455603
-1
-1
754852155
-1
-1
-1
568108623
628309246
-1
-1
823626812
908135448
748632976
718241741
-1
-1
-1
685572954
900418669
714589915
855250813
795542360
742729610
-1
854179568
558023150
622216469
738629134
528813862
618588464
661436338
-1
-1
673873460
687169751
741777197
695974149
868047079
998858964
836666165
-1
-1
973721837
907623906
701924122
-1
944641125
719647386
851789083
-1
824123332
-1
-1
-1
-1
836666165
929154043
-1
848633700
619943347
797420402
787235919
-1
-1
838353690
-1
-1
-1
-1
-1
-1
624577482
571259500
829292771
-1
-1
675992270
-1
-1
740934439
743314592
897262800
921049040
873067228
-1
796178910
749938975
528813862
762983241
778606439
588056988
-1
908135448
756254759
576228802
809878794
-1
-1
698392017
754568406
722227707
-1
-1
-1
746258142
-1
772285704
660463233
949234522
737378221
764240879
511473885
-1
-1
749050466
736498491
-1
-1
891208498
615189912
-1
-1
815392677
701924122
-1
608669153
-1
-1
-1
-1
-1
-1
-1
-1
-1
709986969
-1
725505596
785310178
-1
731403860
945977823
-1
-1
-1
-1
876813521
-1
662806417
848633700
965422187
834274373
749021868
-1
849109429
742281675
598969048
-1
978476108
585188145
-1
858700979
671181019
967479432
739662840
-1
632689010
-1
-1
670585455
874512924
-1
932833210
690638433
-1
-1
-1
788763767
-1
738629134
952206149
968212051
692030445
527680803
541257062
-1
960903596
-1
956488348
760026884
651968321
-1
839415868
807928262
742729610
835774831
-1
-1
746258142
786675838
791800849
969041573
622238108
-1
714829473
-1
-1
662851995
932419651
649778181
-1
929154043
972496893
706858781
879666155
529353803
-1
-1
-1
598659972
854025522
-1
943965792
-1
-1
-1
705200367
-1
-1
-1
608239630
-1
565569023
912825993
657972964
747601566
762919539
613293538
-1
900601167
-1
-1
-1
-1
877829395
951867926
-1
791196027
763383507
-1
966468436
947493082
-1
909028523
917100158
909476519
653609356
-1
761531306
630207088
984335169
752785913
-1
902656048
-1
784985231
-1
541257062
-1
-1
-1
-1
847777657
721318409
941706084
766334921
-1
-1
674759107
884313910
-1
975381430
954795766
919405690
-1
-1
868499805
910778870
-1
624410219
635438814
701924122
901778134
568108623
891010917
631780005
972496893
662806417
578526478
547149973
620158356
-1
-1
-1
533824286
869668941
635037401
-1
746100056
572752984
576150444
-1
541257062
944108471
670654393
918760186
567878280
515608043
-1
927859316
-1
610659435
-1
-1
547511486
622216469
894439988
609931954
782069144
636425199
-1
783198706
-1
781543216
584049563
685342800
852499099
-1
-1
-1
666929032
-1
-1
911514888
-1
714270023
-1
904893572
740934439
598969048
-1
664484943
-1
-1
682690943
812898627
-1
659536100
-1
-1
934671630
839574191
-1
748085395
688729481
565569023
-1
-1
620946474
-1
858713995
-1
547787295
-1
-1
656311438
723934308
662382468
702826407
598969048
797198481
655788367
629947942
997431028
801725214
639272944
801384689
531472030
740934439
913551127
-1
683067649
-1
-1
982718952
-1
-1
-1
901360377
-1
701048656
-1
688378049
-1
491956528
533824286
565569023
873810711
609862385
-1
-1
-1
561575243
846106375
567878280
-1
-1
941158850
-1
725047880
722227707
842699031
887063968
759417894
-1
634034715
-1
985155214
727274990
726205646
533824286
877829395
-1
717492932
-1
-1
836847384
655763256
-1
-1
-1
-1
846852961
943965792
-1
840454904
818946751
686735307
579144283
961304993
939549050
-1
-1
-1
723590458
816444168
-1
783508663
731362891
-1
-1
785310178
-1
805594123
659634599
707100837
785310178
728230250
621026819
705200367
713045535
527680803
806012326
717755251
-1
818497472
953441024
-1
822398977
710993518
870996458
-1
877829395
728230250
835641100
800559846
660725262
622216469
-1
-1
638265356
910778870
624410219
985958931
676391667
-1
611653248
909454395
574184004
-1
-1
642876478
-1
636425199
-1
651420976
873167579
620946474
985835326
-1
629399256
-1
-1
-1
-1
793014826
837968299
938985678
-1
-1
-1
797198481
948950044
664484943
-1
-1
-1
-1
938095648
-1
687652701
668331152
572752984
695320577
953564468
675693656
-1
561852087
-1
-1
565480921
-1
568108623
897262800
683121884
728464316
632121865
-1
-1
-1
-1
937358635
508811532
958606840
701274845
-1
-1
-1
791800849
687169751
722227707
-1
615019352
888619477
964234546
657590228
-1
574477049
711154453
-1
-1
-1
840153377
781077131
-1
608239630
654589165
728230250
-1
669530429
802407569
-1
-1
739856015
710340843
671434130
810326174
-1
642264118
-1
654512723
533824286
750158765
992645093
-1
705123718
-1
-1
-1
-1
-1
-1
641922627
-1
598969048
765920379
831048760
619943347
-1
879830880
748085395
661253539
588807020
770388045
571231292
632778008
810740278
846065396
-1
706229494
-1
966102362
714829473
-1
-1
791800849
752885270
624410219
547149973
791196027
710499961
652171764
795119819
-1
619783549
952860543
903774910
686015986
947610965
-1
808530877
689646319
965018742
578526478
-1
-1
567572418
-1
-1
879868366
964260114
850035371
695320577
-1
-1
-1
-1
-1
565569023
917294419
498004281
622238108
875087279
-1
541257062
-1
-1
-1
508035340
-1
904560913
958197084
743314592
-1
-1
922275441
-1
723298157
-1
623466301
914307067
783982815
701924122
765581854
908694239
981993666
-1
942034176
881074174
786850675
799113875
-1
830521979
904583258
-1
824123332
931485550
776278189
609000647
689119409
-1
542219353
746258142
-1
-1
908518542
671372358
-1
-1
622316162
683800988
857996781
611093549
-1
624410219
-1
913344191
611653248
828102228
916433585
-1
731362891
565393046
797310950
772285704
-1
755120678
594127636
861253393
865732042
680133301
-1
542219353
508811532
897262800
-1
955542407
-1
992928922
836145412
668625170
617497999
-1
881800818
695974149
620946474
-1
810740278
632689010
-1
-1
-1
671434130
547511486
928084087
574477049
611653248
650469617
873501068
566568923
-1
518454533
-1
822571497
950308807
770665845
691426116
657630973
791205694
-1
598969048
809802560
-1
767713074
918677937
608239630
728230250
-1
743693489
-1
-1
831131469
843800350
-1
-1
-1
-1
736878394
809166756
728230250
767392455
-1
697157437
743548014
-1
-1
-1
962438890
-1
-1
-1
-1
574477049
705200367
708793191
-1
671509773
748386605
-1
-1
883583838
-1
828102228
731452312
-1
-1
-1
-1
-1
634952749
671509773
805775078
621999689
748057741
-1
971652114
907271848
856666190
947001292
-1
-1
946251818
990089595
-1
528950304
743922363
886787479
695320577
895248021
528950304
752752339
-1
618518017
788325380
992645093
994111170
731717159
-1
583002684
687169751
633229156
718241741
830822192
622730734
890074638
711398754
608729484
926813142
740337096
702370229
-1
-1
968015844
873501068
-1
791229714
975133117
-1
973945988
715128358
929826875
930934256
-1
-1
688943858
993673201
-1
-1
-1
824123332
936338255
-1
-1
-1
-1
992645093
-1
904719058
997820590
557458204
578526478
-1
-1
597335604
751558306
644008216
801813748
939714584
-1
692820127
818946751
-1
-1
758073214
550793877
900471509
735856692
836403649
804566554
-1
638828307
-1
-1
657195231
584982341
-1
-1
723997049
983023332
589417904
655894923
-1
661436338
-1
664484943
668141050
653293308
836443896
-1
986703518
719647386
890343926
642264118
-1
736498491
-1
666080679
578551741
658823632
964005314
745195607
842832082
528950304
-1
529353803
-1
-1
878650881
-1
640345155
873501068
-1
599999951
527680803
-1
550793877
652171764
607444909
-1
-1
556574511
979024906
-1
943866030
962555729
639272944
551879155
-1
701961631
904471551
607809040
-1
659210800
758682709
-1
-1
925935553
687375153
-1
666595952
724223441
-1
-1
574477049
699885602
699705690
-1
668340685
869711602
-1
744168611
620481084
996679376
-1
518454533
617098431
-1
668141050
-1
842556013
603586718
724442045
744058808
710340843
-1
-1
707986979
695014730
701093711
-1
574477049
-1
-1
-1
845745250
989478937
-1
-1
-1
791402957
607193382
-1
653755704
-1
-1
-1
-1
-1
860657191
-1
-1
-1
593337811
772285704
666892322
700349569
574477049
-1
843765249
-1
-1
917181007
708849031
-1
839574191
-1
899581871
941706084
-1
-1
625880306
-1
-1
975403729
-1
-1
688397710
687169751
-1
-1
-1
-1
788495549
569689166
786562606
828316105
929154043
-1
595149485
-1
739022711
646507508
-1
-1
-1
825046297
-1
653548459
844750170
-1
-1
-1
709057677
878591070
-1
-1
-1
966572196
651505108
-1
909476519
735031451
637389194
987303184
880073797
-1
515608043
830757814
818598205
619443298
-1
-1
-1
-1
793859942
-1
836543346
-1
-1
692820127
549506351
692820127
820465484
942092148
904082361
920473244
824357529
-1
920603572
650220006
705602023
750870843
-1
950308807
873167579
916433585
893240625
885748941
997743508
748376059
-1
531876290
707741424
832019195
743548014
-1
-1
744058808
730815780
836403649
628914441
622091461
704268767
791402957
964169796
687918139
-1
553753675
-1
-1
-1
732101667
731717159
678658098
743076178
744058808
-1
580746733
-1
-1
-1
-1
742200404
921049040
869668941
-1
566568923
-1
-1
-1
-1
579287704
731717159
531876290
722804807
-1
769163523
642264118
610782660
724442045
-1
-1
802698101
789552157
527680803
-1
599805662
909720033
-1
725510260
836443896
-1
548499211
634741389
671434130
732541207
870226862
958854355
-1
550793877
583105107
550793877
706183962
-1
958715378
676889549
-1
-1
815602161
687541017
573762891
-1
-1
640320824
900831491
835774831
-1
-1
-1
-1
-1
599570917
574184004
-1
572183115
754797181
779055077
-1
-1
805775078
681745335
710786530
-1
-1
729578191
-1
708874439
-1
-1
781543216
739655141
-1
625518509
-1
-1
620158356
-1
532315808
585188145
942527765
779055077
745858073
671181019
880303707
-1
623466301
746258142
851211364
805775078
-1
786931058
-1
629432410
755258811
975757512
-1
-1
-1
-1
566377155
-1
823794769
-1
534222399
653548459
550793877
540337048
653089240
-1
617230576
-1
886787479
929826875
861419477
-1
706385746
-1
746591081
915458805
723934308
576150444
656311438
735856692
705200367
653353422
763576536
-1
643503442
720154298
885985524
896799450
611653248
610386641
723316994
-1
-1
-1
-1
980532979
-1
695974149
-1
957069587
-1
-1
592902203
728230250
622091461
821700263
-1
806043006
801771301
573746023
554609146
-1
924774062
-1
664087493
-1
668141050
-1
840153377
548562040
-1
-1
556090710
882163983
540337048
990699738
687169751
772177375
-1
947610965
-1
925771861
-1
975403729
709276819
632849892
-1
-1
-1
-1
620158356
879530487
887063968
715128358
789979151
738988367
-1
773617764
904493401
-1
939592805
-1
-1
-1
-1
-1
873820349
809906097
-1
-1
767372696
727239233
706183962
-1
-1
550793877
-1
695924124
825046297
640320824
755772218
-1
794682982
837216517
-1
-1
-1
861298801
608150068
653548459
595761673
-1
859789539
-1
-1
-1
681823263
837205594
918677937
711424897
803962249
555424345
661260424
-1
756254759
624410219
-1
612265615
-1
679221971
894951115
584442366
-1
739741583
875084696
509966237
541257062
813773886
909476519
786509198
-1
-1
-1
-1
-1
740742298
990875522
889988738
749956678
-1
607193382
829316893
927333515
899581871
-1
-1
687169751
-1
-1
574477049
-1
736009354
-1
-1
692521302
873501068
-1
-1
660246003
-1
739308548
639604170
-1
733902254
-1
788673878
-1
655894923
843694659
763421460
931485550
582803530
-1
671687050
-1
930934256
-1
618518017
640778866
821011669
836145412
587571910
781534976
-1
-1
534222399
608239630
689888998
-1
-1
550793877
-1
653548459
819216263
560583926
828379473
-1
997774838
583142695
-1
754568406
621263073
932419651
603428066
920908821
-1
-1
714589915
-1
622307686
577081047
903239175
622091461
828102228
700116008
-1
695974149
-1
748031674
-1
721705297
961908221
641666435
656710894
-1
-1
524101106
760511274
-1
969270548
747302599
802407569
747185825
679221971
-1
-1
-1
618518017
-1
766556598
660325921
-1
-1
781534976
-1
-1
592020297
839028525
664484943
842663930
791205694
755258811
-1
854154514
942837269
-1
687729728
984189420
612530653
-1
-1
-1
701924122
-1
557509867
983666043
729578191
757097067
781586821
717272314
550793877
-1
842832082
844676865
617218587
711398754
737465157
-1
957986523
555331368
881294355
-1
-1
738133342
589432788
704979075
-1
964260114
-1
-1
872295240
807392773
701924122
708793191
883986865
731127463
959893403
688226599
-1
637493867
845745250
772285704
-1
690455345
670654393
560583926
-1
846024950
-1
-1
681021451
-1
-1
-1
-1
731452312
917181007
861298801
-1
-1
-1
640320824
861758284
724396514
-1
559316891
695014730
-1
567878280
803962249
-1
794731310
-1
728230250
843658090
854323663
-1
636449856
839183111
-1
653076251
527680803
686737852
712751149
574477049
797405733
-1
745877355
836533522
-1
914186570
-1
762337967
-1
608729484
612530653
986703518
-1
686468006
830619679
850035371
-1
-1
626591373
822778231
797461189
666273733
-1
-1
-1
-1
712686181
765068868
817246686
-1
776278189
-1
-1
408281756
717492932
-1
550793877
706397678
914083235
727239233
708618629
-1
790764564
780180197
569689166
843765249
-1
716003095
582155538
847777657
962903530
-1
553753675
-1
928009879
676313793
754568406
676911408
634741389
-1
528810580
-1
695320577
882682343
579287704
-1
-1
573206294
-1
825046297
875087279
625655258
999136044
690638433
-1
624410219
661436338
-1
926128652
-1
-1
-1
851211364
738988367
537173194
873862589
-1
-1
701093711
868819789
781278662
637502725
937088072
559073652
-1
-1
553078900
-1
583142695
-1
687918139
895228113
728230250
836738652
843100330
941706084
-1
714829473
653548459
740780002
917100158
599999951
739856015
807928262
528810580
706229494
819242277
-1
609000647
971652114
817375094
-1
925688935
917100158
794566319
-1
722588502
725510260
843953763
-1
599805662
644008216
596169722
755204074
-1
965422187
-1
571252022
-1
-1
547511486
-1
670401993
768366509
742918359
624996845
973784252
662806417
-1
953564468
786850675
728230250
-1
964234546
-1
-1
711398754
728230250
671687050
-1
-1
758682709
-1
528810580
-1
728230250
887063968
-1
706385746
765581854
-1
-1
690190611
583142695
822706950
-1
-1
994111170
708183997
695014730
754753187
589432788
843765249
599999951
940610238
-1
-1
566682414
-1
882533293
705123718
907861268
558023150
619033808
599570917
-1
563861400
863265020
-1
-1
623678769
813621350
784015120
-1
854154514
-1
-1
-1
815602161
698434129
537474030
889925628
882244422
794058625
748477535
553078900
583142695
849011100
940681847
-1
752519797
-1
831233804
658643330
-1
-1
865101253
843953763
955253073
970034145
974389020
624410219
668141050
738133342
624410219
-1
-1
612530653
-1
594286343
883986865
881954759
662300007
928009879
847777657
783722319
-1
851338631
-1
-1
-1
890074638
961356426
873133560
-1
-1
-1
-1
657922699
662300007
802261004
-1
-1
-1
851842564
-1
679230535
576228802
-1
-1
-1
986600972
904489290
-1
873049627
577769475
593270144
739980698
526908565
-1
957799307
-1
-1
585824006
-1
-1
613842325
864636446
-1
-1
664685786
615601977
-1
981375039
-1
850129383
-1
710681927
-1
784552591
-1
-1
785614688
918110071
-1
732101667
781534976
-1
621677792
587321791
619943347
739169538
689442780
908135448
836145412
-1
-1
-1
724442045
577769475
-1
851338631
749021868
-1
-1
735597319
622238108
662806417
695974149
-1
930934256
-1
-1
-1
628914441
496081332
933770090
-1
653076251
533432205
-1
-1
-1
889372340
-1
851172329
-1
-1
854323663
845360117
937477227
914307067
685045384
964169796
528810580
643406272
687729728
943965792
653089240
924774062
-1
739902934
-1
-1
676122647
538490785
708183997
-1
797890408
671842716
671676761
606391276
890343926
-1
-1
-1
752879674
878591070
613400550
924698960
-1
841939691
712751149
899037974
-1
-1
-1
699745504
-1
797420402
771014535
861253393
779606445
-1
897729303
810402151
-1
-1
821011669
574477049
981993666
828351305
-1
816444168
822774780
671434130
653548459
527680803
-1
639803594
967794711
547511486
870226862
587321791
558023150
576499329
630207088
-1
-1
-1
676122647
-1
907592009
577769475
710340843
698197442
689391991
611019021
-1
-1
-1
682686731
640345155
-1
-1
612530653
637256275
718095787
630489565
619443298
-1
833782311
698434129
714687232
649472005
-1
-1
-1
587571910
599903670
585803259
754077159
-1
776054907
-1
722888684
708662459
-1
-1
745986805
920322518
613842325
-1
496002447
911339020
844676865
-1
-1
592020297
941699671
-1
580882676
665333438
-1
742079708
599805662
812706022
951587433
918677937
-1
-1
751558306
795526674
841536161
732101667
-1
789107095
622091461
-1
-1
635734104
753525011
946251818
686131665
-1
-1
800418548
919719511
-1
-1
775412643
664422917
-1
701093711
739006338
797890408
-1
662382468
666273733
-1
-1
-1
632849892
614126781
-1
829375032
-1
687458787
685837226
848538428
-1
742079708
-1
779936440
544010806
762523572
786234050
-1
681850560
-1
687169751
794682982
-1
662382468
723934308
-1
875035231
743922363
936247454
-1
731757563
-1
-1
540337048
920908821
901760093
-1
813059789
-1
738262217
873504688
738133342
-1
695320577
670540202
550793877
822706950
-1
-1
708793191
-1
651505108
-1
-1
-1
-1
-1
-1
-1
672823520
681823263
981713281
840153377
795754035
-1
-1
-1
578836537
-1
876927662
-1
613842325
-1
550793877
-1
-1
-1
887063968
786604398
-1
992375042
553910817
-1
966433631
846852961
783722319
-1
-1
809835038
-1
-1
675340351
-1
757381334
779936440
999247403
-1
-1
730447720
525679746
-1
561034813
605149887
553910817
-1
958476693
-1
-1
615601977
554609146
721705297
553910817
821011669
901778134
759695545
889925628
-1
-1
-1
-1
-1
-1
928009879
660246003
992928922
623425821
541257062
-1
725491378
809835038
760697160
-1
830619679
757303979
-1
695320577
-1
-1
892974074
-1
655286530
640320824
-1
653548459
540337048
-1
851877456
-1
607428104
-1
671504090
658643330
875087279
726205646
750798440
-1
762599180
589432788
921074204
980430615
811089500
534222399
-1
765744380
524665618
706084902
-1
-1
752885270
-1
-1
-1
-1
732046231
-1
-1
906836890
-1
932421237
-1
-1
708618629
876873104
577769475
574477049
-1
725491378
-1
622238108
598560255
-1
-1
-1
-1
-1
566593453
841939691
751979836
767372696
649472005
574477049
947610965
748528743
936637918
728992980
875705329
-1
-1
608785587
-1
605149887
801771301
-1
-1
-1
580843986
887063968
723734273
-1
-1
914747789
745005416
-1
794058625
-1
785614688
622238108
-1
-1
-1
-1
790888283
824123332
599118733
-1
-1
695083098
791205694
888840491
745515881
685045384
694174583
797896130
-1
620946474
-1
-1
662300007
-1
-1
-1
583430998
553910817
875705329
-1
865078986
655345968
883455606
-1
624410219
-1
-1
622238108
-1
614516505
884356746
-1
707542651
659100923
-1
-1
829375032
728230250
837486843
854154514
-1
740628075
572289193
-1
-1
607444909
618700618
800559846
676877076
-1
-1
-1
-1
797708852
-1
623084211
-1
630121036
765744380
530335519
686015986
502930499
577769475
694527668
-1
-1
876008824
-1
899076346
882682343
965422187
602962059
719483733
872594396
-1
-1
-1
620258008
-1
958197084
-1
-1
569457601
635211205
-1
710915494
956152275
873820349
585803259
652171764
-1
-1
812844805
-1
-1
622238108
885296528
708459788
924698960
669277202
-1
-1
918700357
904493401
724442045
-1
-1
606451046
653548459
705438388
-1
697157437
579588244
818006814
-1
-1
550500782
-1
643328408
-1
-1
-1
-1
856953431
-1
-1
643353213
694801626
-1
736498491
698197442
676911408
807928262
959166498
842663930
745231327
-1
-1
-1
-1
583105107
689045943
917181007
-1
728230250
703412909
783722319
-1
567956742
672823520
882920375
-1
721309391
574477049
-1
-1
585803259
-1
619783549
929386322
823727602
-1
661747799
829551221
-1
-1
726205646
566682414
-1
650819975
669277202
676313793
566464133
-1
773532080
851172329
933843514
624410219
-1
-1
522824790
-1
-1
561852087
791205694
690269360
847777657
-1
640320824
-1
515608043
649179807
-1
708757355
664097103
-1
599805662
-1
777841900
-1
931808050
412786863
754607245
-1
568108623
675340351
719218682
788859539
922263681
873504688
976325640
-1
526908565
-1
744145222
530335519
-1
925771861
728230250
842544190
920473244
557375660
647528976
653548459
599032173
-1
-1
912825993
689119409
-1
611019021
694174583
588043418
-1
566972660
-1
951617280
843432411
529973360
935804727
-1
865078986
879491322
536752647
969480631
-1
-1
-1
-1
989478937
773365808
621147619
-1
-1
-1
947325900
752879674
-1
895846956
-1
585803259
721393428
767331166
975837751
856458653
-1
742079708
996679376
938964790
594816234
-1
-1
961030373
831685714
-1
646010069
676750635
-1
-1
929154043
722246131
948471588
690939226
-1
-1
640778866
591300348
578420922
683043880
746779253
782822706
535125732
-1
-1
832894945
-1
-1
526908565
-1
615601977
806557042
737245105
708517172
-1
612919603
841204360
992645093
567572418
790223160
-1
-1
-1
992645093
-1
861849894
735582483
-1
844655827
802639019
722398215
-1
743693489
-1
-1
-1
-1
819830864
675530563
921049040
921035577
835614672
-1
802481825
813866939
707409010
-1
611026011
788554030
668366771
842364700
529973360
-1
-1
-1
-1
529353803
877215168
812844805
-1
658747082
578836537
687169751
737245105
962157515
-1
-1
-1
579588244
588343490
575807357
579760201
659822831
801384689
670621809
-1
818006814
958276455
736009354
695974149
-1
-1
781351165
589432788
728848522
840872878
727113064
582676288
-1
962330518
-1
-1
-1
-1
-1
853328824
687375153
823727602
685045384
667305513
-1
-1
743150576
-1
802481825
512870504
732541207
529353803
-1
-1
-1
642931961
-1
666080679
558023150
613842325
740502695
745877355
-1
717775236
728774198
-1
603246574
689119409
587390611
-1
-1
-1
662382468
596169722
-1
669943063
669381978
701048656
742079708
727113064
809835038
701048656
874010101
-1
637502725
782069144
738878103
-1
739655141
682271565
528930665
-1
997743508
-1
572780262
886638685
569142392
637502725
851823030
-1
904493401
684611752
-1
794566319
-1
813682637
-1
864636446
992488567
786294174
721705297
599918301
797420402
663407165
-1
-1
-1
829353966
665333438
740742298
-1
842277446
603246574
695974149
539555908
742079708
710993518
574686701
933789529
-1
-1
-1
567572418
732101667
819216263
885169179
-1
-1
610782660
771577541
-1
511520031
-1
-1
-1
-1
-1
679230535
722588502
560712983
656085430
646731010
605149887
584612945
-1
578408937
831233804
-1
-1
843109059
-1
-1
734729692
832313943
924587491
526908565
915458805
701644603
-1
743548014
695320577
735703141
-1
736897327
615601977
-1
841204360
-1
814219853
-1
744768019
613842325
-1
-1
839574191
-1
-1
925161009
-1
467825508
786848996
881235076
-1
938950140
622238108
822406617
-1
954874009
746591081
607387754
681823263
-1
-1
717775236
727089102
-1
622316162
-1
-1
610386641
-1
642113001
-1
964164474
765744380
-1
-1
721747845
-1
-1
-1
566682414
-1
747302599
-1
-1
549331475
-1
-1
954003857
-1
776200991
-1
550984126
690638433
725510260
533432205
-1
579760201
812898627
-1
921035577
803763542
-1
728230250
672823520
726671872
849098216
831417889
981941143
-1
-1
567956742
924779752
-1
608729484
653089240
-1
717513144
-1
-1
531876290
623937206
572752984
-1
643353213
895018517
-1
-1
-1
622216469
823306411
-1
688397710
-1
629722908
724427664
584612945
676122647
640320824
579760201
557294562
937198330
-1
741848121
-1
717775236
725913253
771577541
-1
875946575
754296405
-1
646731010
722398215
672823520
-1
-1
-1
903774910
-1
553910817
-1
690638433
-1
533432205
-1
-1
573652744
822274972
-1
675752778
-1
-1
-1
795801446
-1
681021630
676156270
881235076
529973360
844351443
529973360
-1
-1
827155871
-1
689034734
783722319
-1
640320824
701961631
742079708
-1
587390611
-1
783508663
-1
638265356
-1
700714197
-1
-1
841054182
-1
783722319
-1
-1
927607489
-1
701093711
525679746
-1
737111436
971234482
-1
688109181
-1
526328457
954003857
-1
996679376
681823263
752880831
594063337
764240879
767331166
656935195
797848454
-1
622316162
591178205
-1
698076271
824849575
724954630
-1
660246003
-1
786402981
-1
-1
708650149
596301083
896498444
-1
-1
-1
-1
711013235
-1
908518542
613842325
632689010
685200756
958854355
646731010
769087526
646010069
-1
-1
-1
579588244
621594151
910721182
-1
611653248
-1
-1
708849031
966457543
709057677
760903543
814178254
-1
917294419
926813142
817873607
-1
920695653
-1
904489290
701048656
-1
571259500
705036346
-1
689531394
763117827
-1
945977823
-1
-1
-1
-1
578106825
-1
721705297
542219353
672823520
-1
531876290
670654393
-1
594678568
807928262
828351305
927866751
587321791
-1
782106818
658083116
-1
921807077
725913253
-1
-1
707542651
765522100
776482047
780758532
701093711
861668659
687375153
707409010
841054182
-1
642933173
-1
-1
699213142
999136044
695693754
587390611
753964889
800934010
-1
946251818
-1
-1
679776260
-1
-1
591747159
-1
723316994
-1
706385746
-1
-1
612568821
630121036
-1
859609557
-1
649515335
-1
713673678
-1
-1
782069144
583105107
-1
911339020
-1
-1
-1
-1
808869393
-1
-1
659822831
895944526
-1
574751512
-1
-1
760050846
-1
-1
975110217
-1
681567091
810402151
-1
759767350
673873460
-1
713673678
981117359
-1
915284366
-1
560583926
890074638
-1
760280477
777696616
785116485
713117992
558023150
-1
-1
-1
758667129
-1
594355956
891010917
671676761
925563585
-1
863792600
-1
-1
986370378
-1
-1
958854355
695974149
608729484
952042826
-1
-1
-1
602364772
-1
852296650
745394375
-1
-1
-1
-1
-1
-1
655345968
673147245
627595428
-1
601825886
736410633
727274990
-1
-1
843109059
970166760
585188145
741777197
612960401
770665845
980532979
726746723
-1
655129297
786402981
-1
-1
-1
-1
937198330
-1
850129383
984645530
569235482
771144577
-1
-1
646188134
822493944
582676288
-1
-1
828028802
580195504
-1
-1
566682414
-1
-1
526908565
617230576
-1
883583838
712700723
700714197
721309391
897681965
-1
553910817
939367194
-1
898338187
-1
698451965
767861479
701048656
929826875
-1
-1
-1
844655827
-1
-1
732541207
888951765
947799093
926242179
609119677
553078900
592020297
849030979
917100158
761685693
-1
-1
937134290
-1
854179568
-1
-1
853238282
906225069
-1
-1
542219353
-1
931956605
-1
628914441
924698960
-1
720745132
613842325
821700263
-1
-1
905926520
692360143
-1
660449802
-1
-1
766556598
-1
547511486
737111436
-1
-1
730494835
-1
791226641
915517925
-1
911987466
-1
783722319
916926436
-1
700646786
-1
-1
-1
698577905
-1
684831156
-1
629432410
-1
726601535
904893572
841270259
802407569
584612945
-1
-1
-1
714687232
563861400
-1
566377155
688918471
993673201
-1
921035577
799280785
695974149
832019195
833357485
-1
-1
648090077
-1
615601977
818039341
880237723
742001699
-1
643328408
872594396
927859316
700982575
-1
-1
-1
675774237
533824286
706816886
-1
887411625
-1
608766168
719771393
-1
-1
657914035
-1
696237534
773365808
-1
-1
615114604
736372817
630121036
-1
-1
695320577
618957291
883455606
589578953
924698960
589690526
809878794
755384968
-1
823727602
-1
-1
-1
-1
789107095
572752984
-1
649472005
630121036
801384689
594355956
583957396
-1
-1
842699031
851338631
591747159
-1
865732042
705713234
537908861
-1
769087526
-1
589591698
920322518
813106633
913783432
-1
-1
-1
-1
-1
767331166
715162120
-1
653089240
-1
929844716
601825886
706550793
675752778
-1
937198330
821670204
848417480
-1
-1
-1
869681372
-1
878910157
813106633
717492932
-1
-1
-1
922306959
-1
700646786
-1
-1
-1
-1
-1
899688963
670935478
-1
-1
929295034
546917791
816399751
-1
-1
642933173
-1
650470821
-1
-1
-1
578049440
-1
598564725
-1
-1
-1
700982575
-1
622091461
-1
-1
782743158
-1
977503828
807383390
925563585
-1
557375660
690638433
594127636
923401459
842938203
664057737
-1
890124473
-1
-1
-1
-1
609119677
-1
613135342
744168611
-1
592020297
-1
810742364
745515881
932684999
851823030
-1
841054182
726050857
725344501
-1
-1
650558737
575352125
750289295
605149887
851877456
-1
904957964
829300573
-1
-1
772285704
674759107
583105107
643328408
920473244
-1
690155316
-1
619783549
-1
986370378
-1
652308051
610824706
585243339
811030826
813621350
-1
-1
719582922
832456854
905926520
844676865
-1
910485938
-1
888089779
979049409
609931954
617796308
-1
-1
996393288
-1
-1
724893446
-1
817375094
707542651
999986847
837428351
-1
-1
861668659
925928700
643328408
-1
721705297
658643330
752879674
718095787
722227707
924698960
-1
724427664
958317282
-1
-1
-1
-1
589977401
742566812
809878794
956043731
779508816
-1
-1
913739821
662300007
842663930
833569926
-1
613842325
547511486
705036346
-1
573252713
708183997
842832082
675340351
589977401
-1
-1
-1
602397433
-1
837428351
-1
965150459
920473244
-1
676122647
-1
-1
-1
791800849
583957396
-1
693538369
689531394
600386641
797039146
873820349
-1
605149887
-1
891527377
870021011
747986709
573252713
-1
892990381
-1
669851129
610732738
881800818
-1
-1
600386641
653165206
-1
952338838
544954714
986703518
964169796
-1
919873122
833074217
621193625
839922895
674759107
773365808
-1
-1
566682414
807928262
-1
660449802
726616642
611855247
931501225
-1
878591070
863545513
-1
526908565
-1
748477535
879360257
-1
661436338
566972660
685837226
664422917
-1
-1
932931947
913737885
945705469
626703279
822778231
525679746
-1
-1
-1
-1
809143075
-1
-1
-1
-1
653089240
696295896
-1
605426366
-1
-1
-1
-1
732101667
845745250
617497999
-1
843953763
853120576
581387466
-1
709986969
695974149
699138843
-1
725510260
-1
547511486
573252713
697157217
819392277
983202653
-1
555564840
-1
878650881
701093711
-1
626552174
662382468
673001723
614126781
-1
646306877
877160411
-1
-1
-1
617230576
675340351
-1
-1
886699155
887479840
-1
759178442
835774831
673001723
952887625
915347149
-1
992645093
924479428
582059559
-1
652594883
-1
-1
-1
-1
-1
-1
-1
601618131
839922895
598560255
701093711
870672259
525970649
844351443
-1
-1
775960379
-1
-1
-1
932679065
-1
-1
723737629
580843986
815602161
-1
895672170
526328457
610824706
-1
-1
697999809
842420584
-1
-1
723904725
-1
736410633
622316162
-1
-1
-1
555937872
-1
566972660
-1
617796308
-1
915347149
795542360
541518404
-1
-1
-1
680327443
931808050
525970649
807740172
-1
690638433
865107621
728450884
585188145
-1
843765249
680095842
756811193
-1
980430615
-1
548562040
930996127
756396094
-1
584336536
559351183
748860511
-1
702785262
776768505
-1
-1
621193625
729686594
521914287
-1
560583926
811196587
912412775
658914174
814440229
742079708
941420645
676313793
772285704
580843986
597385927
557375660
655129297
656085430
593609656
-1
-1
-1
735582483
850932936
891502612
-1
542219353
961214587
-1
-1
721747845
-1
608239630
-1
557375660
-1
904493401
-1
898574443
925161009
825651490
-1
682937810
-1
-1
783757498
-1
659588598
-1
-1
-1
643353213
602889485
525970649
736878394
771134942
691168547
710993518
892208815
-1
777696616
908135448
606451046
-1
614126781
811636219
707409010
-1
-1
-1
914370881
666116216
-1
649179807
619443298
-1
-1
673873460
-1
899076346
-1
605149887
-1
-1
-1
655095071
-1
718265119
-1
-1
921074204
759207253
-1
-1
-1
642931961
702370229
-1
630121036
857996781
750456810
897729303
-1
688378049
-1
650470821
895228113
662382468
609119677
924124890
-1
-1
-1
-1
726701269
681270550
841054182
-1
742566812
739409513
712700723
-1
679633229
708650149
-1
-1
-1
589977401
-1
-1
739372502
-1
-1
835053536
-1
569294165
-1
884109388
919936854
-1
833038509
779214056
817873607
724396514
892990381
927607489
903239175
663388278
939592805
696847740
920912191
-1
544954714
845700976
843781415
736512209
667305513
592496259
754568406
884037103
759178442
-1
-1
625063102
-1
-1
547511486
-1
770992483
754797181
630121036
788673878
686413009
-1
-1
764240879
626703279
710915494
584336536
695974149
816072053
-1
-1
-1
532315808
601825886
825651490
672369322
823062401
913739821
639089663
898701195
564490527
925771861
626243449
842976098
-1
875835249
-1
-1
833074217
724893446
630121036
-1
963718920
571252022
637733780
815287245
801725214
821011669
-1
993780479
904040577
672823520
902679984
-1
-1
-1
930038905
695974149
944108471
580746733
708288619
586622769
641406903
-1
612335794
969505032
559351183
702026536
569843432
658131599
676156270
961214587
940753378
-1
655345968
-1
601618131
-1
-1
666116216
524825633
722227707
-1
911072418
-1
851834582
856780744
727239233
-1
713818544
559351183
812530510
766556598
-1
793419541
-1
-1
746927571
-1
-1
-1
-1
-1
732714694
-1
-1
580882676
917100158
800092412
936454391
555937872
-1
-1
887063968
590590381
532315808
-1
-1
-1
528810580
759584128
769976886
-1
589432788
797708852
933672880
617796308
675693656
-1
-1
821700263
639113610
690638433
933650450
868557152
594355956
958606840
888840491
861298801
-1
582676288
898147760
994523278
658643330
724442045
-1
619783549
620481084
927595652
840153377
-1
809098294
678610557
856780744
736306218
836403649
967937390
-1
-1
589977401
624459154
532315808
694527668
-1
-1
757381334
872258320
-1
-1
730042877
-1
-1
-1
705438388
529495642
-1
850035371
-1
888951765
743832650
690638433
-1
679546744
-1
626874494
682076754
-1
-1
721747845
625063102
-1
-1
-1
759424592
642778037
611463810
992375042
-1
782069144
822274972
861578888
643328408
602488198
536068836
853238282
843800350
655955621
649179807
-1
952042826
-1
-1
-1
592020297
622216469
568108623
825265305
-1
756811193
921049040
654660549
724427664
850172661
780824764
664154768
700646786
-1
-1
988347810
651190140
-1
992375042
778654648
-1
697732412
646202895
679546744
-1
715162120
528810580
581387466
913635403
-1
-1
809143075
856610986
-1
626874494
930038905
645648258
718095787
-1
600808213
-1
619440428
831132516
-1
760423136
843760274
943965792
-1
697940582
-1
753134599
897717392
-1
776482047
-1
868819789
-1
875087279
-1
878591070
-1
771955782
609931954
-1
-1
936454391
-1
810128999
646731010
932419651
625028606
-1
897717392
-1
867787207
708618629
977877036
-1
660905481
-1
657649736
712700723
873067228
-1
570095537
781198224
-1
749021868
986370378
875705329
-1
739856015
-1
827093349
828102228
856870129
-1
-1
-1
756811193
585538158
658131599
779936440
571259500
553910817
689531394
-1
-1
-1
896857234
-1
837205594
-1
-1
909594641
-1
835053536
-1
695974149
-1
-1
-1
803547819
590590381
-1
-1
-1
787467274
665613801
813773886
665098567
722227707
761434526
561620229
-1
772285704
575352125
865713803
572344246
824806601
-1
935804727
606871045
608578995
-1
891527377
541486381
-1
709036500
-1
-1
674887209
868800647
-1
835371985
963108917
743745035
-1
990105352
-1
-1
730656874
823306411
591747159
-1
799103653
921049040
-1
-1
941420645
622316162
981299207
-1
591747159
-1
609119677
603012795
702238280
-1
618142967
-1
756811193
-1
833074217
823306411
645869523
-1
-1
-1
910778870
889148454
882933333
566758887
933650450
841640638
-1
601825886
721450852
593715291
717088590
-1
724442045
745231327
909594641
-1
-1
-1
941332257
726616642
-1
-1
754568406
697999809
562740186
660325921
568108623
810128999
610732738
943141688
897717392
-1
699920386
637502725
562740186
568798779
751594267
707177498
-1
659591066
542831344
569224437
721646293
978057038
772055479
732101667
563861400
926162977
597385927
589432788
-1
-1
-1
797708852
-1
-1
-1
910778870
830905082
664484943
-1
562764594
694370769
947325900
867723689
983747785
589977401
732101667
-1
-1
876813521
-1
526908565
706385746
713583466
-1
726616642
650819975
734049403
-1
-1
815664136
669309093
-1
779214056
-1
-1
754797181
721705297
-1
658140822
647147168
814063972
992375042
903774910
702070767
833074217
682937810
993217395
-1
-1
767331166
953570374
-1
591747159
841939691
743220113
599918301
665977457
-1
779659645
640483132
581387466
805775078
658131599
-1
-1
-1
884930278
-1
832532459
736410633
-1
605149887
879738826
-1
549331475
-1
945716891
-1
781234036
-1
650706314
906417942
937358635
-1
586125463
-1
771132033
859314499
910032122
-1
-1
960813716
675385391
-1
665098567
-1
939367194
693434434
549362766
686735307
686648998
648709746
-1
664581617
-1
837216517
-1
542831344
607444909
-1
-1
-1
858457668
695974149
-1
776726869
836738652
-1
706550793
970282537
698409539
606391533
-1
-1
606451046
535039711
-1
803025160
532315808
685837226
659298451
-1
898052076
985485582
-1
759207253
605149887
779055077
601825886
-1
711223655
599999951
-1
-1
-1
-1
734824366
-1
541518404
994111170
739022711
947610965
944286155
-1
838280671
-1
-1
-1
723995509
621193625
996628002
832313943
-1
980532979
907861268
690638433
716088048
664422917
-1
-1
643064255
-1
541518404
831417889
-1
723995509
696776019
775578831
795681623
945167622
-1
-1
820815714
540337048
999136044
811392577
665098567
-1
-1
-1
-1
611460527
650558737
532315808
614516505
-1
-1
-1
713583466
756811193
664484943
681823263
937477227
-1
926813142
620158356
-1
594355956
676064698
587390611
691987461
563861400
-1
973641979
639272944
-1
762401745
797461189
808608355
694749391
621026819
936703918
766422509
-1
-1
589977401
566972660
647147168
-1
582380659
943136118
-1
758859967
-1
598560255
685242841
906310981
656236224
-1
692360143
-1
922499496
664484943
767125611
695318092
939549050
589417904
581387466
845118382
869668941
-1
920321410
-1
909454395
-1
-1
766758552
-1
-1
-1
695974149
-1
679633229
626874494
-1
664581617
978057038
625655258
-1
766394597
767623037
-1
794058625
919936854
-1
-1
-1
925771861
808628530
-1
-1
-1
679230535
533432205
622307686
-1
-1
613400550
596169722
613599593
578106825
607444909
695641899
867498904
929154043
-1
755258811
-1
594355956
-1
925688935
722227707
611463810
879666155
-1
882163983
-1
535039711
-1
-1
630121036
776726869
579760201
-1
571436138
557509867
926242179
-1
-1
-1
702785262
748903763
-1
873067228
728230250
549905468
625180944
-1
935804727
949612460
877297277
935804727
592433920
658643330
558521163
692360143
812618850
-1
-1
-1
748162698
717513144
-1
-1
675752778
912358706
-1
722227707
925161009
912825993
553837104
978057038
894529275
-1
727239233
-1
911263509
908136365
673926145
698176767
-1
956152275
947325900
859609557
-1
836443896
-1
-1
652308051
-1
808098995
541486381
580746733
671850097
954720606
-1
694749391
578935536
524205123
869681372
-1
630489565
-1
583002684
-1
-1
-1
-1
942746776
619943347
-1
683499022
669277202
897681965
724223441
819830864
540337048
744373255
859364082
657059064
983602151
829989274
-1
-1
-1
-1
873654463
-1
852296650
866574204
-1
-1
-1
697644452
-1
721646293
732541207
-1
747302599
837620832
837054220
676391667
674759107
-1
589977401
937088072
906225069
736878394
980794751
-1
664600678
553837104
809835038
788554030
903239175
-1
-1
770404589
968212051
744168611
563861400
706550793
-1
-1
622316162
767156410
724895406
696846083
-1
696440048
-1
706325855
808628530
-1
-1
729686594
732101667
535039711
-1
608150068
-1
702370229
515608043
-1
600930425
662382468
-1
541486381
750798440
668280094
837205594
-1
-1
797461189
946821194
672823520
-1
-1
-1
960903596
925563585
713673678
566377155
-1
-1
679633229
-1
570095537
585188145
630121036
-1
-1
860675203
917988729
-1
766394597
-1
810825318
649120787
-1
819887386
-1
-1
589977401
-1
912560428
669110152
-1
992645093
541486381
-1
879779802
754753187
-1
-1
-1
644114765
650470821
937198330
-1
-1
649472005
814440229
-1
-1
-1
-1
807739340
-1
767493723
-1
837641568
783722319
728848522
553910817
983028820
-1
-1
-1
-1
579760201
535039711
803753542
715738377
667305513
933281901
-1
933770090
997964594
-1
690939226
666929032
846069115
711157309
-1
-1
728934014
798562443
-1
710537524
703142363
852498489
987172734
599918301
647139000
-1
-1
-1
-1
674759107
-1
529495642
604477911
982490823
-1
-1
-1
-1
668320688
702785262
-1
818628198
-1
919936854
-1
660246003
603203472
-1
737541091
-1
707409010
908135448
583105107
526328457
742561912
569843432
-1
669111359
-1
934681857
-1
649179807
-1
-1
822008826
563861400
630855686
-1
-1
-1
769087526
728230250
887066848
-1
759207253
992928922
753772368
-1
820129222
737878489
742771428
-1
811362096
591709041
660905481
984806846
-1
769087526
615462713
-1
807928262
935337964
557375660
795754035
723568329
-1
-1
785310178
-1
-1
578106825
-1
841204360
650470821
943476666
-1
658131599
664422917
621677792
568108623
714829473
-1
-1
-1
880464453
615601977
-1
877528892
-1
-1
-1
-1
819830864
759178442
-1
618588464
663749512
620946474
-1
831233804
924698960
714687232
736009354
-1
596523732
-1
-1
827829468
-1
866910127
742079708
-1
669360438
-1
-1
649179807
925161009
680065995
-1
742771428
506065427
-1
-1
-1
986600972
544010806
919936854
-1
829353966
829046250
930038905
733070638
986587758
-1
643064255
752752339
-1
912010891
700349569
-1
-1
-1
-1
600386641
649472005
623134599
573252713
678504591
643328408
758761513
-1
-1
-1
841054182
-1
756156582
-1
525007492
732541207
542831344
692360143
-1
589432788
698076271
836403649
693130946
692360143
649472005
756940467
-1
736043123
611026011
742771428
-1
-1
-1
763383507
814127783
589432788
-1
854019142
783722319
743832650
-1
621193625
663749512
778995900
907861268
767331166
622316162
553837104
-1
555817076
836145412
672823520
553837104
795669280
676536846
781310627
904489290
649179807
644338359
-1
881954759
789813070
-1
-1
771156241
-1
-1
-1
535039711
-1
892354501
955303307
608307612
803962249
724293966
714467172
-1
-1
-1
703809993
782835224
546054127
645648258
740751794
-1
729046901
619410497
541486381
799008418
861362200
658131599
-1
878653157
605149887
-1
998858964
-1
887066848
602967243
-1
-1
-1
939053935
-1
803962249
-1
744168611
-1
898438549
-1
783722319
560554525
591747159
581387466
831233804
-1
-1
515608043
781310627
943136118
-1
-1
670888831
828316105
-1
723298157
-1
536068836
669111359
-1
613842325
728934014
-1
535039711
969270548
-1
665119127
643064255
695887815
873509407
689531394
904493401
700714197
851993990
-1
916433585
541486381
-1
785614688
901760093
-1
-1
934671630
-1
-1
-1
736498491
802639019
810871799
833357485
-1
830521979
649120787
713080640
619708635
947799093
-1
-1
-1
-1
-1
617497999
802407569
-1
-1
843781415
663571469
-1
725913253
706793813
728230250
-1
-1
772055479
-1
-1
688918471
-1
-1
-1
775578831
815177813
-1
815127879
752519797
-1
-1
669255976
-1
-1
-1
-1
671859959
836443896
-1
736498491
832313943
593910134
910058593
692360143
571252022
801057619
789889077
-1
-1
-1
679491042
732101667
911339020
786814305
856085913
999136044
-1
-1
721747845
560554525
-1
782106818
744874040
-1
-1
987172734
652308051
922308852
721646293
711225673
-1
-1
-1
560554525
782058977
-1
541486381
611653248
617796308
910778870
-1
-1
-1
807383390
-1
-1
842813550
526328457
689531394
761763978
936773827
789051502
966457543
-1
-1
708718042
794361013
921035577
947493082
-1
759305126
-1
933954479
-1
619943347
-1
723995509
940058912
667108039
748031674
756156582
-1
754568406
-1
-1
680744707
827155871
946251818
-1
-1
914747399
-1
-1
-1
975837751
795470054
555828196
997431028
579287704
682271565
600282298
908518542
993862607
-1
-1
888112862
-1
722888684
837415492
794058625
-1
609119677
571252022
-1
-1
874095219
967017382
929307999
-1
-1
619943347
705036346
851338631
871535055
-1
565482030
-1
-1
-1
-1
589417904
882163983
-1
886787479
673702230
644008216
-1
945167622
878591070
649472005
-1
669255976
917181007
690269360
711090096
-1
708273333
565480921
750456810
-1
559925175
-1
-1
898679031
-1
-1
856780744
-1
-1
783029676
897262800
-1
-1
953570374
766351181
628302383
789889077
-1
-1
-1
-1
662851995
953275415
647561492
682893967
785792754
919936854
720154298
-1
899688963
-1
732837052
743548014
831885996
-1
731809034
807928262
-1
659803889
-1
894866039
549255729
661436338
716114118
851789083
829034090
-1
-1
684611752
850035371
-1
675624956
991331614
992645093
-1
703124037
-1
535039711
-1
-1
773617764
933070208
-1
-1
-1
785478112
787467274
979744752
922368009
-1
561530930
637733780
-1
770614918
746646152
626236774
909454395
-1
810128999
-1
599805662
809835038
824151318
867281124
772285704
640345155
801685824
-1
-1
-1
760050846
824962242
707409010
720154298
675624956
-1
657972964
-1
-1
560554525
-1
615968662
-1
750870843
544752465
-1
825265305
654263791
943745722
579760201
724638620
943259044
-1
842769581
658747082
543519911
625655258
-1
658131599
-1
589417904
714044849
615462713
726701269
