711377629
570888665
-1
672914510
570209158
753292824
676000297
-1
622064715
675175753
617599959
579239698
-1
661137872
671541881
658673621
632365960
617599959
-1
555727021
-1
549832956
578277613
482753209
515904889
602411217
721111790
-1
-1
515904889
724078019
827726565
570888665
-1
834782880
-1
632796104
711377629
-1
591262233
570888665
861204081
579239698
564364934
579239698
703054608
736104748
515441853
-1
915410252
849027415
-1
579239698
-1
602963666
617599959
-1
658673621
702973311
627884811
-1
616155966
681155568
-1
858829154
579239698
797912684
564364934
-1
-1
798408377
-1
622064715
-1
753292824
590793751
-1
790774893
515441853
534398656
549283201
-1
544893661
637105818
658673621
564364934
241142235
-1
627165937
539684275
622064715
583714290
-1
790774893
616155966
618857624
708243783
749731237
-1
753774091
515441853
750268366
641305111
-1
-1
-1
626408844
741850406
600632787
549832956
530290951
576824390
590793751
611292941
0
815653417
-1
-1
-1
-1
693188932
-1
-1
907945277
-1
-1
617599959
807178028
579239698
445298911
533542235
627884811
698967417
382855176
-1
741850406
-1
450843414
690421933
579239698
570888665
-1
445298911
779138575
515441853
819298248
867022537
530439232
-1
-1
-1
679995041
690421933
-1
-1
-1
622064715
733786424
-1
619983738
698909248
641005035
579239698
515441853
-1
677005341
-1
409633991
523416121
-1
630234927
627570158
-1
763635621
-1
591262233
-1
-1
915410252
533186734
-1
-1
-1
-1
-1
664482398
-1
834782880
-1
604209046
637105818
570888665
882295366
677005341
-1
579239698
-1
-1
616155966
616996346
601614034
684169157
635108003
570747390
-1
545604301
-1
445298911
539684275
-1
515441853
684169157
-1
627165937
775856041
737685917
-1
-1
491604584
631972522
915410252
579510709
708587454
698967417
-1
676000297
300445873
-1
632796104
677005341
744211566
698051316
-1
-1
634680490
570888665
538005154
570747390
936215378
-1
-1
-1
631972522
-1
-1
544893661
-1
576260570
617599959
576824390
683154216
530439232
-1
-1
-1
670828554
650060527
-1
797657262
721111790
864623253
579239698
-1
797657262
608680388
-1
-1
170370361
907945277
737685917
763896664
589714171
766255957
525475610
-1
738322615
-1
-1
617599959
616155966
482753209
617599959
627165937
576260570
617599959
-1
-1
736104748
617194825
-1
698909248
750268366
579239698
763349511
616155966
863253011
530290951
698909248
-1
-1
641005035
835523804
-1
416738043
-1
631972522
-1
631972522
-1
-1
617599959
-1
761248260
-1
-1
470822504
550369378
458520036
617194825
487648785
-1
617599959
750268366
-1
-1
650290939
-1
-1
-1
764773806
-1
631972522
-1
698909248
-1
700340383
771063735
684169157
-1
-1
-1
-1
-1
-1
-1
-1
-1
-1
724821557
-1
684169157
650290939
-1
698909248
-1
487648785
626173186
506644355
616155966
136714941
-1
702973311
616155966
-1
470135653
490745217
471629706
745125930
-1
602411217
683818886
765707793
630234927
-1
639643837
627884811
698909248
-1
-1
616155966
-1
602963666
-1
617599959
616155966
590793751
616155966
618857624
-1
517241423
-1
515441853
642896878
-1
-1
749731237
641305111
698909248
820777430
-1
731721114
564364934
638966843
781122624
571326624
706843893
820777430
749731237
-1
-1
641305111
677005341
574990151
602411217
834782880
733786424
-1
626173186
547166054
677005341
-1
579239698
-1
579239698
709701076
590793751
-1
-1
724821557
807178028
515441853
-1
724821557
448087413
620684244
535922784
-1
397312084
722505441
580447315
-1
-1
632365960
-1
-1
604209046
402809903
616155966
616155966
745125930
709701076
555727021
-1
546312731
-1
698909248
618159820
658673621
0
501186336
530439232
-1
708243783
-1
602411217
570209158
-1
617599959
562606121
-1
591262233
515441853
578277613
522603149
613377960
617599959
-1
-1
515441853
523416121
601614034
698909248
591262233
505442869
741383397
-1
570747390
683818886
679995041
849027415
613277251
-1
564364934
621990105
591262233
-1
-1
907945277
-1
757031076
613377960
-1
525206123
433437590
-1
722643490
616155966
861204081
627884811
806058325
-1
579239698
-1
613277251
658673621
963121533
590793751
-1
882680604
724761535
737039422
684168938
-1
596449636
-1
-1
-1
864623253
617599959
684169157
579239698
482753209
515441853
-1
515904889
890566077
-1
-1
-1
-1
617599959
-1
626565214
709766714
534439419
579239698
487648785
-1
-1
593986707
579239698
578277613
562606121
698909248
-1
684169157
617599959
890566077
577073038
547166054
616155966
579324402
547166054
-1
747650685
-1
787110455
675159050
580447315
652825488
763635621
-1
-1
617599959
493844102
438021234
617599959
579324402
-1
570888665
454384634
571326624
-1
672914510
632796104
-1
487648785
-1
621253006
889357805
515441853
658673621
749731237
-1
787110455
535922784
-1
698909248
579324402
684169157
-1
515904889
-1
-1
-1
642896878
570888665
617599959
670828554
602963666
613377960
-1
-1
-1
-1
591569650
631972522
602963666
650060527
745125930
-1
627884811
-1
579324402
618857624
-1
-1
-1
-1
515441853
-1
345192599
-1
698967417
549832956
591262233
528663570
675159050
591262233
-1
761248260
-1
632365960
631972522
616155966
579324402
616155966
549283201
-1
582092208
798831072
-1
758222311
739865738
-1
641305111
724821557
617599959
616155966
-1
-1
448472776
733786424
481440662
515441853
607172601
604209046
-1
737039422
800369747
448472776
-1
-1
-1
915410252
670828554
641305111
665694359
607903770
497451344
-1
631972522
684169157
562606121
-1
-1
-1
-1
-1
-1
613277251
-1
-1
-1
-1
571326624
421677166
554518720
604209046
620060892
497451344
798408377
-1
617599959
687067759
602963666
616155966
750268366
-1
670828554
627884811
-1
619281571
515441853
-1
-1
579324402
-1
658673621
487648785
-1
670828554
542686611
658673621
722505441
737039422
833251119
547166054
698051316
858829154
515441853
741383397
515441853
-1
482675666
503453917
-1
-1
627580706
713826014
745777432
-1
-1
517241423
-1
629464940
574990151
670828554
-1
487648785
-1
-1
-1
-1
-1
672914510
614531820
763349511
-1
-1
671370510
698967417
458520036
-1
620684244
711419505
579324402
721025193
749731237
579324402
-1
454384634
627884811
-1
525206123
-1
407350373
827726565
-1
749731237
-1
-1
724821557
671641842
501186336
-1
-1
556826776
370247242
-1
604209046
617599959
617599959
-1
579324402
525475610
671541881
-1
-1
576260570
-1
915410252
631972522
771063735
713826014
564364934
457632374
741850406
-1
579324402
650290939
487648785
571326624
-1
-1
-1
627570158
-1
525340069
-1
-1
807636186
-1
-1
616155966
607172601
555727021
564364934
857290706
-1
-1
407350373
515441853
-1
626173186
727597576
713770780
-1
695247892
-1
749731237
-1
735192183
663744170
-1
695247892
749731237
534398656
-1
617599959
515441853
476022584
-1
-1
550842716
-1
-1
728057457
487648785
-1
-1
619983738
616155966
-1
477845787
-1
-1
687067759
487518837
896147310
963121533
684169157
501186336
487648785
763635621
458520036
616155966
448472776
515441853
602411217
539684275
671641842
604209046
477845787
694048369
858829154
890566077
470310785
616155966
-1
658288238
515441853
670828554
-1
-1
692070453
-1
729813017
-1
641005035
-1
570747390
837507449
741850406
-1
470822504
627884811
454384634
737685917
523416121
721111790
-1
736104748
-1
-1
-1
515904889
-1
702973311
617599959
546650633
515166331
450843414
616155966
637105818
536752574
590793751
442158826
-1
544893661
562719661
-1
834782880
-1
549283201
-1
515904889
-1
698967417
693188932
780061522
684169157
-1
-1
-1
650060527
557717160
515441853
579324402
882295366
613377960
604209046
727597576
716218282
915410252
-1
650060527
-1
635108003
626408844
727597576
817753080
333511612
-1
627884811
690421933
757031076
658673621
-1
834782880
590793751
-1
733786424
522265422
650290939
698909248
515959809
-1
-1
684169157
-1
-1
-1
620060892
547166054
-1
616155966
791524666
807178028
-1
613377960
-1
579324402
-1
-1
-1
806058325
-1
-1
457632374
-1
-1
-1
593821469
-1
592234692
-1
-1
515441853
-1
536752574
-1
616155966
573073867
-1
515441853
549283201
737039422
693188932
562606121
458520036
-1
616155966
-1
438021234
-1
-1
579324402
549283201
458520036
-1
487648785
627884811
490745217
515441853
496711275
-1
-1
544893661
-1
627884811
750268366
750268366
571326624
515441853
469013500
617599959
683154216
556805789
749731237
549283201
670828554
767309348
616155966
-1
658673621
611292941
497451344
-1
457632374
721111790
579324402
540389761
-1
806058325
547166054
547166054
-1
627884811
-1
463469521
457632374
598595822
570611969
-1
848020440
749731237
-1
-1
579324402
564364934
-1
-1
-1
-1
-1
-1
515904889
-1
-1
-1
570209158
-1
811946839
-1
604209046
-1
642725632
665134749
805433199
724821557
697078891
749731237
-1
-1
684879530
555727021
-1
-1
-1
698909248
614531820
-1
680224584
-1
579324402
515441853
-1
564364934
-1
818257017
-1
-1
617599959
764773806
-1
-1
620060892
670828554
683818886
643172487
579324402
487648785
487648785
579324402
617599959
-1
-1
658673621
658673621
671641842
897230199
549283201
-1
515441853
-1
-1
-1
523153841
658673621
515441853
487648785
632365960
579324402
724821557
-1
834782880
579324402
-1
580447315
579324402
783876477
807178028
604209046
406536565
569351807
714432936
578277613
683154216
616996346
591569650
474708061
670828554
700340383
576824390
530439232
458520036
514284325
549832956
-1
635108003
627165937
549832956
698909248
749731237
-1
514284325
705789030
-1
454384634
523620777
672914510
487648785
-1
-1
749731237
-1
576824390
535922784
863937851
827726565
889396413
-1
576824390
632365960
723712197
709701076
-1
-1
-1
576824390
-1
641005035
737685917
576824390
-1
631972522
460032567
698909248
514284325
-1
-1
580447315
617599959
616155966
487648785
-1
687067759
-1
665134749
604876059
529109950
724821557
603946720
636289533
-1
546650633
640074319
673653735
613377960
835806383
582479274
470135653
602963666
616155966
624625918
-1
761248260
-1
576824390
643172487
598908505
529109950
670828554
647850808
-1
-1
727597576
-1
721025193
635421660
497451344
576824390
-1
-1
-1
742306541
656740266
-1
579324402
749731237
-1
579324402
-1
547166054
-1
729813017
700144122
-1
470822504
784156464
408057065
-1
-1
721025193
763349511
670828554
405463886
-1
424885401
915410252
579324402
690421933
579324402
288076200
-1
701401228
-1
576824390
739865738
677005341
658673621
-1
616155966
-1
602411217
635421660
-1
570747390
616155966
-1
579324402
-1
454384634
525206123
-1
737685917
458520036
724821557
709701076
515904889
-1
-1
-1
627165937
458520036
616155966
698967417
600806904
783876477
698909248
576824390
631972522
482753209
626565214
-1
571326624
749731237
-1
-1
621253006
576824390
579324402
485826709
175557644
-1
460032567
-1
749731237
773675546
736104748
-1
-1
616155966
591569650
617599959
484541084
828459786
932787665
523416121
-1
424890025
576824390
787504637
617599959
405463886
579324402
698909248
-1
620684244
631621651
576824390
487648785
-1
671641842
580447315
-1
616155966
616155966
608680388
-1
736104748
613377960
555727021
698909248
564364934
-1
-1
407655305
616155966
-1
-1
-1
806058325
-1
741850406
576824390
671641842
-1
470135653
-1
-1
515441853
535595749
713826014
576824390
763896664
-1
701401228
790774893
-1
-1
-1
613377960
-1
613277251
602963666
631972522
-1
-1
-1
-1
617599959
695247892
468118610
397312084
631972522
-1
-1
-1
698051316
695247892
576824390
493521604
-1
-1
733786424
670828554
-1
-1
670828554
787504637
-1
-1
736290681
-1
-1
695247892
-1
-1
724821557
616155966
-1
-1
658673621
598908505
695247892
582479274
-1
555727021
-1
506644355
555727021
-1
-1
828459786
627884811
-1
721111790
-1
482675666
627884811
617599959
207097646
714432936
617599959
-1
763614866
458520036
763635621
482753209
878419691
-1
679995041
530439232
820307297
617599959
617599959
546650633
750268366
617599959
487648785
596533358
-1
755758010
-1
-1
-1
-1
-1
834782880
627165937
647850808
-1
-1
616155966
-1
820715070
-1
670828554
457632374
650060527
-1
579239698
641005035
557717160
631972522
613277251
-1
632365960
-1
555727021
616155966
882295366
827726565
-1
-1
-1
433437590
108133625
481440662
-1
596533358
596533358
-1
-1
702973311
587184914
-1
692070453
-1
-1
-1
-1
616155966
481440662
-1
737685917
600632787
627570158
-1
530439232
497451344
524285714
627884811
-1
-1
533186734
-1
598595822
690421933
-1
-1
611292941
-1
694048369
-1
617599959
-1
-1
-1
616155966
736104748
790774893
-1
-1
538900348
-1
-1
-1
741850406
-1
883229499
-1
-1
631972522
-1
-1
-1
733786424
695247892
-1
701401228
457632374
-1
600806904
547166054
556826776
-1
604209046
-1
596449636
-1
549832956
-1
-1
-1
791524666
470822504
570747390
-1
-1
650060527
845440278
-1
617599959
-1
-1
573073867
477164060
616155966
579239698
-1
631972522
737685917
-1
-1
-1
749731237
539591194
505442869
579239698
502850171
564364934
-1
733786424
684169157
684169157
454384634
-1
-1
679995041
-1
-1
590793751
915410252
535595749
664482398
-1
-1
780759968
-1
460611218
566984231
695247892
-1
963121533
-1
-1
820777430
476022584
579239698
690421933
-1
698909248
-1
-1
515904889
616155966
631621651
779138575
564364934
514284325
-1
-1
632365960
616155966
-1
525475610
-1
596533358
538005154
-1
579239698
-1
579239698
-1
617599959
-1
-1
-1
613277251
-1
-1
729813017
-1
915410252
749731237
604209046
-1
579239698
-1
454384634
241885066
454341156
-1
-1
723819304
698909248
-1
-1
579239698
-1
-1
-1
604209046
-1
-1
616155966
679995041
650060527
893991616
650290939
596533358
482753209
-1
-1
-1
741850406
-1
-1
-1
-1
596533358
613377960
685411375
596533358
780061522
579239698
614531820
-1
749731237
596533358
695247892
-1
-1
-1
827726565
671641842
-1
454384634
712241205
-1
617599959
-1
804522924
-1
616155966
-1
915410252
-1
797485005
714432936
788420390
525475610
-1
490745217
604209046
484541084
596533358
779138575
728287320
-1
741850406
579239698
-1
-1
-1
566984231
-1
616155966
-1
-1
487648785
-1
-1
546312731
-1
477845787
698909248
-1
555727021
612103637
604209046
596533358
-1
618857624
487648785
-1
-1
547166054
590793751
448380590
-1
781122624
496711275
579239698
692070453
602411217
596533358
477164060
-1
427715205
