80990460
10004840
702499308
125000206
1070318
68011204
950246409
734097535
35600346
169712709
222089974
243586856
279851334
124402681
253998150
69746068
571483750
255977229
13761237
456912744
422747338
140924219
171329174
325633117
87711679
274458406
561372204
90394065
185067347
490541036
1246933
26036052
179576638
115667033
522237312
560434094
78364374
544140745
259804616
364506161
151785996
207638714
225653603
606170154
597901018
532737326
171329174
39272917
53396117
179923829
296615216
288609023
473960663
709651509
82454092
441714859
711967956
96113695
33162444
126434293
179923829
146615202
361654181
711757396
81322098
18800394
538583460
681109402
677759597
478099861
27353446
365832016
158166426
357585168
114523402
93454311
207701879
155910923
723799508
408726389
891545691
571483750
587535265
1070318
435460454
199898924
223312728
167593565
27123184
205923329
653367982
64910986
800123769
215209222
500073896
490541036
280701249
450351017
141692259
70468540
153000543
14145845
63767569
692224077
25549863
495668772
115667033
66003192
61092497
167045726
20098746
657263866
78364374
234952067
26339249
60210725
65562410
533699784
63767569
569130669
33665714
644326725
355568636
64014315
67595636
67310685
387117869
30956733
128097630
55384241
184534346
793108561
456684373
902678594
124424740
352535487
472808828
473907298
679711176
340202595
293118588
413150071
146543195
501954693
305097397
66003192
183794555
71291297
36065768
282393143
470349642
440836451
376462659
469164005
398336791
110223107
115667033
386425328
235898510
191341960
16253025
92764738
78161646
764315440
254243319
173761400
1070318
161838502
82454092
307085373
46028053
13761237
845548673
58301487
628533898
53396117
0
637296063
525932300
602491059
455145224
145115406
210660035
396916771
256129248
18878172
138123587
185067347
667684871
461372650
5997482
761210870
285229474
211108110
512380745
220226649
234952067
593199012
749712114
678077627
547361924
221017013
5019481
378594501
472808828
597483210
67589959
480927009
608221050
191169243
561851916
238649649
227301494
482198584
358246992
634869937
88401211
58479503
215209222
548563593
595900080
78161646
667362512
327799374
15682725
399199266
203486758
707773445
378185526
669546661
635444007
801823147
351637161
170026997
175398634
327799374
66700245
681109402
252301946
93409361
428622044
246310103
816885190
652648708
97530823
277507066
683310310
181634372
950395553
265371549
395211734
519458732
450351017
424485346
307787114
38908335
18800394
214996116
58301487
688615183
618403757
40624232
25549863
368515527
455145224
294535654
60560181
227301494
846033350
170632616
7882873
128684054
114523402
5019481
371311626
577300920
351301403
192665921
509048002
317461299
639249607
179280000
476903904
178715323
64910986
258406443
637830162
869719138
426025235
147908703
360198029
431934267
367567336
821567455
80990460
315266904
45140646
257594735
200483806
617625868
811410575
152467310
513416230
5019481
7599519
34989896
299955482
647281298
6149478
118188922
205923329
426683954
470349642
92764738
412401784
191341960
775698349
197898000
854527627
114708706
342623907
294600715
560066652
157082463
178715323
357842426
508608307
632318715
358246992
31627163
230200210
287893034
654277890
605505637
90473735
171967669
100816741
54049951
379898651
7599519
481015457
755142696
814028291
199898924
652648708
522246249
272478455
351135021
90262257
865348737
215209222
496807221
49078793
275431162
561372204
849805928
292164618
280701249
18800394
628010941
509290105
409658557
734820855
10689491
130206691
329083996
306015427
443172331
26680983
473907298
31627163
46986434
519458732
522237312
120392614
337654838
112756586
177469288
695963221
408739627
294600715
69483814
508739031
117109228
312201469
151184969
25708839
2297483
595945223
553719420
30956733
137731138
382949461
123459064
176752325
525450779
45140646
522237312
578174617
822727175
740233642
789357032
698732277
448793618
16782716
680230484
14296919
61121486
321447344
277507066
509721673
5997482
441911846
130241298
856500101
204126298
251997368
69349899
25708839
162130652
692691006
210113752
64477415
190752640
844242663
229714615
136711968
437707675
94175370
296577953
38358583
70278796
191169243
807751780
974475454
37330636
711967956
601080667
379461308
270285104
167840578
935855441
299955482
525362394
50485139
34989896
207638714
682806931
5107967
708731343
100623446
227043233
508608307
144317434
73737838
90394065
697236620
357842426
352258471
189232150
624192484
7844813
435460454
147908703
486155974
124622611
824775823
818622562
114523402
658631147
311255003
689270787
171901581
558828640
152832398
455580818
64998345
579605351
430904020
170026997
492570254
795338242
215225442
228608828
331440091
466432870
23642904
361060166
681223989
36642832
311255003
461404130
65685999
491554682
877770993
197898000
23909291
266917425
126434293
752673775
264974728
696543968
562729952
2125918
780239556
635475577
175398634
245134971
226817034
104930712
283605917
441714859
307787114
453949044
187348231
136711968
174139046
976477621
20914158
210007903
819197920
825258772
13761237
437430881
145388410
637892860
610509627
454564710
856928471
509721673
821357110
285229474
13561160
443788009
38908335
129865891
504606779
509767797
565941128
855496619
797508570
357429692
28877475
69957880
171901581
475461166
385331918
492570254
2125918
42948718
478659883
404589350
817336529
757204811
248569433
71052571
894039605
152145350
279911799
184965210
128439476
403707548
728157061
879881546
102871420
18143593
215225442
23534064
85059077
20098746
230787761
751111696
710554224
16778396
311255003
565352001
51204528
69957880
81876083
507018639
573575563
84347164
424485346
11033750
34440568
872768952
52907496
1070318
721869669
249853395
100816741
511931608
93454311
587703343
224172665
264459992
290219769
32482820
219850879
259804616
152467310
19064132
407915470
295846537
636244496
80990460
241146763
191169243
365832016
533699784
175176776
416428
482584307
849669184
44879110
45140646
214996116
208227908
425592154
669546661
748353537
243586856
205938574
379898651
192665921
748087534
876529180
384026159
595425107
656406869
459021096
416428
412401784
147908703
194931936
191341960
505894917
190043794
115330518
29406083
525450779
475461166
275465545
269366603
354876105
273740901
187348231
98646631
32379747
290415262
136711968
135445959
32379747
437219839
544975709
280701249
236429780
92860502
585404259
628010941
30725301
190043794
398336791
399090254
433626165
632318715
534210629
608155960
700720060
334945923
115330518
509767797
269689822
687931696
29406083
263374618
782752202
549735861
13561160
688615183
875358461
470457189
880119379
481543701
674803710
275465545
152467310
669907115
40272229
247631919
463791214
669907115
277822596
624495543
456684373
406983622
495668772
346509843
641367785
13561160
67805599
64477415
378515422
6575313
843148267
355568636
746808171
425454657
102091751
437029554
725154776
339124025
355966502
11681168
782752202
646950681
67589959
38358583
787298561
740003638
306015427
194160000
600454416
675833774
215225442
354876105
751320606
756587371
64043555
357429692
64043555
528601330
20829849
546528053
354086267
472843321
401469491
683310310
122167143
-1
208345380
6575313
230217434
32916722
174139046
305265928
164962516
275431162
868403316
308689441
117109650
445699562
122167143
91774825
131528418
116912750
269366603
25708839
100658206
40013997
519889001
239964755
152832398
40272229
302446766
71861196
45267098
147908703
885231846
619795257
24605885
32747835
222411016
36642832
763712985
805991912
359951318
615798779
856198137
536276485
619959638
32482820
268278233
872892902
132235467
113022024
448128802
557912366
569544867
637887366
194190024
244927308
294535654
32747835
5107967
210113752
34989896
395211734
117109650
118188922
437219839
64043555
131388430
140568814
276122594
54896046
480260491
148324091
525450779
100658206
329558851
426025235
227087335
473960663
157082463
93454311
192118195
92855014
137731138
108142571
61448767
8711935
553719420
253998150
379859710
490824288
351071946
59467104
695385670
398920678
399011654
135445959
396296245
742032700
244927308
148324091
308689441
129877184
178715323
832920166
81723649
60210725
16253025
268278233
28877475
311321792
193288209
783520185
214336324
190752640
418527082
456263015
197898000
106448451
73175900
284637895
776840309
3756299
42948718
18878172
617021847
194931936
746808171
473359222
114326280
757449927
466158602
457535710
827892091
67805599
659378294
40013997
833881342
274865178
354086267
561998269
467252214
35593767
207694969
417091954
951284740
307545642
160209444
31068051
187348231
368040441
57154968
378594501
351637161
709443844
63767569
86216792
35600394
757747652
757022355
11348234
280289009
768249069
44879110
35593767
502793110
227220440
230217434
283605917
45140646
5107967
92860502
217280885
2297483
528601330
40624232
48715678
484630359
338978220
459021096
798895883
490965936
96113695
68076829
552598962
674803710
669195001
208227908
789504541
230787761
832113885
261315944
105250159
86216792
192986977
58037630
742530020
514248438
117109650
306200069
129950749
78364374
709651509
153508470
673930670
379461308
36642832
505894917
340202595
639325091
379859710
745219790
791346583
253811369
285017379
114708706
239964755
478659883
331018760
58479503
426814437
580684135
178715323
885343402
26627826
18143593
228608828
583042526
194160000
771436605
214336324
241146763
444145921
373843750
127931954
561813988
128439476
129877184
208193904
220090091
147908703
80905672
281218835
168541143
838915769
5019481
685357910
554919758
589030838
401446877
67310685
538583460
657263866
624192484
470012782
417091954
779312471
367567336
20781598
586177319
759377219
181634372
412401784
684075154
296963215
28042794
340204784
34989896
416428
349435466
455145224
58417887
208227908
512443843
266079529
261716676
191666250
734820855
491554682
117109650
265477121
11033750
891393546
330740354
789504541
5343377
18800394
404589350
71861196
709651509
740003638
317461299
194913577
189232150
