964358735
975771876
960462989
961166662
961166662
969926910
972897416
975771876
975771876
620637511
953078530
961166662
859927307
937918599
975771876
953078530
970338913
864000633
953078530
975771876
970338913
964358735
881866198
964358735
802694614
68440561
940905902
784766988
970338913
937918599
878897764
964358735
970338913
881866198
969926910
961166662
964358735
961166662
970338913
964358735
894337048
772225750
972897416
971483749
953812152
971483749
975381981
960462989
971483749
975771876
828835484
961166662
971483749
975771876
975771876
0
975381981
971483749
971483749
972897416
971483749
971483749
972897416
536123477
43462478
-1
972897416
971483749
971483749
954257835
971483749
366495514
971483749
972897416
971483749
972897416
975381981
953078530
961166662
923271801
953078530
971483749
910314445
910314445
961166662
968274055
968274055
859927307
779975315
971483749
971483749
972897416
894337048
923271801
821994640
972897416
917345939
960462989
953078530
971483749
971483749
0
971483749
953078530
971483749
900862312
