-1
-1
788151909
789267947
603186714
752300139
-1
-1
948626860
-1
972837951
741222293
833410046
910106471
608172093
651603659
-1
926064083
799498865
762613463
641672572
764134147
-1
-1
769224942
767359786
572123671
810361395
614564852
764417937
729560888
717536539
786428744
915349348
-1
-1
594739779
-1
666392583
591247581
572123671
924001913
-1
-1
940455797
624669163
822451932
948948774
975421862
-1
805752064
-1
831437516
-1
652598129
-1
975610968
824106846
-1
-1
-1
682632649
-1
742771172
-1
767695644
894396617
900746566
635106592
-1
685616999
-1
837316851
679764853
-1
889898450
981216298
-1
590026750
945971531
-1
875058328
704632276
882521966
670660264
542194241
-1
635899124
680473198
821410302
689622145
-1
791028115
898577334
967765712
906914972
-1
950539882
594739779
-1
947807478
-1
607267514
-1
-1
-1
-1
708329896
-1
732437993
944836125
-1
-1
-1
939203649
998328907
557409314
-1
985617398
730522806
990216213
695437461
720296940
692940723
901845662
667051408
-1
-1
692940723
-1
644424037
-1
608743282
770763643
689040841
782918441
-1
729005117
575187292
581692485
613073091
715642548
690976122
-1
692940723
672483273
-1
833410046
718631683
489653371
799120418
830007530
759132237
889549735
-1
790278474
751531306
-1
670319801
-1
726895590
-1
-1
624669163
-1
667541410
576582497
632709403
-1
880004243
655553335
-1
589825638
882821672
655102546
897977793
-1
-1
-1
-1
971378095
-1
567671471
679476376
730932515
-1
-1
955250429
742771172
-1
749920593
-1
680473198
883426314
-1
732437993
911654621
719142965
584244645
613073091
574746052
731387643
-1
-1
915540386
-1
-1
-1
758081350
725782524
701591884
-1
821731390
828678708
-1
818667254
695501264
692552822
-1
606524520
-1
-1
-1
687967455
-1
795071399
674634150
670319801
-1
903290814
-1
808165939
702023409
684167917
664647696
-1
-1
-1
-1
695679975
604495921
-1
-1
-1
942333197
-1
770944026
-1
771831237
717803956
886158229
739743488
-1
834929675
-1
753038123
618578104
972238858
695437461
676305727
-1
677285919
863831268
730429071
761362835
655553335
863400279
-1
704873794
611604316
908815697
608057853
-1
805923685
552089437
-1
-1
624669163
926811618
690929547
741806309
782372189
687309038
-1
624669163
676265023
575592091
575679888
897622662
682873346
-1
929452699
678023537
-1
-1
-1
-1
-1
-1
690472635
572613517
644819932
926811618
-1
775544270
883667631
897622662
755481413
798958450
-1
788254473
692940723
588137818
-1
902306394
-1
699167809
889284602
911634579
-1
648166899
-1
-1
-1
665800565
574498886
-1
664733589
711814886
707878516
741806309
746388636
-1
779658751
-1
-1
-1
811830077
763275437
984157444
-1
790742793
589825638
539082141
-1
832902349
756788897
806355006
810216053
702116007
-1
963319283
-1
597924317
734704527
589825638
767359786
-1
-1
-1
892528619
-1
-1
-1
-1
614572006
722556048
698867625
-1
811098989
-1
-1
818667254
894396617
722052566
645722830
-1
700308829
-1
-1
952247549
-1
795781753
762613463
809778560
752300139
567671471
839295377
929457253
548878016
-1
628209984
-1
-1
920455110
853346093
687163975
784926651
658720217
-1
-1
831437516
936062095
940126984
730968689
703827294
-1
-1
692168780
945445563
648382552
970818485
689557034
619848611
-1
556608407
-1
883255842
-1
824425196
-1
-1
-1
-1
607033702
-1
960476167
-1
670319801
-1
836789410
891413366
695254441
575592091
819436960
590597823
689557034
644134513
859955482
682632649
902539766
685845748
818667254
864434150
938757003
936654131
731279177
708384205
-1
726242036
977636176
-1
888021494
-1
752300139
730932515
818667254
557409314
-1
815177772
782201849
-1
658720217
704733561
764318737
981216298
865100688
722837279
869596539
-1
-1
922607298
-1
-1
770929520
-1
631775499
923182944
944836125
-1
821782469
-1
-1
751965676
-1
-1
-1
770048787
-1
893099838
838294484
827008738
-1
799938036
886428362
-1
-1
998509527
797410514
-1
833953898
788169463
606047737
645252159
763275437
572613517
669984597
-1
789378455
-1
-1
-1
734704527
-1
-1
777741386
558277251
603186714
584244645
621429522
-1
-1
936951765
604931046
642583269
974726354
-1
-1
925541024
741806309
-1
-1
-1
-1
843543022
-1
750281578
622298130
947583142
-1
875444207
-1
-1
556608407
584244645
902539766
625609109
651482401
-1
-1
812379481
999878488
616763226
-1
999878488
931483870
677285919
710862885
739214751
711445002
714829021
-1
758791492
827845565
876722792
575592091
-1
965194972
657771499
682158047
-1
863397062
-1
981490599
575187292
729935290
733347157
-1
622463138
666201917
932089880
-1
-1
714371053
958511812
780349025
-1
639175952
-1
645661576
970853105
-1
867403548
990611300
-1
868507701
949443702
879676230
864962482
710905824
751915568
778607025
784926651
847049419
547870203
-1
748598092
702013178
-1
901233567
679265837
879928122
631321969
623957396
775896419
637604675
-1
-1
845717012
-1
-1
859854315
894396617
-1
-1
581692485
748975402
547870203
970853105
-1
656142531
654641471
677285919
559661777
-1
-1
773552594
-1
-1
-1
-1
863000420
902539766
-1
713165893
-1
-1
557783315
-1
833953898
630957906
-1
623957396
-1
-1
597277790
748975402
894396617
824597544
991195820
815432527
910600475
614958086
940455797
934105769
792586939
738516279
601052455
-1
707101746
-1
-1
-1
-1
-1
-1
780363531
-1
-1
923696116
588532447
647740121
-1
807764233
614394054
-1
913202024
-1
679767695
965343676
936654131
708341002
986070655
869303308
585075007
878672774
-1
919239090
822836605
680473198
-1
722119952
-1
788203907
692115313
687229593
695437461
-1
963319283
816511172
585075007
629036688
644819932
750383422
657493876
643679430
-1
-1
985340802
-1
964560583
-1
-1
-1
710065436
-1
852487223
652598129
-1
-1
602568210
890836846
-1
663525760
668251002
743943290
-1
-1
-1
943204992
898719914
-1
805677707
-1
-1
866990259
-1
824338927
933693533
651538590
-1
750281578
785149176
848084845
967107207
692552822
714829021
722254733
648166899
-1
-1
741806309
-1
822359618
718752896
745536788
990384087
823265296
723169424
-1
-1
-1
769224942
723169424
-1
-1
741820003
787968511
579974478
738160253
723169424
823406809
670480938
873572557
797385801
924396933
899751183
-1
-1
656082458
722119952
771441224
-1
877133189
759778979
-1
-1
-1
-1
961989941
-1
-1
692940723
687163975
840299802
676023981
-1
682158047
671060981
-1
677963119
-1
685346134
-1
723517121
880567476
-1
-1
660876864
984842479
912690412
631118174
-1
504277554
899545874
981216298
662779056
-1
560577773
698629781
628388393
871286280
-1
548878016
929079504
535663303
604931046
583092114
833953898
920924183
-1
941047926
607880986
969294066
746448417
748975402
560577773
-1
-1
792586939
-1
-1
694967515
900740342
723169424
-1
-1
570334386
971044759
546110354
560577773
605128202
-1
704404789
648736668
-1
831064711
724824442
647740121
881690436
831437516
782872050
729560888
613816890
885154019
822152644
467215815
863000420
702835202
581696134
-1
658893544
777872371
690145566
926776429
802096839
831437516
-1
-1
975158404
616825246
850177124
-1
818667254
641310245
694392830
-1
932089880
851371968
-1
902539766
-1
-1
-1
589571588
-1
-1
575189326
933387292
990216213
560577773
975421862
-1
-1
-1
-1
771749189
732437993
-1
940190092
-1
-1
-1
601535574
926961989
747784561
873174091
629040541
-1
567671471
912174122
934796194
833880431
904375521
936549328
667693448
616307258
-1
958511812
714004755
929329348
973845198
-1
902878016
584675689
861309136
715087445
705982416
-1
718106176
813369839
-1
-1
560577773
-1
-1
560577773
-1
853258258
546110354
729078072
923527731
686436968
685921662
-1
610406476
-1
-1
670826265
-1
-1
881910356
-1
639860102
-1
-1
-1
-1
737810186
560577773
895358880
698928570
875715883
784926651
-1
833291918
808193527
-1
925959600
677256121
589538068
-1
882919567
-1
842355525
623238381
726123339
963319283
-1
667051408
713006574
789267947
580378540
605975865
-1
-1
693281442
916817016
920217688
-1
-1
-1
787333205
638239106
-1
641350096
-1
-1
-1
800750044
616027539
-1
-1
566152298
-1
-1
613073091
621585051
897977793
691028944
606466558
776055931
-1
-1
807377802
-1
726242036
903086911
584892977
-1
609186983
-1
617134228
-1
721380588
669984597
748029499
911149683
586857080
695014570
-1
559661777
-1
-1
565956064
660876864
739017690
847229640
561591297
784432660
695437461
792633655
-1
-1
-1
958511812
770944026
779658751
889005446
970853105
716158256
-1
-1
966646355
657493876
-1
-1
-1
559661777
-1
907127852
919239090
569651138
-1
987223698
596546245
-1
713800085
913202024
-1
-1
-1
-1
-1
695123453
986032662
750604508
-1
766646982
-1
752867741
610406476
-1
692940723
-1
689922072
616825246
-1
-1
629005018
785505788
759778979
678608265
629368053
-1
638239106
544444490
729935290
635899124
590597823
697918437
-1
-1
-1
-1
-1
607880986
707162859
703819628
693042770
-1
-1
971044759
-1
952427717
-1
667693448
583057775
731603750
-1
816710741
-1
621243269
-1
690976122
-1
-1
-1
722052566
-1
-1
644594389
897617790
-1
816808447
643794133
724646685
-1
902539766
960432267
748598092
925631852
-1
-1
911654621
762078213
795781753
971006813
-1
569002879
770929520
559661777
850494165
540279242
-1
849337982
-1
-1
888525418
820759819
578287346
-1
-1
-1
962458795
948921755
-1
-1
953143979
763275437
607267514
589538068
734513600
-1
663544719
594502581
996971676
807415755
-1
-1
-1
794014048
-1
804450497
-1
638846273
-1
620038304
588079388
657317240
725756696
791655647
-1
726543425
-1
655976437
-1
-1
-1
517756897
569651138
947950455
-1
-1
-1
703180445
903599831
655941431
-1
-1
692940723
587635442
-1
736034597
-1
672716718
882923186
899675922
-1
-1
597924317
580319628
723517121
815177772
665104969
915522599
726543425
663173502
588079388
589538068
880567476
-1
-1
559654706
882919567
835393421
651674277
888183720
559383997
939826884
733726783
854946493
820310889
863000420
-1
755667391
732359091
919239090
-1
871124647
839028940
546623226
645085411
-1
588079388
879424772
705982416
-1
985396406
836283542
-1
682632649
976251926
-1
-1
783145535
668140962
910467083
589571588
695254441
981216298
-1
541388353
699019511
-1
-1
733198039
886577677
589538068
720702699
-1
763049426
912318119
695501264
918431543
722568190
651538590
587414606
922421928
-1
729935290
783201299
-1
660876864
859120044
-1
831437516
-1
628388393
-1
527414943
703180445
822451932
-1
-1
576582497
912174122
588079388
-1
878759213
764842650
-1
623990131
909263339
830230538
-1
679476376
669972786
-1
654641471
804223223
784036620
-1
800334056
-1
-1
963178140
583057775
-1
822711363
713800085
-1
965747517
-1
540279242
631632869
-1
642657354
-1
641310245
543153329
694967515
635689645
945323765
862365868
694967515
-1
-1
795489516
-1
608359590
-1
805770422
575189326
558014728
797626492
629005018
635665921
-1
899676774
976298003
543499010
-1
951402062
-1
732437993
729241819
-1
712320707
729935290
689895794
933818612
615862217
694585619
-1
-1
645661576
963319283
673505029
924396933
679476376
-1
568107804
762078213
667693448
524151972
968054178
621409922
949326227
-1
668354809
-1
909265442
852813446
816410867
772516004
830230538
645778850
-1
-1
-1
-1
923182944
-1
847229640
663665481
632682736
-1
-1
-1
761818137
-1
751685151
-1
566736004
-1
669984597
559661777
-1
-1
810732617
877051860
954010487
540279242
739017690
839375289
924396933
475457816
849096503
-1
593409830
578473995
822978181
648166899
617014876
772538495
578473995
-1
-1
-1
-1
-1
819552035
944836125
-1
864529288
-1
655941431
677908197
686833779
-1
637604675
-1
-1
-1
-1
-1
769224942
663544719
-1
-1
-1
-1
686436968
-1
589693036
908270136
-1
641030830
686425623
716158256
968054178
-1
705013043
-1
789267947
676265023
630095751
-1
714829021
808736698
-1
786939385
734513600
854811957
-1
695206406
789267947
-1
-1
741222293
-1
-1
-1
722052566
559654706
915540386
-1
559654706
979299124
-1
-1
671213688
863400279
924261816
668354809
-1
-1
816710741
633440695
915540386
-1
-1
872521817
-1
-1
988817752
727579739
645778850
603355920
529514620
866089783
-1
784926651
-1
-1
-1
-1
807047192
721776015
599483712
570061913
-1
999878488
818667254
-1
-1
666201917
988661812
638239106
863400279
-1
767359786
941047926
752318151
601052455
979299124
616260416
691420346
982281459
612607939
649421838
872924837
570977666
826692694
599742888
-1
685346134
644463546
827083896
898577334
679476376
-1
737733388
682158047
-1
671669793
678816065
802106872
788151909
644467851
-1
655976437
795489516
915610114
-1
707873781
734704527
918193261
776201034
-1
-1
-1
898999470
641030830
736996398
736954613
596179228
795489516
-1
-1
900002173
-1
724839417
-1
-1
-1
830197161
864134085
-1
988452009
-1
692552822
685346134
540279242
956931895
732416535
817268064
885154019
731279177
-1
-1
-1
827568538
-1
944836125
864222957
641030830
-1
-1
-1
683950028
549600494
-1
-1
608359590
949043553
823457928
727037062
661683017
-1
-1
718106176
543499010
-1
-1
800004118
-1
878672774
584675689
940375195
593066113
713006574
776625262
760946456
-1
854224773
-1
-1
645661576
591914449
861559233
-1
850523838
-1
567671471
-1
-1
-1
831401354
-1
655976437
-1
937977619
864434150
553473997
793776495
619393948
751685151
769254570
-1
654824175
934781843
-1
-1
613810127
-1
678816065
-1
-1
773341398
-1
639410462
-1
-1
-1
-1
642592612
-1
638453478
-1
638239106
-1
860968038
785920175
672085936
995936496
-1
770929520
753038123
752300139
784036620
765803621
676305727
905021169
785797134
804450497
912928343
800339885
-1
543499010
664434933
750604508
-1
543499010
668251002
-1
826692694
-1
922853303
929722986
-1
653631429
-1
646016391
858185141
699778980
-1
553473997
-1
-1
970818485
820759819
686811502
605785588
751685151
-1
-1
-1
605975865
-1
-1
932916561
-1
723193482
675678660
678340340
-1
-1
-1
-1
683950028
-1
-1
808679254
695014570
695014570
605785588
-1
587635442
-1
880785413
584324871
852270929
-1
-1
914516058
920217688
655976437
584244645
-1
608344639
717669659
847808355
797136852
-1
653868243
961548800
-1
652363608
675678660
-1
-1
682372068
982365798
669551942
621409922
824406720
543499010
-1
762078213
956990453
962107011
821731390
845649397
791655647
-1
868659041
988817752
-1
543499010
996971676
780295326
-1
594357968
853296972
962293968
-1
-1
624548348
-1
712708366
772538495
-1
-1
583057775
628201173
-1
-1
675783586
729935290
886745810
715519807
656551859
911654621
806773358
797136852
723896492
886633543
-1
-1
-1
985134512
697753347
-1
-1
677522817
656551859
-1
765576248
725355066
699778980
852223913
752318151
871959143
789927627
770929520
583912212
-1
907175246
983723509
761362835
553796602
707991616
751504863
559383997
620038304
739936008
643794133
-1
-1
-1
-1
-1
762613463
546110354
618021630
617238292
815177772
-1
654117463
569651138
786428744
-1
722837279
-1
833447719
732825633
752300139
770867830
693595589
657273676
-1
708329896
-1
-1
830578098
-1
-1
711675228
892542242
867875134
-1
-1
-1
719488691
-1
616554112
-1
565956064
760495107
837408692
-1
932089880
-1
-1
732437993
556500144
-1
-1
-1
645661576
935847524
-1
-1
-1
-1
887910450
-1
994336239
904908156
715094396
-1
-1
-1
728363652
-1
937879038
872924837
986070655
672852404
-1
-1
-1
-1
744291058
-1
975158404
712960166
885033998
563925005
-1
973845198
764330296
-1
-1
768754152
734513600
769906965
-1
-1
-1
965194972
567671471
-1
919261840
580319628
763552228
861607860
656234656
-1
-1
762078213
929767613
663971326
-1
704955962
911839740
880785413
956328773
567671471
970818485
708426085
920217688
-1
914516058
808397529
705982416
642583269
639662257
797385801
-1
-1
-1
-1
940632362
-1
778096060
898328240
-1
978249438
-1
874465997
827907745
646683443
635339706
-1
-1
685902181
586615468
667470254
885872216
667041364
-1
847229640
923527731
951402062
-1
653868243
732981225
-1
712433433
929484187
751212120
-1
951585847
751915568
856252331
-1
894719283
616554112
695228585
736139866
946508809
971044759
-1
740791500
-1
-1
639601816
877051860
895110997
789267947
-1
667602630
621409922
695437461
-1
-1
866716134
924807450
-1
567671471
-1
-1
667513593
686138252
769224942
-1
707394792
885337202
695326836
907002658
899873300
569651138
-1
651920902
-1
-1
844485391
-1
835619145
-1
691257246
-1
670660264
-1
-1
839883201
615694986
705025416
-1
612266227
-1
635899124
861326419
-1
882919567
-1
-1
-1
-1
-1
-1
925886032
764638064
688201307
785797134
991457639
-1
584675689
560134683
-1
605975865
-1
-1
-1
629040541
815864329
742771172
-1
-1
-1
-1
624185171
721000668
836046733
626131278
-1
941883792
687186882
-1
700395284
833291918
853296972
918133533
-1
661683017
-1
773587950
-1
732416535
565579669
-1
686936009
733757748
605975865
-1
-1
-1
634800894
-1
-1
-1
-1
-1
-1
631118174
704583772
643453667
756348863
759242661
759132237
586615468
820759819
785505788
764419899
-1
656142531
-1
922334656
554534589
-1
645722830
-1
-1
882919567
623262114
-1
655799071
594739779
837301967
827696641
-1
607826197
790973842
-1
748029499
-1
617299334
730351525
-1
584861577
752300139
645310786
951730375
-1
-1
602371787
580268350
591247581
598372664
925343871
823265296
746115031
990723544
-1
537825616
-1
940126984
-1
-1
-1
734513600
-1
-1
537825616
-1
989434932
748598092
-1
-1
922326209
634499271
738540527
775544270
-1
605055862
605975865
-1
-1
-1
-1
591522330
724839417
-1
932964697
-1
-1
850938921
654196832
985340802
-1
-1
-1
-1
561687272
655523661
661076155
656142531
629771401
-1
873763533
-1
-1
729078072
591170933
724227159
-1
667602630
800334056
937125686
609421391
788151909
-1
-1
926915842
669153366
722052566
568107804
853982826
-1
601052455
-1
-1
633276212
984842479
852163413
745295863
757091334
-1
-1
801505084
751531306
707394792
543876093
635722704
807377802
-1
-1
832902349
867494981
755667391
932164157
994890525
658893544
-1
822711363
-1
-1
799344553
-1
931175844
700395284
721141076
-1
-1
899873300
825262950
-1
816457481
621409922
524151972
716882529
682372068
768754152
-1
-1
866089783
996887204
627261729
759145129
657493876
-1
570438809
635899124
825371518
-1
853598617
-1
947735211
626505270
849717261
753799980
-1
-1
700396521
971000625
-1
861052232
-1
540279242
654196832
766248237
-1
968054178
789267947
787468660
-1
-1
914143245
778607025
780349025
834691777
770134199
-1
948647696
-1
690926820
624652915
628405135
-1
609054023
751274404
852223913
557487616
948921755
-1
847229640
-1
-1
570438809
667602630
-1
633276212
-1
971855501
771942077
862270288
666724949
-1
688201307
822692036
-1
-1
580268350
877576480
751212120
-1
907581303
633276212
-1
860968038
-1
-1
-1
-1
896840422
956360835
949326227
683780692
898391862
999878488
-1
-1
739321978
-1
989434932
-1
973839015
603054934
922421928
699218923
634487723
-1
706059064
-1
561156535
-1
695119772
-1
822998296
621409922
829836525
646016391
748598092
680867960
683780692
-1
597624030
776625262
690926820
585075007
-1
761087084
686425623
957551377
-1
771942077
-1
-1
574052304
832902349
670660264
-1
616554112
545372960
751685151
-1
667602630
990611300
922421928
-1
679764853
708329896
-1
695100756
-1
929242130
844284508
-1
699931127
655387504
624652915
844566824
635487306
580319628
870547124
-1
583436931
-1
-1
-1
658893544
540279242
701635049
-1
667235302
750604508
563243034
-1
-1
722940962
659634719
671522778
-1
-1
926811618
675846991
-1
-1
682372068
854996703
745536788
-1
-1
772199783
646016391
-1
-1
695228585
-1
937879038
715087445
-1
-1
-1
-1
-1
-1
599219626
858615228
695254441
837799334
803863009
-1
-1
-1
820755991
-1
778486952
623990131
540279242
-1
-1
831577377
646016391
-1
886842861
671213688
911843660
-1
823457928
-1
905021169
932066569
-1
-1
934105769
-1
-1
686661443
745536788
871613334
-1
-1
594357968
-1
804156239
-1
-1
-1
-1
-1
-1
740452128
812261790
695014570
-1
-1
979098926
854313467
-1
661683017
672852404
807882949
900609354
-1
708329896
-1
679764853
-1
-1
799187725
888728568
624669163
-1
737892237
-1
971044759
607880986
686425623
-1
545902803
-1
-1
705158226
990611300
635157064
-1
770944026
-1
912554149
829088192
-1
-1
670826265
857145148
970584989
807047192
-1
-1
-1
-1
-1
-1
863400279
-1
-1
-1
-1
-1
778935373
-1
891322122
685367668
-1
614921328
949759486
680362135
651910327
623957396
618021630
804450497
-1
976021343
651920902
737132102
835282281
-1
558394589
701230341
589314246
674634150
604130449
729452520
-1
592364300
-1
616353304
698867625
-1
699951412
833971251
-1
-1
-1
779737664
-1
553473997
-1
690976122
-1
-1
880045101
998809207
837301967
994890525
-1
-1
929630702
616310030
707243971
-1
819436960
614394054
975158404
929347469
-1
653930772
-1
585075007
570438809
-1
616310030
-1
-1
559661777
-1
803856670
958511812
-1
603367719
635339706
-1
707162859
583912212
-1
902611072
614921328
586830569
658053985
869585199
962458795
679729134
585075007
721865886
-1
858615228
854133790
-1
914151263
0
840062935
729009074
-1
-1
773272241
971378095
920724411
645719521
-1
905741421
-1
870404087
645719521
594739779
-1
-1
623379021
589323780
-1
-1
-1
-1
-1
570977666
677119400
553473997
-1
675678660
594311654
929722986
-1
-1
-1
711869968
932916561
862270288
-1
742954015
-1
623957396
731142082
733198039
-1
654196832
872417888
-1
594739779
-1
-1
-1
561059148
-1
678945530
-1
-1
677015975
-1
828202546
-1
772379538
-1
641314392
814953019
714810396
-1
826272259
-1
-1
757945897
-1
-1
961083174
-1
994313714
-1
670826265
-1
-1
889163688
-1
644467851
970818485
-1
-1
815070040
922560636
-1
793881073
971378095
-1
726793563
795781753
-1
982710514
798135996
863400279
819924859
-1
898391862
988817752
-1
-1
-1
575187292
-1
839682940
-1
552993464
-1
-1
-1
824663611
540279242
-1
-1
668354809
-1
912318119
739667098
-1
-1
-1
605406020
-1
601479472
-1
-1
819483740
-1
-1
929347469
906236707
-1
-1
911654621
-1
589323780
578274485
579356776
-1
648736668
-1
600751370
867875134
678211940
860825176
732225161
614115378
928345103
757945897
857145148
676155848
-1
733198039
998068122
703211784
580268350
-1
851792336
605785588
-1
-1
854117200
853296972
671624067
553473997
-1
-1
869585199
789378455
-1
604618790
723169424
985326208
725204631
988817752
865803616
-1
838152426
-1
-1
-1
661322070
-1
656142531
977287321
745295863
-1
765740604
-1
-1
932066569
588704774
600799962
639078709
893395676
736206780
764539108
-1
592744495
-1
-1
835055497
474518316
949043553
625838405
-1
-1
-1
763812958
900002173
-1
796110616
679688465
-1
870799298
593098146
682588136
-1
670885333
-1
850175166
625405265
922421928
705725047
819723900
608743282
-1
-1
759145129
853840236
928403472
-1
-1
542673488
990384087
-1
968133516
621409922
587414606
614921328
821231811
-1
586830569
-1
849398401
673192206
926409918
-1
-1
779318100
-1
624669163
-1
580268350
800339885
870546274
-1
737733388
851253947
782201849
-1
-1
541086206
674162970
655799071
-1
624669163
-1
-1
-1
629687158
-1
584861577
-1
773214528
596994293
-1
857145148
678816065
-1
867350443
-1
-1
722568190
904540873
737708355
675678660
778742616
-1
-1
883255842
-1
-1
994890525
-1
-1
606162461
-1
535663303
685032031
843874502
-1
705982416
569651138
906236707
-1
601052455
607880986
-1
922421928
749042156
-1
-1
-1
584675689
-1
524151972
957718229
956645101
541086206
888728568
-1
-1
-1
606162461
-1
712320707
-1
-1
-1
-1
601814344
-1
560933534
801145590
-1
922763083
-1
694182566
620027407
651920902
830982116
-1
-1
-1
881453954
-1
-1
846261589
823682289
-1
924807450
652363608
855252439
854852229
-1
582810056
-1
696805819
614394054
764539108
-1
734593301
-1
-1
605785588
723517121
-1
-1
-1
-1
800339885
700308829
754254340
-1
841936516
816740711
-1
898391862
982710514
735297064
-1
788203907
829043842
829918380
755382619
-1
601814344
-1
-1
947430398
757945897
723517121
611402654
-1
915109412
-1
845649397
880785413
670826265
580268350
601588021
653868243
716317714
988689181
-1
984488601
574114682
-1
-1
628405135
856252331
767927949
537825616
586830569
769224942
-1
661322070
-1
815864329
630606850
641030830
-1
934105769
686473412
-1
745529983
722598111
984123896
828604608
561399675
674416304
588704774
578473995
929635300
-1
621409922
-1
-1
900955219
-1
855252439
778742616
859025193
861383199
751685151
-1
-1
-1
594652202
682632649
553473997
-1
-1
645563404
971972835
685902181
-1
-1
806808845
804156239
-1
834591221
-1
-1
792633655
-1
593098146
896051907
975535591
604931046
566736004
832123999
710930014
-1
641424860
669088627
644289338
874307859
-1
780340363
926811618
826029045
733726783
761362835
993071810
-1
-1
994022950
-1
617299334
823457928
-1
-1
607115456
651482401
-1
500806031
-1
773214528
984902560
-1
893935575
572996719
-1
897818124
805923685
739539751
893522544
-1
952971056
-1
716538645
711469059
787468660
723195550
690383167
797385801
678340340
-1
-1
-1
790278474
855243192
-1
-1
837123555
722893921
-1
-1
676263067
575187292
-1
864222957
-1
539956430
637454465
-1
610659623
-1
835619145
991195820
-1
733198039
666769470
-1
914151263
-1
561059148
886842861
-1
-1
859685574
593638118
678340340
966420914
620362288
740125596
929329348
-1
789927627
-1
-1
564007420
-1
-1
585463607
665279932
882521966
695004511
-1
571828355
566531295
883255842
-1
702275385
768754152
975637969
833971251
-1
586801114
-1
-1
691265751
990384087
882521966
553387046
791744308
-1
706059064
580268350
712643679
649635142
755005436
805752064
945782669
-1
952779892
853258258
716317714
971001914
610659623
652382007
963330980
638766322
-1
-1
-1
564007420
620038304
589323780
633440695
807764233
668524926
931175844
663936180
706059064
-1
-1
-1
658887579
-1
-1
971729900
828752688
860976217
-1
583912212
867936042
631383816
807658314
-1
728252359
896840422
-1
-1
864145284
676340078
-1
956578189
698231083
880605005
605133346
910514467
-1
-1
-1
854224773
744417460
-1
614921328
-1
561399675
958511812
994234254
561891199
570334386
-1
-1
572996719
832760777
633739867
-1
992852764
791133963
-1
-1
-1
721183782
906813845
576362218
-1
833291918
679764853
860426311
601814344
676292158
778486952
-1
792586939
-1
-1
539298729
-1
797492791
609826984
-1
867494981
787937758
759778979
-1
-1
725870042
606901716
-1
-1
-1
-1
-1
-1
858615228
807726168
928438008
-1
-1
770175705
-1
580268350
724227159
-1
919180318
730429071
864996932
-1
601588021
984488601
711675228
-1
-1
594739779
674416304
-1
830135583
724227159
994234254
-1
909999981
596114146
640612195
-1
-1
-1
733347157
679476376
-1
623249643
914268235
628381488
601588021
800516248
963319283
618578104
-1
983149055
571423896
-1
905021169
947807478
614921328
946013149
678816065
582457729
819436960
972837951
583845378
983154157
-1
-1
-1
700130657
926961989
-1
998879154
799187725
754408606
661322070
-1
-1
748088093
864996932
701121540
557409314
-1
623990131
-1
807100861
-1
578473995
-1
920914279
-1
-1
923182944
918193261
649579994
-1
695228585
831709317
712643679
-1
618012877
822998296
783596189
-1
601588021
-1
840223939
700361298
-1
-1
-1
889898450
869953628
753038123
670285173
657328587
-1
-1
685032031
-1
-1
606830664
826692694
-1
-1
712320707
601588021
-1
816808447
833447719
656065254
729523140
578274485
-1
624669163
849300963
885917996
-1
645722830
957551377
692463095
-1
743311662
-1
748088093
621409922
594502581
733198039
-1
675678660
-1
-1
638599256
-1
-1
795838266
648382552
807726168
-1
869640843
-1
822542420
895789800
615895648
-1
537825616
984196900
-1
840062935
539273321
-1
580319628
970674111
700925937
-1
-1
690926820
-1
-1
-1
904540873
782372189
723367440
785083393
-1
-1
917271895
805269231
853113432
725307186
940126984
-1
675678660
695228585
746757214
-1
981037727
-1
614921328
-1
679767695
556608407
610659623
-1
920455110
716342356
944667039
916969495
929079504
642849720
854313467
795489516
556500144
-1
-1
-1
769224942
-1
609054023
744447418
751274404
-1
-1
-1
633276212
810524683
854224773
-1
641314392
882521966
975637969
663936180
-1
849647616
-1
-1
661118248
610864127
679668750
602064291
735315900
911607644
603057668
795489516
608344639
837814078
738650537
680800893
-1
642657354
625563976
883255842
-1
578073465
983149055
836209076
929767613
-1
798434269
-1
-1
882919567
782464536
766248237
723517121
668916044
-1
-1
721923374
602920020
871011027
922441714
-1
757945897
-1
-1
-1
-1
-1
586801114
671310169
791409227
646016391
823401347
-1
-1
740952540
-1
709002674
697809017
-1
815176500
624548348
591712514
-1
700128786
-1
787937758
951585847
-1
-1
-1
-1
576582497
998016441
-1
785105948
-1
-1
897977793
-1
-1
541086206
553868479
-1
-1
-1
770134199
686811502
733198039
-1
-1
-1
923182944
-1
591712514
651920902
-1
592364300
-1
-1
-1
621962975
-1
-1
661696537
624181651
906277716
986515499
794331669
633276212
-1
861383199
559383997
675678660
-1
679476376
796858524
908810007
671310169
906813845
684450580
923632695
681541160
990012446
-1
-1
-1
625339702
-1
813720469
-1
853982826
582285161
-1
-1
723169424
-1
788774035
-1
-1
-1
923527731
834463775
-1
-1
541086206
751685151
624669163
969474535
-1
-1
805677707
-1
929347469
-1
990928558
591712514
-1
898397685
552116657
567671471
712643679
791409227
791409227
577343478
620027407
620561385
630606850
-1
-1
803159739
862365868
-1
-1
-1
617662927
855243192
749920593
-1
-1
691115348
-1
-1
771942077
700130657
-1
785797134
773592928
806773358
946686292
614115378
-1
-1
729918564
-1
-1
690145566
-1
815864329
-1
976298003
-1
-1
994022950
-1
829228032
650461518
668354809
890610700
830400588
585412257
-1
641314392
-1
804223223
-1
932164157
564007420
628209984
674800215
644325602
649605047
621201548
594502581
-1
-1
-1
876651631
587492172
869640843
-1
577343478
-1
-1
641825175
733198039
811588604
707991616
541086206
594868380
-1
553868479
853982826
820966269
732955976
954706456
645324974
-1
691265751
645310786
763325636
684450580
556608407
-1
738034056
607834880
578287346
-1
-1
-1
624669163
-1
832933712
637657306
656077776
620759220
-1
633739867
-1
937574750
543695812
726197176
-1
672085936
787879792
-1
-1
629036688
-1
-1
670285173
700395284
920833300
-1
771127370
695206406
585454288
-1
811830077
-1
-1
837580677
724150938
742970123
-1
-1
-1
850853030
971378095
967268672
-1
-1
-1
594868380
-1
721000668
804732184
870799298
710623830
-1
-1
-1
883753264
652154450
683163163
966789091
734885004
691115348
911654621
722121443
751685151
778096060
567671471
873763533
729613385
847450607
969303453
-1
581621940
794331669
789265408
489776379
672719855
559383997
986515499
-1
-1
-1
692278475
916776056
623990131
772305252
635339706
807075908
965343676
649605047
984902560
731935919
-1
859949453
639671464
850809945
-1
-1
722556048
-1
806366507
776625262
-1
-1
746293603
961008517
751685151
725307186
838312521
-1
-1
789265408
570977666
863000420
-1
572528278
584675689
-1
910910684
712960166
909263339
-1
-1
-1
-1
852487223
882821672
602064291
674547405
850175166
810947624
635339706
835055497
940041197
-1
593756149
716629009
765472934
-1
991218681
-1
643399162
883255842
692278475
985366507
-1
914516058
961083174
925896744
725870042
609421391
-1
-1
-1
-1
734334479
-1
-1
722940962
-1
619822641
722893921
-1
570061913
-1
-1
702429216
584675689
655398293
934514363
-1
-1
796245551
929767613
-1
998509527
-1
-1
720948553
743673254
929630702
-1
529535614
729912399
-1
914516058
582923725
-1
668354809
952483766
-1
582457729
788767789
582923725
815070040
-1
716538645
750849875
-1
729452520
683697277
721000668
581830147
-1
-1
672724775
568107804
866065959
744422689
675390172
537825616
850495541
795489516
863400279
664315936
-1
743795187
852813446
-1
778607025
-1
543695812
693097502
781928197
835393421
962939528
972837951
738516279
789604960
821119828
787879792
649535623
-1
-1
645419329
788223320
705982416
524151972
-1
-1
-1
-1
-1
-1
-1
835393421
790568985
-1
571943524
867375636
666769470
693677263
-1
751965676
821119828
524433044
848092281
801808065
-1
-1
654130466
-1
-1
-1
835055497
-1
582923725
826692694
-1
-1
624322065
652886657
732955976
864145284
577343478
761087084
853598617
645310786
603116175
679339905
623990131
963178140
804156239
-1
799673508
942319658
-1
-1
570977666
798899634
620027407
607547486
-1
-1
-1
-1
831709317
859310945
767065675
856825499
-1
-1
780223322
-1
610353549
952483766
914268235
642498292
-1
699387954
-1
951730375
-1
582923725
624548348
-1
-1
978270272
582923725
-1
-1
949043553
805602691
749920593
619822641
561666058
946050953
-1
778486952
-1
751685151
648718135
-1
750163425
-1
-1
720948553
734880544
982453680
-1
708563815
-1
613073091
675873570
900912354
800409500
612898653
935855241
-1
732955976
-1
893099838
704632276
753038123
839883201
987223698
-1
709002212
755667391
-1
770867830
-1
913157830
913191031
603406008
-1
674800215
-1
721948368
669956870
-1
-1
-1
704929759
585075007
-1
-1
968633754
731093389
963319283
-1
-1
967810875
732955976
-1
788767789
671669793
804541555
-1
888152431
695437461
-1
569651138
751685151
659634719
-1
817582044
-1
550842757
-1
-1
907581303
607547486
550842757
-1
857145148
826061769
-1
704092238
840718803
875773274
571423896
-1
-1
-1
-1
628388393
857847407
596614366
726646391
-1
907499788
623249643
-1
610940514
631452472
994773249
623990131
767359786
933739499
-1
601588021
923731361
-1
812391293
880004243
635856716
-1
-1
592770524
623990131
-1
793331509
-1
585229464
-1
948392636
773552594
575960432
695489612
-1
712960166
839396670
594868380
596179228
-1
-1
-1
620362288
856355974
-1
-1
885512464
632527212
-1
550842757
922441714
-1
620027407
606162461
663447657
-1
-1
-1
689676265
774376775
645324974
721001202
880004243
-1
-1
792887577
609421391
863147256
-1
-1
630048530
-1
737533167
774843147
524302473
893998008
584324871
-1
706386306
-1
865331370
-1
804229787
799344553
612298825
596614366
992312629
-1
-1
-1
750526219
-1
-1
582295871
-1
875429353
751332644
920914279
-1
858927420
665800565
929722986
-1
599219626
829228032
754993334
-1
731822437
912885630
906236707
-1
594868380
687026973
890017307
617299334
677176551
-1
955632967
749823214
726610094
891703299
948948774
898391862
-1
-1
665016312
-1
-1
-1
-1
-1
-1
-1
633739867
-1
803870819
-1
-1
-1
801808065
-1
-1
854313467
-1
788177102
-1
632519885
673406758
-1
955409727
987370643
749920593
961083174
758709129
-1
-1
556695710
678608265
-1
773592928
630048530
619822641
925421841
-1
680800893
910454863
-1
721859808
674800215
-1
-1
-1
680800893
948647696
673406758
-1
-1
813242648
926961989
619219425
-1
954972378
-1
-1
-1
-1
-1
-1
650431156
-1
788774035
794014048
900781500
846174828
940190092
-1
820856257
956240343
829464844
-1
-1
748088093
-1
808736698
594739779
-1
-1
-1
920914279
-1
559383997
857145148
965762213
-1
617014876
-1
-1
-1
-1
929722986
979713575
-1
-1
-1
-1
-1
754992253
940126984
-1
893998008
918193261
971378095
692168780
-1
726197176
-1
751274404
578287346
-1
823757680
770011964
-1
856331854
764160627
930570353
-1
910860213
667998645
963832973
574333110
623570244
883255842
-1
679729134
-1
-1
794624279
915296657
-1
686936009
-1
924708764
-1
-1
-1
608344639
888152431
750604508
-1
665579174
-1
686756658
606162461
568107804
800334056
952971056
543695812
651538590
980198232
953545745
663315930
675806781
-1
646266680
705897108
-1
-1
-1
556695710
836248236
566721796
646016391
-1
732225161
832888015
-1
-1
-1
765472934
887940526
673348505
-1
696805819
700308829
-1
844575496
882874877
947735211
676155848
-1
-1
739539751
553868479
-1
816511172
790742793
628644163
-1
658999681
543640813
718654347
632164921
645563404
-1
-1
-1
-1
-1
906236707
543695812
-1
-1
-1
846416203
537825616
764160627
593098146
704157073
800066123
995065714
564686500
868096229
-1
679328312
-1
870036243
-1
-1
695278428
-1
-1
749045108
-1
656551859
-1
-1
772321919
978943297
-1
-1
945261271
632164921
-1
829088192
-1
-1
570334386
795119245
778384624
725307186
-1
-1
579841622
831551775
-1
578473995
-1
732225161
669956870
774376775
786513794
526069478
-1
639847769
-1
582295871
971378095
969001739
975421862
-1
-1
485272702
738385383
-1
650561871
547870203
-1
-1
785083393
-1
716538645
596546245
776625262
793331509
780295326
972837951
673066759
882468270
-1
542782744
754254340
-1
745760624
568064765
883753264
-1
-1
-1
-1
-1
-1
-1
799120418
804156239
-1
853840236
-1
762838949
-1
569651138
626750393
697976519
-1
537825616
-1
984902560
-1
965747517
-1
-1
-1
767326657
935372039
-1
630048530
-1
-1
787937758
620362288
-1
450257218
988817752
605512393
-1
882601184
-1
-1
926811618
794624279
-1
-1
594668374
925886032
872924837
-1
537825616
-1
873614242
648166899
-1
553430474
686778363
710339914
711368841
649171964
796552394
-1
616353304
-1
857172163
889953541
607834880
-1
657328587
821825072
795119245
663544719
-1
918193261
833410046
952645058
663892049
788774035
704454546
612008195
704157073
828864179
899751183
-1
853346093
-1
-1
-1
-1
-1
-1
-1
594739779
655523661
-1
490780030
-1
970903782
940099803
879270378
934781843
-1
-1
903307142
-1
949013753
596546245
556695710
969898212
-1
-1
826692694
911654621
722254733
794546468
-1
-1
960432267
918193261
731154818
745364600
-1
-1
658343814
674547405
860426311
566531295
679668750
-1
630606850
-1
564686500
-1
638766322
687316494
-1
596546245
765472934
701551379
785694583
653447194
643227314
-1
782379445
703713218
760889874
-1
664729406
827148618
-1
-1
-1
-1
-1
708861587
564502238
787879792
-1
-1
564686500
569651138
964805483
766001049
937854984
-1
709341671
687229593
-1
684614824
-1
836201766
693705840
783196114
574142180
-1
-1
743070326
923182944
883753264
872924837
569651138
-1
-1
757976764
690976122
688453473
945971531
749851603
-1
-1
679729134
673215664
-1
-1
780223322
-1
-1
615565659
750604508
-1
929961135
-1
836093323
869585199
889898450
-1
931590567
552211709
751274404
-1
930570353
-1
-1
936549328
-1
-1
948392636
732955976
686936009
679339905
651538590
-1
653048973
-1
569651138
979641144
595912659
719939615
-1
-1
-1
-1
571943524
977325878
664388377
-1
-1
870547124
639405538
-1
697170363
718034402
649171964
-1
741083059
-1
-1
870547124
872924837
792686465
612838231
993874665
807658314
877414135
-1
764539108
-1
-1
-1
646455661
615755430
-1
537825616
-1
912318119
-1
934205046
943866663
-1
617525777
604323099
722030560
747811016
714004755
-1
907127852
-1
900450436
802300629
665800565
667297833
588922237
601052455
-1
723169424
566531295
866201498
896051907
692278475
764419899
909662954
-1
-1
679035852
980198232
-1
684055848
724150938
675678660
962074118
-1
-1
582457729
811327728
680473198
-1
628388393
932964697
-1
728102510
576566462
707728937
-1
905661035
-1
676305727
850853030
-1
595474750
-1
739480133
869585199
-1
-1
-1
701591884
984902560
620027407
604323099
-1
680473198
701229166
-1
852163413
587112346
636481925
804722783
-1
566531295
-1
-1
-1
790278474
569224485
-1
891703299
-1
799509654
-1
-1
-1
578543900
910457093
-1
-1
621401548
691257246
-1
594739779
560221409
-1
-1
674547405
642583269
-1
-1
-1
983641032
691821781
667693448
593098146
671864703
-1
764539108
703560693
919863265
-1
579549914
837814078
-1
705013043
804390077
882521966
682372068
779806165
600627589
552993464
-1
-1
-1
938792040
679476376
834080357
-1
-1
717669659
-1
-1
-1
-1
-1
-1
684713940
-1
594868380
699412487
-1
580268350
712320707
990732396
596179228
559383997
564010145
973839015
848947423
810207787
-1
587112346
674547405
609286951
889112201
-1
571229806
716629009
-1
-1
725870042
-1
-1
-1
698433453
948948774
-1
801358176
-1
-1
687345943
569651138
-1
524151972
830197161
787937758
523308517
-1
860185096
946242957
926064083
813714202
-1
-1
743976914
594739779
564686500
991890773
-1
-1
893379006
952305944
-1
765859751
-1
-1
-1
-1
871124647
-1
909263339
-1
-1
687345943
616353304
782372189
-1
-1
-1
-1
620027407
660558984
543153329
936425464
-1
-1
971000625
976021343
680480190
704157073
-1
-1
594868380
463493532
565956064
777432204
-1
-1
-1
769393803
620336442
-1
706503247
-1
565956064
-1
914516058
967175686
864222957
655303849
832933712
820467063
802243649
991005019
-1
-1
812736911
645563404
911607644
-1
-1
922441714
837814078
-1
967268672
730530877
757760223
946065206
-1
649666477
800066123
806355006
564010145
762928188
-1
628388393
752867741
985134512
561107306
-1
-1
764419899
718011543
948647696
-1
658720217
831185567
938872797
-1
640237685
630802507
681028920
815293135
570061913
-1
664388377
778203785
-1
630490674
768101140
780223322
764016928
-1
777147258
869620028
899818602
706900104
-1
-1
799187725
-1
645563404
673315933
880213665
761269790
717669659
-1
-1
-1
-1
609826984
896950351
687870040
-1
-1
-1
764842650
699188600
-1
725216040
690976122
736288103
649171964
-1
-1
590650632
878871570
575098032
726695377
-1
-1
751332644
593412786
944836125
589825638
559383997
-1
-1
894396617
-1
805000982
-1
656077776
876541252
906914972
-1
-1
553430474
709002212
806773358
-1
546257097
762078213
-1
839883201
888913853
675678660
767050986
720296940
-1
-1
627000699
672276321
641301815
878226271
-1
564686500
667693448
737796295
861083596
849627619
975158404
-1
938872797
-1
801808065
-1
-1
-1
-1
767359786
-1
-1
661330969
597504715
583092114
-1
614572006
835282281
764539108
-1
801358176
776593380
795757295
-1
-1
641424860
893395676
669834495
714970551
603260989
-1
687309038
684055848
-1
694231474
747985957
698646018
971378095
838509493
626939424
564686500
864307744
910514467
669153366
628388393
651538590
653894103
680535340
-1
834182993
-1
-1
571229806
-1
970549494
631560762
854558360
695437461
684309251
832773697
932164157
641427314
829528652
837814078
761028065
-1
593098146
666392583
543695812
683517405
771127370
-1
608519286
785083393
624547263
-1
-1
920914279
723169424
793628660
-1
870547124
564502238
815729663
-1
-1
-1
-1
833446642
-1
635157064
-1
675539659
-1
-1
764882517
638728669
-1
663892049
-1
-1
764160627
-1
-1
-1
859471378
-1
-1
-1
-1
-1
797492791
649666477
778935373
589979772
-1
965747517
-1
-1
714004755
-1
816587403
651691445
626939424
-1
620528994
-1
-1
609717381
800334056
636567773
-1
664261741
-1
949013753
937015932
-1
936654131
-1
631560762
947735211
803159739
682158047
587112346
-1
-1
731708129
844050067
765170269
-1
658406787
-1
990723544
-1
737051971
-1
950413703
-1
-1
745364600
-1
-1
-1
-1
929722986
833291918
-1
780293957
795119245
-1
-1
686936009
715107441
-1
-1
804277997
639325692
-1
-1
718815027
-1
609421391
644149754
766248237
639325692
-1
752867741
851101695
952527194
924254194
-1
-1
657028232
990732396
578287346
895798921
579749748
-1
-1
907127852
418297163
684542747
883753264
665579174
-1
-1
559562051
-1
-1
987836083
-1
-1
-1
751416808
944836125
692695432
-1
780295326
971797249
646455661
642047042
-1
618326519
-1
743457456
832517281
771127370
690035746
878429205
621157068
546257097
639325692
637978932
692843366
-1
-1
-1
561399675
617662927
776625262
-1
-1
931590567
738347722
597504715
671864703
617525777
-1
-1
-1
697976519
-1
609673082
956645101
697207152
-1
920914279
-1
924261816
-1
-1
-1
594868380
-1
612838231
-1
-1
630606850
559383997
649171964
882286757
913191031
564686500
795194387
653868243
-1
746126358
671864703
944836125
948647696
896801134
561399675
561399675
914283810
-1
688901265
-1
615591692
-1
683517405
787333205
-1
-1
695208911
799509654
553387046
-1
-1
672395022
-1
-1
-1
624411452
971378095
-1
630802507
892626554
-1
822272157
801505084
902668441
692555655
664516122
664434933
608658066
560221409
635960782
767927949
-1
642041554
691265751
-1
669834495
697809017
767450749
-1
621437634
967107207
937977619
674634150
-1
-1
-1
594668374
-1
-1
-1
-1
-1
920163348
620471271
-1
619105352
889953541
617525777
642657354
-1
713800085
-1
-1
-1
612298825
658084266
-1
-1
812719906
609119196
898397685
594208582
692278475
593098146
930570353
-1
655387504
772305252
610738025
-1
662018507
631560762
963235706
835743982
695313802
681028920
737810186
708242671
590074112
-1
-1
-1
635339706
652182104
592089468
888714247
-1
-1
-1
582457729
620528994
617351003
962663632
785347585
590597823
-1
778587358
-1
-1
-1
807658314
-1
984328293
898391862
747985957
-1
-1
831554638
-1
-1
801358176
893127711
-1
677337584
808875127
693213638
568107804
932964697
838509493
833971251
631560762
-1
635157064
639668586
658373694
-1
812841149
-1
-1
620035863
689676265
-1
877133189
647755912
664261741
923031475
766248237
651186613
815432527
731140802
619848611
761628213
-1
790278474
-1
767801504
939107127
-1
-1
-1
-1
673066759
896340033
-1
-1
833291918
708897605
794331669
638309757
-1
961548800
785493290
625463383
-1
-1
836201766
-1
827261897
988817752
621401548
-1
-1
643731514
769702712
983154157
941047926
666540928
-1
876651631
738651978
785083393
-1
594778103
-1
642613154
-1
864222957
759493170
-1
693705840
926478301
914290080
-1
709002212
711457726
609231252
946534196
839375289
-1
733516248
677158520
853078306
728131420
535663303
-1
731154818
-1
943866663
-1
893127711
-1
832933712
689445253
697170363
535663303
874401087
800564470
-1
-1
580268350
832259011
-1
713800085
628209984
859730363
-1
-1
697809017
892626554
734555853
616856722
-1
601647884
-1
-1
-1
751685151
809116256
-1
-1
623990131
-1
-1
596114146
707728937
-1
-1
713800085
842560341
829813353
836201766
-1
-1
-1
-1
-1
-1
994162622
-1
-1
940781833
748029499
-1
-1
664233156
850350938
540144548
-1
-1
609231252
789378455
-1
527367547
726518533
534188299
768101140
739321978
875472468
667998645
713390862
583912212
757091334
641394920
915775750
-1
874401087
-1
617525777
701551379
792586939
998678436
609119196
737999942
845849328
-1
582457729
850523838
-1
764539108
535663303
994890525
777432204
-1
639847769
-1
974443203
-1
606839544
759448188
-1
-1
624669163
-1
643597255
625933685
-1
-1
699617248
679729134
965747517
-1
796089697
-1
-1
804327770
-1
967107207
775114689
698446910
694068780
944836125
-1
842355525
-1
702967889
-1
934236976
761362835
728558889
954972378
920914279
849096503
799370711
868853176
948387447
956698411
835085978
745364600
535663303
970853105
819893049
848809831
591791904
-1
583039895
-1
-1
565956064
-1
-1
523922452
-1
801358176
-1
695437461
-1
-1
-1
657317240
-1
-1
643731514
-1
-1
615184545
698458494
836283542
543153329
739300756
-1
654208532
739936008
-1
925255137
-1
-1
582923725
-1
911654621
840998615
-1
-1
-1
-1
836046733
-1
835282281
905632006
713390862
-1
-1
-1
747985957
923182944
794014048
617662927
639671464
-1
578464965
-1
822272157
707728937
665830538
-1
-1
695750352
-1
-1
713026087
-1
-1
616310030
737708355
-1
645368149
984196900
620071231
670259389
983637537
-1
569224485
-1
797385801
-1
621401548
788969693
681028920
721000668
864145284
691265751
651186613
794988949
881910356
616310030
-1
-1
778139052
-1
-1
-1
-1
-1
553430474
867403548
-1
769529578
575069334
-1
671864703
774443615
553868479
773284620
-1
-1
607136498
-1
853840236
800066123
715642548
-1
-1
-1
692843366
-1
791570951
998678436
-1
778607025
-1
744828359
779783622
948950431
952483766
634800894
905021169
674547405
635270176
-1
603406008
-1
836674219
-1
-1
687387187
-1
853997123
-1
582923725
733198039
759448188
-1
985326208
768101140
730530877
536152270
770134199
-1
-1
846511095
624185171
687251414
892697814
928525669
792276588
-1
588704774
841948658
625798115
-1
738651978
564007420
620071231
-1
796214695
558014728
573458767
761191999
918310134
-1
-1
-1
619848611
564502238
916582005
928123769
888152431
904375521
714918049
632008553
-1
732955976
762928188
614567336
912690412
-1
-1
-1
793524570
-1
-1
-1
737810186
871140570
591721112
813720469
610833283
647755912
585779018
602920020
722568190
759871286
843129756
882521966
-1
821688217
804732184
614567336
-1
622452271
612801973
-1
669956870
729199361
-1
948387447
909450276
791267221
651186613
969001739
721624756
-1
800345420
998509527
837301967
570739740
953545745
557454504
-1
767746619
-1
543695812
971378095
919239090
-1
707543945
771127370
582923725
711368841
676305727
-1
-1
-1
-1
734555853
969767647
-1
-1
-1
-1
944836125
-1
543695812
572123671
-1
641424860
746509800
-1
827907745
949063717
663854788
675601474
726055456
892951410
585832826
-1
950824005
-1
835743982
906806069
711368841
665800565
-1
-1
829250689
-1
857172163
921867415
-1
892380495
627965842
767359786
726518533
-1
-1
691404896
-1
-1
991919530
-1
-1
-1
769050511
768550941
-1
854969065
726055456
-1
-1
785617526
-1
660174228
529094586
-1
909263339
680290443
740396633
-1
800066123
564007420
-1
680535340
665544683
592758654
984902560
-1
775114689
791927229
-1
834182993
831968147
-1
-1
919239090
-1
910951319
-1
-1
807740356
585075007
830400588
-1
898391862
988511064
807473145
620071231
732294778
-1
611980330
654488079
-1
-1
-1
913869964
-1
-1
835282281
827907745
918940616
644467851
625563976
828643587
772795649
664261741
572123671
980348363
617238292
625339702
-1
-1
801505084
-1
-1
636481925
737132102
-1
617351003
-1
603406008
485272702
764016928
-1
751685151
988817752
595728223
-1
-1
761628213
-1
628388393
680941782
-1
758952609
585832826
732416535
743457456
557454504
882264823
824567476
716257421
-1
-1
689676265
807316563
-1
918193261
-1
962293968
833232022
791100454
687251414
-1
984902560
582923725
-1
-1
-1
756363187
-1
788969693
543695812
-1
894579705
842355525
-1
563243034
-1
970818485
609935681
-1
921199782
666626379
625798115
-1
574316259
653868243
671653535
731671076
570942510
594778103
-1
773552594
-1
-1
825615860
831968147
523308517
-1
-1
625933685
-1
-1
564457966
-1
925886032
950691659
966404651
-1
602064291
599681450
640075334
582923725
785083393
910727602
937830448
706900104
-1
642613154
-1
603406008
644149754
630802507
757365353
590074112
-1
589693036
575866281
935372039
978088048
880204343
723387979
792276588
878358366
592758654
-1
875472468
-1
668419958
952779892
949326227
635960782
887988080
643846026
722527735
566721796
606788425
787333205
892246045
758952609
585463607
-1
629187652
677256121
-1
782877506
812736911
843399867
645429182
621476930
-1
601806226
-1
801358176
781484110
-1
768915668
706900104
-1
-1
821688217
-1
609231252
568181293
-1
-1
595912659
684879831
-1
669088627
601052455
944836125
834080357
-1
-1
-1
752867741
675653864
785083393
-1
638599256
-1
-1
981099414
576734025
993727229
-1
894396617
689676265
889841581
-1
-1
795119245
868853176
992852764
609054023
906876616
889163688
706900104
601806226
952971056
723169424
-1
839731561
-1
970505325
956346263
669088627
666540928
793442197
-1
680941782
709493003
731676877
561107306
914132488
621401548
566721796
649171964
787333205
583912212
636135181
-1
770365404
695192848
-1
-1
-1
-1
-1
-1
610306223
824494448
798899634
-1
702300218
-1
-1
870799298
840062935
-1
855227333
544287411
840122808
-1
-1
544287411
-1
824567476
606788425
-1
824567476
667500059
865803616
-1
620952761
939043393
907238302
556695710
901233567
-1
-1
-1
853016668
843727759
746013374
910695857
-1
605083428
-1
857172163
742029854
-1
892528619
-1
898872812
620071231
-1
606920570
599681450
-1
812736911
-1
601361630
671864703
832888015
949043553
-1
724839417
-1
630957906
617351003
-1
730345172
-1
-1
-1
-1
948950431
821825072
738424387
-1
903530262
-1
641394920
517268235
693803888
-1
641394920
820467063
-1
543695812
680134971
-1
846795626
563986346
592758654
776625262
912963437
636859777
971378095
788969693
956240343
-1
-1
795169550
