558445316
100
100
591622343
100
-1
424925111
523344843
100
602125446
100
100
672307746
608210294
100
-1
100
100
100
100
715484734
100
100
580147164
100
100
100
100
100
576638769
582592511
617863417
606047212
589537753
100
-1
556644118
-1
556644118
100
592135715
100
-1
100
100
100
100
768902936
-1
100
100
100
-1
100
500184869
-1
100
-1
100
652078217
100
684302148
-1
100
100
100
-1
100
100
-1
594832803
100
100
100
624903388
100
100
-1
642095428
100
731402084
610476351
100
100
100
100
100
505858361
100
100
100
-1
450087388
-1
-1
100
100
100
609684101
100
100
100
671093038
-1
100
514030010
100
100
100
861775299
-1
735874156
554513384
527718669
100
100
100
100
100
100
100
554513384
100
100
100
769028643
100
100
100
100
100
100
100
-1
100
524047015
100
100
537111859
100
611939577
100
-1
100
644778466
100
668810152
100
100
100
563007760
100
619565633
565276413
100
100
100
100
721711305
100
100
100
100
100
100
100
100
100
100
595875327
-1
-1
100
558993673
559973346
100
-1
100
100
597073050
100
524047015
524047015
100
609067335
614879454
100
100
100
514030010
100
100
562673808
631769484
100
100
-1
-1
100
100
-1
601826492
-1
100
100
100
581413556
100
100
100
100
100
100
100
100
100
100
100
100
100
100
-1
823144720
100
100
100
753904414
-1
779127021
100
581525188
100
100
100
100
100
100
100
100
100
645292558
642503064
580147164
636156114
100
100
100
100
100
631799295
100
100
100
100
524047015
100
100
100
665685122
100
100
580062148
100
100
100
100
682790756
595875327
100
100
100
-1
-1
100
100
100
100
100
728629053
-1
100
100
100
100
100
100
100
100
-1
100
100
100
741381814
612722685
-1
100
100
756261257
100
764608311
100
100
100
100
100
644778466
893710242
554513384
562789286
100
100
100
647073765
100
100
100
100
100
-1
-1
-1
-1
594832803
100
100
100
100
526480666
100
100
835530457
-1
100
100
100
100
100
100
100
100
100
100
100
-1
100
100
100
100
100
100
100
753904414
100
100
100
520726033
737220849
-1
595875327
442213565
100
100
584725876
100
-1
610941597
100
573272236
610941597
552520025
556258209
619565633
100
100
100
100
100
524047015
100
100
100
-1
100
100
100
-1
100
576160669
100
100
-1
-1
100
100
-1
786100784
100
-1
100
-1
100
100
100
100
100
100
100
-1
524047015
100
100
100
100
100
593899867
100
-1
100
-1
514053737
670482619
-1
100
100
100
655911494
631980684
100
668257727
100
100
100
-1
567394137
100
100
-1
-1
100
100
100
100
563007760
500824038
100
847494446
580750919
100
621882887
100
673543800
100
-1
100
-1
100
100
100
-1
100
100
621805430
526480666
100
100
100
100
100
100
100
100
-1
-1
100
100
100
100
100
100
510037070
100
100
100
100
100
558445316
100
661202424
100
100
100
100
100
100
100
-1
100
100
-1
-1
100
100
100
100
100
100
100
100
583005001
548372840
100
-1
100
100
100
661961563
100
100
100
100
100
638704980
-1
100
100
562065715
100
641139735
650196378
100
591228823
100
100
100
100
100
100
100
100
100
100
-1
100
563609528
100
100
100
-1
100
551795560
100
614963287
100
100
100
100
100
100
845641067
100
-1
781846794
524047015
526480666
590572844
100
588717629
541157432
619565633
100
100
595287943
100
100
100
100
-1
-1
602590422
100
100
100
100
100
100
100
-1
591622343
100
100
100
100
100
100
100
520767692
100
100
100
567394137
-1
100
100
556644118
630635930
100
100
100
100
-1
100
100
100
-1
100
100
100
100
100
100
100
100
-1
100
100
100
-1
100
612326441
100
100
-1
100
-1
100
100
100
-1
100
100
-1
100
100
100
-1
100
100
-1
100
607114458
100
100
-1
100
749686639
100
494945385
100
486337740
100
-1
633593520
100
585744176
554513384
595287943
100
580750919
100
100
801262510
100
100
100
100
100
100
100
538897507
567394137
100
100
100
100
-1
100
100
-1
100
100
567394137
768902936
-1
100
100
100
-1
100
671275009
514030010
100
100
100
100
814038343
100
100
100
671062071
100
100
647705586
100
559147341
100
100
100
100
100
100
100
100
644647341
100
468693786
583971131
741381814
100
100
100
100
100
100
100
100
-1
532404783
100
100
100
100
529617364
487323334
100
500824038
745750652
565049292
100
100
100
100
-1
100
100
100
100
533685675
818625666
738732867
719539721
100
620157600
537089143
100
660001824
100
-1
559147341
100
100
100
-1
100
100
100
526480666
100
594499898
100
100
-1
555888247
100
100
603105511
100
-1
100
100
-1
100
-1
100
595875327
595875327
100
100
100
100
100
-1
100
100
820606033
100
100
100
-1
100
100
-1
678889636
742000868
100
100
-1
554513384
538884766
560560309
100
100
-1
100
100
100
100
560261319
100
614879454
100
100
100
100
100
100
100
100
-1
100
100
100
-1
100
100
100
100
792719406
-1
100
100
100
100
100
100
-1
100
537008246
556913075
-1
-1
565216721
100
100
498597420
818307516
100
595915404
-1
100
100
100
595287943
-1
496414685
100
100
551795560
100
606279632
486423270
100
100
100
100
100
100
100
565049292
100
687225363
100
497642107
100
100
100
100
100
100
100
-1
100
100
100
100
-1
100
606034064
595287943
100
-1
100
100
100
100
100
100
100
554513384
-1
100
100
100
100
100
100
100
100
100
100
100
100
667296111
100
677867476
100
100
100
100
685813222
100
100
537864819
-1
861384533
100
100
580655579
591622343
-1
700439680
100
100
100
100
100
100
567394137
562673808
100
446179107
561900992
524047015
500184869
100
100
793432823
100
-1
100
100
100
520767692
100
100
-1
-1
100
100
683330637
100
100
100
100
100
100
595287943
100
100
100
526480666
100
100
-1
100
100
100
100
567394137
632677330
100
100
594832803
100
100
639389632
594832803
100
100
100
100
100
-1
573733699
100
100
-1
100
580147164
-1
100
100
100
-1
-1
-1
100
556366232
100
100
100
-1
100
-1
100
100
630523563
100
100
100
858318613
100
100
100
-1
100
100
-1
100
-1
722869944
565049292
100
100
100
100
100
565049292
100
100
100
100
673480101
612976934
-1
714386168
565049292
100
100
100
100
756243345
100
100
100
100
654462625
100
100
100
100
100
100
100
533062250
100
100
100
-1
-1
100
100
680395219
100
660849988
-1
100
100
548120067
671275009
100
-1
100
-1
679765010
-1
615703312
100
660416873
100
100
527341633
784365067
514030010
702456795
543913574
100
100
-1
100
100
100
100
100
-1
100
536074968
100
100
100
100
100
100
100
-1
548203964
100
500824038
100
-1
100
100
606047212
100
501969478
100
-1
100
100
576327143
537864819
100
100
-1
543666378
501139800
-1
100
100
100
695202891
100
100
100
100
100
100
652078217
546216033
652576164
100
-1
100
523772386
-1
100
100
673338341
100
100
-1
100
100
100
100
713863578
100
100
514030010
100
670140251
100
100
822989459
100
594499898
100
-1
100
-1
100
553944101
100
692021944
100
-1
100
716606401
100
-1
100
100
100
-1
100
100
711676386
674645691
100
615703312
-1
-1
100
-1
100
100
639382593
100
-1
-1
100
100
594832803
100
-1
100
100
100
100
100
-1
100
100
100
100
100
100
642095428
100
614879454
616258461
100
100
100
100
-1
100
-1
100
606034064
100
629533630
100
100
100
100
614879454
100
793688212
100
100
100
100
595875327
-1
100
647407703
534125979
100
100
-1
100
100
100
-1
100
668810152
-1
100
100
100
100
520726033
583264684
100
596058899
100
100
529732939
100
100
-1
659033689
543569435
497428091
-1
100
100
100
839098784
-1
100
100
100
641823197
607114458
567394137
785040297
100
-1
100
100
100
100
100
100
100
100
100
100
100
100
100
100
100
606034064
100
-1
558445316
100
100
100
-1
-1
100
100
100
100
-1
100
688295865
100
100
100
100
100
-1
-1
100
100
100
100
100
100
100
100
100
561618461
100
100
100
100
100
100
100
100
100
100
100
698239128
545582219
100
100
100
-1
606047212
100
-1
100
100
100
100
100
100
-1
100
100
100
100
100
100
100
-1
100
100
-1
-1
100
100
579973982
-1
100
100
100
100
573336447
100
100
598874423
100
-1
100
100
100
100
191910563
100
724765874
100
100
100
100
100
100
-1
621049467
100
100
100
100
100
557160684
100
100
100
100
100
597803658
-1
100
100
100
100
758956810
100
100
100
582129992
595903683
100
100
100
100
650425656
100
100
530762481
666535628
833334275
100
100
100
645047526
100
100
660416873
100
100
100
100
100
100
-1
100
100
714526446
100
-1
100
-1
100
100
640023919
100
100
100
-1
595915404
100
100
100
100
100
100
100
100
414039560
-1
581314875
100
100
100
-1
100
100
100
100
100
100
781647790
100
-1
100
526480666
-1
100
-1
100
100
100
-1
100
100
100
100
100
100
100
100
100
100
100
100
100
100
-1
100
-1
100
-1
100
609554794
100
100
100
785347212
-1
100
836663943
545713575
100
537864819
-1
100
100
100
100
100
100
100
100
100
100
558445316
652184128
100
100
554513384
100
641139735
100
100
100
100
100
100
100
-1
556557537
100
558445316
100
100
100
100
100
537864819
100
-1
100
100
100
100
816065875
-1
100
595287943
100
-1
100
100
100
100
725462479
100
558445316
100
100
-1
100
100
613642756
100
100
100
100
845252437
100
100
100
-1
545713575
100
100
100
534125979
100
100
764158953
100
100
100
100
100
-1
100
631769484
100
100
100
100
100
100
100
100
100
100
959385573
100
895612915
565049292
100
-1
100
100
100
554513384
100
100
100
100
100
100
-1
667765043
100
-1
100
526480666
-1
100
613636368
721316592
614743440
100
-1
100
100
100
-1
100
100
100
100
100
100
100
-1
100
100
100
100
100
571455550
100
630811837
641823197
100
-1
100
100
100
100
100
100
100
100
100
-1
100
595287943
670897798
-1
100
100
100
519446214
100
565531365
100
100
100
100
-1
100
543913574
594832803
100
606034064
557592791
661202424
100
-1
501139800
100
100
-1
100
100
100
100
100
567642902
100
100
-1
-1
100
-1
100
100
602200618
626859849
100
100
-1
-1
100
100
100
616426454
661202424
614987529
100
721670073
554513384
647073765
694992818
923493452
100
719585032
100
100
558445316
100
100
100
858659652
-1
-1
531905969
100
100
100
100
100
100
520726033
557025112
100
100
-1
100
100
100
100
606047212
100
100
100
-1
100
-1
100
100
100
100
100
100
531905969
100
590572844
100
100
100
100
100
100
531905969
568502898
100
100
657649212
100
-1
743682994
557025112
820323129
-1
100
100
462160503
-1
100
693745870
-1
-1
100
-1
100
559569733
100
-1
526480666
100
100
100
708187008
100
-1
581432177
100
100
100
100
100
100
650425656
100
594934585
100
100
100
100
100
100
100
100
100
100
785235625
100
100
100
100
100
-1
610676673
100
837045564
100
594832803
-1
629533630
100
100
603918213
-1
100
100
100
789250413
100
100
100
100
604852197
100
100
100
-1
100
100
100
100
509384049
100
-1
100
100
100
100
923493452
724545968
-1
100
100
-1
100
-1
100
-1
100
100
802338866
-1
100
100
100
100
100
-1
100
580147164
626859849
100
100
100
585038027
100
100
100
877596689
-1
100
100
100
-1
100
-1
100
100
100
100
527720638
580418568
100
100
100
100
100
100
-1
543569435
100
563052133
100
100
772973589
100
100
817611791
100
100
100
100
100
100
546939972
100
-1
100
100
-1
100
100
659564049
100
100
100
100
100
100
100
100
600665875
100
620767276
100
100
-1
-1
100
100
100
-1
747568009
100
-1
562451560
100
100
100
100
678129443
100
-1
486877021
100
100
100
100
677189324
580409179
100
100
-1
100
100
-1
-1
100
557025112
100
-1
100
100
100
100
100
100
802603466
100
100
-1
884086603
100
100
100
100
100
100
-1
100
100
100
100
647073765
740616929
100
100
100
100
100
100
100
561440563
599010042
100
100
-1
100
100
-1
100
-1
-1
100
100
702540039
100
100
-1
-1
100
100
100
613642756
100
100
100
100
100
-1
100
-1
100
100
100
524047015
100
100
100
534125979
100
100
-1
100
100
100
100
100
672586839
-1
100
716423205
526488058
-1
100
100
100
100
100
100
100
100
100
100
100
100
100
668257727
100
629239474
593495765
-1
759438314
614879454
100
100
100
591622343
554513384
100
100
100
100
100
100
-1
100
-1
755179479
492548682
-1
100
100
100
100
100
100
100
877300333
100
-1
100
100
100
-1
100
100
832034984
100
100
100
100
100
-1
441831275
100
681255428
-1
100
630366211
609288673
100
100
534125979
100
100
839320687
-1
100
100
100
100
610273438
100
100
-1
100
100
100
100
100
100
616426454
100
100
100
100
100
762338524
100
645400118
-1
100
-1
666374889
100
526480666
100
598874423
100
530762481
100
100
543980184
-1
100
-1
100
100
100
100
100
100
100
100
100
100
100
-1
100
100
554513384
556595648
100
559383190
100
100
100
100
100
100
652323109
100
100
514028105
100
100
520767692
611721838
100
100
100
-1
598874423
-1
100
564824520
689766926
100
100
100
810451559
100
100
100
100
558445316
100
-1
100
100
100
100
561977205
100
-1
100
100
647407703
-1
100
100
835530457
100
100
550074499
100
-1
935810465
100
675542737
100
670897798
100
-1
521329112
-1
100
-1
-1
100
-1
607681944
611721838
100
100
554513384
100
100
100
528868616
100
591622343
-1
100
634768344
563115051
100
100
650425656
100
100
100
100
100
100
100
100
100
100
100
775711638
100
559808922
100
100
100
-1
567642902
604242654
847494446
100
100
-1
679895792
100
853734790
100
-1
100
100
100
100
100
100
-1
100
-1
621882887
606034064
100
612326441
100
-1
631902259
100
100
612326441
100
100
100
100
100
468693786
-1
100
100
559808922
505342587
-1
100
100
100
-1
-1
100
-1
100
100
100
590563816
801781772
-1
100
100
100
100
100
100
100
100
100
732547850
-1
-1
657951325
-1
100
535226972
100
-1
100
100
100
100
551795560
100
100
100
604784857
100
100
-1
100
100
778766795
100
100
100
704383491
100
100
100
557592791
720356159
646620862
100
743682994
-1
100
613287289
100
-1
100
-1
100
568611862
100
100
100
100
100
100
677772461
100
100
666826759
100
100
100
561977205
100
591324765
100
559973346
-1
100
100
100
100
100
100
100
100
100
781616495
100
562789286
100
-1
100
-1
587046237
100
-1
100
619565633
100
100
100
100
-1
-1
100
100
582555429
100
100
100
100
-1
-1
100
100
100
100
-1
100
100
100
100
500824038
565939888
100
100
616474531
100
-1
100
100
100
837045564
669182638
567394137
605345635
505277049
100
-1
100
100
100
100
518432284
100
100
526480666
100
100
100
-1
100
616474531
100
100
-1
100
559808922
-1
100
442213565
100
678150413
100
100
100
100
547725945
100
100
100
724765874
-1
100
645486570
-1
642018140
-1
100
-1
100
100
100
100
100
100
100
554513384
100
-1
100
100
100
100
-1
100
-1
835796179
644805007
100
100
814861679
100
100
100
508439330
100
-1
100
100
100
595875327
550388693
652184128
-1
100
100
-1
100
-1
641338961
100
100
100
526480666
581413556
100
100
100
100
-1
100
100
-1
-1
100
100
100
100
100
100
756322625
654458194
630811837
100
100
100
100
100
100
100
-1
100
100
100
532267709
-1
100
100
100
100
100
100
575499797
575351056
807218648
100
100
-1
568702462
100
-1
100
609887743
612326441
-1
100
100
100
100
100
-1
100
585038027
100
100
443793412
100
556644118
554513384
100
100
100
580451732
880066889
100
100
100
100
100
751946789
100
100
100
100
100
100
697231438
100
100
607596731
100
100
554513384
100
100
100
100
100
622187171
-1
100
100
563815070
536284005
647288125
100
-1
100
100
669082578
643894393
100
100
100
100
100
656811517
100
100
100
100
589529019
557025112
100
100
100
594499898
100
100
100
100
531168054
-1
554513384
100
594832803
556644118
100
100
850709045
100
629239474
100
509384049
100
100
-1
665115977
100
100
100
100
100
100
856944755
428017707
100
100
100
100
100
100
793253782
695357756
100
-1
100
616474531
100
100
-1
100
100
100
100
100
-1
531168054
100
100
100
100
100
-1
100
798613907
100
100
100
-1
100
572973730
-1
-1
100
100
100
100
100
100
-1
533685675
100
100
100
100
100
554513384
100
100
100
553944101
100
100
-1
100
100
100
100
100
100
-1
100
100
100
686759871
100
100
564979428
100
100
559973346
568066874
100
100
100
100
749769973
598096788
100
641823197
665413895
100
100
100
100
100
100
100
589880898
695946625
-1
100
100
520767692
100
100
100
100
100
100
100
100
633679509
100
100
100
100
100
537864819
100
100
100
100
100
100
100
100
100
100
100
100
699154989
543980184
802050156
100
100
100
100
100
100
100
747804562
568066874
100
708972435
100
100
100
100
643416748
563815070
624682736
100
498597420
-1
100
-1
100
100
100
100
100
100
100
100
100
781268692
100
100
100
100
100
100
100
100
100
100
100
100
628452508
638704980
641139735
100
100
100
100
587352016
-1
-1
591503199
100
-1
100
100
100
100
-1
100
100
-1
100
100
589529019
807706144
100
100
-1
-1
100
100
645205041
100
100
-1
610476351
580750919
100
100
100
100
100
100
100
100
100
100
793381107
100
100
100
100
100
100
100
657649212
527022349
-1
693743583
100
580359585
100
524047015
-1
100
100
524047015
743682994
100
100
100
554513384
-1
100
100
100
100
100
100
100
100
100
-1
100
100
624045931
100
100
100
100
100
100
100
618999713
100
100
725462479
100
-1
-1
100
100
567092750
100
100
100
100
-1
100
100
-1
100
100
100
100
100
534125979
100
-1
100
100
100
100
100
100
100
100
-1
100
100
100
100
100
565117374
100
100
100
100
100
100
100
-1
100
100
720432891
100
100
100
100
100
100
-1
100
775980060
100
100
100
100
100
100
100
-1
100
100
100
100
-1
100
100
100
100
100
-1
568066874
701464982
100
646920340
520726033
-1
100
-1
100
100
100
565531365
100
-1
733192090
701464982
100
628647315
879525490
593899012
100
100
100
-1
679765010
-1
-1
-1
100
100
100
593899867
526480666
-1
100
804757650
100
-1
100
100
100
100
100
517067286
100
100
100
100
530753998
100
576296963
100
100
100
100
100
100
100
100
100
100
-1
520767692
100
100
-1
100
100
-1
100
536400756
100
630811837
100
100
100
100
100
568160039
100
100
100
100
100
100
842764174
687993777
100
100
-1
601826492
-1
100
-1
100
100
-1
630523563
100
614051786
100
100
100
100
614017718
500184869
100
-1
100
-1
100
-1
100
100
668257727
100
100
100
100
100
100
100
-1
100
581695048
100
561977205
-1
100
-1
672877543
537026124
100
613088125
100
100
630811837
-1
537008246
100
100
100
100
100
100
100
765918558
526488058
669182638
100
-1
100
100
100
100
-1
100
635890503
100
100
100
100
520767692
718423947
-1
100
100
100
-1
100
616474531
-1
100
100
540991891
100
100
100
-1
100
100
100
100
100
576327143
100
100
100
100
100
100
586558746
100
100
100
-1
-1
100
710292605
100
100
628647315
100
100
100
100
100
718423947
100
100
100
100
-1
100
641170065
100
-1
100
100
540991891
-1
568066874
847107613
534125979
-1
772458502
100
100
100
100
100
100
100
100
100
100
100
-1
100
100
519446214
100
100
100
100
100
100
100
-1
-1
100
100
100
100
100
-1
100
100
100
100
100
100
-1
100
621805430
100
100
100
-1
100
100
571809023
100
100
100
785123727
100
100
100
100
628452508
619565633
100
100
100
100
-1
100
100
606034064
100
530762481
100
620761037
100
-1
100
100
568066874
100
100
784365067
100
100
100
565117374
-1
-1
568502898
100
100
100
524047015
533502488
713699673
-1
100
620676222
100
100
100
100
100
100
100
100
100
595903683
100
839098784
100
833225169
480979818
100
-1
100
100
616474531
100
100
-1
100
100
100
100
100
560430356
559973346
621049467
100
100
100
100
100
100
100
100
-1
628810894
100
100
100
100
100
100
100
100
100
100
100
749199884
100
100
100
416704828
100
100
100
-1
707549218
-1
100
500824038
100
100
100
100
100
100
100
100
100
100
-1
100
100
100
-1
-1
100
100
100
100
-1
100
-1
501139800
100
100
100
100
100
100
100
-1
100
100
-1
-1
100
568390368
100
100
100
617863417
100
734737210
-1
100
100
100
100
100
100
100
884086603
947565337
100
673338341
100
765918558
100
100
100
700078258
100
100
100
-1
562790865
100
100
100
100
-1
100
567306001
598096788
100
857964775
100
902389027
100
100
520767692
100
534125979
100
100
100
100
492890633
100
100
100
100
100
100
725462479
775711638
100
100
-1
-1
492019248
100
100
100
-1
100
100
616426454
100
100
100
565939888
100
905287671
100
100
100
-1
100
100
100
-1
100
100
100
539221673
100
100
605742957
100
100
100
100
-1
100
100
100
100
100
100
100
100
100
100
100
-1
100
567394137
673697504
613826303
-1
-1
100
-1
100
100
100
530977778
-1
100
100
100
100
100
100
100
645205041
100
100
100
100
616474531
721316592
-1
100
-1
100
-1
100
100
100
100
561977205
-1
-1
575499797
100
100
100
100
100
100
612808080
100
100
100
100
522403911
504646048
100
882743864
638504585
100
699358056
100
100
534125979
100
100
100
100
-1
818939503
604784857
100
100
809624152
100
100
-1
-1
100
100
-1
609512880
928242833
-1
536400756
-1
100
-1
-1
-1
-1
100
100
464785911
-1
100
100
637724170
100
100
100
100
100
100
-1
100
100
749686639
100
100
100
100
100
100
800881956
100
100
-1
100
788686373
-1
100
100
100
-1
100
100
571809023
-1
100
-1
100
-1
100
776210289
517152286
100
100
-1
100
100
-1
-1
100
100
100
-1
100
587352016
100
100
-1
568502898
100
617374774
100
100
100
100
514028105
100
100
100
100
824569452
541554001
641139735
559973346
100
100
100
825258116
100
100
100
628535130
719387576
520767692
100
596920471
-1
100
-1
100
100
100
709584941
524047015
100
100
100
492548682
865437589
100
100
100
100
695357756
100
-1
100
563815070
559973346
100
100
-1
559383190
728457307
524047015
614619278
100
100
100
100
100
100
100
-1
100
100
100
100
525451286
100
100
100
-1
100
-1
100
100
100
100
100
772769954
-1
520767692
100
100
100
100
100
568066874
100
-1
100
100
100
779795121
600567331
100
-1
-1
-1
-1
524047015
100
687993777
100
100
562527029
100
100
100
100
100
629239474
100
100
100
100
625734409
100
100
617374774
893083037
526480666
-1
568486333
761838271
100
100
100
100
100
100
526480666
100
-1
647212103
100
100
100
100
100
716278838
676251380
100
100
100
100
100
100
-1
100
100
100
100
100
100
-1
713863578
100
100
554805321
777365348
100
717261027
100
100
-1
100
100
647212103
100
100
100
-1
571809023
100
100
100
100
100
592715767
100
100
100
100
100
100
100
100
100
100
100
100
100
-1
-1
100
100
100
100
100
100
100
100
100
100
100
100
100
100
634882098
-1
690495649
-1
100
-1
-1
100
-1
100
525754656
100
100
543980184
100
100
591622343
100
-1
100
100
100
100
100
100
100
100
100
100
-1
100
100
100
100
100
100
-1
100
100
100
567394137
100
100
-1
100
100
100
100
100
100
100
100
587163486
100
100
100
100
100
854522428
100
-1
100
100
-1
561647220
671074668
100
-1
100
534125979
-1
717156765
100
-1
563815070
100
-1
-1
100
567394137
100
522403911
100
100
100
687993777
100
100
-1
639813625
100
595915404
100
100
-1
898001535
100
100
100
100
-1
100
100
100
100
100
100
100
853515172
-1
568066874
-1
100
100
100
865407818
100
-1
788651368
100
-1
100
100
100
100
649538659
100
100
-1
-1
100
100
100
100
100
100
100
100
518432284
100
552948005
100
100
100
100
100
100
100
543913574
100
578753063
100
100
-1
100
-1
100
100
-1
565216721
100
100
-1
100
100
100
-1
100
-1
100
520767692
100
100
100
100
100
552948005
100
-1
100
100
100
100
100
853734790
-1
100
669082578
100
100
-1
567394137
100
100
100
100
100
524047015
100
557025112
799135683
100
100
100
-1
-1
582393916
582068994
100
592572434
543980184
575499797
100
100
593420691
668257727
100
100
-1
100
501139800
100
793476134
100
-1
100
100
100
100
100
-1
599003310
100
100
100
-1
100
100
100
100
595915404
100
100
100
100
652747335
100
100
-1
100
-1
-1
100
770333063
100
593899867
100
100
100
100
100
-1
100
100
100
100
100
514028105
100
837173293
100
-1
100
695056331
100
-1
569548828
100
563815070
537008246
571809023
100
100
100
100
100
100
100
100
100
100
100
100
100
500824038
881069122
100
-1
641139735
100
100
100
100
100
731617494
-1
100
796544056
100
100
520767692
100
100
100
100
100
100
100
100
100
100
100
100
543980184
-1
100
100
100
100
520767692
100
100
-1
100
503291458
100
100
696002827
100
100
100
674652455
100
-1
100
100
514028105
725279347
606034064
-1
688481360
-1
524047015
100
100
561977205
538967147
100
-1
100
100
100
100
100
100
-1
100
100
-1
100
763323940
100
-1
100
100
559973346
100
100
100
514028105
545713575
100
731943821
100
404185050
582068994
100
100
100
-1
100
100
100
-1
-1
630441363
100
100
100
743682994
784365067
541554001
100
100
100
100
100
656939749
100
100
100
-1
100
100
501139800
100
100
100
-1
787448401
100
-1
100
100
100
100
100
567394137
-1
100
674002331
100
100
802832346
100
100
100
100
-1
100
100
520767692
537008246
-1
100
100
100
-1
100
100
672877543
586624288
-1
100
100
100
-1
100
-1
100
100
579973982
100
100
100
100
100
-1
100
100
914348970
607114458
869397932
100
100
100
100
100
100
100
520767692
100
100
546856382
100
100
100
100
606047212
100
100
100
100
100
786100784
100
100
100
100
619013234
-1
549521350
100
618999713
100
-1
100
629533630
100
100
100
-1
534125979
100
761714021
100
-1
100
779351078
100
514028105
100
100
100
-1
100
100
100
518432284
100
-1
543913574
100
744679814
100
543120330
704117538
-1
100
100
-1
100
100
100
100
686353939
100
100
100
565117465
100
100
100
100
100
100
100
100
100
100
100
100
100
100
100
100
100
670614566
100
100
100
607681944
100
100
100
100
491916288
100
100
100
100
100
100
100
100
100
100
100
100
100
100
670463114
-1
100
100
100
100
592798872
827873481
-1
100
100
100
100
100
-1
100
100
100
100
526488058
100
100
100
632677330
100
584305805
-1
100
100
815333608
100
-1
100
100
801702926
100
100
639912901
100
100
100
649538659
100
100
100
100
629201482
100
100
100
100
543980184
100
100
100
100
100
590572844
100
100
100
-1
100
100
-1
100
100
100
567394137
100
100
100
100
596669087
676251380
-1
100
650466721
100
100
821774129
701464982
100
568066874
100
100
100
100
100
100
-1
100
631902259
100
568066874
-1
605742957
100
100
-1
100
-1
100
100
-1
-1
100
100
464785911
679895792
742511994
-1
100
-1
100
684419822
-1
561900992
100
100
548372840
686862988
100
100
100
100
-1
100
100
100
100
568066874
100
100
630811837
-1
100
100
100
100
100
100
100
519446214
100
100
100
100
-1
100
587046237
100
558365268
492548682
100
603517681
100
100
100
595585713
571329054
100
569969559
100
100
-1
100
100
100
575499797
100
-1
100
100
100
100
100
568502898
100
100
724691611
100
100
100
568502898
100
100
-1
100
520767692
100
100
100
603346296
100
100
579429086
100
100
687548642
100
100
100
585038027
526695262
100
590563816
652576164
514028105
100
-1
100
-1
100
100
100
656540852
100
100
100
100
-1
100
594832803
100
100
100
100
-1
723466811
100
100
656811517
100
100
100
100
612722685
100
100
100
683286047
100
100
642890631
100
685589522
100
100
100
496455428
492548682
618036385
100
100
536400756
100
100
706022672
-1
100
100
100
100
100
100
719197238
664249652
100
652620284
816351786
100
100
100
100
521373440
100
100
-1
100
518169770
100
100
501923575
647276629
100
504144456
100
100
100
100
100
520767692
520767692
100
100
100
100
100
100
737693513
100
100
606047212
100
100
100
771941396
-1
100
-1
100
100
503291458
100
-1
-1
594832803
100
-1
100
694992818
100
100
751938996
100
554676272
100
658160928
594673776
100
-1
100
-1
100
639813625
727297454
551166785
100
100
867503607
100
100
100
669878468
829469302
100
100
-1
100
-1
523801549
-1
100
100
100
657561543
100
100
100
100
559383190
100
100
100
100
100
100
100
100
501969478
100
688309863
-1
606034064
-1
659894000
100
790575561
100
-1
545713575
558365268
595666812
100
100
100
589529019
100
100
561977205
100
100
100
100
-1
100
100
100
100
-1
733031274
100
100
100
100
100
-1
529267288
-1
100
100
-1
-1
100
471460148
-1
100
100
100
100
677308202
-1
538274438
541554001
100
583341531
100
100
100
-1
100
-1
-1
100
-1
100
497642107
100
781268692
100
594832803
100
-1
571329054
100
100
100
100
562362961
100
100
100
100
-1
568160039
-1
100
100
100
100
100
100
-1
558985747
-1
100
-1
-1
558985747
100
-1
606034064
100
-1
100
100
100
889744874
100
100
100
100
611730959
100
-1
100
592135715
-1
-1
100
100
100
100
603757645
-1
-1
651014746
100
100
100
626799677
-1
-1
100
100
100
753904414
580614249
-1
100
-1
100
100
-1
100
-1
100
100
100
-1
100
667765043
694992818
100
100
100
100
100
100
100
100
639912901
-1
610273438
-1
-1
100
-1
100
568502898
591764119
100
-1
-1
-1
100
100
-1
-1
574116584
100
100
100
100
100
815088027
100
100
100
100
100
100
-1
100
100
100
100
100
713699673
595768503
641139735
-1
100
100
100
100
100
100
520767692
652576164
558592105
100
477567577
618999713
100
100
-1
-1
100
100
100
100
-1
100
100
-1
518432284
100
100
100
492548682
100
-1
571329054
-1
100
868595111
587163486
536400756
718423947
100
100
503291458
100
100
-1
839098784
100
636349293
100
645957821
100
100
100
100
100
100
100
100
100
100
100
100
-1
-1
743275209
743149795
609158474
436932937
790046781
-1
100
568066874
100
100
100
100
-1
100
100
100
100
652164432
100
100
100
592772945
747570288
100
532221086
-1
100
679398093
100
-1
100
100
100
556809213
100
100
100
100
100
537008246
100
100
100
100
100
576296963
100
-1
668257727
100
696932325
100
100
100
100
-1
100
100
100
813127117
100
100
100
675241828
100
100
100
100
-1
100
100
100
100
100
500824038
100
100
100
100
100
100
100
100
100
100
100
100
100
590682272
100
679895792
100
100
100
100
100
100
571809023
100
100
100
100
100
522155367
100
100
-1
100
100
100
100
100
718917832
543980184
749199884
702974103
100
100
100
100
644199699
100
100
100
100
100
100
100
100
100
613459904
100
-1
-1
100
-1
100
100
100
100
100
100
100
100
714999819
586624288
100
565216721
100
100
100
100
100
100
100
728629053
713565030
100
100
629526515
100
100
100
100
100
100
100
100
100
100
100
100
689312804
100
100
100
100
624480343
-1
531905969
100
100
100
100
100
788686373
546439695
-1
100
500824038
100
100
571809023
100
778766795
-1
100
556809213
100
100
947612950
100
100
100
-1
771373048
526171648
100
-1
100
100
651802741
100
-1
100
100
100
100
100
100
593899867
100
100
100
100
100
100
594832803
100
788000975
561977205
100
100
-1
100
100
-1
-1
100
-1
538274438
-1
-1
533760858
100
100
-1
100
847760471
100
100
-1
100
100
100
953019165
100
100
100
-1
591622343
100
100
521373440
-1
100
-1
100
567394137
603517681
-1
-1
-1
567394137
496414685
100
100
100
606769277
100
-1
-1
100
100
100
100
100
100
-1
678865461
-1
100
100
100
100
100
100
100
-1
561977205
606047212
100
100
583005001
-1
-1
100
100
100
614745775
-1
100
100
100
100
100
515526025
100
100
100
100
100
100
-1
100
100
100
100
568611862
100
414360811
100
-1
603517681
100
100
-1
-1
-1
100
100
100
100
100
100
100
568502898
663473071
-1
100
-1
567394137
460139273
100
100
100
100
660416873
100
100
100
-1
100
-1
100
100
576296963
100
100
100
100
100
-1
100
100
652747335
-1
100
100
-1
100
100
100
100
100
100
531905969
100
100
100
100
100
100
100
100
100
100
100
100
756127702
526480666
100
543980184
100
100
100
100
100
100
504818722
100
100
-1
100
-1
902389027
662532587
581413556
100
100
587048487
100
100
100
567394137
100
100
-1
-1
783541639
679765010
-1
540991891
100
100
100
754445926
-1
100
687521547
100
616474531
569831176
-1
100
100
-1
100
100
100
100
100
100
100
100
-1
100
605616466
-1
531905969
100
100
100
100
543913574
-1
100
100
100
100
100
100
100
591315408
533191990
100
688800757
-1
100
100
100
-1
100
100
100
100
647073765
100
687521547
-1
100
100
100
-1
531905969
100
534125979
100
656811517
100
887825887
100
695557249
100
807908587
100
590572844
100
618725918
719197238
564261899
100
100
-1
-1
529573671
100
100
100
100
100
-1
100
526171648
100
100
100
100
100
100
100
100
100
100
100
-1
-1
-1
100
672297997
100
100
583005001
-1
100
598350783
-1
100
530762481
100
-1
100
100
100
-1
100
100
100
588973989
-1
100
-1
643235336
100
100
100
100
100
100
548463315
100
501721666
100
100
100
100
100
-1
100
526480666
100
100
100
100
100
-1
100
100
-1
100
100
100
-1
593479205
-1
567092750
-1
-1
567394137
601826492
100
-1
100
100
610273438
100
100
100
537008246
100
100
628452508
100
750144637
-1
646417416
100
100
100
-1
100
100
688539373
100
100
100
100
100
569831176
100
-1
732939515
100
100
-1
100
100
100
100
100
100
650425656
-1
-1
100
100
-1
530762481
100
100
100
100
100
100
100
-1
100
100
-1
100
100
537026124
520767692
615703312
100
100
100
100
-1
784365067
100
100
-1
100
526480666
704206782
100
100
100
100
519406658
100
100
100
100
-1
850566940
522403911
100
100
100
100
100
100
657649212
100
100
100
689470839
100
100
652620284
-1
100
556595648
100
100
100
100
637868848
100
100
100
100
100
673075374
100
100
100
100
100
492548682
100
100
100
645957821
677308202
-1
100
100
545478067
100
520767692
100
100
726197282
779795121
100
-1
100
100
-1
100
656504893
-1
496538114
100
100
-1
-1
-1
100
100
-1
100
100
733192090
639382593
518127281
100
100
100
-1
100
100
688295865
-1
100
784648371
100
551795560
-1
-1
699852973
-1
100
100
-1
100
660416873
-1
-1
503122217
896377374
100
100
100
100
606034064
100
100
100
514377606
526480666
100
-1
669529058
100
515221843
100
100
695208771
100
-1
100
647212103
100
100
565049292
100
100
659008647
-1
100
-1
100
603346296
100
100
100
100
100
100
-1
100
-1
100
100
-1
610273438
100
100
100
100
100
100
100
100
656811580
520767692
100
100
100
100
100
100
-1
630811837
708187008
732547850
100
100
100
100
688539373
537050910
-1
568502898
669193460
100
100
100
100
871496274
100
-1
100
100
100
573336447
613718024
652576164
100
100
-1
654539771
100
100
100
-1
100
100
100
100
100
-1
100
100
612156555
100
100
100
100
578303107
100
100
100
663473071
100
100
605616466
100
100
656934564
-1
100
100
-1
100
100
599003310
100
535966126
100
100
100
-1
100
100
100
100
100
544352939
100
685443593
100
100
566898505
100
-1
100
100
529077073
-1
100
100
-1
100
100
666535628
100
100
100
728535168
619625541
868738061
100
100
-1
100
100
100
100
-1
100
100
-1
728817885
535966126
-1
517067286
100
401593241
580409179
100
100
100
-1
503438401
100
100
100
-1
100
100
-1
100
100
-1
100
100
-1
-1
-1
646417416
591497248
524027747
100
100
-1
100
517152286
-1
100
100
-1
508439330
681630113
524922363
-1
587927966
100
556644118
100
863762568
100
100
-1
100
904738404
-1
100
563815070
541554001
531905969
528612465
559383190
571809023
100
100
-1
100
605742957
100
639912901
537050910
666720165
593985369
697937590
100
-1
100
100
100
-1
100
100
100
699800305
-1
100
100
556809213
100
100
796189171
744520419
526171648
100
781193633
600665875
100
616936293
100
100
656934564
100
578830020
100
100
100
100
100
100
100
100
-1
100
100
100
100
100
808234386
100
100
765918558
686637702
100
100
100
-1
100
100
100
100
537008246
100
100
100
642018140
100
959385573
100
100
100
669193460
100
-1
-1
100
100
100
-1
100
100
100
100
100
100
593297154
100
695557249
560560309
-1
464785911
100
677292933
526480666
100
645957821
100
-1
100
100
100
100
100
100
100
100
100
100
-1
734985075
100
100
100
577540462
100
606769277
100
100
100
503122217
100
100
100
685026115
593899867
100
100
100
100
100
-1
100
100
809624152
100
-1
643235336
100
100
100
501139800
-1
-1
100
100
100
100
100
100
610273438
551795560
100
100
100
100
-1
836010528
572509522
502107017
100
716606401
-1
100
100
659139113
100
100
100
100
100
100
537008246
100
100
724765874
100
100
755179479
100
100
100
677308202
100
650425656
100
100
-1
567394137
100
100
-1
537008246
553571411
100
100
100
100
660416873
100
-1
100
100
100
100
100
100
-1
100
-1
100
100
100
652747335
100
100
100
100
567394137
757869057
100
100
100
100
100
100
100
635068155
100
530762481
483665774
100
614017718
100
100
-1
100
100
100
821890415
100
-1
-1
692579839
100
100
100
100
100
100
477567577
100
100
100
-1
671738204
535851238
100
-1
100
100
514030010
-1
572631248
100
100
100
-1
604875850
100
100
100
100
568502898
100
822722422
100
100
100
100
100
629978477
100
100
-1
100
-1
644199699
564768565
100
-1
-1
100
100
100
100
100
781268692
593899867
100
100
100
100
100
100
100
-1
100
100
568066874
643978967
100
716640053
574344652
100
100
100
-1
100
100
100
100
100
100
100
100
559808922
-1
100
784190663
-1
100
651498564
-1
100
559973346
-1
100
100
100
100
100
100
100
100
468693786
-1
100
100
100
694149616
874030142
100
100
100
-1
-1
-1
-1
-1
100
100
897794551
100
100
100
100
537008246
568502898
559808922
716555196
100
100
100
-1
591688764
100
100
100
100
100
475023292
100
-1
100
100
-1
100
100
100
612114136
100
100
100
100
100
-1
100
100
100
733192090
100
537008246
100
631296183
591688764
100
-1
100
100
100
100
100
100
100
100
100
100
-1
100
-1
100
100
-1
100
100
100
100
100
-1
100
100
559685069
100
-1
100
574683286
100
671957375
100
100
-1
100
100
585497677
100
100
100
688539373
620408493
100
100
100
100
100
100
100
695557249
100
-1
100
100
100
100
570672161
-1
100
100
100
-1
100
100
100
100
603105511
-1
649063252
100
100
100
100
100
100
679895792
100
673543800
100
-1
552745762
100
100
100
537008246
-1
100
100
-1
100
100
587927966
-1
100
100
100
100
585900192
100
100
100
100
526488058
100
100
-1
100
-1
100
100
100
100
-1
601544409
100
100
-1
100
100
100
100
590563816
100
100
100
-1
100
605820422
100
100
100
566116345
100
100
100
100
580655579
100
-1
100
707318307
-1
100
568502898
100
100
735372751
100
100
-1
100
558985747
100
100
-1
100
100
100
534125979
100
-1
100
100
100
100
100
-1
100
652576164
100
100
100
100
100
591688764
100
100
674041553
100
100
630635930
572243171
-1
100
-1
100
100
100
-1
-1
647276629
-1
100
625012567
100
664977737
100
556809213
953038562
-1
100
-1
100
100
-1
100
100
733632514
100
100
-1
100
100
559565178
100
100
100
596656975
100
100
100
-1
840778847
543913574
100
639139302
-1
100
691479783
100
-1
647212103
100
100
100
100
100
100
100
100
669638682
100
100
100
-1
100
100
100
100
100
100
100
914825912
712188346
531905969
-1
788651368
100
100
100
100
592135715
464785911
100
100
100
100
-1
556809213
100
100
100
100
-1
-1
686506637
100
100
100
630811837
100
100
100
100
100
100
100
-1
100
-1
-1
100
100
550388693
100
100
100
897794551
100
-1
100
866340283
100
100
100
500824038
100
100
100
507581745
506304109
526480666
563609528
100
660632612
100
100
100
695986375
615427366
100
100
100
100
536400756
-1
568502898
100
100
-1
-1
100
100
643235336
593899867
-1
776364808
100
100
100
100
100
634432147
100
100
100
100
-1
100
662005671
100
-1
582555429
593899867
100
100
100
100
100
-1
100
568502898
706490207
100
100
100
100
541554001
100
-1
100
601915560
-1
100
100
-1
100
-1
567394137
100
100
100
100
-1
100
100
646415735
100
100
100
100
100
100
100
100
-1
100
543913574
100
100
100
-1
514028105
-1
492019248
100
652510436
100
100
100
100
607681944
100
100
736189825
-1
100
659119175
100
100
100
777999909
100
541554001
100
100
100
100
610273438
100
723592172
100
-1
721740606
535966126
100
100
100
100
100
100
100
100
610273438
560203603
-1
100
707097714
100
100
100
100
100
100
100
-1
100
100
100
100
918338350
100
559808922
-1
100
617863417
100
100
100
100
100
519446214
100
100
-1
100
100
100
-1
100
100
707032820
-1
539221673
100
-1
100
-1
100
100
531168054
100
100
100
100
100
100
-1
747899295
617427987
100
-1
-1
500824038
511532237
100
-1
100
100
100
100
-1
100
-1
-1
100
565498459
-1
100
100
100
100
617863417
-1
-1
100
568066874
100
100
100
100
100
100
100
100
100
100
610476351
100
100
-1
100
100
100
100
100
100
-1
-1
100
-1
-1
100
100
100
100
100
-1
535966126
-1
583781130
100
100
100
100
501139800
100
100
100
100
100
100
-1
100
100
100
591088407
100
-1
100
100
100
100
612589443
100
100
-1
100
100
100
100
-1
100
100
100
531905969
100
-1
100
100
100
100
625255942
733031274
100
100
656424585
100
100
100
100
100
716423205
-1
612615537
-1
100
100
100
100
100
100
100
-1
100
100
538184452
100
-1
100
544359445
506460354
-1
100
100
568502898
100
100
100
837173293
100
100
-1
100
564051165
100
100
100
100
100
100
100
100
100
100
527026892
100
100
100
100
100
100
743149795
100
100
100
531882583
100
518169770
561977205
100
100
100
100
556809213
100
552745762
-1
100
100
629978477
531747124
100
100
100
100
100
-1
100
100
100
568066874
100
100
100
556809213
100
100
-1
100
567394137
100
100
100
100
100
579429086
100
100
-1
100
100
-1
-1
100
100
100
100
100
100
573072390
537864819
100
100
100
-1
100
100
614963287
865407818
653413539
565049292
100
100
100
100
579429086
606047212
599768204
100
543980184
100
100
100
100
608007045
100
100
100
-1
100
100
706810775
100
-1
100
100
774114058
100
100
100
-1
100
100
100
-1
630811837
100
555405190
100
100
-1
552710197
-1
100
100
100
100
100
518169770
100
100
100
100
100
100
100
100
100
100
531905969
100
100
599003310
668810152
100
100
100
100
791306344
-1
726097900
100
100
100
100
100
100
-1
100
100
100
595875327
100
774821838
-1
100
100
100
-1
100
100
551166785
507581745
100
100
100
644505177
100
100
100
100
100
100
781616495
100
100
100
100
100
100
100
100
100
100
-1
501139800
100
-1
606047212
100
-1
492548682
100
100
100
100
-1
-1
-1
-1
100
-1
835796179
583781130
100
100
100
839320687
546856382
100
473245171
100
100
610273438
100
100
733632514
100
619565633
100
100
100
100
100
100
100
100
100
-1
100
-1
-1
100
-1
-1
-1
100
504818722
738614236
100
100
100
-1
-1
673338341
100
100
-1
100
100
100
100
100
100
100
100
-1
100
100
100
100
546856382
100
100
567394137
681547070
100
596669583
100
100
100
100
100
100
552948005
100
606047212
100
100
100
100
100
543910128
100
100
-1
100
613779717
100
100
100
100
100
100
-1
100
-1
100
100
100
100
100
613642756
100
100
660122943
100
559808922
100
100
430819624
-1
100
100
-1
668479115
100
886164963
100
100
100
100
100
100
100
100
537864819
100
-1
100
100
-1
-1
100
100
-1
100
100
100
100
100
600876418
100
543980184
764399215
551166785
575351056
100
509384049
100
100
565049292
100
100
610273438
542501395
100
606047212
500824038
100
568502898
100
804757650
100
100
100
822015147
100
543913574
100
100
-1
100
-1
556809213
100
100
100
708792163
100
-1
100
621816648
100
100
100
551795560
100
523801549
100
494654801
100
715913628
100
100
-1
-1
100
100
-1
100
100
100
-1
100
643235336
100
100
100
-1
100
100
100
100
100
492890633
700368673
679302482
100
100
100
100
756183070
100
-1
100
100
100
100
639912901
100
100
100
100
100
543980184
100
100
488096213
100
100
100
100
514028105
100
100
100
100
820844997
100
100
591688764
100
693968697
531882583
100
100
100
100
-1
100
100
100
884086603
100
100
100
679895792
725462479
100
556809213
590268487
-1
573272236
100
100
100
100
-1
610273438
-1
100
100
565049292
543980184
100
100
100
501139800
544352939
100
100
100
100
602200618
100
100
100
100
645205041
-1
100
100
787448401
100
803036637
100
100
-1
100
100
100
599003310
-1
100
100
100
100
793857029
724671293
100
100
-1
-1
100
557925170
100
100
100
100
100
100
100
781616495
-1
100
100
100
689449018
-1
100
684302148
-1
442683292
-1
100
100
100
100
100
100
100
596669583
100
100
100
100
524656110
635026982
100
100
100
100
549492561
537008246
593951836
100
100
540991891
100
-1
100
-1
100
100
571455550
100
100
100
100
738614236
100
-1
-1
100
100
492548682
540157386
100
100
100
100
613885549
100
100
-1
685623566
100
100
559808922
-1
100
735485904
-1
100
693968697
100
643201803
593175669
100
100
100
-1
905287671
-1
100
-1
100
644394060
100
598677503
100
556809213
100
100
629239474
100
-1
100
100
591497248
540991891
-1
622307604
100
100
100
100
100
566931789
100
100
100
100
-1
568502898
100
100
692443102
559808922
100
-1
100
-1
650425656
-1
100
100
100
100
100
554752444
100
100
704743707
100
100
100
-1
100
100
100
673351332
100
-1
100
557925170
100
100
-1
100
100
883123010
-1
507581745
477567577
505732381
100
100
-1
100
-1
-1
-1
100
100
100
-1
609522869
680405769
100
100
100
-1
100
100
660478186
100
100
100
100
100
648424932
-1
100
-1
-1
770235337
100
100
100
665115977
100
100
559973346
100
100
741111751
100
100
100
650425656
100
565049292
591688764
100
646004894
100
564051165
810451559
100
100
-1
100
566874875
-1
100
568066874
100
749199884
-1
527778974
100
100
100
-1
-1
100
-1
680613620
716423205
100
100
100
100
100
100
721711305
500986782
100
100
530367037
100
-1
100
100
100
100
100
100
100
585038027
540157386
491067286
100
100
100
537901806
100
788424164
-1
-1
100
100
100
568390368
100
100
100
738227454
100
881318458
100
555204609
100
100
680405769
100
100
100
-1
-1
-1
100
621816648
100
100
100
100
-1
100
100
100
100
100
100
100
100
526488058
622016640
100
100
-1
100
100
100
512939636
100
100
100
100
100
100
100
100
100
100
585038027
100
492548682
816351786
100
100
100
610273438
100
567394137
574116584
100
691479783
639682299
-1
100
537008246
100
-1
100
591688764
100
100
-1
100
100
100
100
100
100
100
602924861
100
100
759849452
566410219
-1
-1
100
100
100
100
645650373
100
535966126
100
100
100
100
570247027
100
608007045
673045409
100
100
100
-1
100
100
100
100
100
594460233
100
100
100
-1
100
100
100
100
100
504885745
100
551939215
710034519
557246382
100
100
100
-1
-1
100
100
738227454
100
100
100
-1
100
100
100
-1
100
561977205
100
100
645957821
100
100
100
-1
100
100
756867061
100
100
100
100
100
100
702111456
-1
100
572350633
100
100
561977205
-1
100
540157386
100
447022702
554752444
100
100
100
-1
-1
-1
605989425
100
100
583781130
-1
100
100
688309863
100
100
100
100
100
100
100
100
100
-1
100
100
720133825
100
568502898
100
100
100
-1
100
621816648
100
100
100
568390368
100
100
651452717
100
100
643235336
100
100
100
100
716423205
-1
621805430
100
596669583
703036402
100
-1
100
100
583781130
-1
100
100
531905969
100
-1
100
100
100
100
-1
100
-1
100
100
100
100
100
608266585
517152286
568390368
552745762
100
-1
-1
100
534316973
556644118
100
-1
100
-1
100
-1
100
100
100
630811837
540157386
100
-1
100
100
539221673
100
100
502974302
100
100
671738204
100
100
100
100
100
100
100
-1
100
100
579973982
100
559147341
100
-1
665237826
867367051
100
100
100
100
717340747
100
100
100
580359585
100
823144720
100
100
100
100
772633406
-1
100
100
100
719780946
100
100
665480464
568502898
-1
717484585
100
100
100
-1
-1
100
100
100
583781130
100
583781130
100
567394137
100
100
100
100
-1
100
100
547946560
100
100
616426454
100
613642756
533502488
100
568066874
100
100
100
100
435437334
100
100
100
629904748
-1
100
100
100
-1
847558125
-1
100
598677503
100
100
100
100
100
537189387
100
876580854
100
100
100
741381814
-1
100
505732381
591688764
100
100
100
100
-1
100
-1
100
100
100
100
572270806
100
100
-1
561977205
603757645
100
100
100
-1
100
100
642890631
100
100
615703312
505732381
100
100
100
100
100
-1
100
-1
-1
100
100
100
100
100
556809213
505732381
-1
100
100
-1
568502898
100
100
568502898
652778410
100
655220342
100
276650692
100
100
100
100
596669583
100
578830020
100
100
567306001
100
687639345
-1
100
500184869
100
720177978
100
100
100
100
778240385
100
100
100
100
-1
589529019
100
-1
100
100
567394137
-1
645205041
637724170
537050910
100
582235417
100
100
100
100
100
662757847
100
100
100
-1
656424585
702874940
725462479
100
505732381
100
100
100
100
100
100
100
100
100
500824038
100
100
100
100
100
580359585
100
100
517152286
-1
-1
-1
869124261
100
100
100
100
-1
100
-1
100
100
621602005
100
552745762
-1
100
-1
924717909
100
571809023
-1
100
100
100
100
100
525790135
610011986
100
100
710292605
914348970
100
100
100
100
100
100
550912345
100
100
100
-1
620267431
100
604131078
100
100
100
100
100
100
100
100
100
100
100
597390209
100
505732381
100
-1
100
647719443
-1
-1
100
100
686506637
100
100
100
100
100
550776849
575071381
100
100
100
100
100
100
100
-1
100
-1
-1
100
100
100
543913574
100
100
743275209
100
524699508
100
100
100
-1
100
-1
100
100
-1
-1
100
100
870988878
100
100
100
100
537008246
100
100
100
100
376352493
100
685785321
100
100
686546313
-1
100
-1
100
100
100
665369201
100
100
-1
100
100
100
-1
100
100
598134591
-1
100
704117538
100
688742812
100
-1
100
-1
-1
-1
100
100
583878888
-1
-1
100
100
-1
100
100
100
100
100
100
-1
100
100
100
100
-1
100
100
100
100
100
100
568502898
100
570247027
100
100
100
100
816728239
100
100
-1
100
-1
100
833225169
100
100
100
100
505732381
673644273
492548682
100
100
100
100
100
100
559808922
100
100
100
100
921944040
-1
100
100
100
-1
560343969
568160039
100
100
100
100
100
100
591497248
580147164
774069928
688828823
492548682
100
725462479
-1
100
501447051
100
100
100
100
100
100
-1
608266585
100
-1
-1
100
100
100
100
610476351
100
537864819
886164963
100
595875327
100
-1
728652782
100
100
100
100
100
100
818307516
578830020
862962809
100
-1
652778410
100
100
100
100
-1
100
100
100
613885549
-1
100
100
100
504808121
100
568066874
500824038
100
-1
100
579663436
-1
100
557246382
100
100
568502898
100
100
-1
100
100
-1
100
100
100
578439428
100
100
-1
100
100
100
100
100
100
-1
100
-1
100
100
100
785123727
100
100
725778607
559383190
100
-1
100
100
100
721044634
100
100
100
568502898
100
534125979
100
100
757109299
839181870
100
-1
100
100
100
644805007
-1
100
100
-1
100
100
100
-1
100
869493579
100
100
100
-1
-1
-1
633529899
100
100
716278838
100
100
100
100
-1
100
100
-1
100
100
-1
100
557925170
100
100
100
-1
647719443
100
-1
738122547
100
894213513
-1
-1
100
100
100
100
559383190
100
559383190
580147164
100
100
100
100
-1
100
100
100
100
100
100
100
100
100
-1
680395219
530762481
100
789431488
-1
589087935
100
100
100
477567577
100
-1
100
100
583878888
100
613642756
645205041
537008246
742671600
100
-1
698877956
565063584
639912901
100
100
738614236
100
100
100
846954407
100
100
100
571809023
100
627695194
796649120
631902259
100
100
660849988
100
100
100
724783918
-1
100
100
100
517152286
672780886
100
100
100
841317577
100
674459387
100
100
100
465041157
100
100
100
100
100
-1
556644118
100
-1
-1
100
966442746
100
695557249
100
100
100
100
100
587927966
100
100
656119539
100
-1
-1
100
100
100
792533194
100
624397470
100
100
100
669326780
543913574
100
531882583
799805508
100
100
100
100
100
100
-1
100
100
647417231
100
100
100
100
100
100
-1
100
100
100
-1
100
-1
100
100
100
100
-1
-1
100
779053512
100
100
100
100
100
100
100
100
596669583
100
-1
-1
100
566931789
100
100
624397470
100
100
100
100
570816631
100
-1
100
100
722693988
-1
100
100
100
-1
100
100
100
100
100
100
100
100
-1
707070927
100
743275209
642166014
100
100
811556712
526488058
-1
100
100
-1
100
100
100
100
559808922
100
100
795931298
600846734
840067197
100
685049011
-1
-1
596669583
100
-1
100
100
100
100
100
100
100
100
583781130
100
100
100
100
100
100
671738204
-1
538897507
564316302
100
100
629239474
100
753904414
100
540207225
100
100
785605699
100
100
100
505732381
583878888
100
100
100
-1
100
100
613885549
100
100
100
100
100
537008246
100
100
100
652337811
-1
-1
-1
501969478
-1
100
100
100
100
100
575499797
552948005
100
580147164
100
100
816140950
-1
100
-1
100
100
100
100
100
-1
100
645646716
100
100
-1
-1
-1
100
100
100
100
100
100
100
100
-1
100
-1
100
530767960
100
100
100
100
100
100
100
100
-1
568502898
100
-1
100
100
-1
100
562790865
539221673
673543800
100
100
659139113
100
505732381
717484585
100
-1
559383190
100
100
100
100
556644118
100
730101506
-1
100
820844997
100
100
100
627712995
100
-1
100
100
-1
-1
100
-1
100
100
100
749769973
540157386
100
675542737
100
563609528
100
612326441
100
100
100
100
877300333
100
100
100
100
100
100
-1
100
100
100
100
100
100
896377374
100
-1
100
100
100
100
889763089
100
100
100
-1
591622343
100
100
557925170
100
652576164
100
100
537008246
-1
593833858
569876899
-1
100
600449982
-1
600646252
100
-1
552948005
707087732
100
100
100
783778377
100
559808922
674459387
100
100
584514255
100
-1
100
811170732
100
100
100
100
100
100
100
100
496635015
686098897
100
100
100
100
100
505732381
-1
-1
678174655
100
100
100
100
100
100
100
715125870
-1
100
667511852
535966126
100
100
100
100
100
100
100
226707347
585038027
580147164
100
100
100
-1
100
100
673543800
100
-1
-1
100
777063885
645205041
520726033
648049728
721740606
100
605345635
100
559808922
713699673
100
-1
100
100
100
100
100
-1
100
100
652749995
-1
646920340
100
598907207
-1
645650373
100
738122547
100
697133201
100
557224637
100
555204609
100
669529058
100
-1
602200618
-1
737693513
100
100
100
100
684514495
-1
566488628
100
100
100
593175669
100
100
100
-1
100
410363008
100
100
100
100
100
100
-1
100
-1
-1
-1
-1
738732867
584211994
-1
610273438
-1
100
100
100
100
100
100
506998982
600876418
100
100
100
559383190
100
337995514
100
100
568502898
100
100
613642756
796649120
-1
100
-1
100
816065875
514028105
100
-1
100
492548682
100
100
-1
752765645
100
537008246
524699508
100
100
577032022
500894156
100
565049292
100
100
100
-1
559383190
100
100
100
100
100
100
100
100
100
-1
540157386
543913574
100
100
100
100
100
-1
100
100
100
100
-1
496414685
100
100
100
678948156
100
100
610273438
100
100
100
661497758
-1
100
652323109
-1
-1
-1
817827114
100
100
100
100
793857029
-1
100
727703190
100
-1
100
-1
-1
100
-1
581095971
100
100
678948156
640300300
100
681557198
100
100
590231336
591054111
-1
100
100
100
-1
100
100
100
100
100
100
100
100
100
494831730
100
100
100
100
100
561977205
100
100
100
100
100
100
100
100
100
606885526
100
100
100
535966126
100
100
100
-1
-1
100
100
100
100
100
100
650130103
100
100
100
560946588
100
-1
100
100
677292933
100
-1
559383190
100
100
520726033
-1
871454984
100
100
100
752383349
100
624397470
586717796
100
759291004
100
100
100
-1
100
100
100
100
100
100
100
100
100
100
100
100
100
-1
467317073
100
599003310
-1
583005001
100
100
-1
100
652778410
100
-1
100
-1
100
100
100
100
100
100
100
100
-1
-1
100
-1
557925170
100
100
-1
100
100
100
464785911
100
100
-1
-1
100
100
100
-1
100
100
100
-1
535966126
100
-1
100
100
100
-1
100
-1
520726033
100
724194047
520726033
693510993
100
100
100
100
100
779053512
100
100
100
100
100
100
575499797
539340306
100
100
100
100
100
100
100
100
847558125
100
100
649538659
100
520726033
100
100
100
100
-1
100
552948005
100
100
100
100
100
100
554752444
672780886
100
618523291
100
100
-1
100
-1
-1
547750134
100
673338341
100
100
100
-1
100
823144720
100
100
612558173
638083293
-1
803385863
100
100
100
100
100
100
100
100
100
100
100
787448401
100
100
553264659
100
100
100
568502898
100
-1
537794615
-1
100
-1
100
100
-1
560946588
100
100
100
100
-1
100
889744874
100
100
100
556644118
100
100
100
100
659159243
572798758
100
100
100
100
100
-1
100
624598845
100
100
100
-1
100
100
100
100
743960879
100
816065875
100
568502898
100
648615579
100
853763031
100
-1
100
100
717093502
100
-1
570816631
537008246
100
432800254
100
100
654164198
100
-1
673430027
-1
-1
565216721
554752444
-1
100
100
-1
442109166
100
100
100
559383190
100
840466040
100
672494414
-1
100
562527029
531905969
506671492
583264684
100
904738404
100
100
100
890020548
612558173
100
100
100
-1
100
100
599003310
100
667509534
100
-1
100
100
100
100
559383190
100
659139113
725462479
100
100
496455428
100
100
100
100
100
100
100
707707920
100
100
-1
765398197
100
-1
-1
100
-1
100
100
100
-1
100
100
100
100
100
-1
554752444
100
534125979
100
100
100
100
100
100
100
100
100
100
100
100
100
-1
100
100
-1
-1
575071381
100
100
-1
647457907
-1
100
100
100
-1
100
100
100
-1
708233270
100
100
100
531905969
-1
538897507
100
100
100
607114458
100
-1
666535628
-1
100
100
914348970
-1
100
-1
100
537008246
517819079
100
100
100
100
100
100
100
100
564316302
100
100
100
-1
-1
100
100
100
100
100
100
100
100
100
-1
100
100
100
100
100
100
100
852601518
100
545713575
100
505208416
100
-1
100
100
100
100
100
100
100
100
100
100
537008246
100
100
100
100
100
710443740
100
537008246
100
530762481
100
100
100
-1
100
100
100
100
100
100
100
100
100
-1
556644118
100
100
100
165223483
100
100
-1
-1
505732381
583949235
-1
641565646
100
100
100
100
100
100
100
538897507
100
100
100
100
100
645226886
492019248
100
100
-1
100
100
507581745
100
100
546856382
100
100
-1
538897507
100
100
100
614619278
100
677149982
100
580750919
607681944
100
-1
100
100
100
100
100
-1
100
575071381
633854118
100
100
100
100
100
100
100
100
100
100
100
100
100
-1
569548828
100
100
608027021
100
100
100
695443374
779289520
100
100
100
856982218
100
100
100
100
100
100
100
100
100
859289047
100
-1
100
100
597390209
100
100
535638092
100
-1
100
100
100
100
100
100
819329469
474483713
100
100
100
100
100
100
549408479
100
-1
599003310
-1
689005962
100
-1
100
100
100
562335482
100
100
100
100
100
-1
537864819
-1
100
100
100
638189116
100
100
591228823
100
100
100
603346296
100
100
100
-1
-1
658160928
100
657649212
-1
563609528
100
100
100
-1
100
100
100
745733448
100
-1
829469302
100
100
669499208
847558125
100
612615537
640300300
100
702540039
100
100
564810868
100
100
603517681
-1
100
100
100
100
100
504818722
100
100
-1
100
-1
659139113
100
100
100
100
100
100
630635930
774635997
100
100
100
100
100
100
-1
100
100
100
100
100
100
671377669
100
100
100
100
100
100
100
100
659139113
100
573687283
100
100
100
480979818
100
601576942
100
-1
100
100
100
542802313
100
-1
100
700439680
100
-1
900072829
100
705450650
100
-1
100
970945940
100
100
100
-1
100
100
100
100
100
100
100
774635997
100
100
100
100
100
100
100
444451862
100
777140702
100
540157386
100
100
100
100
100
100
100
500894156
100
100
-1
100
100
100
100
100
100
-1
100
100
-1
100
100
100
100
100
100
556644118
100
100
-1
692574360
100
100
100
100
100
100
574200883
100
100
-1
100
100
604131078
100
100
587352016
514377606
100
100
-1
-1
411579165
100
531905969
-1
545582219
598048795
100
100
100
100
-1
100
891060928
649681514
554608782
100
100
100
100
100
-1
593297154
100
-1
100
100
546939972
100
829574160
100
100
100
500824038
100
100
606047212
837955946
-1
100
100
100
100
100
700563063
-1
100
538274438
100
804073100
100
100
100
709732624
100
100
100
100
-1
100
100
-1
100
100
100
100
-1
100
100
691518674
100
100
-1
100
100
500824038
100
-1
100
100
603757645
100
100
-1
100
100
100
743170525
504818722
100
100
-1
100
100
699906662
100
645205041
100
100
706316004
100
100
-1
846796801
-1
100
100
100
100
100
598593442
100
100
100
100
559383190
100
611184216
100
100
100
100
100
598134591
606769277
100
-1
-1
556878281
100
100
100
-1
100
100
613642756
100
100
100
100
100
770822427
796649120
100
100
100
100
-1
554752444
100
100
100
596012002
543913574
100
100
100
-1
100
100
100
-1
100
547664958
100
100
100
-1
-1
538141291
100
100
100
-1
-1
100
100
100
100
100
100
559973346
100
100
100
100
615703312
547899725
-1
100
100
578368110
100
100
624397470
100
100
100
-1
100
100
532267709
100
-1
-1
-1
100
100
100
100
100
100
100
100
653249115
100
100
100
100
100
100
100
100
100
100
624397470
559383190
100
100
603155069
559383190
560865595
559973346
593297154
100
100
-1
100
100
100
100
541157432
100
100
100
559973346
759704103
100
100
100
100
537864819
-1
418874956
743682994
100
100
546939972
100
100
-1
100
100
100
100
100
100
-1
100
100
-1
100
-1
587163486
100
100
541157432
100
-1
897794551
830539123
100
-1
100
-1
100
100
100
557592791
100
100
100
100
100
-1
100
100
100
100
100
-1
840462974
100
100
100
100
100
100
-1
522160472
100
100
100
100
541157432
100
100
-1
100
677292933
100
100
100
100
100
100
795365878
-1
100
556644118
100
100
100
100
100
100
728495116
606047212
100
100
100
760899589
100
645205041
100
100
100
100
-1
100
100
100
100
100
100
772255230
628784170
100
100
578368110
753904414
519446214
-1
100
-1
739362267
100
100
100
597803658
532267709
-1
100
559383190
100
100
100
100
772255230
567306001
581314875
-1
100
100
673075374
100
100
100
-1
100
100
100
492019248
100
100
100
100
-1
100
100
-1
100
100
100
555405190
100
100
836010528
530762481
100
100
100
100
721740606
627522922
100
659139113
100
-1
100
829263259
597390209
100
100
100
100
-1
100
100
100
100
100
100
-1
100
100
587927966
100
100
100
-1
572631248
100
-1
100
100
550074499
100
100
-1
100
556644118
-1
100
100
100
100
100
-1
100
100
100
100
645526846
100
634081931
100
-1
-1
100
-1
556644118
100
100
556644118
100
100
100
100
100
100
666389511
-1
656540852
100
563044728
100
100
100
100
100
-1
100
100
100
-1
598677503
738614236
100
597390209
100
100
100
100
100
100
100
897794551
100
100
554752444
100
100
100
100
100
100
817378762
624209464
100
100
100
100
100
100
100
426750729
100
100
100
100
100
612114136
100
100
-1
560946588
100
100
100
-1
100
-1
100
559383190
100
100
100
100
100
559383190
100
100
100
100
100
100
100
928839914
630811837
100
100
100
-1
100
868595111
100
100
100
100
-1
-1
100
100
464357945
593297154
785235625
100
100
100
100
100
559383190
100
684688967
599003310
100
100
100
100
556644118
630670601
100
642503064
537008246
100
560865595
100
100
100
504818722
100
580359585
535966126
100
591497248
100
-1
100
100
549077985
100
100
100
578368110
100
100
100
100
575499797
100
100
100
100
100
592135715
100
100
100
100
576327143
749909012
735734174
-1
100
-1
650425656
737814188
729242443
100
100
100
100
100
100
100
100
563815070
100
100
100
100
100
644738838
-1
100
808158101
100
-1
100
100
100
100
765398197
691609215
100
100
100
100
100
100
100
100
551563729
558374472
100
100
741464463
100
100
-1
100
100
100
100
100
100
100
100
100
100
464785911
100
100
100
100
100
100
100
100
578368110
100
100
100
100
677292933
-1
738614236
100
100
519446214
100
100
100
541655837
100
100
509928249
580750919
-1
100
100
100
-1
100
100
816484261
100
678948156
100
573272236
806683143
100
634081931
561640654
100
-1
100
-1
-1
100
522403911
-1
613642756
100
100
-1
568663021
100
100
498449222
537008246
100
100
639478131
100
100
100
575071381
100
-1
100
-1
100
630811837
100
100
100
722869944
100
674750245
100
-1
100
-1
100
100
100
100
100
100
100
100
100
100
-1
-1
100
711682082
100
100
100
100
100
100
100
100
710443740
100
100
100
-1
100
100
100
689232404
100
100
100
100
740570931
100
100
-1
802078704
100
845305640
100
-1
100
100
-1
100
619625541
100
100
100
100
100
100
100
100
100
100
100
100
100
-1
100
100
100
100
-1
100
100
617870443
-1
100
-1
100
-1
-1
100
-1
-1
854471580
-1
100
100
641161804
484241153
100
100
100
100
100
100
100
-1
-1
100
100
100
100
799135683
100
100
100
100
100
624397470
100
100
541872190
100
640300300
782629907
100
100
531882583
100
-1
683767002
100
100
100
-1
100
100
100
100
606047212
-1
100
531150228
531882583
100
100
100
-1
100
-1
-1
-1
673697504
100
100
100
100
-1
100
100
100
652778410
-1
-1
100
-1
100
663130750
100
-1
100
100
817826508
-1
100
580202320
100
100
100
100
621148826
100
100
100
-1
-1
-1
100
100
100
100
100
677149982
-1
100
100
539221673
803024575
100
100
100
100
100
693052631
100
100
100
100
100
100
100
100
-1
502108379
606792896
100
100
464785911
100
100
100
531905969
-1
100
556644118
100
100
100
556809213
100
100
-1
-1
100
621816648
100
705950361
562790865
100
100
100
100
-1
100
500824038
100
100
100
100
100
660710979
100
100
-1
100
530762481
100
100
603517681
100
100
-1
535205107
100
624397470
-1
100
100
100
100
100
100
100
100
100
-1
100
100
100
100
100
575499797
525328522
100
704938769
-1
593175669
100
100
100
671738204
100
100
504831966
496635015
100
550916658
100
100
100
100
-1
799323766
575474241
646406903
100
650425656
100
100
100
846998486
100
531882583
100
100
100
100
929312890
100
100
100
100
556595648
100
100
100
-1
100
100
100
100
580359585
575960433
100
100
811955404
100
100
100
100
-1
100
100
100
100
565216721
100
-1
100
100
100
100
100
100
100
100
100
-1
580359585
-1
100
100
100
100
500824038
100
838808327
556638146
100
100
100
-1
616730323
-1
100
100
100
100
545582219
-1
100
100
-1
100
100
685813222
100
100
556809213
100
100
100
100
669605989
553264659
100
100
100
615441017
100
100
100
100
-1
100
646415735
547686817
664518091
529573671
100
100
100
100
100
-1
100
100
100
100
100
-1
100
100
100
100
-1
100
100
592135715
100
100
100
504885745
100
100
100
-1
100
100
564921162
100
100
100
640446643
685785321
100
100
496414685
100
524313219
100
577535551
100
531905969
-1
100
100
100
100
100
100
100
649681514
100
100
100
716516102
587927966
689005962
100
533159327
100
-1
-1
708187008
100
100
-1
100
100
100
-1
-1
100
100
100
100
100
100
100
-1
100
100
100
100
100
100
100
100
100
545713575
-1
-1
-1
100
100
-1
-1
100
556644118
100
100
100
100
100
100
100
100
582235417
100
100
478285559
100
100
100
-1
244728188
-1
100
100
100
100
882743864
505065093
-1
-1
100
100
-1
608963845
-1
100
769635231
100
100
100
100
100
572103265
100
100
653089665
100
100
100
100
-1
100
100
100
100
-1
743730932
-1
504885745
100
100
100
100
-1
100
100
-1
-1
100
100
100
100
100
100
673486205
100
541655837
100
100
100
100
556343385
554752444
777955634
-1
100
100
-1
100
100
582151650
100
-1
100
776364808
100
100
100
-1
100
100
100
-1
100
100
387466691
100
100
538274438
100
100
874030142
650130103
100
100
100
100
-1
100
100
-1
100
100
100
-1
100
100
575499797
100
100
-1
100
100
100
100
100
-1
100
-1
-1
100
-1
100
641452604
100
100
100
100
100
100
100
100
100
-1
100
100
-1
100
100
100
100
-1
100
100
100
694058428
100
100
100
100
100
100
575499797
531882583
100
100
489151354
100
100
-1
100
-1
100
100
-1
100
-1
580359585
100
569951431
100
100
100
100
100
100
100
100
100
100
557504945
562527029
100
622716266
100
649681514
100
-1
578326124
-1
100
100
565939888
100
505732381
-1
100
538897507
-1
100
100
531882583
100
-1
100
100
100
-1
100
100
100
100
530767960
100
558374472
100
100
100
695357756
666535628
100
100
100
-1
609887743
100
100
100
607114458
100
100
100
-1
100
-1
100
100
-1
100
-1
960686975
100
100
100
100
100
-1
100
100
100
100
-1
100
100
-1
606047212
100
-1
100
100
100
845310474
100
100
100
100
-1
678119401
100
100
100
531823263
100
-1
572350633
446200934
100
100
100
-1
100
556809213
531905969
639332950
100
100
100
637868848
100
-1
562790865
-1
646415735
100
100
100
556644118
100
100
100
100
100
100
-1
100
100
100
538897507
100
-1
100
580359585
100
100
100
753904414
100
578830020
100
100
100
100
100
100
580867229
100
100
100
100
769592390
100
100
100
577320195
100
556652802
100
433506871
100
100
100
100
100
100
576327143
100
100
100
639332950
556644118
100
100
100
100
100
100
100
659184549
100
100
-1
100
-1
100
100
100
-1
100
100
640948493
100
100
100
100
781193633
-1
100
100
-1
493546402
100
621943976
100
-1
620676222
100
503291458
-1
-1
100
504818722
-1
534125979
100
100
100
100
100
100
100
599003310
-1
100
100
-1
-1
100
100
100
100
100
100
752130030
100
538897507
100
100
100
100
100
100
100
100
100
100
548685541
-1
518305294
100
575499797
100
100
100
-1
743275209
100
100
100
100
100
100
100
100
100
100
100
100
100
100
100
100
100
100
100
100
100
100
100
100
100
100
100
100
100
100
100
100
100
-1
100
100
-1
656710650
-1
-1
500824038
100
100
100
616488855
100
100
100
-1
695443374
578326124
100
100
100
100
100
100
100
100
-1
100
100
100
529573671
-1
100
-1
100
100
100
100
531882583
749199884
-1
100
-1
100
-1
100
100
638798752
100
634357248
-1
100
838220955
100
100
100
100
538274438
100
100
699906662
100
100
100
-1
593899012
548290876
100
100
100
725817386
100
100
-1
100
472205016
-1
868850547
100
917348986
579254726
100
100
-1
610273438
556652802
-1
100
100
100
100
100
100
-1
-1
100
100
733149413
603517681
543980184
440039491
100
100
-1
708364399
100
100
639353671
100
100
100
100
683767002
100
100
100
531882583
556644118
695712322
100
100
100
-1
100
100
100
100
766546797
563609528
100
100
531381285
100
100
100
579663436
572990699
100
100
100
100
100
100
807908587
100
100
-1
100
100
100
100
511770962
100
100
661736541
708364399
556595648
100
-1
-1
100
100
-1
-1
100
100
100
100
100
500184869
766962775
100
100
529033728
-1
100
604024493
100
100
556343385
100
536304760
-1
-1
556644118
100
100
-1
556644118
658552351
100
696904614
100
100
100
100
100
100
100
100
576718966
615427366
100
-1
100
100
100
100
100
100
100
791306344
-1
525328522
-1
100
-1
100
100
100
100
505065093
100
791252626
100
504818722
656540852
100
100
100
-1
577535551
100
100
100
-1
100
556595648
100
100
100
100
100
-1
100
-1
100
534125979
100
100
751984528
100
100
-1
100
-1
-1
100
100
100
-1
100
100
-1
100
100
100
-1
546508676
100
100
504885745
637833906
100
100
100
708245053
-1
682790756
100
100
100
100
100
100
100
100
100
100
-1
-1
472191932
-1
100
100
100
100
100
-1
100
100
100
535966126
100
100
100
-1
100
100
100
698932043
100
563531451
100
711682082
100
789431488
100
100
100
100
647073765
-1
100
100
100
100
100
100
100
-1
100
100
100
100
100
100
100
100
100
100
100
-1
556652802
-1
100
100
100
100
100
743213301
-1
525328522
537919445
640948493
100
737814188
802142908
711753047
100
100
100
100
100
100
100
-1
100
100
623799560
100
100
514053737
100
100
589880898
100
100
100
100
100
595382812
849448561
100
100
100
100
100
765398197
100
100
100
-1
100
100
483726078
100
100
664405821
100
587048487
100
100
-1
100
100
100
100
-1
100
100
-1
100
100
100
604580605
-1
100
558374472
100
100
771985799
100
100
100
100
499887233
100
100
100
100
100
855793603
651506927
100
100
100
100
652778410
100
100
100
553835397
100
100
100
100
100
100
100
723067543
727172031
100
100
-1
100
698239128
100
538897507
100
737546484
100
-1
-1
-1
100
100
-1
100
100
740351810
100
509553579
100
100
100
-1
454384136
100
100
100
525328522
100
538897507
100
100
100
723630119
100
-1
-1
100
100
100
100
525015834
100
-1
100
100
100
100
100
100
100
600035486
100
100
589035521
100
863848709
100
884689798
100
795931298
100
100
100
100
558365268
519145883
-1
100
100
100
596396400
500824038
100
100
100
100
100
100
474240510
100
509563933
100
100
100
100
100
100
100
100
100
100
100
100
676638488
100
100
-1
100
100
100
876672438
100
-1
100
722353847
640948493
100
100
565109764
100
100
573687283
100
716977429
100
100
639813625
100
756429760
631750402
716977429
-1
100
100
776522938
100
100
-1
100
641161804
-1
100
884416906
100
-1
100
673644273
620676222
-1
100
100
100
509553579
100
522155367
100
100
100
100
100
100
-1
838220955
504885745
839320687
-1
617863417
100
100
100
100
100
100
100
100
100
100
100
525328522
100
100
-1
-1
-1
604131078
100
-1
100
100
-1
-1
877300333
100
100
697414848
100
100
100
100
100
573687283
100
-1
-1
100
-1
100
100
546939972
788686373
100
656710650
100
100
100
869874982
100
891856205
100
100
559083562
100
100
100
100
100
100
525328522
100
100
100
100
100
100
501139800
100
100
613642756
100
578303107
100
100
100
607681944
612722685
100
627522922
100
756429760
500824038
578830020
100
545713575
-1
540026971
100
658834168
100
554752444
100
730574380
530762481
100
554752444
100
-1
-1
100
100
672877543
100
100
100
100
691518674
100
721368527
100
-1
532267709
486337740
652747335
100
100
100
100
100
100
708364399
100
729841541
-1
100
100
-1
100
534125979
608192547
-1
100
688828823
100
-1
100
100
551563729
-1
-1
637833906
100
100
100
100
-1
100
100
100
100
100
100
100
782017903
526691489
100
486337740
100
100
100
100
-1
100
100
100
-1
-1
-1
100
100
751826258
100
603517681
100
100
100
100
691862839
100
677292933
100
100
497247229
100
100
100
-1
100
695712322
670138392
100
100
100
100
100
100
504818722
100
100
100
100
100
100
562527029
100
844609571
-1
100
503291458
100
627123929
-1
100
100
100
-1
100
100
-1
100
-1
100
100
-1
100
611367544
-1
471460148
100
-1
100
661735669
616426454
100
100
537919445
537919445
100
100
785920763
100
504831966
538274438
100
751826258
504818722
537089143
-1
-1
100
100
100
100
100
554513384
100
100
100
100
100
100
100
100
100
-1
100
100
-1
100
100
764158953
100
100
100
581312117
531905969
100
630934962
753417054
653617570
100
599003310
100
633323386
100
100
100
-1
100
733129108
-1
644805007
100
612836043
-1
-1
100
100
554752444
100
-1
100
100
100
100
100
100
100
775334105
100
100
100
100
100
100
100
-1
100
556644118
504885745
100
100
100
100
100
100
-1
648625248
100
562527029
641672567
100
100
699117477
100
100
537089143
100
100
100
702540039
100
654082640
100
100
100
100
100
100
100
100
100
647291348
100
-1
100
100
100
575071381
572407711
100
535295353
100
100
100
100
100
100
100
100
100
100
100
100
100
100
-1
100
-1
537919445
100
100
100
100
100
-1
100
100
-1
100
619523738
100
531905969
500824038
-1
100
505732381
100
763266859
598466734
100
100
-1
100
100
100
100
100
-1
100
100
100
100
936980335
537050910
100
100
100
100
100
100
100
547247327
100
-1
100
100
557592791
100
100
100
717520660
100
753417054
100
100
100
100
100
-1
100
100
558365268
100
100
100
612568284
100
100
100
100
673644273
665237826
504818722
639813625
100
100
100
-1
-1
100
100
100
100
100
-1
100
100
100
556652802
100
100
100
605491573
100
100
508056414
100
100
100
100
100
100
688487450
100
-1
-1
100
-1
-1
-1
100
690806621
100
100
100
100
100
100
100
100
643795996
100
100
100
-1
-1
582259443
-1
758266941
836557724
555286753
100
100
-1
659033689
100
-1
100
494654801
978408214
100
100
100
100
100
100
100
100
471460148
100
686506637
520726033
100
100
100
-1
747570288
685288778
100
100
100
100
534332249
100
-1
100
-1
-1
100
100
100
100
100
-1
543980184
100
100
100
100
535966126
886770405
580359585
100
535966126
100
100
100
100
-1
100
100
100
-1
100
100
761303651
100
100
100
-1
100
-1
-1
576296963
100
620972466
100
-1
-1
787212595
100
100
-1
-1
100
100
803130047
-1
100
100
100
100
556644118
-1
813844355
100
100
-1
100
100
100
100
-1
100
539221673
100
100
560946588
100
100
100
-1
100
556644118
100
100
100
100
100
572556378
100
100
100
566931789
605616466
100
537089143
725279347
100
100
805323443
100
-1
100
100
-1
920378330
100
-1
100
100
100
100
100
650425656
100
100
531905969
604580605
100
100
-1
100
100
100
525271162
100
100
100
100
-1
100
-1
100
100
100
100
100
100
100
100
100
100
100
-1
100
100
100
100
100
749600771
100
100
100
100
100
100
100
-1
100
-1
100
-1
100
535966126
553100885
100
100
100
755266602
100
605616466
100
100
100
100
100
100
100
100
100
100
100
100
-1
100
-1
519446214
788686373
100
100
631977523
664827869
-1
650425656
724277682
100
560261319
682566029
100
100
100
100
-1
100
477567577
100
100
576296963
100
100
100
562527029
509553579
100
492890633
100
538274438
100
100
537089143
100
833335066
596126717
440039491
100
100
751870495
672232188
100
100
100
100
100
-1
100
100
100
100
100
100
100
100
100
576296963
100
531905969
535966126
100
100
717261027
100
100
100
100
770822427
-1
582828745
100
100
100
624598845
100
100
100
100
580655579
648625248
100
100
100
100
-1
100
100
100
-1
100
-1
100
100
100
100
100
100
100
100
707807967
-1
532267709
100
100
679140620
-1
100
-1
562527029
100
674839566
100
100
633416411
100
580655579
751984528
100
100
100
100
535966126
100
100
-1
100
100
100
100
100
100
100
-1
100
100
100
509553579
639353671
100
522476248
100
100
602252431
716516102
623799560
100
100
504818722
-1
-1
100
100
649538659
100
100
100
100
-1
100
100
100
-1
-1
605616466
100
100
100
656540852
100
100
100
100
100
100
556644118
100
100
100
100
100
100
100
100
100
584662044
610273438
100
100
100
-1
100
720177978
100
100
100
-1
100
100
100
100
500824038
-1
100
100
100
100
100
100
100
753417054
100
692021944
100
-1
100
100
100
100
547782202
100
100
638246151
-1
100
-1
-1
100
100
100
808790801
-1
100
100
100
-1
100
100
606782220
820844997
100
100
100
-1
687548642
809624152
100
100
100
100
509553579
100
100
100
100
100
-1
100
100
100
661736541
100
100
100
100
560946588
100
100
100
618851504
482460243
100
560946588
100
837876969
100
100
909173679
100
639959430
100
618851504
100
100
100
100
100
100
722179279
100
823144720
583527196
603517681
-1
871454984
100
-1
695601288
100
100
100
822047914
-1
100
-1
776522938
100
-1
100
-1
-1
-1
100
100
100
100
100
100
-1
-1
562527029
100
564797509
100
100
100
100
100
582478187
100
884416906
604580605
100
100
100
100
100
100
100
100
-1
100
509333087
100
100
100
100
592135715
100
-1
100
100
-1
100
100
737546484
100
100
590268487
100
100
100
100
100
524699508
100
100
100
537089143
100
100
100
514990892
100
100
100
100
100
100
100
100
100
100
100
100
100
-1
100
100
100
691015603
100
100
554110157
100
811736153
100
501044205
100
547194743
644394060
100
100
100
100
100
100
100
100
100
537089143
100
100
100
100
100
100
100
100
100
-1
532986611
100
100
669782240
100
100
100
-1
836010528
100
560946588
594231822
100
472636687
597803658
100
100
504818722
-1
546216033
560946588
100
608007045
100
100
690806621
100
100
763013505
100
924740294
789875624
100
100
675275174
-1
100
100
556652802
100
-1
100
100
100
100
554513384
-1
100
100
100
100
100
616474531
763491052
100
100
100
100
504089596
100
-1
637833906
-1
-1
100
100
100
100
100
100
-1
-1
100
100
-1
691015603
100
100
-1
100
100
100
100
100
100
504818722
100
100
100
496414685
-1
621805430
100
774336695
556652802
100
100
665237826
808479213
100
100
-1
-1
-1
100
-1
641565646
576296963
554513384
100
100
100
100
100
100
100
100
100
100
100
659159243
100
100
100
614987529
100
100
100
-1
100
545713575
100
100
100
661560342
100
100
100
100
100
100
100
100
-1
716977429
669182638
100
504818722
100
100
100
100
100
-1
691015603
100
801781772
100
-1
100
631750402
100
717033113
100
100
582618690
516175960
784458263
100
100
-1
100
100
688120027
-1
100
604024493
616957180
534125979
642166014
100
100
100
100
-1
634768344
-1
100
100
-1
100
100
-1
100
100
100
-1
100
-1
100
100
100
100
100
100
100
100
100
836746554
100
100
645712408
100
-1
100
100
100
100
100
638814518
100
100
100
100
-1
737544670
-1
-1
-1
525015834
510430999
499887233
-1
100
638029201
100
663690770
100
100
100
100
100
-1
100
477015736
-1
649827280
100
100
693968697
100
100
698914186
100
-1
597803658
100
-1
578497623
537089143
100
100
100
100
501139800
634081931
100
100
100
100
100
-1
100
100
523216628
100
100
811570143
510430999
-1
100
-1
100
505732381
100
-1
491726108
100
704117538
100
100
678605963
621049467
100
-1
100
100
100
562923353
100
100
100
603517681
100
100
-1
100
605616466
100
-1
100
100
100
-1
100
100
100
100
100
661735669
100
100
100
100
100
100
100
100
623222252
100
100
100
100
-1
100
100
493546402
100
